interactions:
- request:
    body: 'b''{"location": "North Central US", "tags": {}, "properties": {"clusterVersion":
      "3.6", "osType": "Linux", "tier": "Standard", "clusterDefinition": {"kind":
      "hadoop", "configurations": {"gateway": {"restAuthCredential.isEnabled": "true",
      "restAuthCredential.username": "admin", "restAuthCredential.password": "Password1!"}}},
      "computeProfile": {"roles": [{"name": "headnode", "targetInstanceCount": 2,
      "hardwareProfile": {"vmSize": "Large"}, "osProfile": {"linuxOperatingSystemProfile":
      {"username": "sshuser", "password": "Password1!"}}}, {"name": "workernode",
      "targetInstanceCount": 3, "hardwareProfile": {"vmSize": "Large"}, "osProfile":
      {"linuxOperatingSystemProfile": {"username": "sshuser", "password": "Password1!"}}},
      {"name": "zookeepernode", "targetInstanceCount": 3, "hardwareProfile": {"vmSize":
      "Small"}, "osProfile": {"linuxOperatingSystemProfile": {"username": "sshuser",
      "password": "Password1!"}}}]}, "storageProfile": {"storageaccounts": [{"name":
      "hdipy.blob.core.windows.net", "isDefault": true, "container": "hdisdk-applications-hued29c1382",
      "key": "H0eG/AZ69U3q18Z0QnPmENG8r9s9YPktaEbA5jt12KW7J1fp9/8wZbHYs8rayUk59Ru0TNsEjU1GEP56IZM/nA=="}]}}}'''
    headers:
      Accept:
      - application/json
      Accept-Encoding:
      - gzip, deflate
      Connection:
      - keep-alive
      Content-Length:
      - '1172'
      Content-Type:
      - application/json; charset=utf-8
      User-Agent:
      - python/3.6.9 (Linux-4.9.184-linuxkit-x86_64-with-Ubuntu-18.04-bionic) msrest/0.6.10
        msrest_azure/0.6.2 azure-mgmt-hdinsight/2.2.0 Azure-SDK-For-Python
      accept-language:
      - en-US
    method: PUT
    uri: https://management.azure.com/subscriptions/00000000-0000-0000-0000-000000000000/resourceGroups/hdipy-d29c1382/providers/Microsoft.HDInsight/clusters/hdisdk-applications-hued29c1382?api-version=2018-06-01-preview
  response:
    body:
      string: '{"id":"/subscriptions/00000000-0000-0000-0000-000000000000/resourceGroups/hdipy-d29c1382/providers/Microsoft.HDInsight/clusters/hdisdk-applications-hued29c1382","name":"hdisdk-applications-hued29c1382","type":"Microsoft.HDInsight/clusters","location":"North
        Central US","etag":"c1ac92a1-f0ef-4b7d-9a92-7d3b87acf28b","tags":{},"properties":{"clusterVersion":"3.6.1000.67","clusterHdpVersion":"","osType":"Linux","clusterDefinition":{"blueprint":"https://blueprints.azurehdinsight.net/hadoop-3.6.1000.67.2012080609.json","kind":"hadoop","componentVersion":{"hadoop":"2.7"}},"clusterId":"b772036ea2194802b30b2cc3782b8326","computeProfile":{"roles":[{"name":"headnode","targetInstanceCount":2,"hardwareProfile":{"vmSize":"standard_a4_v2"},"osProfile":{"linuxOperatingSystemProfile":{"username":"sshuser"}},"encryptDataDisks":false},{"name":"workernode","targetInstanceCount":3,"hardwareProfile":{"vmSize":"standard_a4_v2"},"osProfile":{"linuxOperatingSystemProfile":{"username":"sshuser"}},"encryptDataDisks":false},{"name":"zookeepernode","targetInstanceCount":3,"hardwareProfile":{"vmSize":"standard_a1_v2"},"osProfile":{"linuxOperatingSystemProfile":{"username":"sshuser"}},"encryptDataDisks":false}]},"provisioningState":"InProgress","clusterState":"Accepted","createdDate":"2021-01-25T05:37:22.213","quotaInfo":{"coresUsed":20},"tier":"standard","encryptionInTransitProperties":{"isEncryptionInTransitEnabled":false},"storageProfile":{"storageaccounts":[{"name":"hdipy.blob.core.windows.net","resourceId":null,"msiResourceId":null,"key":null,"fileSystem":null,"container":"hdisdk-applications-hued29c1382","saskey":null,"isDefault":true,"fileshare":null}]},"excludedServicesConfig":{"excludedServicesConfigId":"default","excludedServicesList":""},"computeIsolationProperties":{"enableComputeIsolation":false,"hostSku":null}}}'
    headers:
      azure-asyncoperation:
      - https://management.azure.com/subscriptions/00000000-0000-0000-0000-000000000000/resourceGroups/hdipy-d29c1382/providers/Microsoft.HDInsight/clusters/hdisdk-applications-hued29c1382/azureasyncoperations/create?api-version=2018-06-01-preview
      cache-control:
      - no-cache
      content-length:
      - '1834'
      content-type:
      - application/json; charset=utf-8
      date:
      - Mon, 25 Jan 2021 05:37:23 GMT
      etag:
      - '"c1ac92a1-f0ef-4b7d-9a92-7d3b87acf28b"'
      expires:
      - '-1'
      pragma:
      - no-cache
      strict-transport-security:
      - max-age=31536000; includeSubDomains
      transfer-encoding:
      - chunked
      vary:
      - Accept-Encoding
      x-content-type-options:
      - nosniff
      x-ms-hdi-clusteruri:
      - https://management.azure.com/subscriptions/92f95d8f-3c67-4124-91c7-8cf07cdbf241/resourceGroups/hdipy-d29c1382/providers/Microsoft.HDInsight/clusters/hdisdk-applications-hued29c1382?api-version=2018-06-01-preview
      x-ms-hdi-matched-rule:
      - ClusterResourcesAndSubResources
      x-ms-hdi-routed-to:
      - RegionalRp
      x-ms-hdi-served-by:
      - northcentralus
      x-ms-ratelimit-remaining-subscription-writes:
      - '1198'
    status:
      code: 200
      message: OK
- request:
    body: null
    headers:
      Accept:
      - application/json
      Accept-Encoding:
      - gzip, deflate
      Connection:
      - keep-alive
      User-Agent:
      - python/3.6.9 (Linux-4.9.184-linuxkit-x86_64-with-Ubuntu-18.04-bionic) msrest/0.6.10
        msrest_azure/0.6.2 azure-mgmt-hdinsight/2.2.0 Azure-SDK-For-Python
    method: GET
    uri: https://management.azure.com/subscriptions/00000000-0000-0000-0000-000000000000/resourceGroups/hdipy-d29c1382/providers/Microsoft.HDInsight/clusters/hdisdk-applications-hued29c1382/azureasyncoperations/create?api-version=2018-06-01-preview
  response:
    body:
      string: '{"status":"InProgress"}'
    headers:
      cache-control:
      - no-cache
      content-length:
      - '23'
      content-type:
      - application/json; charset=utf-8
      date:
      - Mon, 25 Jan 2021 05:37:55 GMT
      expires:
      - '-1'
      pragma:
      - no-cache
      strict-transport-security:
      - max-age=31536000; includeSubDomains
      transfer-encoding:
      - chunked
      vary:
      - Accept-Encoding
      x-content-type-options:
      - nosniff
      x-ms-hdi-matched-rule:
      - ClusterResourcesAndSubResources
      x-ms-hdi-routed-to:
      - RegionalRp
      x-ms-hdi-served-by:
      - northcentralus
    status:
      code: 200
      message: OK
- request:
    body: null
    headers:
      Accept:
      - application/json
      Accept-Encoding:
      - gzip, deflate
      Connection:
      - keep-alive
      User-Agent:
      - python/3.6.9 (Linux-4.9.184-linuxkit-x86_64-with-Ubuntu-18.04-bionic) msrest/0.6.10
        msrest_azure/0.6.2 azure-mgmt-hdinsight/2.2.0 Azure-SDK-For-Python
    method: GET
    uri: https://management.azure.com/subscriptions/00000000-0000-0000-0000-000000000000/resourceGroups/hdipy-d29c1382/providers/Microsoft.HDInsight/clusters/hdisdk-applications-hued29c1382/azureasyncoperations/create?api-version=2018-06-01-preview
  response:
    body:
      string: '{"status":"InProgress"}'
    headers:
      cache-control:
      - no-cache
      content-length:
      - '23'
      content-type:
      - application/json; charset=utf-8
      date:
      - Mon, 25 Jan 2021 05:38:26 GMT
      expires:
      - '-1'
      pragma:
      - no-cache
      strict-transport-security:
      - max-age=31536000; includeSubDomains
      transfer-encoding:
      - chunked
      vary:
      - Accept-Encoding
      x-content-type-options:
      - nosniff
      x-ms-hdi-matched-rule:
      - ClusterResourcesAndSubResources
      x-ms-hdi-routed-to:
      - RegionalRp
      x-ms-hdi-served-by:
      - northcentralus
    status:
      code: 200
      message: OK
- request:
    body: null
    headers:
      Accept:
      - application/json
      Accept-Encoding:
      - gzip, deflate
      Connection:
      - keep-alive
      User-Agent:
      - python/3.6.9 (Linux-4.9.184-linuxkit-x86_64-with-Ubuntu-18.04-bionic) msrest/0.6.10
        msrest_azure/0.6.2 azure-mgmt-hdinsight/2.2.0 Azure-SDK-For-Python
    method: GET
    uri: https://management.azure.com/subscriptions/00000000-0000-0000-0000-000000000000/resourceGroups/hdipy-d29c1382/providers/Microsoft.HDInsight/clusters/hdisdk-applications-hued29c1382/azureasyncoperations/create?api-version=2018-06-01-preview
  response:
    body:
      string: '{"status":"InProgress"}'
    headers:
      cache-control:
      - no-cache
      content-length:
      - '23'
      content-type:
      - application/json; charset=utf-8
      date:
      - Mon, 25 Jan 2021 05:38:57 GMT
      expires:
      - '-1'
      pragma:
      - no-cache
      strict-transport-security:
      - max-age=31536000; includeSubDomains
      transfer-encoding:
      - chunked
      vary:
      - Accept-Encoding
      x-content-type-options:
      - nosniff
      x-ms-hdi-matched-rule:
      - ClusterResourcesAndSubResources
      x-ms-hdi-routed-to:
      - RegionalRp
      x-ms-hdi-served-by:
      - northcentralus
    status:
      code: 200
      message: OK
- request:
    body: null
    headers:
      Accept:
      - application/json
      Accept-Encoding:
      - gzip, deflate
      Connection:
      - keep-alive
      User-Agent:
      - python/3.6.9 (Linux-4.9.184-linuxkit-x86_64-with-Ubuntu-18.04-bionic) msrest/0.6.10
        msrest_azure/0.6.2 azure-mgmt-hdinsight/2.2.0 Azure-SDK-For-Python
    method: GET
    uri: https://management.azure.com/subscriptions/00000000-0000-0000-0000-000000000000/resourceGroups/hdipy-d29c1382/providers/Microsoft.HDInsight/clusters/hdisdk-applications-hued29c1382/azureasyncoperations/create?api-version=2018-06-01-preview
  response:
    body:
      string: '{"status":"InProgress"}'
    headers:
      cache-control:
      - no-cache
      content-length:
      - '23'
      content-type:
      - application/json; charset=utf-8
      date:
      - Mon, 25 Jan 2021 05:39:27 GMT
      expires:
      - '-1'
      pragma:
      - no-cache
      strict-transport-security:
      - max-age=31536000; includeSubDomains
      transfer-encoding:
      - chunked
      vary:
      - Accept-Encoding
      x-content-type-options:
      - nosniff
      x-ms-hdi-matched-rule:
      - ClusterResourcesAndSubResources
      x-ms-hdi-routed-to:
      - RegionalRp
      x-ms-hdi-served-by:
      - northcentralus
    status:
      code: 200
      message: OK
- request:
    body: null
    headers:
      Accept:
      - application/json
      Accept-Encoding:
      - gzip, deflate
      Connection:
      - keep-alive
      User-Agent:
      - python/3.6.9 (Linux-4.9.184-linuxkit-x86_64-with-Ubuntu-18.04-bionic) msrest/0.6.10
        msrest_azure/0.6.2 azure-mgmt-hdinsight/2.2.0 Azure-SDK-For-Python
    method: GET
    uri: https://management.azure.com/subscriptions/00000000-0000-0000-0000-000000000000/resourceGroups/hdipy-d29c1382/providers/Microsoft.HDInsight/clusters/hdisdk-applications-hued29c1382/azureasyncoperations/create?api-version=2018-06-01-preview
  response:
    body:
      string: '{"status":"InProgress"}'
    headers:
      cache-control:
      - no-cache
      content-length:
      - '23'
      content-type:
      - application/json; charset=utf-8
      date:
      - Mon, 25 Jan 2021 05:39:58 GMT
      expires:
      - '-1'
      pragma:
      - no-cache
      strict-transport-security:
      - max-age=31536000; includeSubDomains
      transfer-encoding:
      - chunked
      vary:
      - Accept-Encoding
      x-content-type-options:
      - nosniff
      x-ms-hdi-matched-rule:
      - ClusterResourcesAndSubResources
      x-ms-hdi-routed-to:
      - RegionalRp
      x-ms-hdi-served-by:
      - northcentralus
    status:
      code: 200
      message: OK
- request:
    body: null
    headers:
      Accept:
      - application/json
      Accept-Encoding:
      - gzip, deflate
      Connection:
      - keep-alive
      User-Agent:
      - python/3.6.9 (Linux-4.9.184-linuxkit-x86_64-with-Ubuntu-18.04-bionic) msrest/0.6.10
        msrest_azure/0.6.2 azure-mgmt-hdinsight/2.2.0 Azure-SDK-For-Python
    method: GET
    uri: https://management.azure.com/subscriptions/00000000-0000-0000-0000-000000000000/resourceGroups/hdipy-d29c1382/providers/Microsoft.HDInsight/clusters/hdisdk-applications-hued29c1382/azureasyncoperations/create?api-version=2018-06-01-preview
  response:
    body:
      string: '{"status":"InProgress"}'
    headers:
      cache-control:
      - no-cache
      content-length:
      - '23'
      content-type:
      - application/json; charset=utf-8
      date:
      - Mon, 25 Jan 2021 05:40:28 GMT
      expires:
      - '-1'
      pragma:
      - no-cache
      strict-transport-security:
      - max-age=31536000; includeSubDomains
      transfer-encoding:
      - chunked
      vary:
      - Accept-Encoding
      x-content-type-options:
      - nosniff
      x-ms-hdi-matched-rule:
      - ClusterResourcesAndSubResources
      x-ms-hdi-routed-to:
      - RegionalRp
      x-ms-hdi-served-by:
      - northcentralus
    status:
      code: 200
      message: OK
- request:
    body: null
    headers:
      Accept:
      - application/json
      Accept-Encoding:
      - gzip, deflate
      Connection:
      - keep-alive
      User-Agent:
      - python/3.6.9 (Linux-4.9.184-linuxkit-x86_64-with-Ubuntu-18.04-bionic) msrest/0.6.10
        msrest_azure/0.6.2 azure-mgmt-hdinsight/2.2.0 Azure-SDK-For-Python
    method: GET
    uri: https://management.azure.com/subscriptions/00000000-0000-0000-0000-000000000000/resourceGroups/hdipy-d29c1382/providers/Microsoft.HDInsight/clusters/hdisdk-applications-hued29c1382/azureasyncoperations/create?api-version=2018-06-01-preview
  response:
    body:
      string: '{"status":"InProgress"}'
    headers:
      cache-control:
      - no-cache
      content-length:
      - '23'
      content-type:
      - application/json; charset=utf-8
      date:
      - Mon, 25 Jan 2021 05:40:59 GMT
      expires:
      - '-1'
      pragma:
      - no-cache
      strict-transport-security:
      - max-age=31536000; includeSubDomains
      transfer-encoding:
      - chunked
      vary:
      - Accept-Encoding
      x-content-type-options:
      - nosniff
      x-ms-hdi-matched-rule:
      - ClusterResourcesAndSubResources
      x-ms-hdi-routed-to:
      - RegionalRp
      x-ms-hdi-served-by:
      - northcentralus
    status:
      code: 200
      message: OK
- request:
    body: null
    headers:
      Accept:
      - application/json
      Accept-Encoding:
      - gzip, deflate
      Connection:
      - keep-alive
      User-Agent:
      - python/3.6.9 (Linux-4.9.184-linuxkit-x86_64-with-Ubuntu-18.04-bionic) msrest/0.6.10
        msrest_azure/0.6.2 azure-mgmt-hdinsight/2.2.0 Azure-SDK-For-Python
    method: GET
    uri: https://management.azure.com/subscriptions/00000000-0000-0000-0000-000000000000/resourceGroups/hdipy-d29c1382/providers/Microsoft.HDInsight/clusters/hdisdk-applications-hued29c1382/azureasyncoperations/create?api-version=2018-06-01-preview
  response:
    body:
      string: '{"status":"InProgress"}'
    headers:
      cache-control:
      - no-cache
      content-length:
      - '23'
      content-type:
      - application/json; charset=utf-8
      date:
      - Mon, 25 Jan 2021 05:41:30 GMT
      expires:
      - '-1'
      pragma:
      - no-cache
      strict-transport-security:
      - max-age=31536000; includeSubDomains
      transfer-encoding:
      - chunked
      vary:
      - Accept-Encoding
      x-content-type-options:
      - nosniff
      x-ms-hdi-matched-rule:
      - ClusterResourcesAndSubResources
      x-ms-hdi-routed-to:
      - RegionalRp
      x-ms-hdi-served-by:
      - northcentralus
    status:
      code: 200
      message: OK
- request:
    body: null
    headers:
      Accept:
      - application/json
      Accept-Encoding:
      - gzip, deflate
      Connection:
      - keep-alive
      User-Agent:
      - python/3.6.9 (Linux-4.9.184-linuxkit-x86_64-with-Ubuntu-18.04-bionic) msrest/0.6.10
        msrest_azure/0.6.2 azure-mgmt-hdinsight/2.2.0 Azure-SDK-For-Python
    method: GET
    uri: https://management.azure.com/subscriptions/00000000-0000-0000-0000-000000000000/resourceGroups/hdipy-d29c1382/providers/Microsoft.HDInsight/clusters/hdisdk-applications-hued29c1382/azureasyncoperations/create?api-version=2018-06-01-preview
  response:
    body:
      string: '{"status":"InProgress"}'
    headers:
      cache-control:
      - no-cache
      content-length:
      - '23'
      content-type:
      - application/json; charset=utf-8
      date:
      - Mon, 25 Jan 2021 05:42:00 GMT
      expires:
      - '-1'
      pragma:
      - no-cache
      strict-transport-security:
      - max-age=31536000; includeSubDomains
      transfer-encoding:
      - chunked
      vary:
      - Accept-Encoding
      x-content-type-options:
      - nosniff
      x-ms-hdi-matched-rule:
      - ClusterResourcesAndSubResources
      x-ms-hdi-routed-to:
      - RegionalRp
      x-ms-hdi-served-by:
      - northcentralus
    status:
      code: 200
      message: OK
- request:
    body: null
    headers:
      Accept:
      - application/json
      Accept-Encoding:
      - gzip, deflate
      Connection:
      - keep-alive
      User-Agent:
      - python/3.6.9 (Linux-4.9.184-linuxkit-x86_64-with-Ubuntu-18.04-bionic) msrest/0.6.10
        msrest_azure/0.6.2 azure-mgmt-hdinsight/2.2.0 Azure-SDK-For-Python
    method: GET
    uri: https://management.azure.com/subscriptions/00000000-0000-0000-0000-000000000000/resourceGroups/hdipy-d29c1382/providers/Microsoft.HDInsight/clusters/hdisdk-applications-hued29c1382/azureasyncoperations/create?api-version=2018-06-01-preview
  response:
    body:
      string: '{"status":"InProgress"}'
    headers:
      cache-control:
      - no-cache
      content-length:
      - '23'
      content-type:
      - application/json; charset=utf-8
      date:
      - Mon, 25 Jan 2021 05:42:30 GMT
      expires:
      - '-1'
      pragma:
      - no-cache
      strict-transport-security:
      - max-age=31536000; includeSubDomains
      transfer-encoding:
      - chunked
      vary:
      - Accept-Encoding
      x-content-type-options:
      - nosniff
      x-ms-hdi-matched-rule:
      - ClusterResourcesAndSubResources
      x-ms-hdi-routed-to:
      - RegionalRp
      x-ms-hdi-served-by:
      - northcentralus
    status:
      code: 200
      message: OK
- request:
    body: null
    headers:
      Accept:
      - application/json
      Accept-Encoding:
      - gzip, deflate
      Connection:
      - keep-alive
      User-Agent:
      - python/3.6.9 (Linux-4.9.184-linuxkit-x86_64-with-Ubuntu-18.04-bionic) msrest/0.6.10
        msrest_azure/0.6.2 azure-mgmt-hdinsight/2.2.0 Azure-SDK-For-Python
    method: GET
    uri: https://management.azure.com/subscriptions/00000000-0000-0000-0000-000000000000/resourceGroups/hdipy-d29c1382/providers/Microsoft.HDInsight/clusters/hdisdk-applications-hued29c1382/azureasyncoperations/create?api-version=2018-06-01-preview
  response:
    body:
      string: '{"status":"InProgress"}'
    headers:
      cache-control:
      - no-cache
      content-length:
      - '23'
      content-type:
      - application/json; charset=utf-8
      date:
      - Mon, 25 Jan 2021 05:43:02 GMT
      expires:
      - '-1'
      pragma:
      - no-cache
      strict-transport-security:
      - max-age=31536000; includeSubDomains
      transfer-encoding:
      - chunked
      vary:
      - Accept-Encoding
      x-content-type-options:
      - nosniff
      x-ms-hdi-matched-rule:
      - ClusterResourcesAndSubResources
      x-ms-hdi-routed-to:
      - RegionalRp
      x-ms-hdi-served-by:
      - northcentralus
    status:
      code: 200
      message: OK
- request:
    body: null
    headers:
      Accept:
      - application/json
      Accept-Encoding:
      - gzip, deflate
      Connection:
      - keep-alive
      User-Agent:
      - python/3.6.9 (Linux-4.9.184-linuxkit-x86_64-with-Ubuntu-18.04-bionic) msrest/0.6.10
        msrest_azure/0.6.2 azure-mgmt-hdinsight/2.2.0 Azure-SDK-For-Python
    method: GET
    uri: https://management.azure.com/subscriptions/00000000-0000-0000-0000-000000000000/resourceGroups/hdipy-d29c1382/providers/Microsoft.HDInsight/clusters/hdisdk-applications-hued29c1382/azureasyncoperations/create?api-version=2018-06-01-preview
  response:
    body:
      string: '{"status":"InProgress"}'
    headers:
      cache-control:
      - no-cache
      content-length:
      - '23'
      content-type:
      - application/json; charset=utf-8
      date:
      - Mon, 25 Jan 2021 05:43:33 GMT
      expires:
      - '-1'
      pragma:
      - no-cache
      strict-transport-security:
      - max-age=31536000; includeSubDomains
      transfer-encoding:
      - chunked
      vary:
      - Accept-Encoding
      x-content-type-options:
      - nosniff
      x-ms-hdi-matched-rule:
      - ClusterResourcesAndSubResources
      x-ms-hdi-routed-to:
      - RegionalRp
      x-ms-hdi-served-by:
      - northcentralus
    status:
      code: 200
      message: OK
- request:
    body: null
    headers:
      Accept:
      - application/json
      Accept-Encoding:
      - gzip, deflate
      Connection:
      - keep-alive
      User-Agent:
      - python/3.6.9 (Linux-4.9.184-linuxkit-x86_64-with-Ubuntu-18.04-bionic) msrest/0.6.10
        msrest_azure/0.6.2 azure-mgmt-hdinsight/2.2.0 Azure-SDK-For-Python
    method: GET
    uri: https://management.azure.com/subscriptions/00000000-0000-0000-0000-000000000000/resourceGroups/hdipy-d29c1382/providers/Microsoft.HDInsight/clusters/hdisdk-applications-hued29c1382/azureasyncoperations/create?api-version=2018-06-01-preview
  response:
    body:
      string: '{"status":"InProgress"}'
    headers:
      cache-control:
      - no-cache
      content-length:
      - '23'
      content-type:
      - application/json; charset=utf-8
      date:
      - Mon, 25 Jan 2021 05:44:04 GMT
      expires:
      - '-1'
      pragma:
      - no-cache
      strict-transport-security:
      - max-age=31536000; includeSubDomains
      transfer-encoding:
      - chunked
      vary:
      - Accept-Encoding
      x-content-type-options:
      - nosniff
      x-ms-hdi-matched-rule:
      - ClusterResourcesAndSubResources
      x-ms-hdi-routed-to:
      - RegionalRp
      x-ms-hdi-served-by:
      - northcentralus
    status:
      code: 200
      message: OK
- request:
    body: null
    headers:
      Accept:
      - application/json
      Accept-Encoding:
      - gzip, deflate
      Connection:
      - keep-alive
      User-Agent:
      - python/3.6.9 (Linux-4.9.184-linuxkit-x86_64-with-Ubuntu-18.04-bionic) msrest/0.6.10
        msrest_azure/0.6.2 azure-mgmt-hdinsight/2.2.0 Azure-SDK-For-Python
    method: GET
    uri: https://management.azure.com/subscriptions/00000000-0000-0000-0000-000000000000/resourceGroups/hdipy-d29c1382/providers/Microsoft.HDInsight/clusters/hdisdk-applications-hued29c1382/azureasyncoperations/create?api-version=2018-06-01-preview
  response:
    body:
      string: '{"status":"InProgress"}'
    headers:
      cache-control:
      - no-cache
      content-length:
      - '23'
      content-type:
      - application/json; charset=utf-8
      date:
      - Mon, 25 Jan 2021 05:44:34 GMT
      expires:
      - '-1'
      pragma:
      - no-cache
      strict-transport-security:
      - max-age=31536000; includeSubDomains
      transfer-encoding:
      - chunked
      vary:
      - Accept-Encoding
      x-content-type-options:
      - nosniff
      x-ms-hdi-matched-rule:
      - ClusterResourcesAndSubResources
      x-ms-hdi-routed-to:
      - RegionalRp
      x-ms-hdi-served-by:
      - northcentralus
    status:
      code: 200
      message: OK
- request:
    body: null
    headers:
      Accept:
      - application/json
      Accept-Encoding:
      - gzip, deflate
      Connection:
      - keep-alive
      User-Agent:
      - python/3.6.9 (Linux-4.9.184-linuxkit-x86_64-with-Ubuntu-18.04-bionic) msrest/0.6.10
        msrest_azure/0.6.2 azure-mgmt-hdinsight/2.2.0 Azure-SDK-For-Python
    method: GET
    uri: https://management.azure.com/subscriptions/00000000-0000-0000-0000-000000000000/resourceGroups/hdipy-d29c1382/providers/Microsoft.HDInsight/clusters/hdisdk-applications-hued29c1382/azureasyncoperations/create?api-version=2018-06-01-preview
  response:
    body:
      string: '{"status":"InProgress"}'
    headers:
      cache-control:
      - no-cache
      content-length:
      - '23'
      content-type:
      - application/json; charset=utf-8
      date:
      - Mon, 25 Jan 2021 05:45:04 GMT
      expires:
      - '-1'
      pragma:
      - no-cache
      strict-transport-security:
      - max-age=31536000; includeSubDomains
      transfer-encoding:
      - chunked
      vary:
      - Accept-Encoding
      x-content-type-options:
      - nosniff
      x-ms-hdi-matched-rule:
      - ClusterResourcesAndSubResources
      x-ms-hdi-routed-to:
      - RegionalRp
      x-ms-hdi-served-by:
      - northcentralus
    status:
      code: 200
      message: OK
- request:
    body: null
    headers:
      Accept:
      - application/json
      Accept-Encoding:
      - gzip, deflate
      Connection:
      - keep-alive
      User-Agent:
      - python/3.6.9 (Linux-4.9.184-linuxkit-x86_64-with-Ubuntu-18.04-bionic) msrest/0.6.10
        msrest_azure/0.6.2 azure-mgmt-hdinsight/2.2.0 Azure-SDK-For-Python
    method: GET
    uri: https://management.azure.com/subscriptions/00000000-0000-0000-0000-000000000000/resourceGroups/hdipy-d29c1382/providers/Microsoft.HDInsight/clusters/hdisdk-applications-hued29c1382/azureasyncoperations/create?api-version=2018-06-01-preview
  response:
    body:
      string: '{"status":"InProgress"}'
    headers:
      cache-control:
      - no-cache
      content-length:
      - '23'
      content-type:
      - application/json; charset=utf-8
      date:
      - Mon, 25 Jan 2021 05:45:35 GMT
      expires:
      - '-1'
      pragma:
      - no-cache
      strict-transport-security:
      - max-age=31536000; includeSubDomains
      transfer-encoding:
      - chunked
      vary:
      - Accept-Encoding
      x-content-type-options:
      - nosniff
      x-ms-hdi-matched-rule:
      - ClusterResourcesAndSubResources
      x-ms-hdi-routed-to:
      - RegionalRp
      x-ms-hdi-served-by:
      - northcentralus
    status:
      code: 200
      message: OK
- request:
    body: null
    headers:
      Accept:
      - application/json
      Accept-Encoding:
      - gzip, deflate
      Connection:
      - keep-alive
      User-Agent:
      - python/3.6.9 (Linux-4.9.184-linuxkit-x86_64-with-Ubuntu-18.04-bionic) msrest/0.6.10
        msrest_azure/0.6.2 azure-mgmt-hdinsight/2.2.0 Azure-SDK-For-Python
    method: GET
    uri: https://management.azure.com/subscriptions/00000000-0000-0000-0000-000000000000/resourceGroups/hdipy-d29c1382/providers/Microsoft.HDInsight/clusters/hdisdk-applications-hued29c1382/azureasyncoperations/create?api-version=2018-06-01-preview
  response:
    body:
      string: '{"status":"InProgress"}'
    headers:
      cache-control:
      - no-cache
      content-length:
      - '23'
      content-type:
      - application/json; charset=utf-8
      date:
      - Mon, 25 Jan 2021 05:46:06 GMT
      expires:
      - '-1'
      pragma:
      - no-cache
      strict-transport-security:
      - max-age=31536000; includeSubDomains
      transfer-encoding:
      - chunked
      vary:
      - Accept-Encoding
      x-content-type-options:
      - nosniff
      x-ms-hdi-matched-rule:
      - ClusterResourcesAndSubResources
      x-ms-hdi-routed-to:
      - RegionalRp
      x-ms-hdi-served-by:
      - northcentralus
    status:
      code: 200
      message: OK
- request:
    body: null
    headers:
      Accept:
      - application/json
      Accept-Encoding:
      - gzip, deflate
      Connection:
      - keep-alive
      User-Agent:
      - python/3.6.9 (Linux-4.9.184-linuxkit-x86_64-with-Ubuntu-18.04-bionic) msrest/0.6.10
        msrest_azure/0.6.2 azure-mgmt-hdinsight/2.2.0 Azure-SDK-For-Python
    method: GET
    uri: https://management.azure.com/subscriptions/00000000-0000-0000-0000-000000000000/resourceGroups/hdipy-d29c1382/providers/Microsoft.HDInsight/clusters/hdisdk-applications-hued29c1382/azureasyncoperations/create?api-version=2018-06-01-preview
  response:
    body:
      string: '{"status":"InProgress"}'
    headers:
      cache-control:
      - no-cache
      content-length:
      - '23'
      content-type:
      - application/json; charset=utf-8
      date:
      - Mon, 25 Jan 2021 05:46:36 GMT
      expires:
      - '-1'
      pragma:
      - no-cache
      strict-transport-security:
      - max-age=31536000; includeSubDomains
      transfer-encoding:
      - chunked
      vary:
      - Accept-Encoding
      x-content-type-options:
      - nosniff
      x-ms-hdi-matched-rule:
      - ClusterResourcesAndSubResources
      x-ms-hdi-routed-to:
      - RegionalRp
      x-ms-hdi-served-by:
      - northcentralus
    status:
      code: 200
      message: OK
- request:
    body: null
    headers:
      Accept:
      - application/json
      Accept-Encoding:
      - gzip, deflate
      Connection:
      - keep-alive
      User-Agent:
      - python/3.6.9 (Linux-4.9.184-linuxkit-x86_64-with-Ubuntu-18.04-bionic) msrest/0.6.10
        msrest_azure/0.6.2 azure-mgmt-hdinsight/2.2.0 Azure-SDK-For-Python
    method: GET
    uri: https://management.azure.com/subscriptions/00000000-0000-0000-0000-000000000000/resourceGroups/hdipy-d29c1382/providers/Microsoft.HDInsight/clusters/hdisdk-applications-hued29c1382/azureasyncoperations/create?api-version=2018-06-01-preview
  response:
    body:
      string: '{"status":"InProgress"}'
    headers:
      cache-control:
      - no-cache
      content-length:
      - '23'
      content-type:
      - application/json; charset=utf-8
      date:
      - Mon, 25 Jan 2021 05:47:07 GMT
      expires:
      - '-1'
      pragma:
      - no-cache
      strict-transport-security:
      - max-age=31536000; includeSubDomains
      transfer-encoding:
      - chunked
      vary:
      - Accept-Encoding
      x-content-type-options:
      - nosniff
      x-ms-hdi-matched-rule:
      - ClusterResourcesAndSubResources
      x-ms-hdi-routed-to:
      - RegionalRp
      x-ms-hdi-served-by:
      - northcentralus
    status:
      code: 200
      message: OK
- request:
    body: null
    headers:
      Accept:
      - application/json
      Accept-Encoding:
      - gzip, deflate
      Connection:
      - keep-alive
      User-Agent:
      - python/3.6.9 (Linux-4.9.184-linuxkit-x86_64-with-Ubuntu-18.04-bionic) msrest/0.6.10
        msrest_azure/0.6.2 azure-mgmt-hdinsight/2.2.0 Azure-SDK-For-Python
    method: GET
    uri: https://management.azure.com/subscriptions/00000000-0000-0000-0000-000000000000/resourceGroups/hdipy-d29c1382/providers/Microsoft.HDInsight/clusters/hdisdk-applications-hued29c1382/azureasyncoperations/create?api-version=2018-06-01-preview
  response:
    body:
      string: '{"status":"InProgress"}'
    headers:
      cache-control:
      - no-cache
      content-length:
      - '23'
      content-type:
      - application/json; charset=utf-8
      date:
      - Mon, 25 Jan 2021 05:47:37 GMT
      expires:
      - '-1'
      pragma:
      - no-cache
      strict-transport-security:
      - max-age=31536000; includeSubDomains
      transfer-encoding:
      - chunked
      vary:
      - Accept-Encoding
      x-content-type-options:
      - nosniff
      x-ms-hdi-matched-rule:
      - ClusterResourcesAndSubResources
      x-ms-hdi-routed-to:
      - RegionalRp
      x-ms-hdi-served-by:
      - northcentralus
    status:
      code: 200
      message: OK
- request:
    body: null
    headers:
      Accept:
      - application/json
      Accept-Encoding:
      - gzip, deflate
      Connection:
      - keep-alive
      User-Agent:
      - python/3.6.9 (Linux-4.9.184-linuxkit-x86_64-with-Ubuntu-18.04-bionic) msrest/0.6.10
        msrest_azure/0.6.2 azure-mgmt-hdinsight/2.2.0 Azure-SDK-For-Python
    method: GET
    uri: https://management.azure.com/subscriptions/00000000-0000-0000-0000-000000000000/resourceGroups/hdipy-d29c1382/providers/Microsoft.HDInsight/clusters/hdisdk-applications-hued29c1382/azureasyncoperations/create?api-version=2018-06-01-preview
  response:
    body:
      string: '{"status":"InProgress"}'
    headers:
      cache-control:
      - no-cache
      content-length:
      - '23'
      content-type:
      - application/json; charset=utf-8
      date:
      - Mon, 25 Jan 2021 05:48:09 GMT
      expires:
      - '-1'
      pragma:
      - no-cache
      strict-transport-security:
      - max-age=31536000; includeSubDomains
      transfer-encoding:
      - chunked
      vary:
      - Accept-Encoding
      x-content-type-options:
      - nosniff
      x-ms-hdi-matched-rule:
      - ClusterResourcesAndSubResources
      x-ms-hdi-routed-to:
      - RegionalRp
      x-ms-hdi-served-by:
      - northcentralus
    status:
      code: 200
      message: OK
- request:
    body: null
    headers:
      Accept:
      - application/json
      Accept-Encoding:
      - gzip, deflate
      Connection:
      - keep-alive
      User-Agent:
      - python/3.6.9 (Linux-4.9.184-linuxkit-x86_64-with-Ubuntu-18.04-bionic) msrest/0.6.10
        msrest_azure/0.6.2 azure-mgmt-hdinsight/2.2.0 Azure-SDK-For-Python
    method: GET
    uri: https://management.azure.com/subscriptions/00000000-0000-0000-0000-000000000000/resourceGroups/hdipy-d29c1382/providers/Microsoft.HDInsight/clusters/hdisdk-applications-hued29c1382/azureasyncoperations/create?api-version=2018-06-01-preview
  response:
    body:
      string: '{"status":"InProgress"}'
    headers:
      cache-control:
      - no-cache
      content-length:
      - '23'
      content-type:
      - application/json; charset=utf-8
      date:
      - Mon, 25 Jan 2021 05:48:40 GMT
      expires:
      - '-1'
      pragma:
      - no-cache
      strict-transport-security:
      - max-age=31536000; includeSubDomains
      transfer-encoding:
      - chunked
      vary:
      - Accept-Encoding
      x-content-type-options:
      - nosniff
      x-ms-hdi-matched-rule:
      - ClusterResourcesAndSubResources
      x-ms-hdi-routed-to:
      - RegionalRp
      x-ms-hdi-served-by:
      - northcentralus
    status:
      code: 200
      message: OK
- request:
    body: null
    headers:
      Accept:
      - application/json
      Accept-Encoding:
      - gzip, deflate
      Connection:
      - keep-alive
      User-Agent:
      - python/3.6.9 (Linux-4.9.184-linuxkit-x86_64-with-Ubuntu-18.04-bionic) msrest/0.6.10
        msrest_azure/0.6.2 azure-mgmt-hdinsight/2.2.0 Azure-SDK-For-Python
    method: GET
    uri: https://management.azure.com/subscriptions/00000000-0000-0000-0000-000000000000/resourceGroups/hdipy-d29c1382/providers/Microsoft.HDInsight/clusters/hdisdk-applications-hued29c1382/azureasyncoperations/create?api-version=2018-06-01-preview
  response:
    body:
      string: '{"status":"InProgress"}'
    headers:
      cache-control:
      - no-cache
      content-length:
      - '23'
      content-type:
      - application/json; charset=utf-8
      date:
      - Mon, 25 Jan 2021 05:49:10 GMT
      expires:
      - '-1'
      pragma:
      - no-cache
      strict-transport-security:
      - max-age=31536000; includeSubDomains
      transfer-encoding:
      - chunked
      vary:
      - Accept-Encoding
      x-content-type-options:
      - nosniff
      x-ms-hdi-matched-rule:
      - ClusterResourcesAndSubResources
      x-ms-hdi-routed-to:
      - RegionalRp
      x-ms-hdi-served-by:
      - northcentralus
    status:
      code: 200
      message: OK
- request:
    body: null
    headers:
      Accept:
      - application/json
      Accept-Encoding:
      - gzip, deflate
      Connection:
      - keep-alive
      User-Agent:
      - python/3.6.9 (Linux-4.9.184-linuxkit-x86_64-with-Ubuntu-18.04-bionic) msrest/0.6.10
        msrest_azure/0.6.2 azure-mgmt-hdinsight/2.2.0 Azure-SDK-For-Python
    method: GET
    uri: https://management.azure.com/subscriptions/00000000-0000-0000-0000-000000000000/resourceGroups/hdipy-d29c1382/providers/Microsoft.HDInsight/clusters/hdisdk-applications-hued29c1382/azureasyncoperations/create?api-version=2018-06-01-preview
  response:
    body:
      string: '{"status":"InProgress"}'
    headers:
      cache-control:
      - no-cache
      content-length:
      - '23'
      content-type:
      - application/json; charset=utf-8
      date:
      - Mon, 25 Jan 2021 05:49:40 GMT
      expires:
      - '-1'
      pragma:
      - no-cache
      strict-transport-security:
      - max-age=31536000; includeSubDomains
      transfer-encoding:
      - chunked
      vary:
      - Accept-Encoding
      x-content-type-options:
      - nosniff
      x-ms-hdi-matched-rule:
      - ClusterResourcesAndSubResources
      x-ms-hdi-routed-to:
      - RegionalRp
      x-ms-hdi-served-by:
      - northcentralus
    status:
      code: 200
      message: OK
- request:
    body: null
    headers:
      Accept:
      - application/json
      Accept-Encoding:
      - gzip, deflate
      Connection:
      - keep-alive
      User-Agent:
      - python/3.6.9 (Linux-4.9.184-linuxkit-x86_64-with-Ubuntu-18.04-bionic) msrest/0.6.10
        msrest_azure/0.6.2 azure-mgmt-hdinsight/2.2.0 Azure-SDK-For-Python
    method: GET
    uri: https://management.azure.com/subscriptions/00000000-0000-0000-0000-000000000000/resourceGroups/hdipy-d29c1382/providers/Microsoft.HDInsight/clusters/hdisdk-applications-hued29c1382/azureasyncoperations/create?api-version=2018-06-01-preview
  response:
    body:
      string: '{"status":"InProgress"}'
    headers:
      cache-control:
      - no-cache
      content-length:
      - '23'
      content-type:
      - application/json; charset=utf-8
      date:
      - Mon, 25 Jan 2021 05:50:12 GMT
      expires:
      - '-1'
      pragma:
      - no-cache
      strict-transport-security:
      - max-age=31536000; includeSubDomains
      transfer-encoding:
      - chunked
      vary:
      - Accept-Encoding
      x-content-type-options:
      - nosniff
      x-ms-hdi-matched-rule:
      - ClusterResourcesAndSubResources
      x-ms-hdi-routed-to:
      - RegionalRp
      x-ms-hdi-served-by:
      - northcentralus
    status:
      code: 200
      message: OK
- request:
    body: null
    headers:
      Accept:
      - application/json
      Accept-Encoding:
      - gzip, deflate
      Connection:
      - keep-alive
      User-Agent:
      - python/3.6.9 (Linux-4.9.184-linuxkit-x86_64-with-Ubuntu-18.04-bionic) msrest/0.6.10
        msrest_azure/0.6.2 azure-mgmt-hdinsight/2.2.0 Azure-SDK-For-Python
    method: GET
    uri: https://management.azure.com/subscriptions/00000000-0000-0000-0000-000000000000/resourceGroups/hdipy-d29c1382/providers/Microsoft.HDInsight/clusters/hdisdk-applications-hued29c1382/azureasyncoperations/create?api-version=2018-06-01-preview
  response:
    body:
      string: '{"status":"Succeeded"}'
    headers:
      cache-control:
      - no-cache
      content-length:
      - '22'
      content-type:
      - application/json; charset=utf-8
      date:
      - Mon, 25 Jan 2021 05:50:42 GMT
      expires:
      - '-1'
      pragma:
      - no-cache
      strict-transport-security:
      - max-age=31536000; includeSubDomains
      transfer-encoding:
      - chunked
      vary:
      - Accept-Encoding
      x-content-type-options:
      - nosniff
      x-ms-hdi-matched-rule:
      - ClusterResourcesAndSubResources
      x-ms-hdi-routed-to:
      - RegionalRp
      x-ms-hdi-served-by:
      - northcentralus
    status:
      code: 200
      message: OK
- request:
    body: null
    headers:
      Accept:
      - application/json
      Accept-Encoding:
      - gzip, deflate
      Connection:
      - keep-alive
      User-Agent:
      - python/3.6.9 (Linux-4.9.184-linuxkit-x86_64-with-Ubuntu-18.04-bionic) msrest/0.6.10
        msrest_azure/0.6.2 azure-mgmt-hdinsight/2.2.0 Azure-SDK-For-Python
    method: GET
    uri: https://management.azure.com/subscriptions/00000000-0000-0000-0000-000000000000/resourceGroups/hdipy-d29c1382/providers/Microsoft.HDInsight/clusters/hdisdk-applications-hued29c1382?api-version=2018-06-01-preview
  response:
    body:
      string: '{"id":"/subscriptions/00000000-0000-0000-0000-000000000000/resourceGroups/hdipy-d29c1382/providers/Microsoft.HDInsight/clusters/hdisdk-applications-hued29c1382","name":"hdisdk-applications-hued29c1382","type":"Microsoft.HDInsight/clusters","location":"North
        Central US","etag":"c1ac92a1-f0ef-4b7d-9a92-7d3b87acf28b","tags":{},"properties":{"clusterVersion":"3.6.1000.67","clusterHdpVersion":"2.6.5.3032-3","osType":"Linux","clusterDefinition":{"blueprint":"https://blueprints.azurehdinsight.net/hadoop-3.6.1000.67.2012080609.json","kind":"hadoop","componentVersion":{"hadoop":"2.7"}},"clusterId":"b772036ea2194802b30b2cc3782b8326","computeProfile":{"roles":[{"name":"headnode","targetInstanceCount":2,"hardwareProfile":{"vmSize":"standard_a4_v2"},"osProfile":{"linuxOperatingSystemProfile":{"username":"sshuser"}},"encryptDataDisks":false},{"name":"workernode","targetInstanceCount":3,"hardwareProfile":{"vmSize":"standard_a4_v2"},"osProfile":{"linuxOperatingSystemProfile":{"username":"sshuser"}},"encryptDataDisks":false},{"name":"zookeepernode","targetInstanceCount":3,"hardwareProfile":{"vmSize":"standard_a1_v2"},"osProfile":{"linuxOperatingSystemProfile":{"username":"sshuser"}},"encryptDataDisks":false}]},"provisioningState":"Succeeded","clusterState":"Running","createdDate":"2021-01-25T05:37:22.213","quotaInfo":{"coresUsed":20},"connectivityEndpoints":[{"name":"SSH","protocol":"TCP","location":"hdisdk-applications-hued29c1382-ssh.azurehdinsight.net","port":22},{"name":"HTTPS","protocol":"TCP","location":"hdisdk-applications-hued29c1382.azurehdinsight.net","port":443}],"tier":"standard","encryptionInTransitProperties":{"isEncryptionInTransitEnabled":false},"storageProfile":{"storageaccounts":[{"name":"hdipy.blob.core.windows.net","resourceId":null,"msiResourceId":null,"key":null,"fileSystem":null,"container":"hdisdk-applications-hued29c1382","saskey":null,"isDefault":true,"fileshare":null}]},"excludedServicesConfig":{"excludedServicesConfigId":"default","excludedServicesList":""},"computeIsolationProperties":{"enableComputeIsolation":false,"hostSku":null}}}'
    headers:
      cache-control:
      - no-cache
      content-length:
      - '2089'
      content-type:
      - application/json; charset=utf-8
      date:
      - Mon, 25 Jan 2021 05:50:43 GMT
      expires:
      - '-1'
      pragma:
      - no-cache
      strict-transport-security:
      - max-age=31536000; includeSubDomains
      transfer-encoding:
      - chunked
      vary:
      - Accept-Encoding
      x-content-type-options:
      - nosniff
      x-ms-hdi-matched-rule:
      - ClusterResourcesAndSubResources
      x-ms-hdi-routed-to:
      - RegionalRp
      x-ms-hdi-served-by:
      - northcentralus
    status:
      code: 200
      message: OK
- request:
    body: '{"properties": {"computeProfile": {"roles": [{"name": "edgenode", "targetInstanceCount":
      1, "hardwareProfile": {"vmSize": "Large"}}]}, "installScriptActions": [{"name":
      "InstallHue", "uri": "https://hdiconfigactions.blob.core.windows.net/linuxhueconfigactionv02/install-hue-uber-v02.sh",
      "parameters": "-version latest -port 20000", "roles": ["edgenode"]}], "applicationType":
      "CustomApplication"}}'
    headers:
      Accept:
      - application/json
      Accept-Encoding:
      - gzip, deflate
      Connection:
      - keep-alive
      Content-Length:
      - '398'
      Content-Type:
      - application/json; charset=utf-8
      User-Agent:
      - python/3.6.9 (Linux-4.9.184-linuxkit-x86_64-with-Ubuntu-18.04-bionic) msrest/0.6.10
        msrest_azure/0.6.2 azure-mgmt-hdinsight/2.2.0 Azure-SDK-For-Python
      accept-language:
      - en-US
    method: PUT
    uri: https://management.azure.com/subscriptions/00000000-0000-0000-0000-000000000000/resourceGroups/hdipy-d29c1382/providers/Microsoft.HDInsight/clusters/hdisdk-applications-hued29c1382/applications/MyApplication?api-version=2018-06-01-preview
  response:
    body:
      string: '{"id":"/subscriptions/00000000-0000-0000-0000-000000000000/resourceGroups/hdipy-d29c1382/providers/Microsoft.HDInsight/clusters/hdisdk-applications-hued29c1382/applications/MyApplication","name":"MyApplication","type":"Microsoft.HDInsight/clusters/applications","etag":"E18E12AC-A3D6-4F95-985B-48306E0CED02","tags":null,"properties":{"computeProfile":{"roles":[{"name":"edgenode","targetInstanceCount":1,"hardwareProfile":{"vmSize":"standard_a4_v2"},"encryptDataDisks":false}]},"installScriptActions":[{"name":"InstallHue","uri":"https://hdiconfigactions.blob.core.windows.net/linuxhueconfigactionv02/install-hue-uber-v02.sh","roles":["edgenode"]}],"uninstallScriptActions":[],"httpsEndpoints":[],"sshEndpoints":[],"provisioningState":"InProgress","applicationState":"Accepted","createdDate":"2021-01-25T05:50:46.223","applicationType":"CustomApplication"}}'
    headers:
      azure-asyncoperation:
      - https://management.azure.com/subscriptions/00000000-0000-0000-0000-000000000000/resourceGroups/hdipy-d29c1382/providers/Microsoft.HDInsight/clusters/hdisdk-applications-hued29c1382/azureasyncoperations/create?api-version=2018-06-01-preview
      cache-control:
      - no-cache
      content-length:
      - '857'
      content-type:
      - application/json; charset=utf-8
      date:
      - Mon, 25 Jan 2021 05:50:46 GMT
      etag:
      - '"E18E12AC-A3D6-4F95-985B-48306E0CED02"'
      expires:
      - '-1'
      pragma:
      - no-cache
      strict-transport-security:
      - max-age=31536000; includeSubDomains
      transfer-encoding:
      - chunked
      vary:
      - Accept-Encoding
      x-content-type-options:
      - nosniff
      x-ms-hdi-appuri:
      - https://management.azure.com/subscriptions/92f95d8f-3c67-4124-91c7-8cf07cdbf241/resourceGroups/hdipy-d29c1382/providers/Microsoft.HDInsight/clusters/hdisdk-applications-hued29c1382/applications/MyApplication?api-version=2018-06-01-preview
      x-ms-hdi-matched-rule:
      - ClusterResourcesAndSubResources
      x-ms-hdi-routed-to:
      - RegionalRp
      x-ms-hdi-served-by:
      - northcentralus
      x-ms-ratelimit-remaining-subscription-writes:
      - '1199'
    status:
      code: 200
      message: OK
- request:
    body: null
    headers:
      Accept:
      - application/json
      Accept-Encoding:
      - gzip, deflate
      Connection:
      - keep-alive
      User-Agent:
      - python/3.6.9 (Linux-4.9.184-linuxkit-x86_64-with-Ubuntu-18.04-bionic) msrest/0.6.10
        msrest_azure/0.6.2 azure-mgmt-hdinsight/2.2.0 Azure-SDK-For-Python
    method: GET
    uri: https://management.azure.com/subscriptions/00000000-0000-0000-0000-000000000000/resourceGroups/hdipy-d29c1382/providers/Microsoft.HDInsight/clusters/hdisdk-applications-hued29c1382/azureasyncoperations/create?api-version=2018-06-01-preview
  response:
    body:
      string: '{"status":"Succeeded"}'
    headers:
      cache-control:
      - no-cache
      content-length:
      - '22'
      content-type:
      - application/json; charset=utf-8
      date:
      - Mon, 25 Jan 2021 05:51:17 GMT
      expires:
      - '-1'
      pragma:
      - no-cache
      strict-transport-security:
      - max-age=31536000; includeSubDomains
      transfer-encoding:
      - chunked
      vary:
      - Accept-Encoding
      x-content-type-options:
      - nosniff
      x-ms-hdi-matched-rule:
      - ClusterResourcesAndSubResources
      x-ms-hdi-routed-to:
      - RegionalRp
      x-ms-hdi-served-by:
      - northcentralus
    status:
      code: 200
      message: OK
- request:
    body: null
    headers:
      Accept:
      - application/json
      Accept-Encoding:
      - gzip, deflate
      Connection:
      - keep-alive
      User-Agent:
      - python/3.6.9 (Linux-4.9.184-linuxkit-x86_64-with-Ubuntu-18.04-bionic) msrest/0.6.10
        msrest_azure/0.6.2 azure-mgmt-hdinsight/2.2.0 Azure-SDK-For-Python
    method: GET
    uri: https://management.azure.com/subscriptions/00000000-0000-0000-0000-000000000000/resourceGroups/hdipy-d29c1382/providers/Microsoft.HDInsight/clusters/hdisdk-applications-hued29c1382/applications/MyApplication?api-version=2018-06-01-preview
  response:
    body:
      string: '{"id":"/subscriptions/00000000-0000-0000-0000-000000000000/resourceGroups/hdipy-d29c1382/providers/Microsoft.HDInsight/clusters/hdisdk-applications-hued29c1382/applications/MyApplication","name":"MyApplication","type":"Microsoft.HDInsight/clusters/applications","etag":"EAC08B13-0A6C-4347-8D22-996EF0E5D357","tags":null,"properties":{"computeProfile":{"roles":[{"name":"edgenode","targetInstanceCount":1,"VMGroupName":"edgenode1","hardwareProfile":{"vmSize":"standard_a4_v2"},"encryptDataDisks":false}]},"installScriptActions":[{"name":"InstallHue","uri":"https://hdiconfigactions.blob.core.windows.net/linuxhueconfigactionv02/install-hue-uber-v02.sh","roles":["edgenode"]}],"uninstallScriptActions":[],"httpsEndpoints":[],"sshEndpoints":[],"provisioningState":"InProgress","applicationState":"AzureVMConfiguration","createdDate":"2021-01-25T05:50:46.223","applicationType":"CustomApplication"}}'
    headers:
      cache-control:
      - no-cache
      content-length:
      - '895'
      content-type:
      - application/json; charset=utf-8
      date:
      - Mon, 25 Jan 2021 05:51:17 GMT
      expires:
      - '-1'
      pragma:
      - no-cache
      strict-transport-security:
      - max-age=31536000; includeSubDomains
      transfer-encoding:
      - chunked
      vary:
      - Accept-Encoding
      x-content-type-options:
      - nosniff
      x-ms-hdi-matched-rule:
      - ClusterResourcesAndSubResources
      x-ms-hdi-routed-to:
      - RegionalRp
      x-ms-hdi-served-by:
      - northcentralus
    status:
      code: 200
      message: OK
- request:
    body: null
    headers:
      Accept:
      - application/json
      Accept-Encoding:
      - gzip, deflate
      Connection:
      - keep-alive
      User-Agent:
      - python/3.6.9 (Linux-4.9.184-linuxkit-x86_64-with-Ubuntu-18.04-bionic) msrest/0.6.10
        msrest_azure/0.6.2 azure-mgmt-hdinsight/2.2.0 Azure-SDK-For-Python
      accept-language:
      - en-US
    method: GET
    uri: https://management.azure.com/subscriptions/00000000-0000-0000-0000-000000000000/resourceGroups/hdipy-d29c1382/providers/Microsoft.HDInsight/clusters/hdisdk-applications-hued29c1382/applications?api-version=2018-06-01-preview
  response:
    body:
      string: '{"value":[{"id":"/subscriptions/00000000-0000-0000-0000-000000000000/resourceGroups/hdipy-d29c1382/providers/Microsoft.HDInsight/clusters/hdisdk-applications-hued29c1382/applications/MyApplication","name":"MyApplication","type":"Microsoft.HDInsight/clusters/applications","etag":"EAC08B13-0A6C-4347-8D22-996EF0E5D357","tags":null,"properties":{"computeProfile":{"roles":[{"name":"edgenode","targetInstanceCount":1,"VMGroupName":"edgenode1","hardwareProfile":{"vmSize":"standard_a4_v2"},"encryptDataDisks":false}]},"installScriptActions":[{"name":"InstallHue","uri":"https://hdiconfigactions.blob.core.windows.net/linuxhueconfigactionv02/install-hue-uber-v02.sh","roles":["edgenode"]}],"uninstallScriptActions":[],"httpsEndpoints":[],"sshEndpoints":[],"provisioningState":"InProgress","applicationState":"AzureVMConfiguration","createdDate":"2021-01-25T05:50:46.223","applicationType":"CustomApplication"}}]}'
    headers:
      cache-control:
      - no-cache
      content-length:
      - '907'
      content-type:
      - application/json; charset=utf-8
      date:
      - Mon, 25 Jan 2021 05:51:18 GMT
      expires:
      - '-1'
      pragma:
      - no-cache
      strict-transport-security:
      - max-age=31536000; includeSubDomains
      transfer-encoding:
      - chunked
      vary:
      - Accept-Encoding
      x-content-type-options:
      - nosniff
      x-ms-hdi-matched-rule:
      - ClusterResourcesAndSubResources
      x-ms-hdi-routed-to:
      - RegionalRp
      x-ms-hdi-served-by:
      - northcentralus
    status:
      code: 200
      message: OK
- request:
    body: null
    headers:
      Accept:
      - application/json
      Accept-Encoding:
      - gzip, deflate
      Connection:
      - keep-alive
      Content-Length:
      - '0'
      User-Agent:
      - python/3.6.9 (Linux-4.9.184-linuxkit-x86_64-with-Ubuntu-18.04-bionic) msrest/0.6.10
        msrest_azure/0.6.2 azure-mgmt-hdinsight/2.2.0 Azure-SDK-For-Python
      accept-language:
      - en-US
    method: DELETE
    uri: https://management.azure.com/subscriptions/00000000-0000-0000-0000-000000000000/resourceGroups/hdipy-d29c1382/providers/Microsoft.HDInsight/clusters/hdisdk-applications-hued29c1382/applications/MyApplication?api-version=2018-06-01-preview
  response:
    body:
      string: '{"code":"Conflict","message":"Delete application operation cannot be
        performed on this cluster at this time as it is not in ''Running'' state.
        It is possible that the cluster is undergoing other update operations. Please
        retry later."}'
    headers:
      cache-control:
      - no-cache
      content-length:
      - '233'
      content-type:
      - application/json; charset=utf-8
      date:
      - Mon, 25 Jan 2021 05:53:19 GMT
      expires:
      - '-1'
      pragma:
      - no-cache
      strict-transport-security:
      - max-age=31536000; includeSubDomains
      x-content-type-options:
      - nosniff
      x-ms-hdi-matched-rule:
      - ClusterResourcesAndSubResources
      x-ms-hdi-routed-to:
      - RegionalRp
      x-ms-hdi-served-by:
      - northcentralus
      x-ms-ratelimit-remaining-subscription-deletes:
      - '14999'
    status:
      code: 409
      message: Conflict
version: 1
