interactions:
- request:
    body: null
    headers:
      Accept:
      - application/json
      Accept-Encoding:
      - gzip, deflate
      Connection:
      - keep-alive
      User-Agent:
      - python/3.6.9 (Linux-4.9.184-linuxkit-x86_64-with-Ubuntu-18.04-bionic) msrest/0.6.10
        msrest_azure/0.6.2 azure-mgmt-hdinsight/2.2.0 Azure-SDK-For-Python
      accept-language:
      - en-US
    method: GET
    uri: https://management.azure.com/subscriptions/00000000-0000-0000-0000-000000000000/resourceGroups/hdipy-96ce175c/providers/Microsoft.HDInsight/clusters?api-version=2018-06-01-preview
  response:
    body:
      string: '{"value":[]}'
    headers:
      cache-control:
      - no-cache
      content-length:
      - '12'
      content-type:
      - application/json; charset=utf-8
      date:
      - Mon, 25 Jan 2021 05:54:12 GMT
      expires:
      - '-1'
      pragma:
      - no-cache
      strict-transport-security:
      - max-age=31536000; includeSubDomains
      vary:
      - Accept-Encoding
      x-content-type-options:
      - nosniff
    status:
      code: 200
      message: OK
- request:
    body: 'b''{"location": "North Central US", "tags": {}, "properties": {"clusterVersion":
      "3.6", "osType": "Linux", "tier": "Standard", "clusterDefinition": {"kind":
      "hadoop", "configurations": {"gateway": {"restAuthCredential.isEnabled": "true",
      "restAuthCredential.username": "admin", "restAuthCredential.password": "Password1!"}}},
      "computeProfile": {"roles": [{"name": "headnode", "targetInstanceCount": 2,
      "hardwareProfile": {"vmSize": "Large"}, "osProfile": {"linuxOperatingSystemProfile":
      {"username": "sshuser", "password": "Password1!"}}}, {"name": "workernode",
      "targetInstanceCount": 3, "hardwareProfile": {"vmSize": "Large"}, "osProfile":
      {"linuxOperatingSystemProfile": {"username": "sshuser", "password": "Password1!"}}},
      {"name": "zookeepernode", "targetInstanceCount": 3, "hardwareProfile": {"vmSize":
      "Small"}, "osProfile": {"linuxOperatingSystemProfile": {"username": "sshuser",
      "password": "Password1!"}}}]}, "storageProfile": {"storageaccounts": [{"name":
      "hdipy.blob.core.windows.net", "isDefault": true, "container": "hdisdk-cluster-rg196ce175c",
      "key": "Kr2kSOlbEWXDG0mOY+9zIqsBrFyg/DZbYu5fb6DJmV9KEjkN9Mp7eKhgCj6I1NEjTDk2CcNGOArR8BlWq45yEg=="}]}}}'''
    headers:
      Accept:
      - application/json
      Accept-Encoding:
      - gzip, deflate
      Connection:
      - keep-alive
      Content-Length:
      - '1167'
      Content-Type:
      - application/json; charset=utf-8
      User-Agent:
      - python/3.6.9 (Linux-4.9.184-linuxkit-x86_64-with-Ubuntu-18.04-bionic) msrest/0.6.10
        msrest_azure/0.6.2 azure-mgmt-hdinsight/2.2.0 Azure-SDK-For-Python
      accept-language:
      - en-US
    method: PUT
    uri: https://management.azure.com/subscriptions/00000000-0000-0000-0000-000000000000/resourceGroups/hdipy-96ce175c/providers/Microsoft.HDInsight/clusters/hdisdk-cluster-rg196ce175c?api-version=2018-06-01-preview
  response:
    body:
      string: '{"id":"/subscriptions/00000000-0000-0000-0000-000000000000/resourceGroups/hdipy-96ce175c/providers/Microsoft.HDInsight/clusters/hdisdk-cluster-rg196ce175c","name":"hdisdk-cluster-rg196ce175c","type":"Microsoft.HDInsight/clusters","location":"North
        Central US","etag":"b7b48b91-5aca-4526-8f77-094d399e2c45","tags":{},"properties":{"clusterVersion":"3.6.1000.67","clusterHdpVersion":"","osType":"Linux","clusterDefinition":{"blueprint":"https://blueprints.azurehdinsight.net/hadoop-3.6.1000.67.2012080609.json","kind":"hadoop","componentVersion":{"hadoop":"2.7"}},"clusterId":"ac1b6ef8dc494077960db1780ef1ef85","computeProfile":{"roles":[{"name":"headnode","targetInstanceCount":2,"hardwareProfile":{"vmSize":"standard_a4_v2"},"osProfile":{"linuxOperatingSystemProfile":{"username":"sshuser"}},"encryptDataDisks":false},{"name":"workernode","targetInstanceCount":3,"hardwareProfile":{"vmSize":"standard_a4_v2"},"osProfile":{"linuxOperatingSystemProfile":{"username":"sshuser"}},"encryptDataDisks":false},{"name":"zookeepernode","targetInstanceCount":3,"hardwareProfile":{"vmSize":"standard_a1_v2"},"osProfile":{"linuxOperatingSystemProfile":{"username":"sshuser"}},"encryptDataDisks":false}]},"provisioningState":"InProgress","clusterState":"Accepted","createdDate":"2021-01-25T05:54:22.763","quotaInfo":{"coresUsed":20},"tier":"standard","encryptionInTransitProperties":{"isEncryptionInTransitEnabled":false},"storageProfile":{"storageaccounts":[{"name":"hdipy.blob.core.windows.net","resourceId":null,"msiResourceId":null,"key":null,"fileSystem":null,"container":"hdisdk-cluster-rg196ce175c","saskey":null,"isDefault":true,"fileshare":null}]},"excludedServicesConfig":{"excludedServicesConfigId":"default","excludedServicesList":""},"computeIsolationProperties":{"enableComputeIsolation":false,"hostSku":null}}}'
    headers:
      azure-asyncoperation:
      - https://management.azure.com/subscriptions/00000000-0000-0000-0000-000000000000/resourceGroups/hdipy-96ce175c/providers/Microsoft.HDInsight/clusters/hdisdk-cluster-rg196ce175c/azureasyncoperations/create?api-version=2018-06-01-preview
      cache-control:
      - no-cache
      content-length:
      - '1819'
      content-type:
      - application/json; charset=utf-8
      date:
      - Mon, 25 Jan 2021 05:54:24 GMT
      etag:
      - '"b7b48b91-5aca-4526-8f77-094d399e2c45"'
      expires:
      - '-1'
      pragma:
      - no-cache
      strict-transport-security:
      - max-age=31536000; includeSubDomains
      transfer-encoding:
      - chunked
      vary:
      - Accept-Encoding
      x-content-type-options:
      - nosniff
      x-ms-hdi-clusteruri:
      - https://management.azure.com/subscriptions/92f95d8f-3c67-4124-91c7-8cf07cdbf241/resourceGroups/hdipy-96ce175c/providers/Microsoft.HDInsight/clusters/hdisdk-cluster-rg196ce175c?api-version=2018-06-01-preview
      x-ms-hdi-matched-rule:
      - ClusterResourcesAndSubResources
      x-ms-hdi-routed-to:
      - RegionalRp
      x-ms-hdi-served-by:
      - northcentralus
      x-ms-ratelimit-remaining-subscription-writes:
      - '1198'
    status:
      code: 200
      message: OK
- request:
    body: null
    headers:
      Accept:
      - application/json
      Accept-Encoding:
      - gzip, deflate
      Connection:
      - keep-alive
      User-Agent:
      - python/3.6.9 (Linux-4.9.184-linuxkit-x86_64-with-Ubuntu-18.04-bionic) msrest/0.6.10
        msrest_azure/0.6.2 azure-mgmt-hdinsight/2.2.0 Azure-SDK-For-Python
    method: GET
    uri: https://management.azure.com/subscriptions/00000000-0000-0000-0000-000000000000/resourceGroups/hdipy-96ce175c/providers/Microsoft.HDInsight/clusters/hdisdk-cluster-rg196ce175c/azureasyncoperations/create?api-version=2018-06-01-preview
  response:
    body:
      string: '{"status":"InProgress"}'
    headers:
      cache-control:
      - no-cache
      content-length:
      - '23'
      content-type:
      - application/json; charset=utf-8
      date:
      - Mon, 25 Jan 2021 05:54:56 GMT
      expires:
      - '-1'
      pragma:
      - no-cache
      strict-transport-security:
      - max-age=31536000; includeSubDomains
      transfer-encoding:
      - chunked
      vary:
      - Accept-Encoding
      x-content-type-options:
      - nosniff
      x-ms-hdi-matched-rule:
      - ClusterResourcesAndSubResources
      x-ms-hdi-routed-to:
      - RegionalRp
      x-ms-hdi-served-by:
      - northcentralus
    status:
      code: 200
      message: OK
- request:
    body: null
    headers:
      Accept:
      - application/json
      Accept-Encoding:
      - gzip, deflate
      Connection:
      - keep-alive
      User-Agent:
      - python/3.6.9 (Linux-4.9.184-linuxkit-x86_64-with-Ubuntu-18.04-bionic) msrest/0.6.10
        msrest_azure/0.6.2 azure-mgmt-hdinsight/2.2.0 Azure-SDK-For-Python
    method: GET
    uri: https://management.azure.com/subscriptions/00000000-0000-0000-0000-000000000000/resourceGroups/hdipy-96ce175c/providers/Microsoft.HDInsight/clusters/hdisdk-cluster-rg196ce175c/azureasyncoperations/create?api-version=2018-06-01-preview
  response:
    body:
      string: '{"status":"InProgress"}'
    headers:
      cache-control:
      - no-cache
      content-length:
      - '23'
      content-type:
      - application/json; charset=utf-8
      date:
      - Mon, 25 Jan 2021 05:55:28 GMT
      expires:
      - '-1'
      pragma:
      - no-cache
      strict-transport-security:
      - max-age=31536000; includeSubDomains
      transfer-encoding:
      - chunked
      vary:
      - Accept-Encoding
      x-content-type-options:
      - nosniff
      x-ms-hdi-matched-rule:
      - ClusterResourcesAndSubResources
      x-ms-hdi-routed-to:
      - RegionalRp
      x-ms-hdi-served-by:
      - northcentralus
    status:
      code: 200
      message: OK
- request:
    body: null
    headers:
      Accept:
      - application/json
      Accept-Encoding:
      - gzip, deflate
      Connection:
      - keep-alive
      User-Agent:
      - python/3.6.9 (Linux-4.9.184-linuxkit-x86_64-with-Ubuntu-18.04-bionic) msrest/0.6.10
        msrest_azure/0.6.2 azure-mgmt-hdinsight/2.2.0 Azure-SDK-For-Python
    method: GET
    uri: https://management.azure.com/subscriptions/00000000-0000-0000-0000-000000000000/resourceGroups/hdipy-96ce175c/providers/Microsoft.HDInsight/clusters/hdisdk-cluster-rg196ce175c/azureasyncoperations/create?api-version=2018-06-01-preview
  response:
    body:
      string: '{"status":"InProgress"}'
    headers:
      cache-control:
      - no-cache
      content-length:
      - '23'
      content-type:
      - application/json; charset=utf-8
      date:
      - Mon, 25 Jan 2021 05:55:58 GMT
      expires:
      - '-1'
      pragma:
      - no-cache
      strict-transport-security:
      - max-age=31536000; includeSubDomains
      transfer-encoding:
      - chunked
      vary:
      - Accept-Encoding
      x-content-type-options:
      - nosniff
      x-ms-hdi-matched-rule:
      - ClusterResourcesAndSubResources
      x-ms-hdi-routed-to:
      - RegionalRp
      x-ms-hdi-served-by:
      - northcentralus
    status:
      code: 200
      message: OK
- request:
    body: null
    headers:
      Accept:
      - application/json
      Accept-Encoding:
      - gzip, deflate
      Connection:
      - keep-alive
      User-Agent:
      - python/3.6.9 (Linux-4.9.184-linuxkit-x86_64-with-Ubuntu-18.04-bionic) msrest/0.6.10
        msrest_azure/0.6.2 azure-mgmt-hdinsight/2.2.0 Azure-SDK-For-Python
    method: GET
    uri: https://management.azure.com/subscriptions/00000000-0000-0000-0000-000000000000/resourceGroups/hdipy-96ce175c/providers/Microsoft.HDInsight/clusters/hdisdk-cluster-rg196ce175c/azureasyncoperations/create?api-version=2018-06-01-preview
  response:
    body:
      string: '{"status":"InProgress"}'
    headers:
      cache-control:
      - no-cache
      content-length:
      - '23'
      content-type:
      - application/json; charset=utf-8
      date:
      - Mon, 25 Jan 2021 05:56:28 GMT
      expires:
      - '-1'
      pragma:
      - no-cache
      strict-transport-security:
      - max-age=31536000; includeSubDomains
      transfer-encoding:
      - chunked
      vary:
      - Accept-Encoding
      x-content-type-options:
      - nosniff
      x-ms-hdi-matched-rule:
      - ClusterResourcesAndSubResources
      x-ms-hdi-routed-to:
      - RegionalRp
      x-ms-hdi-served-by:
      - northcentralus
    status:
      code: 200
      message: OK
- request:
    body: null
    headers:
      Accept:
      - application/json
      Accept-Encoding:
      - gzip, deflate
      Connection:
      - keep-alive
      User-Agent:
      - python/3.6.9 (Linux-4.9.184-linuxkit-x86_64-with-Ubuntu-18.04-bionic) msrest/0.6.10
        msrest_azure/0.6.2 azure-mgmt-hdinsight/2.2.0 Azure-SDK-For-Python
    method: GET
    uri: https://management.azure.com/subscriptions/00000000-0000-0000-0000-000000000000/resourceGroups/hdipy-96ce175c/providers/Microsoft.HDInsight/clusters/hdisdk-cluster-rg196ce175c/azureasyncoperations/create?api-version=2018-06-01-preview
  response:
    body:
      string: '{"status":"InProgress"}'
    headers:
      cache-control:
      - no-cache
      content-length:
      - '23'
      content-type:
      - application/json; charset=utf-8
      date:
      - Mon, 25 Jan 2021 05:56:59 GMT
      expires:
      - '-1'
      pragma:
      - no-cache
      strict-transport-security:
      - max-age=31536000; includeSubDomains
      transfer-encoding:
      - chunked
      vary:
      - Accept-Encoding
      x-content-type-options:
      - nosniff
      x-ms-hdi-matched-rule:
      - ClusterResourcesAndSubResources
      x-ms-hdi-routed-to:
      - RegionalRp
      x-ms-hdi-served-by:
      - northcentralus
    status:
      code: 200
      message: OK
- request:
    body: null
    headers:
      Accept:
      - application/json
      Accept-Encoding:
      - gzip, deflate
      Connection:
      - keep-alive
      User-Agent:
      - python/3.6.9 (Linux-4.9.184-linuxkit-x86_64-with-Ubuntu-18.04-bionic) msrest/0.6.10
        msrest_azure/0.6.2 azure-mgmt-hdinsight/2.2.0 Azure-SDK-For-Python
    method: GET
    uri: https://management.azure.com/subscriptions/00000000-0000-0000-0000-000000000000/resourceGroups/hdipy-96ce175c/providers/Microsoft.HDInsight/clusters/hdisdk-cluster-rg196ce175c/azureasyncoperations/create?api-version=2018-06-01-preview
  response:
    body:
      string: '{"status":"InProgress"}'
    headers:
      cache-control:
      - no-cache
      content-length:
      - '23'
      content-type:
      - application/json; charset=utf-8
      date:
      - Mon, 25 Jan 2021 05:57:29 GMT
      expires:
      - '-1'
      pragma:
      - no-cache
      strict-transport-security:
      - max-age=31536000; includeSubDomains
      transfer-encoding:
      - chunked
      vary:
      - Accept-Encoding
      x-content-type-options:
      - nosniff
      x-ms-hdi-matched-rule:
      - ClusterResourcesAndSubResources
      x-ms-hdi-routed-to:
      - RegionalRp
      x-ms-hdi-served-by:
      - northcentralus
    status:
      code: 200
      message: OK
- request:
    body: null
    headers:
      Accept:
      - application/json
      Accept-Encoding:
      - gzip, deflate
      Connection:
      - keep-alive
      User-Agent:
      - python/3.6.9 (Linux-4.9.184-linuxkit-x86_64-with-Ubuntu-18.04-bionic) msrest/0.6.10
        msrest_azure/0.6.2 azure-mgmt-hdinsight/2.2.0 Azure-SDK-For-Python
    method: GET
    uri: https://management.azure.com/subscriptions/00000000-0000-0000-0000-000000000000/resourceGroups/hdipy-96ce175c/providers/Microsoft.HDInsight/clusters/hdisdk-cluster-rg196ce175c/azureasyncoperations/create?api-version=2018-06-01-preview
  response:
    body:
      string: '{"status":"InProgress"}'
    headers:
      cache-control:
      - no-cache
      content-length:
      - '23'
      content-type:
      - application/json; charset=utf-8
      date:
      - Mon, 25 Jan 2021 05:58:00 GMT
      expires:
      - '-1'
      pragma:
      - no-cache
      strict-transport-security:
      - max-age=31536000; includeSubDomains
      transfer-encoding:
      - chunked
      vary:
      - Accept-Encoding
      x-content-type-options:
      - nosniff
      x-ms-hdi-matched-rule:
      - ClusterResourcesAndSubResources
      x-ms-hdi-routed-to:
      - RegionalRp
      x-ms-hdi-served-by:
      - northcentralus
    status:
      code: 200
      message: OK
- request:
    body: null
    headers:
      Accept:
      - application/json
      Accept-Encoding:
      - gzip, deflate
      Connection:
      - keep-alive
      User-Agent:
      - python/3.6.9 (Linux-4.9.184-linuxkit-x86_64-with-Ubuntu-18.04-bionic) msrest/0.6.10
        msrest_azure/0.6.2 azure-mgmt-hdinsight/2.2.0 Azure-SDK-For-Python
    method: GET
    uri: https://management.azure.com/subscriptions/00000000-0000-0000-0000-000000000000/resourceGroups/hdipy-96ce175c/providers/Microsoft.HDInsight/clusters/hdisdk-cluster-rg196ce175c/azureasyncoperations/create?api-version=2018-06-01-preview
  response:
    body:
      string: '{"status":"InProgress"}'
    headers:
      cache-control:
      - no-cache
      content-length:
      - '23'
      content-type:
      - application/json; charset=utf-8
      date:
      - Mon, 25 Jan 2021 05:58:30 GMT
      expires:
      - '-1'
      pragma:
      - no-cache
      strict-transport-security:
      - max-age=31536000; includeSubDomains
      transfer-encoding:
      - chunked
      vary:
      - Accept-Encoding
      x-content-type-options:
      - nosniff
      x-ms-hdi-matched-rule:
      - ClusterResourcesAndSubResources
      x-ms-hdi-routed-to:
      - RegionalRp
      x-ms-hdi-served-by:
      - northcentralus
    status:
      code: 200
      message: OK
- request:
    body: null
    headers:
      Accept:
      - application/json
      Accept-Encoding:
      - gzip, deflate
      Connection:
      - keep-alive
      User-Agent:
      - python/3.6.9 (Linux-4.9.184-linuxkit-x86_64-with-Ubuntu-18.04-bionic) msrest/0.6.10
        msrest_azure/0.6.2 azure-mgmt-hdinsight/2.2.0 Azure-SDK-For-Python
    method: GET
    uri: https://management.azure.com/subscriptions/00000000-0000-0000-0000-000000000000/resourceGroups/hdipy-96ce175c/providers/Microsoft.HDInsight/clusters/hdisdk-cluster-rg196ce175c/azureasyncoperations/create?api-version=2018-06-01-preview
  response:
    body:
      string: '{"status":"InProgress"}'
    headers:
      cache-control:
      - no-cache
      content-length:
      - '23'
      content-type:
      - application/json; charset=utf-8
      date:
      - Mon, 25 Jan 2021 05:59:02 GMT
      expires:
      - '-1'
      pragma:
      - no-cache
      strict-transport-security:
      - max-age=31536000; includeSubDomains
      transfer-encoding:
      - chunked
      vary:
      - Accept-Encoding
      x-content-type-options:
      - nosniff
      x-ms-hdi-matched-rule:
      - ClusterResourcesAndSubResources
      x-ms-hdi-routed-to:
      - RegionalRp
      x-ms-hdi-served-by:
      - northcentralus
    status:
      code: 200
      message: OK
- request:
    body: null
    headers:
      Accept:
      - application/json
      Accept-Encoding:
      - gzip, deflate
      Connection:
      - keep-alive
      User-Agent:
      - python/3.6.9 (Linux-4.9.184-linuxkit-x86_64-with-Ubuntu-18.04-bionic) msrest/0.6.10
        msrest_azure/0.6.2 azure-mgmt-hdinsight/2.2.0 Azure-SDK-For-Python
    method: GET
    uri: https://management.azure.com/subscriptions/00000000-0000-0000-0000-000000000000/resourceGroups/hdipy-96ce175c/providers/Microsoft.HDInsight/clusters/hdisdk-cluster-rg196ce175c/azureasyncoperations/create?api-version=2018-06-01-preview
  response:
    body:
      string: '{"status":"InProgress"}'
    headers:
      cache-control:
      - no-cache
      content-length:
      - '23'
      content-type:
      - application/json; charset=utf-8
      date:
      - Mon, 25 Jan 2021 05:59:32 GMT
      expires:
      - '-1'
      pragma:
      - no-cache
      strict-transport-security:
      - max-age=31536000; includeSubDomains
      transfer-encoding:
      - chunked
      vary:
      - Accept-Encoding
      x-content-type-options:
      - nosniff
      x-ms-hdi-matched-rule:
      - ClusterResourcesAndSubResources
      x-ms-hdi-routed-to:
      - RegionalRp
      x-ms-hdi-served-by:
      - northcentralus
    status:
      code: 200
      message: OK
- request:
    body: null
    headers:
      Accept:
      - application/json
      Accept-Encoding:
      - gzip, deflate
      Connection:
      - keep-alive
      User-Agent:
      - python/3.6.9 (Linux-4.9.184-linuxkit-x86_64-with-Ubuntu-18.04-bionic) msrest/0.6.10
        msrest_azure/0.6.2 azure-mgmt-hdinsight/2.2.0 Azure-SDK-For-Python
    method: GET
    uri: https://management.azure.com/subscriptions/00000000-0000-0000-0000-000000000000/resourceGroups/hdipy-96ce175c/providers/Microsoft.HDInsight/clusters/hdisdk-cluster-rg196ce175c/azureasyncoperations/create?api-version=2018-06-01-preview
  response:
    body:
      string: '{"status":"InProgress"}'
    headers:
      cache-control:
      - no-cache
      content-length:
      - '23'
      content-type:
      - application/json; charset=utf-8
      date:
      - Mon, 25 Jan 2021 06:00:04 GMT
      expires:
      - '-1'
      pragma:
      - no-cache
      strict-transport-security:
      - max-age=31536000; includeSubDomains
      transfer-encoding:
      - chunked
      vary:
      - Accept-Encoding
      x-content-type-options:
      - nosniff
      x-ms-hdi-matched-rule:
      - ClusterResourcesAndSubResources
      x-ms-hdi-routed-to:
      - RegionalRp
      x-ms-hdi-served-by:
      - northcentralus
    status:
      code: 200
      message: OK
- request:
    body: null
    headers:
      Accept:
      - application/json
      Accept-Encoding:
      - gzip, deflate
      Connection:
      - keep-alive
      User-Agent:
      - python/3.6.9 (Linux-4.9.184-linuxkit-x86_64-with-Ubuntu-18.04-bionic) msrest/0.6.10
        msrest_azure/0.6.2 azure-mgmt-hdinsight/2.2.0 Azure-SDK-For-Python
    method: GET
    uri: https://management.azure.com/subscriptions/00000000-0000-0000-0000-000000000000/resourceGroups/hdipy-96ce175c/providers/Microsoft.HDInsight/clusters/hdisdk-cluster-rg196ce175c/azureasyncoperations/create?api-version=2018-06-01-preview
  response:
    body:
      string: '{"status":"InProgress"}'
    headers:
      cache-control:
      - no-cache
      content-length:
      - '23'
      content-type:
      - application/json; charset=utf-8
      date:
      - Mon, 25 Jan 2021 06:00:34 GMT
      expires:
      - '-1'
      pragma:
      - no-cache
      strict-transport-security:
      - max-age=31536000; includeSubDomains
      transfer-encoding:
      - chunked
      vary:
      - Accept-Encoding
      x-content-type-options:
      - nosniff
      x-ms-hdi-matched-rule:
      - ClusterResourcesAndSubResources
      x-ms-hdi-routed-to:
      - RegionalRp
      x-ms-hdi-served-by:
      - northcentralus
    status:
      code: 200
      message: OK
- request:
    body: null
    headers:
      Accept:
      - application/json
      Accept-Encoding:
      - gzip, deflate
      Connection:
      - keep-alive
      User-Agent:
      - python/3.6.9 (Linux-4.9.184-linuxkit-x86_64-with-Ubuntu-18.04-bionic) msrest/0.6.10
        msrest_azure/0.6.2 azure-mgmt-hdinsight/2.2.0 Azure-SDK-For-Python
    method: GET
    uri: https://management.azure.com/subscriptions/00000000-0000-0000-0000-000000000000/resourceGroups/hdipy-96ce175c/providers/Microsoft.HDInsight/clusters/hdisdk-cluster-rg196ce175c/azureasyncoperations/create?api-version=2018-06-01-preview
  response:
    body:
      string: '{"status":"InProgress"}'
    headers:
      cache-control:
      - no-cache
      content-length:
      - '23'
      content-type:
      - application/json; charset=utf-8
      date:
      - Mon, 25 Jan 2021 06:01:04 GMT
      expires:
      - '-1'
      pragma:
      - no-cache
      strict-transport-security:
      - max-age=31536000; includeSubDomains
      transfer-encoding:
      - chunked
      vary:
      - Accept-Encoding
      x-content-type-options:
      - nosniff
      x-ms-hdi-matched-rule:
      - ClusterResourcesAndSubResources
      x-ms-hdi-routed-to:
      - RegionalRp
      x-ms-hdi-served-by:
      - northcentralus
    status:
      code: 200
      message: OK
- request:
    body: null
    headers:
      Accept:
      - application/json
      Accept-Encoding:
      - gzip, deflate
      Connection:
      - keep-alive
      User-Agent:
      - python/3.6.9 (Linux-4.9.184-linuxkit-x86_64-with-Ubuntu-18.04-bionic) msrest/0.6.10
        msrest_azure/0.6.2 azure-mgmt-hdinsight/2.2.0 Azure-SDK-For-Python
    method: GET
    uri: https://management.azure.com/subscriptions/00000000-0000-0000-0000-000000000000/resourceGroups/hdipy-96ce175c/providers/Microsoft.HDInsight/clusters/hdisdk-cluster-rg196ce175c/azureasyncoperations/create?api-version=2018-06-01-preview
  response:
    body:
      string: '{"status":"InProgress"}'
    headers:
      cache-control:
      - no-cache
      content-length:
      - '23'
      content-type:
      - application/json; charset=utf-8
      date:
      - Mon, 25 Jan 2021 06:01:36 GMT
      expires:
      - '-1'
      pragma:
      - no-cache
      strict-transport-security:
      - max-age=31536000; includeSubDomains
      transfer-encoding:
      - chunked
      vary:
      - Accept-Encoding
      x-content-type-options:
      - nosniff
      x-ms-hdi-matched-rule:
      - ClusterResourcesAndSubResources
      x-ms-hdi-routed-to:
      - RegionalRp
      x-ms-hdi-served-by:
      - northcentralus
    status:
      code: 200
      message: OK
- request:
    body: null
    headers:
      Accept:
      - application/json
      Accept-Encoding:
      - gzip, deflate
      Connection:
      - keep-alive
      User-Agent:
      - python/3.6.9 (Linux-4.9.184-linuxkit-x86_64-with-Ubuntu-18.04-bionic) msrest/0.6.10
        msrest_azure/0.6.2 azure-mgmt-hdinsight/2.2.0 Azure-SDK-For-Python
    method: GET
    uri: https://management.azure.com/subscriptions/00000000-0000-0000-0000-000000000000/resourceGroups/hdipy-96ce175c/providers/Microsoft.HDInsight/clusters/hdisdk-cluster-rg196ce175c/azureasyncoperations/create?api-version=2018-06-01-preview
  response:
    body:
      string: '{"status":"InProgress"}'
    headers:
      cache-control:
      - no-cache
      content-length:
      - '23'
      content-type:
      - application/json; charset=utf-8
      date:
      - Mon, 25 Jan 2021 06:02:06 GMT
      expires:
      - '-1'
      pragma:
      - no-cache
      strict-transport-security:
      - max-age=31536000; includeSubDomains
      transfer-encoding:
      - chunked
      vary:
      - Accept-Encoding
      x-content-type-options:
      - nosniff
      x-ms-hdi-matched-rule:
      - ClusterResourcesAndSubResources
      x-ms-hdi-routed-to:
      - RegionalRp
      x-ms-hdi-served-by:
      - northcentralus
    status:
      code: 200
      message: OK
- request:
    body: null
    headers:
      Accept:
      - application/json
      Accept-Encoding:
      - gzip, deflate
      Connection:
      - keep-alive
      User-Agent:
      - python/3.6.9 (Linux-4.9.184-linuxkit-x86_64-with-Ubuntu-18.04-bionic) msrest/0.6.10
        msrest_azure/0.6.2 azure-mgmt-hdinsight/2.2.0 Azure-SDK-For-Python
    method: GET
    uri: https://management.azure.com/subscriptions/00000000-0000-0000-0000-000000000000/resourceGroups/hdipy-96ce175c/providers/Microsoft.HDInsight/clusters/hdisdk-cluster-rg196ce175c/azureasyncoperations/create?api-version=2018-06-01-preview
  response:
    body:
      string: '{"status":"InProgress"}'
    headers:
      cache-control:
      - no-cache
      content-length:
      - '23'
      content-type:
      - application/json; charset=utf-8
      date:
      - Mon, 25 Jan 2021 06:02:37 GMT
      expires:
      - '-1'
      pragma:
      - no-cache
      strict-transport-security:
      - max-age=31536000; includeSubDomains
      transfer-encoding:
      - chunked
      vary:
      - Accept-Encoding
      x-content-type-options:
      - nosniff
      x-ms-hdi-matched-rule:
      - ClusterResourcesAndSubResources
      x-ms-hdi-routed-to:
      - RegionalRp
      x-ms-hdi-served-by:
      - northcentralus
    status:
      code: 200
      message: OK
- request:
    body: null
    headers:
      Accept:
      - application/json
      Accept-Encoding:
      - gzip, deflate
      Connection:
      - keep-alive
      User-Agent:
      - python/3.6.9 (Linux-4.9.184-linuxkit-x86_64-with-Ubuntu-18.04-bionic) msrest/0.6.10
        msrest_azure/0.6.2 azure-mgmt-hdinsight/2.2.0 Azure-SDK-For-Python
    method: GET
    uri: https://management.azure.com/subscriptions/00000000-0000-0000-0000-000000000000/resourceGroups/hdipy-96ce175c/providers/Microsoft.HDInsight/clusters/hdisdk-cluster-rg196ce175c/azureasyncoperations/create?api-version=2018-06-01-preview
  response:
    body:
      string: '{"status":"InProgress"}'
    headers:
      cache-control:
      - no-cache
      content-length:
      - '23'
      content-type:
      - application/json; charset=utf-8
      date:
      - Mon, 25 Jan 2021 06:03:07 GMT
      expires:
      - '-1'
      pragma:
      - no-cache
      strict-transport-security:
      - max-age=31536000; includeSubDomains
      transfer-encoding:
      - chunked
      vary:
      - Accept-Encoding
      x-content-type-options:
      - nosniff
      x-ms-hdi-matched-rule:
      - ClusterResourcesAndSubResources
      x-ms-hdi-routed-to:
      - RegionalRp
      x-ms-hdi-served-by:
      - northcentralus
    status:
      code: 200
      message: OK
- request:
    body: null
    headers:
      Accept:
      - application/json
      Accept-Encoding:
      - gzip, deflate
      Connection:
      - keep-alive
      User-Agent:
      - python/3.6.9 (Linux-4.9.184-linuxkit-x86_64-with-Ubuntu-18.04-bionic) msrest/0.6.10
        msrest_azure/0.6.2 azure-mgmt-hdinsight/2.2.0 Azure-SDK-For-Python
    method: GET
    uri: https://management.azure.com/subscriptions/00000000-0000-0000-0000-000000000000/resourceGroups/hdipy-96ce175c/providers/Microsoft.HDInsight/clusters/hdisdk-cluster-rg196ce175c/azureasyncoperations/create?api-version=2018-06-01-preview
  response:
    body:
      string: '{"status":"InProgress"}'
    headers:
      cache-control:
      - no-cache
      content-length:
      - '23'
      content-type:
      - application/json; charset=utf-8
      date:
      - Mon, 25 Jan 2021 06:03:37 GMT
      expires:
      - '-1'
      pragma:
      - no-cache
      strict-transport-security:
      - max-age=31536000; includeSubDomains
      transfer-encoding:
      - chunked
      vary:
      - Accept-Encoding
      x-content-type-options:
      - nosniff
      x-ms-hdi-matched-rule:
      - ClusterResourcesAndSubResources
      x-ms-hdi-routed-to:
      - RegionalRp
      x-ms-hdi-served-by:
      - northcentralus
    status:
      code: 200
      message: OK
- request:
    body: null
    headers:
      Accept:
      - application/json
      Accept-Encoding:
      - gzip, deflate
      Connection:
      - keep-alive
      User-Agent:
      - python/3.6.9 (Linux-4.9.184-linuxkit-x86_64-with-Ubuntu-18.04-bionic) msrest/0.6.10
        msrest_azure/0.6.2 azure-mgmt-hdinsight/2.2.0 Azure-SDK-For-Python
    method: GET
    uri: https://management.azure.com/subscriptions/00000000-0000-0000-0000-000000000000/resourceGroups/hdipy-96ce175c/providers/Microsoft.HDInsight/clusters/hdisdk-cluster-rg196ce175c/azureasyncoperations/create?api-version=2018-06-01-preview
  response:
    body:
      string: '{"status":"InProgress"}'
    headers:
      cache-control:
      - no-cache
      content-length:
      - '23'
      content-type:
      - application/json; charset=utf-8
      date:
      - Mon, 25 Jan 2021 06:04:09 GMT
      expires:
      - '-1'
      pragma:
      - no-cache
      strict-transport-security:
      - max-age=31536000; includeSubDomains
      transfer-encoding:
      - chunked
      vary:
      - Accept-Encoding
      x-content-type-options:
      - nosniff
      x-ms-hdi-matched-rule:
      - ClusterResourcesAndSubResources
      x-ms-hdi-routed-to:
      - RegionalRp
      x-ms-hdi-served-by:
      - northcentralus
    status:
      code: 200
      message: OK
- request:
    body: null
    headers:
      Accept:
      - application/json
      Accept-Encoding:
      - gzip, deflate
      Connection:
      - keep-alive
      User-Agent:
      - python/3.6.9 (Linux-4.9.184-linuxkit-x86_64-with-Ubuntu-18.04-bionic) msrest/0.6.10
        msrest_azure/0.6.2 azure-mgmt-hdinsight/2.2.0 Azure-SDK-For-Python
    method: GET
    uri: https://management.azure.com/subscriptions/00000000-0000-0000-0000-000000000000/resourceGroups/hdipy-96ce175c/providers/Microsoft.HDInsight/clusters/hdisdk-cluster-rg196ce175c/azureasyncoperations/create?api-version=2018-06-01-preview
  response:
    body:
      string: '{"status":"InProgress"}'
    headers:
      cache-control:
      - no-cache
      content-length:
      - '23'
      content-type:
      - application/json; charset=utf-8
      date:
      - Mon, 25 Jan 2021 06:04:39 GMT
      expires:
      - '-1'
      pragma:
      - no-cache
      strict-transport-security:
      - max-age=31536000; includeSubDomains
      transfer-encoding:
      - chunked
      vary:
      - Accept-Encoding
      x-content-type-options:
      - nosniff
      x-ms-hdi-matched-rule:
      - ClusterResourcesAndSubResources
      x-ms-hdi-routed-to:
      - RegionalRp
      x-ms-hdi-served-by:
      - northcentralus
    status:
      code: 200
      message: OK
- request:
    body: null
    headers:
      Accept:
      - application/json
      Accept-Encoding:
      - gzip, deflate
      Connection:
      - keep-alive
      User-Agent:
      - python/3.6.9 (Linux-4.9.184-linuxkit-x86_64-with-Ubuntu-18.04-bionic) msrest/0.6.10
        msrest_azure/0.6.2 azure-mgmt-hdinsight/2.2.0 Azure-SDK-For-Python
    method: GET
    uri: https://management.azure.com/subscriptions/00000000-0000-0000-0000-000000000000/resourceGroups/hdipy-96ce175c/providers/Microsoft.HDInsight/clusters/hdisdk-cluster-rg196ce175c/azureasyncoperations/create?api-version=2018-06-01-preview
  response:
    body:
      string: '{"status":"InProgress"}'
    headers:
      cache-control:
      - no-cache
      content-length:
      - '23'
      content-type:
      - application/json; charset=utf-8
      date:
      - Mon, 25 Jan 2021 06:05:11 GMT
      expires:
      - '-1'
      pragma:
      - no-cache
      strict-transport-security:
      - max-age=31536000; includeSubDomains
      transfer-encoding:
      - chunked
      vary:
      - Accept-Encoding
      x-content-type-options:
      - nosniff
      x-ms-hdi-matched-rule:
      - ClusterResourcesAndSubResources
      x-ms-hdi-routed-to:
      - RegionalRp
      x-ms-hdi-served-by:
      - northcentralus
    status:
      code: 200
      message: OK
- request:
    body: null
    headers:
      Accept:
      - application/json
      Accept-Encoding:
      - gzip, deflate
      Connection:
      - keep-alive
      User-Agent:
      - python/3.6.9 (Linux-4.9.184-linuxkit-x86_64-with-Ubuntu-18.04-bionic) msrest/0.6.10
        msrest_azure/0.6.2 azure-mgmt-hdinsight/2.2.0 Azure-SDK-For-Python
    method: GET
    uri: https://management.azure.com/subscriptions/00000000-0000-0000-0000-000000000000/resourceGroups/hdipy-96ce175c/providers/Microsoft.HDInsight/clusters/hdisdk-cluster-rg196ce175c/azureasyncoperations/create?api-version=2018-06-01-preview
  response:
    body:
      string: '{"status":"InProgress"}'
    headers:
      cache-control:
      - no-cache
      content-length:
      - '23'
      content-type:
      - application/json; charset=utf-8
      date:
      - Mon, 25 Jan 2021 06:05:41 GMT
      expires:
      - '-1'
      pragma:
      - no-cache
      strict-transport-security:
      - max-age=31536000; includeSubDomains
      transfer-encoding:
      - chunked
      vary:
      - Accept-Encoding
      x-content-type-options:
      - nosniff
      x-ms-hdi-matched-rule:
      - ClusterResourcesAndSubResources
      x-ms-hdi-routed-to:
      - RegionalRp
      x-ms-hdi-served-by:
      - northcentralus
    status:
      code: 200
      message: OK
- request:
    body: null
    headers:
      Accept:
      - application/json
      Accept-Encoding:
      - gzip, deflate
      Connection:
      - keep-alive
      User-Agent:
      - python/3.6.9 (Linux-4.9.184-linuxkit-x86_64-with-Ubuntu-18.04-bionic) msrest/0.6.10
        msrest_azure/0.6.2 azure-mgmt-hdinsight/2.2.0 Azure-SDK-For-Python
    method: GET
    uri: https://management.azure.com/subscriptions/00000000-0000-0000-0000-000000000000/resourceGroups/hdipy-96ce175c/providers/Microsoft.HDInsight/clusters/hdisdk-cluster-rg196ce175c/azureasyncoperations/create?api-version=2018-06-01-preview
  response:
    body:
      string: '{"status":"InProgress"}'
    headers:
      cache-control:
      - no-cache
      content-length:
      - '23'
      content-type:
      - application/json; charset=utf-8
      date:
      - Mon, 25 Jan 2021 06:06:12 GMT
      expires:
      - '-1'
      pragma:
      - no-cache
      strict-transport-security:
      - max-age=31536000; includeSubDomains
      transfer-encoding:
      - chunked
      vary:
      - Accept-Encoding
      x-content-type-options:
      - nosniff
      x-ms-hdi-matched-rule:
      - ClusterResourcesAndSubResources
      x-ms-hdi-routed-to:
      - RegionalRp
      x-ms-hdi-served-by:
      - northcentralus
    status:
      code: 200
      message: OK
- request:
    body: null
    headers:
      Accept:
      - application/json
      Accept-Encoding:
      - gzip, deflate
      Connection:
      - keep-alive
      User-Agent:
      - python/3.6.9 (Linux-4.9.184-linuxkit-x86_64-with-Ubuntu-18.04-bionic) msrest/0.6.10
        msrest_azure/0.6.2 azure-mgmt-hdinsight/2.2.0 Azure-SDK-For-Python
    method: GET
    uri: https://management.azure.com/subscriptions/00000000-0000-0000-0000-000000000000/resourceGroups/hdipy-96ce175c/providers/Microsoft.HDInsight/clusters/hdisdk-cluster-rg196ce175c/azureasyncoperations/create?api-version=2018-06-01-preview
  response:
    body:
      string: '{"status":"InProgress"}'
    headers:
      cache-control:
      - no-cache
      content-length:
      - '23'
      content-type:
      - application/json; charset=utf-8
      date:
      - Mon, 25 Jan 2021 06:06:42 GMT
      expires:
      - '-1'
      pragma:
      - no-cache
      strict-transport-security:
      - max-age=31536000; includeSubDomains
      transfer-encoding:
      - chunked
      vary:
      - Accept-Encoding
      x-content-type-options:
      - nosniff
      x-ms-hdi-matched-rule:
      - ClusterResourcesAndSubResources
      x-ms-hdi-routed-to:
      - RegionalRp
      x-ms-hdi-served-by:
      - northcentralus
    status:
      code: 200
      message: OK
- request:
    body: null
    headers:
      Accept:
      - application/json
      Accept-Encoding:
      - gzip, deflate
      Connection:
      - keep-alive
      User-Agent:
      - python/3.6.9 (Linux-4.9.184-linuxkit-x86_64-with-Ubuntu-18.04-bionic) msrest/0.6.10
        msrest_azure/0.6.2 azure-mgmt-hdinsight/2.2.0 Azure-SDK-For-Python
    method: GET
    uri: https://management.azure.com/subscriptions/00000000-0000-0000-0000-000000000000/resourceGroups/hdipy-96ce175c/providers/Microsoft.HDInsight/clusters/hdisdk-cluster-rg196ce175c/azureasyncoperations/create?api-version=2018-06-01-preview
  response:
    body:
      string: '{"status":"InProgress"}'
    headers:
      cache-control:
      - no-cache
      content-length:
      - '23'
      content-type:
      - application/json; charset=utf-8
      date:
      - Mon, 25 Jan 2021 06:07:14 GMT
      expires:
      - '-1'
      pragma:
      - no-cache
      strict-transport-security:
      - max-age=31536000; includeSubDomains
      transfer-encoding:
      - chunked
      vary:
      - Accept-Encoding
      x-content-type-options:
      - nosniff
      x-ms-hdi-matched-rule:
      - ClusterResourcesAndSubResources
      x-ms-hdi-routed-to:
      - RegionalRp
      x-ms-hdi-served-by:
      - northcentralus
    status:
      code: 200
      message: OK
- request:
    body: null
    headers:
      Accept:
      - application/json
      Accept-Encoding:
      - gzip, deflate
      Connection:
      - keep-alive
      User-Agent:
      - python/3.6.9 (Linux-4.9.184-linuxkit-x86_64-with-Ubuntu-18.04-bionic) msrest/0.6.10
        msrest_azure/0.6.2 azure-mgmt-hdinsight/2.2.0 Azure-SDK-For-Python
    method: GET
    uri: https://management.azure.com/subscriptions/00000000-0000-0000-0000-000000000000/resourceGroups/hdipy-96ce175c/providers/Microsoft.HDInsight/clusters/hdisdk-cluster-rg196ce175c/azureasyncoperations/create?api-version=2018-06-01-preview
  response:
    body:
      string: '{"status":"InProgress"}'
    headers:
      cache-control:
      - no-cache
      content-length:
      - '23'
      content-type:
      - application/json; charset=utf-8
      date:
      - Mon, 25 Jan 2021 06:07:44 GMT
      expires:
      - '-1'
      pragma:
      - no-cache
      strict-transport-security:
      - max-age=31536000; includeSubDomains
      transfer-encoding:
      - chunked
      vary:
      - Accept-Encoding
      x-content-type-options:
      - nosniff
      x-ms-hdi-matched-rule:
      - ClusterResourcesAndSubResources
      x-ms-hdi-routed-to:
      - RegionalRp
      x-ms-hdi-served-by:
      - northcentralus
    status:
      code: 200
      message: OK
- request:
    body: null
    headers:
      Accept:
      - application/json
      Accept-Encoding:
      - gzip, deflate
      Connection:
      - keep-alive
      User-Agent:
      - python/3.6.9 (Linux-4.9.184-linuxkit-x86_64-with-Ubuntu-18.04-bionic) msrest/0.6.10
        msrest_azure/0.6.2 azure-mgmt-hdinsight/2.2.0 Azure-SDK-For-Python
    method: GET
    uri: https://management.azure.com/subscriptions/00000000-0000-0000-0000-000000000000/resourceGroups/hdipy-96ce175c/providers/Microsoft.HDInsight/clusters/hdisdk-cluster-rg196ce175c/azureasyncoperations/create?api-version=2018-06-01-preview
  response:
    body:
      string: '{"status":"InProgress"}'
    headers:
      cache-control:
      - no-cache
      content-length:
      - '23'
      content-type:
      - application/json; charset=utf-8
      date:
      - Mon, 25 Jan 2021 06:08:14 GMT
      expires:
      - '-1'
      pragma:
      - no-cache
      strict-transport-security:
      - max-age=31536000; includeSubDomains
      transfer-encoding:
      - chunked
      vary:
      - Accept-Encoding
      x-content-type-options:
      - nosniff
      x-ms-hdi-matched-rule:
      - ClusterResourcesAndSubResources
      x-ms-hdi-routed-to:
      - RegionalRp
      x-ms-hdi-served-by:
      - northcentralus
    status:
      code: 200
      message: OK
- request:
    body: null
    headers:
      Accept:
      - application/json
      Accept-Encoding:
      - gzip, deflate
      Connection:
      - keep-alive
      User-Agent:
      - python/3.6.9 (Linux-4.9.184-linuxkit-x86_64-with-Ubuntu-18.04-bionic) msrest/0.6.10
        msrest_azure/0.6.2 azure-mgmt-hdinsight/2.2.0 Azure-SDK-For-Python
    method: GET
    uri: https://management.azure.com/subscriptions/00000000-0000-0000-0000-000000000000/resourceGroups/hdipy-96ce175c/providers/Microsoft.HDInsight/clusters/hdisdk-cluster-rg196ce175c/azureasyncoperations/create?api-version=2018-06-01-preview
  response:
    body:
      string: '{"status":"InProgress"}'
    headers:
      cache-control:
      - no-cache
      content-length:
      - '23'
      content-type:
      - application/json; charset=utf-8
      date:
      - Mon, 25 Jan 2021 06:08:45 GMT
      expires:
      - '-1'
      pragma:
      - no-cache
      strict-transport-security:
      - max-age=31536000; includeSubDomains
      transfer-encoding:
      - chunked
      vary:
      - Accept-Encoding
      x-content-type-options:
      - nosniff
      x-ms-hdi-matched-rule:
      - ClusterResourcesAndSubResources
      x-ms-hdi-routed-to:
      - RegionalRp
      x-ms-hdi-served-by:
      - northcentralus
    status:
      code: 200
      message: OK
- request:
    body: null
    headers:
      Accept:
      - application/json
      Accept-Encoding:
      - gzip, deflate
      Connection:
      - keep-alive
      User-Agent:
      - python/3.6.9 (Linux-4.9.184-linuxkit-x86_64-with-Ubuntu-18.04-bionic) msrest/0.6.10
        msrest_azure/0.6.2 azure-mgmt-hdinsight/2.2.0 Azure-SDK-For-Python
    method: GET
    uri: https://management.azure.com/subscriptions/00000000-0000-0000-0000-000000000000/resourceGroups/hdipy-96ce175c/providers/Microsoft.HDInsight/clusters/hdisdk-cluster-rg196ce175c/azureasyncoperations/create?api-version=2018-06-01-preview
  response:
    body:
      string: '{"status":"InProgress"}'
    headers:
      cache-control:
      - no-cache
      content-length:
      - '23'
      content-type:
      - application/json; charset=utf-8
      date:
      - Mon, 25 Jan 2021 06:09:15 GMT
      expires:
      - '-1'
      pragma:
      - no-cache
      strict-transport-security:
      - max-age=31536000; includeSubDomains
      transfer-encoding:
      - chunked
      vary:
      - Accept-Encoding
      x-content-type-options:
      - nosniff
      x-ms-hdi-matched-rule:
      - ClusterResourcesAndSubResources
      x-ms-hdi-routed-to:
      - RegionalRp
      x-ms-hdi-served-by:
      - northcentralus
    status:
      code: 200
      message: OK
- request:
    body: null
    headers:
      Accept:
      - application/json
      Accept-Encoding:
      - gzip, deflate
      Connection:
      - keep-alive
      User-Agent:
      - python/3.6.9 (Linux-4.9.184-linuxkit-x86_64-with-Ubuntu-18.04-bionic) msrest/0.6.10
        msrest_azure/0.6.2 azure-mgmt-hdinsight/2.2.0 Azure-SDK-For-Python
    method: GET
    uri: https://management.azure.com/subscriptions/00000000-0000-0000-0000-000000000000/resourceGroups/hdipy-96ce175c/providers/Microsoft.HDInsight/clusters/hdisdk-cluster-rg196ce175c/azureasyncoperations/create?api-version=2018-06-01-preview
  response:
    body:
      string: '{"status":"Succeeded"}'
    headers:
      cache-control:
      - no-cache
      content-length:
      - '22'
      content-type:
      - application/json; charset=utf-8
      date:
      - Mon, 25 Jan 2021 06:09:46 GMT
      expires:
      - '-1'
      pragma:
      - no-cache
      strict-transport-security:
      - max-age=31536000; includeSubDomains
      transfer-encoding:
      - chunked
      vary:
      - Accept-Encoding
      x-content-type-options:
      - nosniff
      x-ms-hdi-matched-rule:
      - ClusterResourcesAndSubResources
      x-ms-hdi-routed-to:
      - RegionalRp
      x-ms-hdi-served-by:
      - northcentralus
    status:
      code: 200
      message: OK
- request:
    body: null
    headers:
      Accept:
      - application/json
      Accept-Encoding:
      - gzip, deflate
      Connection:
      - keep-alive
      User-Agent:
      - python/3.6.9 (Linux-4.9.184-linuxkit-x86_64-with-Ubuntu-18.04-bionic) msrest/0.6.10
        msrest_azure/0.6.2 azure-mgmt-hdinsight/2.2.0 Azure-SDK-For-Python
    method: GET
    uri: https://management.azure.com/subscriptions/00000000-0000-0000-0000-000000000000/resourceGroups/hdipy-96ce175c/providers/Microsoft.HDInsight/clusters/hdisdk-cluster-rg196ce175c?api-version=2018-06-01-preview
  response:
    body:
      string: '{"id":"/subscriptions/00000000-0000-0000-0000-000000000000/resourceGroups/hdipy-96ce175c/providers/Microsoft.HDInsight/clusters/hdisdk-cluster-rg196ce175c","name":"hdisdk-cluster-rg196ce175c","type":"Microsoft.HDInsight/clusters","location":"North
        Central US","etag":"b7b48b91-5aca-4526-8f77-094d399e2c45","tags":{},"properties":{"clusterVersion":"3.6.1000.67","clusterHdpVersion":"2.6.5.3032-3","osType":"Linux","clusterDefinition":{"blueprint":"https://blueprints.azurehdinsight.net/hadoop-3.6.1000.67.2012080609.json","kind":"hadoop","componentVersion":{"hadoop":"2.7"}},"clusterId":"ac1b6ef8dc494077960db1780ef1ef85","computeProfile":{"roles":[{"name":"headnode","targetInstanceCount":2,"hardwareProfile":{"vmSize":"standard_a4_v2"},"osProfile":{"linuxOperatingSystemProfile":{"username":"sshuser"}},"encryptDataDisks":false},{"name":"workernode","targetInstanceCount":3,"hardwareProfile":{"vmSize":"standard_a4_v2"},"osProfile":{"linuxOperatingSystemProfile":{"username":"sshuser"}},"encryptDataDisks":false},{"name":"zookeepernode","targetInstanceCount":3,"hardwareProfile":{"vmSize":"standard_a1_v2"},"osProfile":{"linuxOperatingSystemProfile":{"username":"sshuser"}},"encryptDataDisks":false}]},"provisioningState":"Succeeded","clusterState":"Running","createdDate":"2021-01-25T05:54:22.763","quotaInfo":{"coresUsed":20},"connectivityEndpoints":[{"name":"SSH","protocol":"TCP","location":"hdisdk-cluster-rg196ce175c-ssh.azurehdinsight.net","port":22},{"name":"HTTPS","protocol":"TCP","location":"hdisdk-cluster-rg196ce175c.azurehdinsight.net","port":443}],"tier":"standard","encryptionInTransitProperties":{"isEncryptionInTransitEnabled":false},"storageProfile":{"storageaccounts":[{"name":"hdipy.blob.core.windows.net","resourceId":null,"msiResourceId":null,"key":null,"fileSystem":null,"container":"hdisdk-cluster-rg196ce175c","saskey":null,"isDefault":true,"fileshare":null}]},"excludedServicesConfig":{"excludedServicesConfigId":"default","excludedServicesList":""},"computeIsolationProperties":{"enableComputeIsolation":false,"hostSku":null}}}'
    headers:
      cache-control:
      - no-cache
      content-length:
      - '2064'
      content-type:
      - application/json; charset=utf-8
      date:
      - Mon, 25 Jan 2021 06:09:47 GMT
      expires:
      - '-1'
      pragma:
      - no-cache
      strict-transport-security:
      - max-age=31536000; includeSubDomains
      transfer-encoding:
      - chunked
      vary:
      - Accept-Encoding
      x-content-type-options:
      - nosniff
      x-ms-hdi-matched-rule:
      - ClusterResourcesAndSubResources
      x-ms-hdi-routed-to:
      - RegionalRp
      x-ms-hdi-served-by:
      - northcentralus
    status:
      code: 200
      message: OK
- request:
    body: 'b''{"location": "North Central US", "tags": {}, "properties": {"clusterVersion":
      "3.6", "osType": "Linux", "tier": "Standard", "clusterDefinition": {"kind":
      "hadoop", "configurations": {"gateway": {"restAuthCredential.isEnabled": "true",
      "restAuthCredential.username": "admin", "restAuthCredential.password": "Password1!"}}},
      "computeProfile": {"roles": [{"name": "headnode", "targetInstanceCount": 2,
      "hardwareProfile": {"vmSize": "Large"}, "osProfile": {"linuxOperatingSystemProfile":
      {"username": "sshuser", "password": "Password1!"}}}, {"name": "workernode",
      "targetInstanceCount": 3, "hardwareProfile": {"vmSize": "Large"}, "osProfile":
      {"linuxOperatingSystemProfile": {"username": "sshuser", "password": "Password1!"}}},
      {"name": "zookeepernode", "targetInstanceCount": 3, "hardwareProfile": {"vmSize":
      "Small"}, "osProfile": {"linuxOperatingSystemProfile": {"username": "sshuser",
      "password": "Password1!"}}}]}, "storageProfile": {"storageaccounts": [{"name":
      "hdipy.blob.core.windows.net", "isDefault": true, "container": "hdisdk-cluster-rg296ce175c",
      "key": "Kr2kSOlbEWXDG0mOY+9zIqsBrFyg/DZbYu5fb6DJmV9KEjkN9Mp7eKhgCj6I1NEjTDk2CcNGOArR8BlWq45yEg=="}]}}}'''
    headers:
      Accept:
      - application/json
      Accept-Encoding:
      - gzip, deflate
      Connection:
      - keep-alive
      Content-Length:
      - '1167'
      Content-Type:
      - application/json; charset=utf-8
      User-Agent:
      - python/3.6.9 (Linux-4.9.184-linuxkit-x86_64-with-Ubuntu-18.04-bionic) msrest/0.6.10
        msrest_azure/0.6.2 azure-mgmt-hdinsight/2.2.0 Azure-SDK-For-Python
      accept-language:
      - en-US
    method: PUT
    uri: https://management.azure.com/subscriptions/00000000-0000-0000-0000-000000000000/resourceGroups/hdipy-96ce175c/providers/Microsoft.HDInsight/clusters/hdisdk-cluster-rg296ce175c?api-version=2018-06-01-preview
  response:
    body:
      string: '{"id":"/subscriptions/00000000-0000-0000-0000-000000000000/resourceGroups/hdipy-96ce175c/providers/Microsoft.HDInsight/clusters/hdisdk-cluster-rg296ce175c","name":"hdisdk-cluster-rg296ce175c","type":"Microsoft.HDInsight/clusters","location":"North
        Central US","etag":"424695d5-73e4-4cf1-a129-6c88f4aa9dd1","tags":{},"properties":{"clusterVersion":"3.6.1000.67","clusterHdpVersion":"","osType":"Linux","clusterDefinition":{"blueprint":"https://blueprints.azurehdinsight.net/hadoop-3.6.1000.67.2012080609.json","kind":"hadoop","componentVersion":{"hadoop":"2.7"}},"clusterId":"5a7c75ad4f764d6aaf3690e032abd4d4","computeProfile":{"roles":[{"name":"headnode","targetInstanceCount":2,"hardwareProfile":{"vmSize":"standard_a4_v2"},"osProfile":{"linuxOperatingSystemProfile":{"username":"sshuser"}},"encryptDataDisks":false},{"name":"workernode","targetInstanceCount":3,"hardwareProfile":{"vmSize":"standard_a4_v2"},"osProfile":{"linuxOperatingSystemProfile":{"username":"sshuser"}},"encryptDataDisks":false},{"name":"zookeepernode","targetInstanceCount":3,"hardwareProfile":{"vmSize":"standard_a1_v2"},"osProfile":{"linuxOperatingSystemProfile":{"username":"sshuser"}},"encryptDataDisks":false}]},"provisioningState":"InProgress","clusterState":"Accepted","createdDate":"2021-01-25T06:09:58.463","quotaInfo":{"coresUsed":20},"tier":"standard","encryptionInTransitProperties":{"isEncryptionInTransitEnabled":false},"storageProfile":{"storageaccounts":[{"name":"hdipy.blob.core.windows.net","resourceId":null,"msiResourceId":null,"key":null,"fileSystem":null,"container":"hdisdk-cluster-rg296ce175c","saskey":null,"isDefault":true,"fileshare":null}]},"excludedServicesConfig":{"excludedServicesConfigId":"default","excludedServicesList":""},"computeIsolationProperties":{"enableComputeIsolation":false,"hostSku":null}}}'
    headers:
      azure-asyncoperation:
      - https://management.azure.com/subscriptions/00000000-0000-0000-0000-000000000000/resourceGroups/hdipy-96ce175c/providers/Microsoft.HDInsight/clusters/hdisdk-cluster-rg296ce175c/azureasyncoperations/create?api-version=2018-06-01-preview
      cache-control:
      - no-cache
      content-length:
      - '1819'
      content-type:
      - application/json; charset=utf-8
      date:
      - Mon, 25 Jan 2021 06:10:00 GMT
      etag:
      - '"424695d5-73e4-4cf1-a129-6c88f4aa9dd1"'
      expires:
      - '-1'
      pragma:
      - no-cache
      strict-transport-security:
      - max-age=31536000; includeSubDomains
      transfer-encoding:
      - chunked
      vary:
      - Accept-Encoding
      x-content-type-options:
      - nosniff
      x-ms-hdi-clusteruri:
      - https://management.azure.com/subscriptions/92f95d8f-3c67-4124-91c7-8cf07cdbf241/resourceGroups/hdipy-96ce175c/providers/Microsoft.HDInsight/clusters/hdisdk-cluster-rg296ce175c?api-version=2018-06-01-preview
      x-ms-hdi-matched-rule:
      - ClusterResourcesAndSubResources
      x-ms-hdi-routed-to:
      - RegionalRp
      x-ms-hdi-served-by:
      - northcentralus
      x-ms-ratelimit-remaining-subscription-writes:
      - '1199'
    status:
      code: 200
      message: OK
- request:
    body: null
    headers:
      Accept:
      - application/json
      Accept-Encoding:
      - gzip, deflate
      Connection:
      - keep-alive
      User-Agent:
      - python/3.6.9 (Linux-4.9.184-linuxkit-x86_64-with-Ubuntu-18.04-bionic) msrest/0.6.10
        msrest_azure/0.6.2 azure-mgmt-hdinsight/2.2.0 Azure-SDK-For-Python
    method: GET
    uri: https://management.azure.com/subscriptions/00000000-0000-0000-0000-000000000000/resourceGroups/hdipy-96ce175c/providers/Microsoft.HDInsight/clusters/hdisdk-cluster-rg296ce175c/azureasyncoperations/create?api-version=2018-06-01-preview
  response:
    body:
      string: '{"status":"InProgress"}'
    headers:
      cache-control:
      - no-cache
      content-length:
      - '23'
      content-type:
      - application/json; charset=utf-8
      date:
      - Mon, 25 Jan 2021 06:10:32 GMT
      expires:
      - '-1'
      pragma:
      - no-cache
      strict-transport-security:
      - max-age=31536000; includeSubDomains
      transfer-encoding:
      - chunked
      vary:
      - Accept-Encoding
      x-content-type-options:
      - nosniff
      x-ms-hdi-matched-rule:
      - ClusterResourcesAndSubResources
      x-ms-hdi-routed-to:
      - RegionalRp
      x-ms-hdi-served-by:
      - northcentralus
    status:
      code: 200
      message: OK
- request:
    body: null
    headers:
      Accept:
      - application/json
      Accept-Encoding:
      - gzip, deflate
      Connection:
      - keep-alive
      User-Agent:
      - python/3.6.9 (Linux-4.9.184-linuxkit-x86_64-with-Ubuntu-18.04-bionic) msrest/0.6.10
        msrest_azure/0.6.2 azure-mgmt-hdinsight/2.2.0 Azure-SDK-For-Python
    method: GET
    uri: https://management.azure.com/subscriptions/00000000-0000-0000-0000-000000000000/resourceGroups/hdipy-96ce175c/providers/Microsoft.HDInsight/clusters/hdisdk-cluster-rg296ce175c/azureasyncoperations/create?api-version=2018-06-01-preview
  response:
    body:
      string: '{"status":"InProgress"}'
    headers:
      cache-control:
      - no-cache
      content-length:
      - '23'
      content-type:
      - application/json; charset=utf-8
      date:
      - Mon, 25 Jan 2021 06:11:02 GMT
      expires:
      - '-1'
      pragma:
      - no-cache
      strict-transport-security:
      - max-age=31536000; includeSubDomains
      transfer-encoding:
      - chunked
      vary:
      - Accept-Encoding
      x-content-type-options:
      - nosniff
      x-ms-hdi-matched-rule:
      - ClusterResourcesAndSubResources
      x-ms-hdi-routed-to:
      - RegionalRp
      x-ms-hdi-served-by:
      - northcentralus
    status:
      code: 200
      message: OK
- request:
    body: null
    headers:
      Accept:
      - application/json
      Accept-Encoding:
      - gzip, deflate
      Connection:
      - keep-alive
      User-Agent:
      - python/3.6.9 (Linux-4.9.184-linuxkit-x86_64-with-Ubuntu-18.04-bionic) msrest/0.6.10
        msrest_azure/0.6.2 azure-mgmt-hdinsight/2.2.0 Azure-SDK-For-Python
    method: GET
    uri: https://management.azure.com/subscriptions/00000000-0000-0000-0000-000000000000/resourceGroups/hdipy-96ce175c/providers/Microsoft.HDInsight/clusters/hdisdk-cluster-rg296ce175c/azureasyncoperations/create?api-version=2018-06-01-preview
  response:
    body:
      string: '{"status":"InProgress"}'
    headers:
      cache-control:
      - no-cache
      content-length:
      - '23'
      content-type:
      - application/json; charset=utf-8
      date:
      - Mon, 25 Jan 2021 06:11:34 GMT
      expires:
      - '-1'
      pragma:
      - no-cache
      strict-transport-security:
      - max-age=31536000; includeSubDomains
      transfer-encoding:
      - chunked
      vary:
      - Accept-Encoding
      x-content-type-options:
      - nosniff
      x-ms-hdi-matched-rule:
      - ClusterResourcesAndSubResources
      x-ms-hdi-routed-to:
      - RegionalRp
      x-ms-hdi-served-by:
      - northcentralus
    status:
      code: 200
      message: OK
- request:
    body: null
    headers:
      Accept:
      - application/json
      Accept-Encoding:
      - gzip, deflate
      Connection:
      - keep-alive
      User-Agent:
      - python/3.6.9 (Linux-4.9.184-linuxkit-x86_64-with-Ubuntu-18.04-bionic) msrest/0.6.10
        msrest_azure/0.6.2 azure-mgmt-hdinsight/2.2.0 Azure-SDK-For-Python
    method: GET
    uri: https://management.azure.com/subscriptions/00000000-0000-0000-0000-000000000000/resourceGroups/hdipy-96ce175c/providers/Microsoft.HDInsight/clusters/hdisdk-cluster-rg296ce175c/azureasyncoperations/create?api-version=2018-06-01-preview
  response:
    body:
      string: '{"status":"InProgress"}'
    headers:
      cache-control:
      - no-cache
      content-length:
      - '23'
      content-type:
      - application/json; charset=utf-8
      date:
      - Mon, 25 Jan 2021 06:12:04 GMT
      expires:
      - '-1'
      pragma:
      - no-cache
      strict-transport-security:
      - max-age=31536000; includeSubDomains
      transfer-encoding:
      - chunked
      vary:
      - Accept-Encoding
      x-content-type-options:
      - nosniff
      x-ms-hdi-matched-rule:
      - ClusterResourcesAndSubResources
      x-ms-hdi-routed-to:
      - RegionalRp
      x-ms-hdi-served-by:
      - northcentralus
    status:
      code: 200
      message: OK
- request:
    body: null
    headers:
      Accept:
      - application/json
      Accept-Encoding:
      - gzip, deflate
      Connection:
      - keep-alive
      User-Agent:
      - python/3.6.9 (Linux-4.9.184-linuxkit-x86_64-with-Ubuntu-18.04-bionic) msrest/0.6.10
        msrest_azure/0.6.2 azure-mgmt-hdinsight/2.2.0 Azure-SDK-For-Python
    method: GET
    uri: https://management.azure.com/subscriptions/00000000-0000-0000-0000-000000000000/resourceGroups/hdipy-96ce175c/providers/Microsoft.HDInsight/clusters/hdisdk-cluster-rg296ce175c/azureasyncoperations/create?api-version=2018-06-01-preview
  response:
    body:
      string: '{"status":"InProgress"}'
    headers:
      cache-control:
      - no-cache
      content-length:
      - '23'
      content-type:
      - application/json; charset=utf-8
      date:
      - Mon, 25 Jan 2021 06:12:35 GMT
      expires:
      - '-1'
      pragma:
      - no-cache
      strict-transport-security:
      - max-age=31536000; includeSubDomains
      transfer-encoding:
      - chunked
      vary:
      - Accept-Encoding
      x-content-type-options:
      - nosniff
      x-ms-hdi-matched-rule:
      - ClusterResourcesAndSubResources
      x-ms-hdi-routed-to:
      - RegionalRp
      x-ms-hdi-served-by:
      - northcentralus
    status:
      code: 200
      message: OK
- request:
    body: null
    headers:
      Accept:
      - application/json
      Accept-Encoding:
      - gzip, deflate
      Connection:
      - keep-alive
      User-Agent:
      - python/3.6.9 (Linux-4.9.184-linuxkit-x86_64-with-Ubuntu-18.04-bionic) msrest/0.6.10
        msrest_azure/0.6.2 azure-mgmt-hdinsight/2.2.0 Azure-SDK-For-Python
    method: GET
    uri: https://management.azure.com/subscriptions/00000000-0000-0000-0000-000000000000/resourceGroups/hdipy-96ce175c/providers/Microsoft.HDInsight/clusters/hdisdk-cluster-rg296ce175c/azureasyncoperations/create?api-version=2018-06-01-preview
  response:
    body:
      string: '{"status":"InProgress"}'
    headers:
      cache-control:
      - no-cache
      content-length:
      - '23'
      content-type:
      - application/json; charset=utf-8
      date:
      - Mon, 25 Jan 2021 06:13:05 GMT
      expires:
      - '-1'
      pragma:
      - no-cache
      strict-transport-security:
      - max-age=31536000; includeSubDomains
      transfer-encoding:
      - chunked
      vary:
      - Accept-Encoding
      x-content-type-options:
      - nosniff
      x-ms-hdi-matched-rule:
      - ClusterResourcesAndSubResources
      x-ms-hdi-routed-to:
      - RegionalRp
      x-ms-hdi-served-by:
      - northcentralus
    status:
      code: 200
      message: OK
- request:
    body: null
    headers:
      Accept:
      - application/json
      Accept-Encoding:
      - gzip, deflate
      Connection:
      - keep-alive
      User-Agent:
      - python/3.6.9 (Linux-4.9.184-linuxkit-x86_64-with-Ubuntu-18.04-bionic) msrest/0.6.10
        msrest_azure/0.6.2 azure-mgmt-hdinsight/2.2.0 Azure-SDK-For-Python
    method: GET
    uri: https://management.azure.com/subscriptions/00000000-0000-0000-0000-000000000000/resourceGroups/hdipy-96ce175c/providers/Microsoft.HDInsight/clusters/hdisdk-cluster-rg296ce175c/azureasyncoperations/create?api-version=2018-06-01-preview
  response:
    body:
      string: '{"status":"InProgress"}'
    headers:
      cache-control:
      - no-cache
      content-length:
      - '23'
      content-type:
      - application/json; charset=utf-8
      date:
      - Mon, 25 Jan 2021 06:13:35 GMT
      expires:
      - '-1'
      pragma:
      - no-cache
      strict-transport-security:
      - max-age=31536000; includeSubDomains
      transfer-encoding:
      - chunked
      vary:
      - Accept-Encoding
      x-content-type-options:
      - nosniff
      x-ms-hdi-matched-rule:
      - ClusterResourcesAndSubResources
      x-ms-hdi-routed-to:
      - RegionalRp
      x-ms-hdi-served-by:
      - northcentralus
    status:
      code: 200
      message: OK
- request:
    body: null
    headers:
      Accept:
      - application/json
      Accept-Encoding:
      - gzip, deflate
      Connection:
      - keep-alive
      User-Agent:
      - python/3.6.9 (Linux-4.9.184-linuxkit-x86_64-with-Ubuntu-18.04-bionic) msrest/0.6.10
        msrest_azure/0.6.2 azure-mgmt-hdinsight/2.2.0 Azure-SDK-For-Python
    method: GET
    uri: https://management.azure.com/subscriptions/00000000-0000-0000-0000-000000000000/resourceGroups/hdipy-96ce175c/providers/Microsoft.HDInsight/clusters/hdisdk-cluster-rg296ce175c/azureasyncoperations/create?api-version=2018-06-01-preview
  response:
    body:
      string: '{"status":"InProgress"}'
    headers:
      cache-control:
      - no-cache
      content-length:
      - '23'
      content-type:
      - application/json; charset=utf-8
      date:
      - Mon, 25 Jan 2021 06:14:06 GMT
      expires:
      - '-1'
      pragma:
      - no-cache
      strict-transport-security:
      - max-age=31536000; includeSubDomains
      transfer-encoding:
      - chunked
      vary:
      - Accept-Encoding
      x-content-type-options:
      - nosniff
      x-ms-hdi-matched-rule:
      - ClusterResourcesAndSubResources
      x-ms-hdi-routed-to:
      - RegionalRp
      x-ms-hdi-served-by:
      - northcentralus
    status:
      code: 200
      message: OK
- request:
    body: null
    headers:
      Accept:
      - application/json
      Accept-Encoding:
      - gzip, deflate
      Connection:
      - keep-alive
      User-Agent:
      - python/3.6.9 (Linux-4.9.184-linuxkit-x86_64-with-Ubuntu-18.04-bionic) msrest/0.6.10
        msrest_azure/0.6.2 azure-mgmt-hdinsight/2.2.0 Azure-SDK-For-Python
    method: GET
    uri: https://management.azure.com/subscriptions/00000000-0000-0000-0000-000000000000/resourceGroups/hdipy-96ce175c/providers/Microsoft.HDInsight/clusters/hdisdk-cluster-rg296ce175c/azureasyncoperations/create?api-version=2018-06-01-preview
  response:
    body:
      string: '{"status":"InProgress"}'
    headers:
      cache-control:
      - no-cache
      content-length:
      - '23'
      content-type:
      - application/json; charset=utf-8
      date:
      - Mon, 25 Jan 2021 06:14:37 GMT
      expires:
      - '-1'
      pragma:
      - no-cache
      strict-transport-security:
      - max-age=31536000; includeSubDomains
      transfer-encoding:
      - chunked
      vary:
      - Accept-Encoding
      x-content-type-options:
      - nosniff
      x-ms-hdi-matched-rule:
      - ClusterResourcesAndSubResources
      x-ms-hdi-routed-to:
      - RegionalRp
      x-ms-hdi-served-by:
      - northcentralus
    status:
      code: 200
      message: OK
- request:
    body: null
    headers:
      Accept:
      - application/json
      Accept-Encoding:
      - gzip, deflate
      Connection:
      - keep-alive
      User-Agent:
      - python/3.6.9 (Linux-4.9.184-linuxkit-x86_64-with-Ubuntu-18.04-bionic) msrest/0.6.10
        msrest_azure/0.6.2 azure-mgmt-hdinsight/2.2.0 Azure-SDK-For-Python
    method: GET
    uri: https://management.azure.com/subscriptions/00000000-0000-0000-0000-000000000000/resourceGroups/hdipy-96ce175c/providers/Microsoft.HDInsight/clusters/hdisdk-cluster-rg296ce175c/azureasyncoperations/create?api-version=2018-06-01-preview
  response:
    body:
      string: '{"status":"InProgress"}'
    headers:
      cache-control:
      - no-cache
      content-length:
      - '23'
      content-type:
      - application/json; charset=utf-8
      date:
      - Mon, 25 Jan 2021 06:15:07 GMT
      expires:
      - '-1'
      pragma:
      - no-cache
      strict-transport-security:
      - max-age=31536000; includeSubDomains
      transfer-encoding:
      - chunked
      vary:
      - Accept-Encoding
      x-content-type-options:
      - nosniff
      x-ms-hdi-matched-rule:
      - ClusterResourcesAndSubResources
      x-ms-hdi-routed-to:
      - RegionalRp
      x-ms-hdi-served-by:
      - northcentralus
    status:
      code: 200
      message: OK
- request:
    body: null
    headers:
      Accept:
      - application/json
      Accept-Encoding:
      - gzip, deflate
      Connection:
      - keep-alive
      User-Agent:
      - python/3.6.9 (Linux-4.9.184-linuxkit-x86_64-with-Ubuntu-18.04-bionic) msrest/0.6.10
        msrest_azure/0.6.2 azure-mgmt-hdinsight/2.2.0 Azure-SDK-For-Python
    method: GET
    uri: https://management.azure.com/subscriptions/00000000-0000-0000-0000-000000000000/resourceGroups/hdipy-96ce175c/providers/Microsoft.HDInsight/clusters/hdisdk-cluster-rg296ce175c/azureasyncoperations/create?api-version=2018-06-01-preview
  response:
    body:
      string: '{"status":"InProgress"}'
    headers:
      cache-control:
      - no-cache
      content-length:
      - '23'
      content-type:
      - application/json; charset=utf-8
      date:
      - Mon, 25 Jan 2021 06:15:38 GMT
      expires:
      - '-1'
      pragma:
      - no-cache
      strict-transport-security:
      - max-age=31536000; includeSubDomains
      transfer-encoding:
      - chunked
      vary:
      - Accept-Encoding
      x-content-type-options:
      - nosniff
      x-ms-hdi-matched-rule:
      - ClusterResourcesAndSubResources
      x-ms-hdi-routed-to:
      - RegionalRp
      x-ms-hdi-served-by:
      - northcentralus
    status:
      code: 200
      message: OK
- request:
    body: null
    headers:
      Accept:
      - application/json
      Accept-Encoding:
      - gzip, deflate
      Connection:
      - keep-alive
      User-Agent:
      - python/3.6.9 (Linux-4.9.184-linuxkit-x86_64-with-Ubuntu-18.04-bionic) msrest/0.6.10
        msrest_azure/0.6.2 azure-mgmt-hdinsight/2.2.0 Azure-SDK-For-Python
    method: GET
    uri: https://management.azure.com/subscriptions/00000000-0000-0000-0000-000000000000/resourceGroups/hdipy-96ce175c/providers/Microsoft.HDInsight/clusters/hdisdk-cluster-rg296ce175c/azureasyncoperations/create?api-version=2018-06-01-preview
  response:
    body:
      string: '{"status":"InProgress"}'
    headers:
      cache-control:
      - no-cache
      content-length:
      - '23'
      content-type:
      - application/json; charset=utf-8
      date:
      - Mon, 25 Jan 2021 06:16:10 GMT
      expires:
      - '-1'
      pragma:
      - no-cache
      strict-transport-security:
      - max-age=31536000; includeSubDomains
      transfer-encoding:
      - chunked
      vary:
      - Accept-Encoding
      x-content-type-options:
      - nosniff
      x-ms-hdi-matched-rule:
      - ClusterResourcesAndSubResources
      x-ms-hdi-routed-to:
      - RegionalRp
      x-ms-hdi-served-by:
      - northcentralus
    status:
      code: 200
      message: OK
- request:
    body: null
    headers:
      Accept:
      - application/json
      Accept-Encoding:
      - gzip, deflate
      Connection:
      - keep-alive
      User-Agent:
      - python/3.6.9 (Linux-4.9.184-linuxkit-x86_64-with-Ubuntu-18.04-bionic) msrest/0.6.10
        msrest_azure/0.6.2 azure-mgmt-hdinsight/2.2.0 Azure-SDK-For-Python
    method: GET
    uri: https://management.azure.com/subscriptions/00000000-0000-0000-0000-000000000000/resourceGroups/hdipy-96ce175c/providers/Microsoft.HDInsight/clusters/hdisdk-cluster-rg296ce175c/azureasyncoperations/create?api-version=2018-06-01-preview
  response:
    body:
      string: '{"status":"InProgress"}'
    headers:
      cache-control:
      - no-cache
      content-length:
      - '23'
      content-type:
      - application/json; charset=utf-8
      date:
      - Mon, 25 Jan 2021 06:16:40 GMT
      expires:
      - '-1'
      pragma:
      - no-cache
      strict-transport-security:
      - max-age=31536000; includeSubDomains
      transfer-encoding:
      - chunked
      vary:
      - Accept-Encoding
      x-content-type-options:
      - nosniff
      x-ms-hdi-matched-rule:
      - ClusterResourcesAndSubResources
      x-ms-hdi-routed-to:
      - RegionalRp
      x-ms-hdi-served-by:
      - northcentralus
    status:
      code: 200
      message: OK
- request:
    body: null
    headers:
      Accept:
      - application/json
      Accept-Encoding:
      - gzip, deflate
      Connection:
      - keep-alive
      User-Agent:
      - python/3.6.9 (Linux-4.9.184-linuxkit-x86_64-with-Ubuntu-18.04-bionic) msrest/0.6.10
        msrest_azure/0.6.2 azure-mgmt-hdinsight/2.2.0 Azure-SDK-For-Python
    method: GET
    uri: https://management.azure.com/subscriptions/00000000-0000-0000-0000-000000000000/resourceGroups/hdipy-96ce175c/providers/Microsoft.HDInsight/clusters/hdisdk-cluster-rg296ce175c/azureasyncoperations/create?api-version=2018-06-01-preview
  response:
    body:
      string: '{"status":"InProgress"}'
    headers:
      cache-control:
      - no-cache
      content-length:
      - '23'
      content-type:
      - application/json; charset=utf-8
      date:
      - Mon, 25 Jan 2021 06:17:11 GMT
      expires:
      - '-1'
      pragma:
      - no-cache
      strict-transport-security:
      - max-age=31536000; includeSubDomains
      transfer-encoding:
      - chunked
      vary:
      - Accept-Encoding
      x-content-type-options:
      - nosniff
      x-ms-hdi-matched-rule:
      - ClusterResourcesAndSubResources
      x-ms-hdi-routed-to:
      - RegionalRp
      x-ms-hdi-served-by:
      - northcentralus
    status:
      code: 200
      message: OK
- request:
    body: null
    headers:
      Accept:
      - application/json
      Accept-Encoding:
      - gzip, deflate
      Connection:
      - keep-alive
      User-Agent:
      - python/3.6.9 (Linux-4.9.184-linuxkit-x86_64-with-Ubuntu-18.04-bionic) msrest/0.6.10
        msrest_azure/0.6.2 azure-mgmt-hdinsight/2.2.0 Azure-SDK-For-Python
    method: GET
    uri: https://management.azure.com/subscriptions/00000000-0000-0000-0000-000000000000/resourceGroups/hdipy-96ce175c/providers/Microsoft.HDInsight/clusters/hdisdk-cluster-rg296ce175c/azureasyncoperations/create?api-version=2018-06-01-preview
  response:
    body:
      string: '{"status":"InProgress"}'
    headers:
      cache-control:
      - no-cache
      content-length:
      - '23'
      content-type:
      - application/json; charset=utf-8
      date:
      - Mon, 25 Jan 2021 06:17:42 GMT
      expires:
      - '-1'
      pragma:
      - no-cache
      strict-transport-security:
      - max-age=31536000; includeSubDomains
      transfer-encoding:
      - chunked
      vary:
      - Accept-Encoding
      x-content-type-options:
      - nosniff
      x-ms-hdi-matched-rule:
      - ClusterResourcesAndSubResources
      x-ms-hdi-routed-to:
      - RegionalRp
      x-ms-hdi-served-by:
      - northcentralus
    status:
      code: 200
      message: OK
- request:
    body: null
    headers:
      Accept:
      - application/json
      Accept-Encoding:
      - gzip, deflate
      Connection:
      - keep-alive
      User-Agent:
      - python/3.6.9 (Linux-4.9.184-linuxkit-x86_64-with-Ubuntu-18.04-bionic) msrest/0.6.10
        msrest_azure/0.6.2 azure-mgmt-hdinsight/2.2.0 Azure-SDK-For-Python
    method: GET
    uri: https://management.azure.com/subscriptions/00000000-0000-0000-0000-000000000000/resourceGroups/hdipy-96ce175c/providers/Microsoft.HDInsight/clusters/hdisdk-cluster-rg296ce175c/azureasyncoperations/create?api-version=2018-06-01-preview
  response:
    body:
      string: '{"status":"InProgress"}'
    headers:
      cache-control:
      - no-cache
      content-length:
      - '23'
      content-type:
      - application/json; charset=utf-8
      date:
      - Mon, 25 Jan 2021 06:18:12 GMT
      expires:
      - '-1'
      pragma:
      - no-cache
      strict-transport-security:
      - max-age=31536000; includeSubDomains
      transfer-encoding:
      - chunked
      vary:
      - Accept-Encoding
      x-content-type-options:
      - nosniff
      x-ms-hdi-matched-rule:
      - ClusterResourcesAndSubResources
      x-ms-hdi-routed-to:
      - RegionalRp
      x-ms-hdi-served-by:
      - northcentralus
    status:
      code: 200
      message: OK
- request:
    body: null
    headers:
      Accept:
      - application/json
      Accept-Encoding:
      - gzip, deflate
      Connection:
      - keep-alive
      User-Agent:
      - python/3.6.9 (Linux-4.9.184-linuxkit-x86_64-with-Ubuntu-18.04-bionic) msrest/0.6.10
        msrest_azure/0.6.2 azure-mgmt-hdinsight/2.2.0 Azure-SDK-For-Python
    method: GET
    uri: https://management.azure.com/subscriptions/00000000-0000-0000-0000-000000000000/resourceGroups/hdipy-96ce175c/providers/Microsoft.HDInsight/clusters/hdisdk-cluster-rg296ce175c/azureasyncoperations/create?api-version=2018-06-01-preview
  response:
    body:
      string: '{"status":"InProgress"}'
    headers:
      cache-control:
      - no-cache
      content-length:
      - '23'
      content-type:
      - application/json; charset=utf-8
      date:
      - Mon, 25 Jan 2021 06:18:43 GMT
      expires:
      - '-1'
      pragma:
      - no-cache
      strict-transport-security:
      - max-age=31536000; includeSubDomains
      transfer-encoding:
      - chunked
      vary:
      - Accept-Encoding
      x-content-type-options:
      - nosniff
      x-ms-hdi-matched-rule:
      - ClusterResourcesAndSubResources
      x-ms-hdi-routed-to:
      - RegionalRp
      x-ms-hdi-served-by:
      - northcentralus
    status:
      code: 200
      message: OK
- request:
    body: null
    headers:
      Accept:
      - application/json
      Accept-Encoding:
      - gzip, deflate
      Connection:
      - keep-alive
      User-Agent:
      - python/3.6.9 (Linux-4.9.184-linuxkit-x86_64-with-Ubuntu-18.04-bionic) msrest/0.6.10
        msrest_azure/0.6.2 azure-mgmt-hdinsight/2.2.0 Azure-SDK-For-Python
    method: GET
    uri: https://management.azure.com/subscriptions/00000000-0000-0000-0000-000000000000/resourceGroups/hdipy-96ce175c/providers/Microsoft.HDInsight/clusters/hdisdk-cluster-rg296ce175c/azureasyncoperations/create?api-version=2018-06-01-preview
  response:
    body:
      string: '{"status":"InProgress"}'
    headers:
      cache-control:
      - no-cache
      content-length:
      - '23'
      content-type:
      - application/json; charset=utf-8
      date:
      - Mon, 25 Jan 2021 06:19:13 GMT
      expires:
      - '-1'
      pragma:
      - no-cache
      strict-transport-security:
      - max-age=31536000; includeSubDomains
      transfer-encoding:
      - chunked
      vary:
      - Accept-Encoding
      x-content-type-options:
      - nosniff
      x-ms-hdi-matched-rule:
      - ClusterResourcesAndSubResources
      x-ms-hdi-routed-to:
      - RegionalRp
      x-ms-hdi-served-by:
      - northcentralus
    status:
      code: 200
      message: OK
- request:
    body: null
    headers:
      Accept:
      - application/json
      Accept-Encoding:
      - gzip, deflate
      Connection:
      - keep-alive
      User-Agent:
      - python/3.6.9 (Linux-4.9.184-linuxkit-x86_64-with-Ubuntu-18.04-bionic) msrest/0.6.10
        msrest_azure/0.6.2 azure-mgmt-hdinsight/2.2.0 Azure-SDK-For-Python
    method: GET
    uri: https://management.azure.com/subscriptions/00000000-0000-0000-0000-000000000000/resourceGroups/hdipy-96ce175c/providers/Microsoft.HDInsight/clusters/hdisdk-cluster-rg296ce175c/azureasyncoperations/create?api-version=2018-06-01-preview
  response:
    body:
      string: '{"status":"InProgress"}'
    headers:
      cache-control:
      - no-cache
      content-length:
      - '23'
      content-type:
      - application/json; charset=utf-8
      date:
      - Mon, 25 Jan 2021 06:19:44 GMT
      expires:
      - '-1'
      pragma:
      - no-cache
      strict-transport-security:
      - max-age=31536000; includeSubDomains
      transfer-encoding:
      - chunked
      vary:
      - Accept-Encoding
      x-content-type-options:
      - nosniff
      x-ms-hdi-matched-rule:
      - ClusterResourcesAndSubResources
      x-ms-hdi-routed-to:
      - RegionalRp
      x-ms-hdi-served-by:
      - northcentralus
    status:
      code: 200
      message: OK
- request:
    body: null
    headers:
      Accept:
      - application/json
      Accept-Encoding:
      - gzip, deflate
      Connection:
      - keep-alive
      User-Agent:
      - python/3.6.9 (Linux-4.9.184-linuxkit-x86_64-with-Ubuntu-18.04-bionic) msrest/0.6.10
        msrest_azure/0.6.2 azure-mgmt-hdinsight/2.2.0 Azure-SDK-For-Python
    method: GET
    uri: https://management.azure.com/subscriptions/00000000-0000-0000-0000-000000000000/resourceGroups/hdipy-96ce175c/providers/Microsoft.HDInsight/clusters/hdisdk-cluster-rg296ce175c/azureasyncoperations/create?api-version=2018-06-01-preview
  response:
    body:
      string: '{"status":"InProgress"}'
    headers:
      cache-control:
      - no-cache
      content-length:
      - '23'
      content-type:
      - application/json; charset=utf-8
      date:
      - Mon, 25 Jan 2021 06:20:15 GMT
      expires:
      - '-1'
      pragma:
      - no-cache
      strict-transport-security:
      - max-age=31536000; includeSubDomains
      transfer-encoding:
      - chunked
      vary:
      - Accept-Encoding
      x-content-type-options:
      - nosniff
      x-ms-hdi-matched-rule:
      - ClusterResourcesAndSubResources
      x-ms-hdi-routed-to:
      - RegionalRp
      x-ms-hdi-served-by:
      - northcentralus
    status:
      code: 200
      message: OK
- request:
    body: null
    headers:
      Accept:
      - application/json
      Accept-Encoding:
      - gzip, deflate
      Connection:
      - keep-alive
      User-Agent:
      - python/3.6.9 (Linux-4.9.184-linuxkit-x86_64-with-Ubuntu-18.04-bionic) msrest/0.6.10
        msrest_azure/0.6.2 azure-mgmt-hdinsight/2.2.0 Azure-SDK-For-Python
    method: GET
    uri: https://management.azure.com/subscriptions/00000000-0000-0000-0000-000000000000/resourceGroups/hdipy-96ce175c/providers/Microsoft.HDInsight/clusters/hdisdk-cluster-rg296ce175c/azureasyncoperations/create?api-version=2018-06-01-preview
  response:
    body:
      string: '{"status":"InProgress"}'
    headers:
      cache-control:
      - no-cache
      content-length:
      - '23'
      content-type:
      - application/json; charset=utf-8
      date:
      - Mon, 25 Jan 2021 06:20:45 GMT
      expires:
      - '-1'
      pragma:
      - no-cache
      strict-transport-security:
      - max-age=31536000; includeSubDomains
      transfer-encoding:
      - chunked
      vary:
      - Accept-Encoding
      x-content-type-options:
      - nosniff
      x-ms-hdi-matched-rule:
      - ClusterResourcesAndSubResources
      x-ms-hdi-routed-to:
      - RegionalRp
      x-ms-hdi-served-by:
      - northcentralus
    status:
      code: 200
      message: OK
- request:
    body: null
    headers:
      Accept:
      - application/json
      Accept-Encoding:
      - gzip, deflate
      Connection:
      - keep-alive
      User-Agent:
      - python/3.6.9 (Linux-4.9.184-linuxkit-x86_64-with-Ubuntu-18.04-bionic) msrest/0.6.10
        msrest_azure/0.6.2 azure-mgmt-hdinsight/2.2.0 Azure-SDK-For-Python
    method: GET
    uri: https://management.azure.com/subscriptions/00000000-0000-0000-0000-000000000000/resourceGroups/hdipy-96ce175c/providers/Microsoft.HDInsight/clusters/hdisdk-cluster-rg296ce175c/azureasyncoperations/create?api-version=2018-06-01-preview
  response:
    body:
      string: '{"status":"InProgress"}'
    headers:
      cache-control:
      - no-cache
      content-length:
      - '23'
      content-type:
      - application/json; charset=utf-8
      date:
      - Mon, 25 Jan 2021 06:21:16 GMT
      expires:
      - '-1'
      pragma:
      - no-cache
      strict-transport-security:
      - max-age=31536000; includeSubDomains
      transfer-encoding:
      - chunked
      vary:
      - Accept-Encoding
      x-content-type-options:
      - nosniff
      x-ms-hdi-matched-rule:
      - ClusterResourcesAndSubResources
      x-ms-hdi-routed-to:
      - RegionalRp
      x-ms-hdi-served-by:
      - northcentralus
    status:
      code: 200
      message: OK
- request:
    body: null
    headers:
      Accept:
      - application/json
      Accept-Encoding:
      - gzip, deflate
      Connection:
      - keep-alive
      User-Agent:
      - python/3.6.9 (Linux-4.9.184-linuxkit-x86_64-with-Ubuntu-18.04-bionic) msrest/0.6.10
        msrest_azure/0.6.2 azure-mgmt-hdinsight/2.2.0 Azure-SDK-For-Python
    method: GET
    uri: https://management.azure.com/subscriptions/00000000-0000-0000-0000-000000000000/resourceGroups/hdipy-96ce175c/providers/Microsoft.HDInsight/clusters/hdisdk-cluster-rg296ce175c/azureasyncoperations/create?api-version=2018-06-01-preview
  response:
    body:
      string: '{"status":"InProgress"}'
    headers:
      cache-control:
      - no-cache
      content-length:
      - '23'
      content-type:
      - application/json; charset=utf-8
      date:
      - Mon, 25 Jan 2021 06:21:47 GMT
      expires:
      - '-1'
      pragma:
      - no-cache
      strict-transport-security:
      - max-age=31536000; includeSubDomains
      transfer-encoding:
      - chunked
      vary:
      - Accept-Encoding
      x-content-type-options:
      - nosniff
      x-ms-hdi-matched-rule:
      - ClusterResourcesAndSubResources
      x-ms-hdi-routed-to:
      - RegionalRp
      x-ms-hdi-served-by:
      - northcentralus
    status:
      code: 200
      message: OK
- request:
    body: null
    headers:
      Accept:
      - application/json
      Accept-Encoding:
      - gzip, deflate
      Connection:
      - keep-alive
      User-Agent:
      - python/3.6.9 (Linux-4.9.184-linuxkit-x86_64-with-Ubuntu-18.04-bionic) msrest/0.6.10
        msrest_azure/0.6.2 azure-mgmt-hdinsight/2.2.0 Azure-SDK-For-Python
    method: GET
    uri: https://management.azure.com/subscriptions/00000000-0000-0000-0000-000000000000/resourceGroups/hdipy-96ce175c/providers/Microsoft.HDInsight/clusters/hdisdk-cluster-rg296ce175c/azureasyncoperations/create?api-version=2018-06-01-preview
  response:
    body:
      string: '{"status":"InProgress"}'
    headers:
      cache-control:
      - no-cache
      content-length:
      - '23'
      content-type:
      - application/json; charset=utf-8
      date:
      - Mon, 25 Jan 2021 06:22:18 GMT
      expires:
      - '-1'
      pragma:
      - no-cache
      strict-transport-security:
      - max-age=31536000; includeSubDomains
      transfer-encoding:
      - chunked
      vary:
      - Accept-Encoding
      x-content-type-options:
      - nosniff
      x-ms-hdi-matched-rule:
      - ClusterResourcesAndSubResources
      x-ms-hdi-routed-to:
      - RegionalRp
      x-ms-hdi-served-by:
      - northcentralus
    status:
      code: 200
      message: OK
- request:
    body: null
    headers:
      Accept:
      - application/json
      Accept-Encoding:
      - gzip, deflate
      Connection:
      - keep-alive
      User-Agent:
      - python/3.6.9 (Linux-4.9.184-linuxkit-x86_64-with-Ubuntu-18.04-bionic) msrest/0.6.10
        msrest_azure/0.6.2 azure-mgmt-hdinsight/2.2.0 Azure-SDK-For-Python
    method: GET
    uri: https://management.azure.com/subscriptions/00000000-0000-0000-0000-000000000000/resourceGroups/hdipy-96ce175c/providers/Microsoft.HDInsight/clusters/hdisdk-cluster-rg296ce175c/azureasyncoperations/create?api-version=2018-06-01-preview
  response:
    body:
      string: '{"status":"InProgress"}'
    headers:
      cache-control:
      - no-cache
      content-length:
      - '23'
      content-type:
      - application/json; charset=utf-8
      date:
      - Mon, 25 Jan 2021 06:22:49 GMT
      expires:
      - '-1'
      pragma:
      - no-cache
      strict-transport-security:
      - max-age=31536000; includeSubDomains
      transfer-encoding:
      - chunked
      vary:
      - Accept-Encoding
      x-content-type-options:
      - nosniff
      x-ms-hdi-matched-rule:
      - ClusterResourcesAndSubResources
      x-ms-hdi-routed-to:
      - RegionalRp
      x-ms-hdi-served-by:
      - northcentralus
    status:
      code: 200
      message: OK
- request:
    body: null
    headers:
      Accept:
      - application/json
      Accept-Encoding:
      - gzip, deflate
      Connection:
      - keep-alive
      User-Agent:
      - python/3.6.9 (Linux-4.9.184-linuxkit-x86_64-with-Ubuntu-18.04-bionic) msrest/0.6.10
        msrest_azure/0.6.2 azure-mgmt-hdinsight/2.2.0 Azure-SDK-For-Python
    method: GET
    uri: https://management.azure.com/subscriptions/00000000-0000-0000-0000-000000000000/resourceGroups/hdipy-96ce175c/providers/Microsoft.HDInsight/clusters/hdisdk-cluster-rg296ce175c/azureasyncoperations/create?api-version=2018-06-01-preview
  response:
    body:
      string: '{"status":"Succeeded"}'
    headers:
      cache-control:
      - no-cache
      content-length:
      - '22'
      content-type:
      - application/json; charset=utf-8
      date:
      - Mon, 25 Jan 2021 06:23:19 GMT
      expires:
      - '-1'
      pragma:
      - no-cache
      strict-transport-security:
      - max-age=31536000; includeSubDomains
      transfer-encoding:
      - chunked
      vary:
      - Accept-Encoding
      x-content-type-options:
      - nosniff
      x-ms-hdi-matched-rule:
      - ClusterResourcesAndSubResources
      x-ms-hdi-routed-to:
      - RegionalRp
      x-ms-hdi-served-by:
      - northcentralus
    status:
      code: 200
      message: OK
- request:
    body: null
    headers:
      Accept:
      - application/json
      Accept-Encoding:
      - gzip, deflate
      Connection:
      - keep-alive
      User-Agent:
      - python/3.6.9 (Linux-4.9.184-linuxkit-x86_64-with-Ubuntu-18.04-bionic) msrest/0.6.10
        msrest_azure/0.6.2 azure-mgmt-hdinsight/2.2.0 Azure-SDK-For-Python
    method: GET
    uri: https://management.azure.com/subscriptions/00000000-0000-0000-0000-000000000000/resourceGroups/hdipy-96ce175c/providers/Microsoft.HDInsight/clusters/hdisdk-cluster-rg296ce175c?api-version=2018-06-01-preview
  response:
    body:
      string: '{"id":"/subscriptions/00000000-0000-0000-0000-000000000000/resourceGroups/hdipy-96ce175c/providers/Microsoft.HDInsight/clusters/hdisdk-cluster-rg296ce175c","name":"hdisdk-cluster-rg296ce175c","type":"Microsoft.HDInsight/clusters","location":"North
        Central US","etag":"424695d5-73e4-4cf1-a129-6c88f4aa9dd1","tags":{},"properties":{"clusterVersion":"3.6.1000.67","clusterHdpVersion":"2.6.5.3032-3","osType":"Linux","clusterDefinition":{"blueprint":"https://blueprints.azurehdinsight.net/hadoop-3.6.1000.67.2012080609.json","kind":"hadoop","componentVersion":{"hadoop":"2.7"}},"clusterId":"5a7c75ad4f764d6aaf3690e032abd4d4","computeProfile":{"roles":[{"name":"headnode","targetInstanceCount":2,"hardwareProfile":{"vmSize":"standard_a4_v2"},"osProfile":{"linuxOperatingSystemProfile":{"username":"sshuser"}},"encryptDataDisks":false},{"name":"workernode","targetInstanceCount":3,"hardwareProfile":{"vmSize":"standard_a4_v2"},"osProfile":{"linuxOperatingSystemProfile":{"username":"sshuser"}},"encryptDataDisks":false},{"name":"zookeepernode","targetInstanceCount":3,"hardwareProfile":{"vmSize":"standard_a1_v2"},"osProfile":{"linuxOperatingSystemProfile":{"username":"sshuser"}},"encryptDataDisks":false}]},"provisioningState":"Succeeded","clusterState":"Running","createdDate":"2021-01-25T06:09:58.463","quotaInfo":{"coresUsed":20},"connectivityEndpoints":[{"name":"SSH","protocol":"TCP","location":"hdisdk-cluster-rg296ce175c-ssh.azurehdinsight.net","port":22},{"name":"HTTPS","protocol":"TCP","location":"hdisdk-cluster-rg296ce175c.azurehdinsight.net","port":443}],"tier":"standard","encryptionInTransitProperties":{"isEncryptionInTransitEnabled":false},"storageProfile":{"storageaccounts":[{"name":"hdipy.blob.core.windows.net","resourceId":null,"msiResourceId":null,"key":null,"fileSystem":null,"container":"hdisdk-cluster-rg296ce175c","saskey":null,"isDefault":true,"fileshare":null}]},"excludedServicesConfig":{"excludedServicesConfigId":"default","excludedServicesList":""},"computeIsolationProperties":{"enableComputeIsolation":false,"hostSku":null}}}'
    headers:
      cache-control:
      - no-cache
      content-length:
      - '2064'
      content-type:
      - application/json; charset=utf-8
      date:
      - Mon, 25 Jan 2021 06:23:20 GMT
      expires:
      - '-1'
      pragma:
      - no-cache
      strict-transport-security:
      - max-age=31536000; includeSubDomains
      transfer-encoding:
      - chunked
      vary:
      - Accept-Encoding
      x-content-type-options:
      - nosniff
      x-ms-hdi-matched-rule:
      - ClusterResourcesAndSubResources
      x-ms-hdi-routed-to:
      - RegionalRp
      x-ms-hdi-served-by:
      - northcentralus
    status:
      code: 200
      message: OK
- request:
    body: null
    headers:
      Accept:
      - application/json
      Accept-Encoding:
      - gzip, deflate
      Connection:
      - keep-alive
      User-Agent:
      - python/3.6.9 (Linux-4.9.184-linuxkit-x86_64-with-Ubuntu-18.04-bionic) msrest/0.6.10
        msrest_azure/0.6.2 azure-mgmt-hdinsight/2.2.0 Azure-SDK-For-Python
      accept-language:
      - en-US
    method: GET
    uri: https://management.azure.com/subscriptions/00000000-0000-0000-0000-000000000000/resourceGroups/hdipy-96ce175c/providers/Microsoft.HDInsight/clusters?api-version=2018-06-01-preview
  response:
    body:
      string: '{"value":[{"id":"/subscriptions/00000000-0000-0000-0000-000000000000/resourceGroups/hdipy-96ce175c/providers/Microsoft.HDInsight/clusters/hdisdk-cluster-rg196ce175c","name":"hdisdk-cluster-rg196ce175c","type":"Microsoft.HDInsight/clusters","location":"North
        Central US","etag":"b7b48b91-5aca-4526-8f77-094d399e2c45","tags":{},"properties":{"clusterVersion":"3.6.1000.67","clusterHdpVersion":"2.6.5.3032-3","osType":"Linux","clusterDefinition":{"blueprint":"https://blueprints.azurehdinsight.net/hadoop-3.6.1000.67.2012080609.json","kind":"hadoop","componentVersion":{"hadoop":"2.7"}},"clusterId":"ac1b6ef8dc494077960db1780ef1ef85","computeProfile":{"roles":[{"name":"headnode","targetInstanceCount":2,"hardwareProfile":{"vmSize":"standard_a4_v2"},"osProfile":{"linuxOperatingSystemProfile":{"username":"sshuser"}},"encryptDataDisks":false},{"name":"workernode","targetInstanceCount":3,"hardwareProfile":{"vmSize":"standard_a4_v2"},"osProfile":{"linuxOperatingSystemProfile":{"username":"sshuser"}},"encryptDataDisks":false},{"name":"zookeepernode","targetInstanceCount":3,"hardwareProfile":{"vmSize":"standard_a1_v2"},"osProfile":{"linuxOperatingSystemProfile":{"username":"sshuser"}},"encryptDataDisks":false}]},"provisioningState":"Succeeded","clusterState":"Running","createdDate":"2021-01-25T05:54:22.763","quotaInfo":{"coresUsed":20},"connectivityEndpoints":[{"name":"SSH","protocol":"TCP","location":"hdisdk-cluster-rg196ce175c-ssh.azurehdinsight.net","port":22},{"name":"HTTPS","protocol":"TCP","location":"hdisdk-cluster-rg196ce175c.azurehdinsight.net","port":443}],"tier":"standard","encryptionInTransitProperties":{"isEncryptionInTransitEnabled":false},"storageProfile":{"storageaccounts":[{"name":"hdipy.blob.core.windows.net","resourceId":null,"msiResourceId":null,"key":null,"fileSystem":null,"container":"hdisdk-cluster-rg196ce175c","saskey":null,"isDefault":true,"fileshare":null}]},"excludedServicesConfig":{"excludedServicesConfigId":"default","excludedServicesList":""},"computeIsolationProperties":{"enableComputeIsolation":false,"hostSku":null}}},{"id":"/subscriptions/00000000-0000-0000-0000-000000000000/resourceGroups/hdipy-96ce175c/providers/Microsoft.HDInsight/clusters/hdisdk-cluster-rg296ce175c","name":"hdisdk-cluster-rg296ce175c","type":"Microsoft.HDInsight/clusters","location":"North
        Central US","etag":"424695d5-73e4-4cf1-a129-6c88f4aa9dd1","tags":{},"properties":{"clusterVersion":"3.6.1000.67","clusterHdpVersion":"2.6.5.3032-3","osType":"Linux","clusterDefinition":{"blueprint":"https://blueprints.azurehdinsight.net/hadoop-3.6.1000.67.2012080609.json","kind":"hadoop","componentVersion":{"hadoop":"2.7"}},"clusterId":"5a7c75ad4f764d6aaf3690e032abd4d4","computeProfile":{"roles":[{"name":"headnode","targetInstanceCount":2,"hardwareProfile":{"vmSize":"standard_a4_v2"},"osProfile":{"linuxOperatingSystemProfile":{"username":"sshuser"}},"encryptDataDisks":false},{"name":"workernode","targetInstanceCount":3,"hardwareProfile":{"vmSize":"standard_a4_v2"},"osProfile":{"linuxOperatingSystemProfile":{"username":"sshuser"}},"encryptDataDisks":false},{"name":"zookeepernode","targetInstanceCount":3,"hardwareProfile":{"vmSize":"standard_a1_v2"},"osProfile":{"linuxOperatingSystemProfile":{"username":"sshuser"}},"encryptDataDisks":false}]},"provisioningState":"Succeeded","clusterState":"Running","createdDate":"2021-01-25T06:09:58.463","quotaInfo":{"coresUsed":20},"connectivityEndpoints":[{"name":"SSH","protocol":"TCP","location":"hdisdk-cluster-rg296ce175c-ssh.azurehdinsight.net","port":22},{"name":"HTTPS","protocol":"TCP","location":"hdisdk-cluster-rg296ce175c.azurehdinsight.net","port":443}],"tier":"standard","encryptionInTransitProperties":{"isEncryptionInTransitEnabled":false},"storageProfile":{"storageaccounts":[{"name":"hdipy.blob.core.windows.net","resourceId":null,"msiResourceId":null,"key":null,"fileSystem":null,"container":"hdisdk-cluster-rg296ce175c","saskey":null,"isDefault":true,"fileshare":null}]},"excludedServicesConfig":{"excludedServicesConfigId":"default","excludedServicesList":""},"computeIsolationProperties":{"enableComputeIsolation":false,"hostSku":null}}}]}'
    headers:
      cache-control:
      - no-cache
      content-length:
      - '4141'
      content-type:
      - application/json; charset=utf-8
      date:
      - Mon, 25 Jan 2021 06:23:23 GMT
      expires:
      - '-1'
      pragma:
      - no-cache
      strict-transport-security:
      - max-age=31536000; includeSubDomains
      transfer-encoding:
      - chunked
      vary:
      - Accept-Encoding
      x-content-type-options:
      - nosniff
      x-ms-hdi-matched-rule:
      - CsmV2ResourcesInResourceGroupList
      x-ms-hdi-routed-to:
      - GlobalAndRegionalRp
      x-ms-hdi-served-by:
      - global,global
    status:
      code: 200
      message: OK
version: 1
