interactions:
- request:
    body: null
    headers:
      User-Agent:
      - azsdk-python-storage-blob/12.0.0b4 Python/3.7.3 (Windows-10-10.0.18362-SP0)
      x-ms-date:
      - Thu, 10 Oct 2019 20:13:51 GMT
      x-ms-version:
      - '2019-02-02'
    method: PUT
    uri: https://blobstoragename.blob.core.windows.net/containerff8e1cc1?restype=container
  response:
    body:
      string: ''
    headers:
      content-length: '0'
      date: Thu, 10 Oct 2019 20:13:51 GMT
      etag: '"0x8D74DBE5E857B68"'
      last-modified: Thu, 10 Oct 2019 20:13:52 GMT
      server: Windows-Azure-Blob/1.0 Microsoft-HTTPAPI/2.0
      x-ms-version: '2019-02-02'
    status:
      code: 201
      message: Created
    url: !!python/object/new:yarl.URL
      state: !!python/tuple
      - !!python/object/new:urllib.parse.SplitResult
        - https
        - pyacrstorageff8e1cc1.blob.core.windows.net
        - /containerff8e1cc1
        - restype=container
        - ''
- request:
    body: '<?xml version=''1.0'' encoding=''utf-8''?>

      <SignedIdentifiers><SignedIdentifier><Id>testid</Id><AccessPolicy><Start>2019-10-10T20:13:52Z</Start><Expiry>2019-10-10T21:13:52Z</Expiry><Permission>r</Permission></AccessPolicy></SignedIdentifier></SignedIdentifiers>'
    headers:
      Content-Length:
      - '257'
      Content-Type:
      - application/xml; charset=utf-8
      User-Agent:
      - azsdk-python-storage-blob/12.0.0b4 Python/3.7.3 (Windows-10-10.0.18362-SP0)
      x-ms-date:
      - Thu, 10 Oct 2019 20:13:52 GMT
      x-ms-version:
      - '2019-02-02'
    method: PUT
    uri: https://blobstoragename.blob.core.windows.net/containerff8e1cc1?restype=container&comp=acl
  response:
    body:
      string: ''
    headers:
      content-length: '0'
      date: Thu, 10 Oct 2019 20:13:51 GMT
      etag: '"0x8D74DBE5E8BB946"'
      last-modified: Thu, 10 Oct 2019 20:13:52 GMT
      server: Windows-Azure-Blob/1.0 Microsoft-HTTPAPI/2.0
      x-ms-version: '2019-02-02'
    status:
      code: 200
      message: OK
    url: !!python/object/new:yarl.URL
      state: !!python/tuple
      - !!python/object/new:urllib.parse.SplitResult
        - https
        - pyacrstorageff8e1cc1.blob.core.windows.net
        - /containerff8e1cc1
        - restype=container&comp=acl
        - ''
- request:
    body: null
    headers:
      User-Agent:
      - azsdk-python-storage-blob/12.0.0b4 Python/3.7.3 (Windows-10-10.0.18362-SP0)
      x-ms-client-request-id:
      - ef109eb0-ec82-11e9-865a-b831b58100e8
      x-ms-date:
      - Fri, 11 Oct 2019 23:57:51 GMT
      x-ms-version:
      - '2019-02-02'
    method: PUT
    uri: https://blobstoragename.blob.core.windows.net/containerff8e1cc1?restype=container
  response:
    body:
      string: ''
    headers:
      ? !!python/object/new:multidict._istr.istr
      - Content-Length
      : '0'
      ? !!python/object/new:multidict._istr.istr
      - Date
      : Fri, 11 Oct 2019 23:57:50 GMT
      ? !!python/object/new:multidict._istr.istr
      - Etag
      : '"0x8D74EA6D33A1D2B"'
      ? !!python/object/new:multidict._istr.istr
      - Last-Modified
      : Fri, 11 Oct 2019 23:57:51 GMT
      ? !!python/object/new:multidict._istr.istr
      - Server
      : Windows-Azure-Blob/1.0 Microsoft-HTTPAPI/2.0
      x-ms-request-id: 4a7dc43f-f01e-0072-478f-80153e000000
      x-ms-version: '2019-02-02'
    status:
      code: 201
      message: Created
    url: !!python/object/new:yarl.URL
      state: !!python/tuple
      - !!python/object/new:urllib.parse.SplitResult
        - https
        - amqptest.blob.core.windows.net
        - /containerff8e1cc1
        - restype=container
        - ''
- request:
    body: '<?xml version=''1.0'' encoding=''utf-8''?>

      <SignedIdentifiers><SignedIdentifier><Id>testid</Id><AccessPolicy><Start>2019-10-11T23:57:51Z</Start><Expiry>2019-10-12T00:57:51Z</Expiry><Permission>r</Permission></AccessPolicy></SignedIdentifier></SignedIdentifiers>'
    headers:
      Content-Length:
      - '257'
      Content-Type:
      - application/xml; charset=utf-8
      User-Agent:
      - azsdk-python-storage-blob/12.0.0b4 Python/3.7.3 (Windows-10-10.0.18362-SP0)
      x-ms-client-request-id:
      - ef2b54c0-ec82-11e9-bf36-b831b58100e8
      x-ms-date:
      - Fri, 11 Oct 2019 23:57:51 GMT
      x-ms-version:
      - '2019-02-02'
    method: PUT
    uri: https://blobstoragename.blob.core.windows.net/containerff8e1cc1?restype=container&comp=acl
  response:
    body:
      string: ''
    headers:
      ? !!python/object/new:multidict._istr.istr
      - Content-Length
      : '0'
      ? !!python/object/new:multidict._istr.istr
      - Date
      : Fri, 11 Oct 2019 23:57:50 GMT
      ? !!python/object/new:multidict._istr.istr
      - Etag
      : '"0x8D74EA6D340EFBF"'
      ? !!python/object/new:multidict._istr.istr
      - Last-Modified
      : Fri, 11 Oct 2019 23:57:51 GMT
      ? !!python/object/new:multidict._istr.istr
      - Server
      : Windows-Azure-Blob/1.0 Microsoft-HTTPAPI/2.0
      x-ms-request-id: 4a7dc44f-f01e-0072-548f-80153e000000
      x-ms-version: '2019-02-02'
    status:
      code: 200
      message: OK
    url: !!python/object/new:yarl.URL
      state: !!python/tuple
      - !!python/object/new:urllib.parse.SplitResult
        - https
        - amqptest.blob.core.windows.net
        - /containerff8e1cc1
        - restype=container&comp=acl
        - ''
- request:
    body: null
    headers:
      User-Agent:
      - azsdk-python-storage-blob/12.0.0b4 Python/3.7.3 (Windows-10-10.0.18362-SP0)
      x-ms-client-request-id:
      - 00f49fb0-ec86-11e9-8607-b831b58100e8
      x-ms-date:
      - Sat, 12 Oct 2019 00:19:49 GMT
      x-ms-version:
      - '2019-02-02'
    method: PUT
    uri: https://blobstoragename.blob.core.windows.net/containerff8e1cc1?restype=container
  response:
    body:
      string: ''
    headers:
      ? !!python/object/new:multidict._istr.istr
      - Content-Length
      : '0'
      ? !!python/object/new:multidict._istr.istr
      - Date
      : Sat, 12 Oct 2019 00:19:48 GMT
      ? !!python/object/new:multidict._istr.istr
      - Etag
      : '"0x8D74EA9E5184A67"'
      ? !!python/object/new:multidict._istr.istr
      - Last-Modified
      : Sat, 12 Oct 2019 00:19:49 GMT
      ? !!python/object/new:multidict._istr.istr
      - Server
      : Windows-Azure-Blob/1.0 Microsoft-HTTPAPI/2.0
      x-ms-request-id: 243d1111-901e-002d-7892-80e7c0000000
      x-ms-version: '2019-02-02'
    status:
      code: 201
      message: Created
    url: !!python/object/new:yarl.URL
      state: !!python/tuple
      - !!python/object/new:urllib.parse.SplitResult
        - https
        - amqptest.blob.core.windows.net
        - /containerff8e1cc1
        - restype=container
        - ''
- request:
    body: '<?xml version=''1.0'' encoding=''utf-8''?>

      <SignedIdentifiers><SignedIdentifier><Id>testid</Id><AccessPolicy><Start>2019-10-12T00:19:49Z</Start><Expiry>2019-10-12T01:19:49Z</Expiry><Permission>r</Permission></AccessPolicy></SignedIdentifier></SignedIdentifiers>'
    headers:
      Content-Length:
      - '257'
      Content-Type:
      - application/xml; charset=utf-8
      User-Agent:
      - azsdk-python-storage-blob/12.0.0b4 Python/3.7.3 (Windows-10-10.0.18362-SP0)
      x-ms-client-request-id:
      - 010bf60c-ec86-11e9-ba0c-b831b58100e8
      x-ms-date:
      - Sat, 12 Oct 2019 00:19:49 GMT
      x-ms-version:
      - '2019-02-02'
    method: PUT
    uri: https://blobstoragename.blob.core.windows.net/containerff8e1cc1?restype=container&comp=acl
  response:
    body:
      string: ''
    headers:
      ? !!python/object/new:multidict._istr.istr
      - Content-Length
      : '0'
      ? !!python/object/new:multidict._istr.istr
      - Date
      : Sat, 12 Oct 2019 00:19:48 GMT
      ? !!python/object/new:multidict._istr.istr
      - Etag
      : '"0x8D74EA9E52004F5"'
      ? !!python/object/new:multidict._istr.istr
      - Last-Modified
      : Sat, 12 Oct 2019 00:19:49 GMT
      ? !!python/object/new:multidict._istr.istr
      - Server
      : Windows-Azure-Blob/1.0 Microsoft-HTTPAPI/2.0
      x-ms-request-id: 243d111f-901e-002d-0292-80e7c0000000
      x-ms-version: '2019-02-02'
    status:
      code: 200
      message: OK
    url: !!python/object/new:yarl.URL
      state: !!python/tuple
      - !!python/object/new:urllib.parse.SplitResult
        - https
        - amqptest.blob.core.windows.net
        - /containerff8e1cc1
        - restype=container&comp=acl
        - ''
- request:
    body: null
    headers:
      User-Agent:
      - azsdk-python-storage-blob/12.0.0b4 Python/3.7.3 (Windows-10-10.0.18362-SP0)
      x-ms-client-request-id:
      - 4b82f368-ec86-11e9-9b44-b831b58100e8
      x-ms-date:
      - Sat, 12 Oct 2019 00:21:54 GMT
      x-ms-version:
      - '2019-02-02'
    method: PUT
    uri: https://blobstoragename.blob.core.windows.net/containerff8e1cc1?restype=container
  response:
    body:
      string: ''
    headers:
      ? !!python/object/new:multidict._istr.istr
      - Content-Length
      : '0'
      ? !!python/object/new:multidict._istr.istr
      - Date
      : Sat, 12 Oct 2019 00:21:54 GMT
      ? !!python/object/new:multidict._istr.istr
      - Etag
      : '"0x8D74EAA2FA727F8"'
      ? !!python/object/new:multidict._istr.istr
      - Last-Modified
      : Sat, 12 Oct 2019 00:21:54 GMT
      ? !!python/object/new:multidict._istr.istr
      - Server
      : Windows-Azure-Blob/1.0 Microsoft-HTTPAPI/2.0
      x-ms-request-id: 4181b700-701e-0041-2a93-804c13000000
      x-ms-version: '2019-02-02'
    status:
      code: 201
      message: Created
    url: !!python/object/new:yarl.URL
      state: !!python/tuple
      - !!python/object/new:urllib.parse.SplitResult
        - https
        - amqptest.blob.core.windows.net
        - /containerff8e1cc1
        - restype=container
        - ''
- request:
    body: '<?xml version=''1.0'' encoding=''utf-8''?>

      <SignedIdentifiers><SignedIdentifier><Id>testid</Id><AccessPolicy><Start>2019-10-12T00:21:54Z</Start><Expiry>2019-10-12T01:21:54Z</Expiry><Permission>r</Permission></AccessPolicy></SignedIdentifier></SignedIdentifiers>'
    headers:
      Content-Length:
      - '257'
      Content-Type:
      - application/xml; charset=utf-8
      User-Agent:
      - azsdk-python-storage-blob/12.0.0b4 Python/3.7.3 (Windows-10-10.0.18362-SP0)
      x-ms-client-request-id:
      - 4b9b35ac-ec86-11e9-9c0a-b831b58100e8
      x-ms-date:
      - Sat, 12 Oct 2019 00:21:54 GMT
      x-ms-version:
      - '2019-02-02'
    method: PUT
    uri: https://blobstoragename.blob.core.windows.net/containerff8e1cc1?restype=container&comp=acl
  response:
    body:
      string: ''
    headers:
      ? !!python/object/new:multidict._istr.istr
      - Content-Length
      : '0'
      ? !!python/object/new:multidict._istr.istr
      - Date
      : Sat, 12 Oct 2019 00:21:54 GMT
      ? !!python/object/new:multidict._istr.istr
      - Etag
      : '"0x8D74EAA2FAE9BF8"'
      ? !!python/object/new:multidict._istr.istr
      - Last-Modified
      : Sat, 12 Oct 2019 00:21:54 GMT
      ? !!python/object/new:multidict._istr.istr
      - Server
      : Windows-Azure-Blob/1.0 Microsoft-HTTPAPI/2.0
      x-ms-request-id: 4181b716-701e-0041-3c93-804c13000000
      x-ms-version: '2019-02-02'
    status:
      code: 200
      message: OK
    url: !!python/object/new:yarl.URL
      state: !!python/tuple
      - !!python/object/new:urllib.parse.SplitResult
        - https
        - amqptest.blob.core.windows.net
        - /containerff8e1cc1
        - restype=container&comp=acl
        - ''
- request:
    body: null
    headers:
      User-Agent:
      - azsdk-python-storage-blob/12.0.0b4 Python/3.7.3 (Windows-10-10.0.18362-SP0)
      x-ms-client-request-id:
      - af212f00-ec86-11e9-a2a8-b831b58100e8
      x-ms-date:
      - Sat, 12 Oct 2019 00:24:41 GMT
      x-ms-version:
      - '2019-02-02'
    method: PUT
    uri: https://blobstoragename.blob.core.windows.net/containerff8e1cc1?restype=container
  response:
    body:
      string: ''
    headers:
      ? !!python/object/new:multidict._istr.istr
      - Content-Length
      : '0'
      ? !!python/object/new:multidict._istr.istr
      - Date
      : Sat, 12 Oct 2019 00:24:41 GMT
      ? !!python/object/new:multidict._istr.istr
      - Etag
      : '"0x8D74EAA9344963A"'
      ? !!python/object/new:multidict._istr.istr
      - Last-Modified
      : Sat, 12 Oct 2019 00:24:41 GMT
      ? !!python/object/new:multidict._istr.istr
      - Server
      : Windows-Azure-Blob/1.0 Microsoft-HTTPAPI/2.0
      x-ms-request-id: 95107d71-e01e-0000-1293-806400000000
      x-ms-version: '2019-02-02'
    status:
      code: 201
      message: Created
    url: !!python/object/new:yarl.URL
      state: !!python/tuple
      - !!python/object/new:urllib.parse.SplitResult
        - https
        - amqptest.blob.core.windows.net
        - /containerff8e1cc1
        - restype=container
        - ''
- request:
    body: '<?xml version=''1.0'' encoding=''utf-8''?>

      <SignedIdentifiers><SignedIdentifier><Id>testid</Id><AccessPolicy><Start>2019-10-12T00:24:42Z</Start><Expiry>2019-10-12T01:24:42Z</Expiry><Permission>r</Permission></AccessPolicy></SignedIdentifier></SignedIdentifiers>'
    headers:
      Content-Length:
      - '257'
      Content-Type:
      - application/xml; charset=utf-8
      User-Agent:
      - azsdk-python-storage-blob/12.0.0b4 Python/3.7.3 (Windows-10-10.0.18362-SP0)
      x-ms-client-request-id:
      - af38610c-ec86-11e9-ad94-b831b58100e8
      x-ms-date:
      - Sat, 12 Oct 2019 00:24:42 GMT
      x-ms-version:
      - '2019-02-02'
    method: PUT
    uri: https://blobstoragename.blob.core.windows.net/containerff8e1cc1?restype=container&comp=acl
  response:
    body:
      string: ''
    headers:
      ? !!python/object/new:multidict._istr.istr
      - Content-Length
      : '0'
      ? !!python/object/new:multidict._istr.istr
      - Date
      : Sat, 12 Oct 2019 00:24:41 GMT
      ? !!python/object/new:multidict._istr.istr
      - Etag
      : '"0x8D74EAA934B90CB"'
      ? !!python/object/new:multidict._istr.istr
      - Last-Modified
      : Sat, 12 Oct 2019 00:24:41 GMT
      ? !!python/object/new:multidict._istr.istr
      - Server
      : Windows-Azure-Blob/1.0 Microsoft-HTTPAPI/2.0
      x-ms-request-id: 95107d89-e01e-0000-2593-806400000000
      x-ms-version: '2019-02-02'
    status:
      code: 200
      message: OK
    url: !!python/object/new:yarl.URL
      state: !!python/tuple
      - !!python/object/new:urllib.parse.SplitResult
        - https
        - amqptest.blob.core.windows.net
        - /containerff8e1cc1
        - restype=container&comp=acl
        - ''
- request:
    body: null
    headers:
      User-Agent:
      - azsdk-python-storage-blob/12.0.0b4 Python/3.7.3 (Windows-10-10.0.18362-SP0)
      x-ms-client-request-id:
      - 09d1753a-ec87-11e9-b1b3-b831b58100e8
      x-ms-date:
      - Sat, 12 Oct 2019 00:27:14 GMT
      x-ms-version:
      - '2019-02-02'
    method: PUT
    uri: https://blobstoragename.blob.core.windows.net/containerff8e1cc1?restype=container
  response:
    body:
      string: ''
    headers:
      ? !!python/object/new:multidict._istr.istr
      - Content-Length
      : '0'
      ? !!python/object/new:multidict._istr.istr
      - Date
      : Sat, 12 Oct 2019 00:27:13 GMT
      ? !!python/object/new:multidict._istr.istr
      - Etag
      : '"0x8D74EAAEDF49252"'
      ? !!python/object/new:multidict._istr.istr
      - Last-Modified
      : Sat, 12 Oct 2019 00:27:13 GMT
      ? !!python/object/new:multidict._istr.istr
      - Server
      : Windows-Azure-Blob/1.0 Microsoft-HTTPAPI/2.0
      x-ms-request-id: 67ac0aa5-801e-00ba-1d93-808409000000
      x-ms-version: '2019-02-02'
    status:
      code: 201
      message: Created
    url: !!python/object/new:yarl.URL
      state: !!python/tuple
      - !!python/object/new:urllib.parse.SplitResult
        - https
        - amqptest.blob.core.windows.net
        - /containerff8e1cc1
        - restype=container
        - ''
- request:
    body: '<?xml version=''1.0'' encoding=''utf-8''?>

      <SignedIdentifiers><SignedIdentifier><Id>testid</Id><AccessPolicy><Start>2019-10-12T00:27:14Z</Start><Expiry>2019-10-12T01:27:14Z</Expiry><Permission>r</Permission></AccessPolicy></SignedIdentifier></SignedIdentifiers>'
    headers:
      Content-Length:
      - '257'
      Content-Type:
      - application/xml; charset=utf-8
      User-Agent:
      - azsdk-python-storage-blob/12.0.0b4 Python/3.7.3 (Windows-10-10.0.18362-SP0)
      x-ms-client-request-id:
      - 09e8ce3a-ec87-11e9-9c32-b831b58100e8
      x-ms-date:
      - Sat, 12 Oct 2019 00:27:14 GMT
      x-ms-version:
      - '2019-02-02'
    method: PUT
    uri: https://blobstoragename.blob.core.windows.net/containerff8e1cc1?restype=container&comp=acl
  response:
    body:
      string: ''
    headers:
      ? !!python/object/new:multidict._istr.istr
      - Content-Length
      : '0'
      ? !!python/object/new:multidict._istr.istr
      - Date
      : Sat, 12 Oct 2019 00:27:13 GMT
      ? !!python/object/new:multidict._istr.istr
      - Etag
      : '"0x8D74EAAEDFB9C24"'
      ? !!python/object/new:multidict._istr.istr
      - Last-Modified
      : Sat, 12 Oct 2019 00:27:14 GMT
      ? !!python/object/new:multidict._istr.istr
      - Server
      : Windows-Azure-Blob/1.0 Microsoft-HTTPAPI/2.0
      x-ms-request-id: 67ac0ab3-801e-00ba-2993-808409000000
      x-ms-version: '2019-02-02'
    status:
      code: 200
      message: OK
    url: !!python/object/new:yarl.URL
      state: !!python/tuple
      - !!python/object/new:urllib.parse.SplitResult
        - https
        - amqptest.blob.core.windows.net
        - /containerff8e1cc1
        - restype=container&comp=acl
        - ''
version: 1
