interactions:
- request:
    body: null
    headers:
      User-Agent: [azsdk-python-storage-blob/12.0.0b4 Python/3.7.0 (Windows-10-10.0.18362-SP0)]
      x-ms-date: ['Thu, 17 Oct 2019 19:52:32 GMT']
      x-ms-version: ['2019-02-02']
    method: PUT
    uri: https://blobstoragename.blob.core.windows.net/acontainer50b315f3?restype=container
  response:
    body: {string: ''}
    headers: {content-length: '0', date: 'Thu, 17 Oct 2019 19:52:33 GMT', etag: '"0x8D7533B8D6CC1CE"',
      last-modified: 'Thu, 17 Oct 2019 19:52:33 GMT', server: Windows-Azure-Blob/1.0
        Microsoft-HTTPAPI/2.0, x-ms-version: '2019-02-02'}
    status: {code: 201, message: Created}
    url: !!python/object/new:yarl.URL
      state: !!python/tuple
      - !!python/object/new:urllib.parse.SplitResult [https, pyacrstorage3wfv5caujmik.blob.core.windows.net,
        /acontainer50b315f3, restype=container, '']
- request:
    body: null
    headers:
      User-Agent: [azsdk-python-storage-blob/12.0.0b4 Python/3.7.0 (Windows-10-10.0.18362-SP0)]
      x-ms-date: ['Thu, 17 Oct 2019 19:52:33 GMT']
      x-ms-lease-action: [acquire]
      x-ms-lease-duration: ['-1']
      x-ms-proposed-lease-id: [f342bcc4-b206-4671-ae4c-ee096f7ba751]
      x-ms-version: ['2019-02-02']
    method: PUT
    uri: https://blobstoragename.blob.core.windows.net/acontainer50b315f3?comp=lease&restype=container
  response:
    body: {string: ''}
    headers: {content-length: '0', date: 'Thu, 17 Oct 2019 19:52:33 GMT', etag: '"0x8D7533B8D6CC1CE"',
      last-modified: 'Thu, 17 Oct 2019 19:52:33 GMT', server: Windows-Azure-Blob/1.0
        Microsoft-HTTPAPI/2.0, x-ms-lease-id: f342bcc4-b206-4671-ae4c-ee096f7ba751,
      x-ms-version: '2019-02-02'}
    status: {code: 201, message: Created}
    url: !!python/object/new:yarl.URL
      state: !!python/tuple
      - !!python/object/new:urllib.parse.SplitResult [https, pyacrstorage3wfv5caujmik.blob.core.windows.net,
        /acontainer50b315f3, comp=lease&restype=container, '']
- request:
    body: null
    headers:
      User-Agent: [azsdk-python-storage-blob/12.0.0b4 Python/3.7.0 (Windows-10-10.0.18362-SP0)]
      x-ms-date: ['Thu, 17 Oct 2019 19:52:33 GMT']
      x-ms-version: ['2019-02-02']
    method: GET
    uri: https://blobstoragename.blob.core.windows.net/acontainer50b315f3?restype=container
  response:
    body: {string: ''}
    headers: {content-length: '0', date: 'Thu, 17 Oct 2019 19:52:33 GMT', etag: '"0x8D7533B8D6CC1CE"',
      last-modified: 'Thu, 17 Oct 2019 19:52:33 GMT', server: Windows-Azure-Blob/1.0
        Microsoft-HTTPAPI/2.0, x-ms-has-immutability-policy: 'false', x-ms-has-legal-hold: 'false',
      x-ms-lease-duration: infinite, x-ms-lease-state: leased, x-ms-lease-status: locked,
      x-ms-version: '2019-02-02'}
    status: {code: 200, message: OK}
    url: !!python/object/new:yarl.URL
      state: !!python/tuple
      - !!python/object/new:urllib.parse.SplitResult [https, pyacrstorage3wfv5caujmik.blob.core.windows.net,
        /acontainer50b315f3, restype=container, '']
version: 1
