interactions:
- request:
    body: null
    headers:
      User-Agent: [azsdk-python-storage-blob/12.0.0b4 Python/3.7.0 (Windows-10-10.0.18362-SP0)]
      x-ms-blob-public-access: [blob]
      x-ms-date: ['Thu, 17 Oct 2019 19:52:34 GMT']
      x-ms-version: ['2019-02-02']
    method: PUT
    uri: https://blobstoragename.blob.core.windows.net/acontainer8de71b0b?restype=container
  response:
    body: {string: ''}
    headers: {content-length: '0', date: 'Thu, 17 Oct 2019 19:52:34 GMT', etag: '"0x8D7533B8DF41CFA"',
      last-modified: 'Thu, 17 Oct 2019 19:52:34 GMT', server: Windows-Azure-Blob/1.0
        Microsoft-HTTPAPI/2.0, x-ms-version: '2019-02-02'}
    status: {code: 201, message: Created}
    url: !!python/object/new:yarl.URL
      state: !!python/tuple
      - !!python/object/new:urllib.parse.SplitResult [https, pyacrstorage3wfv5caujmik.blob.core.windows.net,
        /acontainer8de71b0b, restype=container, '']
- request:
    body: xyz
    headers:
      Content-Length: ['3']
      Content-Type: [application/octet-stream]
      If-None-Match: ['*']
      User-Agent: [azsdk-python-storage-blob/12.0.0b4 Python/3.7.0 (Windows-10-10.0.18362-SP0)]
      x-ms-blob-type: [BlockBlob]
      x-ms-date: ['Thu, 17 Oct 2019 19:52:34 GMT']
      x-ms-version: ['2019-02-02']
    method: PUT
    uri: https://blobstoragename.blob.core.windows.net/acontainer8de71b0b/blob1
  response:
    body: {string: ''}
    headers: {content-length: '0', content-md5: 0W+zbwkR+HiZjBNhka9wXg==, date: 'Thu,
        17 Oct 2019 19:52:34 GMT', etag: '"0x8D7533B8DFC8F42"', last-modified: 'Thu,
        17 Oct 2019 19:52:34 GMT', server: Windows-Azure-Blob/1.0 Microsoft-HTTPAPI/2.0,
      x-ms-content-crc64: bCYgP0hudnQ=, x-ms-request-server-encrypted: 'true', x-ms-version: '2019-02-02'}
    status: {code: 201, message: Created}
    url: !!python/object/new:yarl.URL
      state: !!python/tuple
      - !!python/object/new:urllib.parse.SplitResult [https, pyacrstorage3wfv5caujmik.blob.core.windows.net,
        /acontainer8de71b0b/blob1, '', '']
- request:
    body: null
    headers:
      Accept: [application/xml]
      User-Agent: [azsdk-python-storage-blob/12.0.0b4 Python/3.7.0 (Windows-10-10.0.18362-SP0)]
      x-ms-date: ['Thu, 17 Oct 2019 19:52:34 GMT']
      x-ms-range: [bytes=0-33554431]
      x-ms-version: ['2019-02-02']
    method: GET
    uri: https://blobstoragename.blob.core.windows.net/acontainer8de71b0b/blob1
  response:
    body: {string: xyz}
    headers: {accept-ranges: bytes, content-length: '3', content-range: bytes 0-2/3,
      content-type: application/octet-stream, date: 'Thu, 17 Oct 2019 19:52:34 GMT',
      etag: '"0x8D7533B8DFC8F42"', last-modified: 'Thu, 17 Oct 2019 19:52:34 GMT',
      server: Windows-Azure-Blob/1.0 Microsoft-HTTPAPI/2.0, x-ms-blob-content-md5: 0W+zbwkR+HiZjBNhka9wXg==,
      x-ms-blob-type: BlockBlob, x-ms-creation-time: 'Thu, 17 Oct 2019 19:52:34 GMT',
      x-ms-lease-state: available, x-ms-lease-status: unlocked, x-ms-server-encrypted: 'true',
      x-ms-version: '2019-02-02'}
    status: {code: 206, message: Partial Content}
    url: !!python/object/new:yarl.URL
      state: !!python/tuple
      - !!python/object/new:urllib.parse.SplitResult [https, pyacrstorage3wfv5caujmik.blob.core.windows.net,
        /acontainer8de71b0b/blob1, '', '']
version: 1
