interactions:
- request:
    body: null
    headers:
      User-Agent:
      - azsdk-python-storage-blob/12.0.0b4 Python/3.7.3 (Windows-10-10.0.18362-SP0)
      x-ms-date:
      - Thu, 10 Oct 2019 20:14:31 GMT
      x-ms-version:
      - '2019-02-02'
    method: PUT
    uri: https://pyacrstoragef5ba18c8.blob.core.windows.net/containerf5ba18c8?restype=container
  response:
    body:
      string: ''
    headers:
      content-length: '0'
      date: Thu, 10 Oct 2019 20:14:31 GMT
      etag: '"0x8D74DBE7656108C"'
      last-modified: Thu, 10 Oct 2019 20:14:32 GMT
      server: Windows-Azure-Blob/1.0 Microsoft-HTTPAPI/2.0
      x-ms-version: '2019-02-02'
    status:
      code: 201
      message: Created
    url: !!python/object/new:yarl.URL
      state: !!python/tuple
      - !!python/object/new:urllib.parse.SplitResult
        - https
        - pyacrstoragef5ba18c8.blob.core.windows.net
        - /containerf5ba18c8
        - restype=container
        - ''
- request:
    body: null
    headers:
      Content-Type:
      - application/xml; charset=utf-8
      User-Agent:
      - azsdk-python-storage-blob/12.0.0b4 Python/3.7.3 (Windows-10-10.0.18362-SP0)
      x-ms-blob-public-access:
      - blob
      x-ms-date:
      - Thu, 10 Oct 2019 20:14:32 GMT
      x-ms-version:
      - '2019-02-02'
    method: PUT
    uri: https://pyacrstoragef5ba18c8.blob.core.windows.net/containerf5ba18c8?restype=container&comp=acl
  response:
    body:
      string: ''
    headers:
      content-length: '0'
      date: Thu, 10 Oct 2019 20:14:31 GMT
      etag: '"0x8D74DBE765B8F96"'
      last-modified: Thu, 10 Oct 2019 20:14:32 GMT
      server: Windows-Azure-Blob/1.0 Microsoft-HTTPAPI/2.0
      x-ms-version: '2019-02-02'
    status:
      code: 200
      message: OK
    url: !!python/object/new:yarl.URL
      state: !!python/tuple
      - !!python/object/new:urllib.parse.SplitResult
        - https
        - pyacrstoragef5ba18c8.blob.core.windows.net
        - /containerf5ba18c8
        - restype=container&comp=acl
        - ''
- request:
    body: null
    headers:
      Accept:
      - application/xml
      User-Agent:
      - azsdk-python-storage-blob/12.0.0b4 Python/3.7.3 (Windows-10-10.0.18362-SP0)
      x-ms-date:
      - Thu, 10 Oct 2019 20:14:32 GMT
      x-ms-version:
      - '2019-02-02'
    method: GET
    uri: https://pyacrstoragef5ba18c8.blob.core.windows.net/?prefix=containerf5ba18c8&comp=list
  response:
    body:
      string: "\uFEFF<?xml version=\"1.0\" encoding=\"utf-8\"?><EnumerationResults
        ServiceEndpoint=\"https://pyacrstoragef5ba18c8.blob.core.windows.net/\"><Prefix>containerf5ba18c8</Prefix><Containers><Container><Name>containerf5ba18c8</Name><Properties><Last-Modified>Thu,
        10 Oct 2019 20:14:32 GMT</Last-Modified><Etag>\"0x8D74DBE765B8F96\"</Etag><LeaseStatus>unlocked</LeaseStatus><LeaseState>available</LeaseState><PublicAccess>blob</PublicAccess><DefaultEncryptionScope>$account-encryption-key</DefaultEncryptionScope><DenyEncryptionScopeOverride>false</DenyEncryptionScopeOverride><HasImmutabilityPolicy>false</HasImmutabilityPolicy><HasLegalHold>false</HasLegalHold></Properties></Container></Containers><NextMarker
        /></EnumerationResults>"
    headers:
      content-type: application/xml
      date: Thu, 10 Oct 2019 20:14:31 GMT
      server: Windows-Azure-Blob/1.0 Microsoft-HTTPAPI/2.0
      transfer-encoding: chunked
      x-ms-version: '2019-02-02'
    status:
      code: 200
      message: OK
    url: !!python/object/new:yarl.URL
      state: !!python/tuple
      - !!python/object/new:urllib.parse.SplitResult
        - https
        - pyacrstoragef5ba18c8.blob.core.windows.net
        - /
        - prefix=containerf5ba18c8&comp=list
        - ''
- request:
    body: null
    headers:
      User-Agent:
      - azsdk-python-storage-blob/12.0.0b4 Python/3.7.3 (Windows-10-10.0.18362-SP0)
      x-ms-client-request-id:
      - 271481ae-ec85-11e9-8b64-b831b58100e8
      x-ms-date:
      - Sat, 12 Oct 2019 00:13:44 GMT
      x-ms-version:
      - '2019-02-02'
    method: PUT
    uri: https://blobstoragename.blob.core.windows.net/containerf5ba18c8?restype=container
  response:
    body:
      string: ''
    headers:
      ? !!python/object/new:multidict._istr.istr
      - Content-Length
      : '0'
      ? !!python/object/new:multidict._istr.istr
      - Date
      : Sat, 12 Oct 2019 00:13:43 GMT
      ? !!python/object/new:multidict._istr.istr
      - Etag
      : '"0x8D74EA90B467EC3"'
      ? !!python/object/new:multidict._istr.istr
      - Last-Modified
      : Sat, 12 Oct 2019 00:13:44 GMT
      ? !!python/object/new:multidict._istr.istr
      - Server
      : Windows-Azure-Blob/1.0 Microsoft-HTTPAPI/2.0
      x-ms-request-id: 4dbf8bd5-501e-0012-1191-80501c000000
      x-ms-version: '2019-02-02'
    status:
      code: 201
      message: Created
    url: !!python/object/new:yarl.URL
      state: !!python/tuple
      - !!python/object/new:urllib.parse.SplitResult
        - https
        - amqptest.blob.core.windows.net
        - /containerf5ba18c8
        - restype=container
        - ''
- request:
    body: '<?xml version=''1.0'' encoding=''utf-8''?>

      <SignedIdentifiers><SignedIdentifier><Id>testid</Id><AccessPolicy><Start>2019-10-12T00:13:44Z</Start><Expiry>2019-10-12T01:13:44Z</Expiry><Permission>r</Permission></AccessPolicy></SignedIdentifier></SignedIdentifiers>'
    headers:
      Content-Length:
      - '257'
      Content-Type:
      - application/xml; charset=utf-8
      User-Agent:
      - azsdk-python-storage-blob/12.0.0b4 Python/3.7.3 (Windows-10-10.0.18362-SP0)
      x-ms-blob-public-access:
      - blob
      x-ms-client-request-id:
      - 273a80d0-ec85-11e9-8ed0-b831b58100e8
      x-ms-date:
      - Sat, 12 Oct 2019 00:13:44 GMT
      x-ms-version:
      - '2019-02-02'
    method: PUT
    uri: https://blobstoragename.blob.core.windows.net/containerf5ba18c8?restype=container&comp=acl
  response:
    body:
      string: ''
    headers:
      ? !!python/object/new:multidict._istr.istr
      - Content-Length
      : '0'
      ? !!python/object/new:multidict._istr.istr
      - Date
      : Sat, 12 Oct 2019 00:13:43 GMT
      ? !!python/object/new:multidict._istr.istr
      - Etag
      : '"0x8D74EA90B4E5AC2"'
      ? !!python/object/new:multidict._istr.istr
      - Last-Modified
      : Sat, 12 Oct 2019 00:13:44 GMT
      ? !!python/object/new:multidict._istr.istr
      - Server
      : Windows-Azure-Blob/1.0 Microsoft-HTTPAPI/2.0
      x-ms-request-id: 4dbf8be7-501e-0012-1e91-80501c000000
      x-ms-version: '2019-02-02'
    status:
      code: 200
      message: OK
    url: !!python/object/new:yarl.URL
      state: !!python/tuple
      - !!python/object/new:urllib.parse.SplitResult
        - https
        - amqptest.blob.core.windows.net
        - /containerf5ba18c8
        - restype=container&comp=acl
        - ''
- request:
    body: null
    headers:
      Accept:
      - application/xml
      User-Agent:
      - azsdk-python-storage-blob/12.0.0b4 Python/3.7.3 (Windows-10-10.0.18362-SP0)
      x-ms-client-request-id:
      - 2740c224-ec85-11e9-b2b6-b831b58100e8
      x-ms-date:
      - Sat, 12 Oct 2019 00:13:44 GMT
      x-ms-version:
      - '2019-02-02'
    method: GET
    uri: https://blobstoragename.blob.core.windows.net/?prefix=containerf5ba18c8&comp=list
  response:
    body:
      string: "\uFEFF<?xml version=\"1.0\" encoding=\"utf-8\"?><EnumerationResults
        ServiceEndpoint=\"https://blobstoragename.blob.core.windows.net/\"><Prefix>containerf5ba18c8</Prefix><Containers><Container><Name>containerf5ba18c8</Name><Properties><Last-Modified>Sat,
        12 Oct 2019 00:13:44 GMT</Last-Modified><Etag>\"0x8D74EA90B4E5AC2\"</Etag><LeaseStatus>unlocked</LeaseStatus><LeaseState>available</LeaseState><PublicAccess>blob</PublicAccess><DefaultEncryptionScope>$account-encryption-key</DefaultEncryptionScope><DenyEncryptionScopeOverride>false</DenyEncryptionScopeOverride><HasImmutabilityPolicy>false</HasImmutabilityPolicy><HasLegalHold>false</HasLegalHold></Properties></Container></Containers><NextMarker
        /></EnumerationResults>"
    headers:
      ? !!python/object/new:multidict._istr.istr
      - Content-Type
      : application/xml
      ? !!python/object/new:multidict._istr.istr
      - Date
      : Sat, 12 Oct 2019 00:13:43 GMT
      ? !!python/object/new:multidict._istr.istr
      - Server
      : Windows-Azure-Blob/1.0 Microsoft-HTTPAPI/2.0
      ? !!python/object/new:multidict._istr.istr
      - Transfer-Encoding
      : chunked
      ? !!python/object/new:multidict._istr.istr
      - Vary
      : Origin
      x-ms-request-id: 4dbf8bf3-501e-0012-2791-80501c000000
      x-ms-version: '2019-02-02'
    status:
      code: 200
      message: OK
    url: !!python/object/new:yarl.URL
      state: !!python/tuple
      - !!python/object/new:urllib.parse.SplitResult
        - https
        - amqptest.blob.core.windows.net
        - /
        - prefix=containerf5ba18c8&comp=list
        - ''
version: 1
