interactions:
- request:
    body: '{"location": "West US", "tags": {"key1": "value1"}, "properties": {"threatIntelMode":
      "Alert"}}'
    headers:
      Accept:
      - application/json
      Accept-Encoding:
      - gzip, deflate
      Connection:
      - keep-alive
      Content-Length:
      - '95'
      Content-Type:
      - application/json
      User-Agent:
      - azsdk-python-azure-mgmt-network/0.1.0 Python/3.6.9 (Linux-4.9.184-linuxkit-x86_64-with-Ubuntu-18.04-bionic)
    method: PUT
    uri: https://management.azure.com/subscriptions/00000000-0000-0000-0000-000000000000/resourceGroups/test_cli_mgmt_network_firewall_policy_test_network12aa14d0/providers/Microsoft.Network/firewallPolicies/myFirewallPolicy?api-version=2020-03-01
  response:
    body:
      string: "{\r\n  \"properties\": {\r\n    \"threatIntelMode\": \"Alert\",\r\n\
        \    \"childPolicies\": [],\r\n    \"ruleGroups\": [],\r\n    \"firewalls\"\
        : [],\r\n    \"provisioningState\": \"Updating\"\r\n  },\r\n  \"id\": \"/subscriptions/00000000-0000-0000-0000-000000000000/resourceGroups/test_cli_mgmt_network_firewall_policy_test_network12aa14d0/providers/Microsoft.Network/firewallPolicies/myFirewallPolicy\"\
        ,\r\n  \"name\": \"myFirewallPolicy\",\r\n  \"type\": \"Microsoft.Network/FirewallPolicies\"\
        ,\r\n  \"etag\": \"c5d21d1c-1083-4481-8b0a-6478525edf2d\",\r\n  \"location\"\
        : \"westus\",\r\n  \"tags\": {\r\n    \"key1\": \"value1\"\r\n  }\r\n}"
    headers:
      azure-asyncoperation:
      - https://management.azure.com/subscriptions/00000000-0000-0000-0000-000000000000/providers/Microsoft.Network/locations/westus/nfvOperations/cc2b5c93-e5a4-43c6-805b-0b7c74c61fe5?api-version=2020-03-01
      cache-control:
      - no-cache
      content-length:
      - '566'
      content-type:
      - application/json; charset=utf-8
      date:
      - Wed, 22 Apr 2020 06:36:45 GMT
      expires:
      - '-1'
      pragma:
      - no-cache
      server:
      - Microsoft-HTTPAPI/2.0
      strict-transport-security:
      - max-age=31536000; includeSubDomains
      x-content-type-options:
      - nosniff
      x-ms-ratelimit-remaining-subscription-writes:
      - '1196'
    status:
      code: 201
      message: Created
- request:
    body: null
    headers:
      Accept:
      - '*/*'
      Accept-Encoding:
      - gzip, deflate
      Connection:
      - keep-alive
      User-Agent:
      - azsdk-python-azure-mgmt-network/0.1.0 Python/3.6.9 (Linux-4.9.184-linuxkit-x86_64-with-Ubuntu-18.04-bionic)
    method: GET
    uri: https://management.azure.com/subscriptions/00000000-0000-0000-0000-000000000000/providers/Microsoft.Network/locations/westus/nfvOperations/cc2b5c93-e5a4-43c6-805b-0b7c74c61fe5?api-version=2020-03-01
  response:
    body:
      string: "{\r\n  \"status\": \"Succeeded\"\r\n}"
    headers:
      cache-control:
      - no-cache
      content-length:
      - '29'
      content-type:
      - application/json; charset=utf-8
      date:
      - Wed, 22 Apr 2020 06:36:56 GMT
      expires:
      - '-1'
      pragma:
      - no-cache
      server:
      - Microsoft-HTTPAPI/2.0
      strict-transport-security:
      - max-age=31536000; includeSubDomains
      transfer-encoding:
      - chunked
      vary:
      - Accept-Encoding
      x-content-type-options:
      - nosniff
    status:
      code: 200
      message: OK
- request:
    body: null
    headers:
      Accept:
      - '*/*'
      Accept-Encoding:
      - gzip, deflate
      Connection:
      - keep-alive
      User-Agent:
      - azsdk-python-azure-mgmt-network/0.1.0 Python/3.6.9 (Linux-4.9.184-linuxkit-x86_64-with-Ubuntu-18.04-bionic)
    method: GET
    uri: https://management.azure.com/subscriptions/00000000-0000-0000-0000-000000000000/resourceGroups/test_cli_mgmt_network_firewall_policy_test_network12aa14d0/providers/Microsoft.Network/firewallPolicies/myFirewallPolicy?api-version=2020-03-01
  response:
    body:
      string: "{\r\n  \"properties\": {\r\n    \"threatIntelMode\": \"Alert\",\r\n\
        \    \"childPolicies\": [],\r\n    \"ruleGroups\": [],\r\n    \"firewalls\"\
        : [],\r\n    \"provisioningState\": \"Succeeded\"\r\n  },\r\n  \"id\": \"\
        /subscriptions/00000000-0000-0000-0000-000000000000/resourceGroups/test_cli_mgmt_network_firewall_policy_test_network12aa14d0/providers/Microsoft.Network/firewallPolicies/myFirewallPolicy\"\
        ,\r\n  \"name\": \"myFirewallPolicy\",\r\n  \"type\": \"Microsoft.Network/FirewallPolicies\"\
        ,\r\n  \"etag\": \"c5d21d1c-1083-4481-8b0a-6478525edf2d\",\r\n  \"location\"\
        : \"westus\",\r\n  \"tags\": {\r\n    \"key1\": \"value1\"\r\n  }\r\n}"
    headers:
      cache-control:
      - no-cache
      content-length:
      - '567'
      content-type:
      - application/json; charset=utf-8
      date:
      - Wed, 22 Apr 2020 06:36:56 GMT
      expires:
      - '-1'
      pragma:
      - no-cache
      server:
      - Microsoft-HTTPAPI/2.0
      strict-transport-security:
      - max-age=31536000; includeSubDomains
      transfer-encoding:
      - chunked
      vary:
      - Accept-Encoding
      x-content-type-options:
      - nosniff
    status:
      code: 200
      message: OK
- request:
    body: '{"properties": {"priority": 110, "rules": [{"ruleType": "FirewallPolicyFilterRule",
      "name": "Example-Filter-Rule", "action": {"type": "Deny"}, "ruleConditions":
      [{"name": "network-condition1", "ruleConditionType": "NetworkRuleCondition",
      "ipProtocols": ["TCP"], "sourceAddresses": ["10.1.25.0/24"], "destinationAddresses":
      ["*"], "destinationPorts": ["*"]}]}]}}'
    headers:
      Accept:
      - application/json
      Accept-Encoding:
      - gzip, deflate
      Connection:
      - keep-alive
      Content-Length:
      - '361'
      Content-Type:
      - application/json
      User-Agent:
      - azsdk-python-azure-mgmt-network/0.1.0 Python/3.6.9 (Linux-4.9.184-linuxkit-x86_64-with-Ubuntu-18.04-bionic)
    method: PUT
    uri: https://management.azure.com/subscriptions/00000000-0000-0000-0000-000000000000/resourceGroups/test_cli_mgmt_network_firewall_policy_test_network12aa14d0/providers/Microsoft.Network/firewallPolicies/myFirewallPolicy/ruleGroups/myRuleGroup?api-version=2020-03-01
  response:
    body:
      string: "{\r\n  \"properties\": {\r\n    \"priority\": 110,\r\n    \"rules\"\
        : [\r\n      {\r\n        \"ruleType\": \"FirewallPolicyFilterRule\",\r\n\
        \        \"action\": {\r\n          \"type\": \"Deny\"\r\n        },\r\n \
        \       \"ruleConditions\": [\r\n          {\r\n            \"ruleConditionType\"\
        : \"NetworkRuleCondition\",\r\n            \"name\": \"network-condition1\"\
        ,\r\n            \"ipProtocols\": [\r\n              \"TCP\"\r\n         \
        \   ],\r\n            \"sourceAddresses\": [\r\n              \"10.1.25.0/24\"\
        \r\n            ],\r\n            \"destinationAddresses\": [\r\n        \
        \      \"*\"\r\n            ],\r\n            \"destinationPorts\": [\r\n\
        \              \"*\"\r\n            ]\r\n          }\r\n        ],\r\n   \
        \     \"name\": \"Example-Filter-Rule\",\r\n        \"priority\": 0\r\n  \
        \    }\r\n    ],\r\n    \"provisioningState\": \"Updating\"\r\n  },\r\n  \"\
        id\": \"/subscriptions/00000000-0000-0000-0000-000000000000/resourceGroups/test_cli_mgmt_network_firewall_policy_test_network12aa14d0/providers/Microsoft.Network/firewallPolicies/myFirewallPolicy/ruleGroups/myRuleGroup\"\
        ,\r\n  \"name\": \"myRuleGroup\",\r\n  \"type\": \"Microsoft.Network/RuleGroups\"\
        ,\r\n  \"etag\": \"725579cd-f524-4918-8e8c-ff72615c923e\",\r\n  \"location\"\
        : \"westus\"\r\n}"
    headers:
      azure-asyncoperation:
      - https://management.azure.com/subscriptions/00000000-0000-0000-0000-000000000000/providers/Microsoft.Network/locations/westus/nfvOperations/88539b87-d4e3-4098-acf2-465730650e08?api-version=2020-03-01
      cache-control:
      - no-cache
      content-length:
      - '1126'
      content-type:
      - application/json; charset=utf-8
      date:
      - Wed, 22 Apr 2020 06:36:57 GMT
      expires:
      - '-1'
      pragma:
      - no-cache
      server:
      - Microsoft-HTTPAPI/2.0
      strict-transport-security:
      - max-age=31536000; includeSubDomains
      x-content-type-options:
      - nosniff
      x-ms-ratelimit-remaining-subscription-writes:
      - '1195'
    status:
      code: 201
      message: Created
- request:
    body: null
    headers:
      Accept:
      - '*/*'
      Accept-Encoding:
      - gzip, deflate
      Connection:
      - keep-alive
      User-Agent:
      - azsdk-python-azure-mgmt-network/0.1.0 Python/3.6.9 (Linux-4.9.184-linuxkit-x86_64-with-Ubuntu-18.04-bionic)
    method: GET
    uri: https://management.azure.com/subscriptions/00000000-0000-0000-0000-000000000000/providers/Microsoft.Network/locations/westus/nfvOperations/88539b87-d4e3-4098-acf2-465730650e08?api-version=2020-03-01
  response:
    body:
      string: "{\r\n  \"status\": \"Succeeded\"\r\n}"
    headers:
      cache-control:
      - no-cache
      content-length:
      - '29'
      content-type:
      - application/json; charset=utf-8
      date:
      - Wed, 22 Apr 2020 06:37:09 GMT
      expires:
      - '-1'
      pragma:
      - no-cache
      server:
      - Microsoft-HTTPAPI/2.0
      strict-transport-security:
      - max-age=31536000; includeSubDomains
      transfer-encoding:
      - chunked
      vary:
      - Accept-Encoding
      x-content-type-options:
      - nosniff
    status:
      code: 200
      message: OK
- request:
    body: null
    headers:
      Accept:
      - '*/*'
      Accept-Encoding:
      - gzip, deflate
      Connection:
      - keep-alive
      User-Agent:
      - azsdk-python-azure-mgmt-network/0.1.0 Python/3.6.9 (Linux-4.9.184-linuxkit-x86_64-with-Ubuntu-18.04-bionic)
    method: GET
    uri: https://management.azure.com/subscriptions/00000000-0000-0000-0000-000000000000/resourceGroups/test_cli_mgmt_network_firewall_policy_test_network12aa14d0/providers/Microsoft.Network/firewallPolicies/myFirewallPolicy/ruleGroups/myRuleGroup?api-version=2020-03-01
  response:
    body:
      string: "{\r\n  \"properties\": {\r\n    \"priority\": 110,\r\n    \"rules\"\
        : [\r\n      {\r\n        \"ruleType\": \"FirewallPolicyFilterRule\",\r\n\
        \        \"action\": {\r\n          \"type\": \"Deny\"\r\n        },\r\n \
        \       \"ruleConditions\": [\r\n          {\r\n            \"ruleConditionType\"\
        : \"NetworkRuleCondition\",\r\n            \"name\": \"network-condition1\"\
        ,\r\n            \"ipProtocols\": [\r\n              \"TCP\"\r\n         \
        \   ],\r\n            \"sourceAddresses\": [\r\n              \"10.1.25.0/24\"\
        \r\n            ],\r\n            \"destinationAddresses\": [\r\n        \
        \      \"*\"\r\n            ],\r\n            \"destinationPorts\": [\r\n\
        \              \"*\"\r\n            ]\r\n          }\r\n        ],\r\n   \
        \     \"name\": \"Example-Filter-Rule\",\r\n        \"priority\": 0\r\n  \
        \    }\r\n    ],\r\n    \"provisioningState\": \"Succeeded\"\r\n  },\r\n \
        \ \"id\": \"/subscriptions/00000000-0000-0000-0000-000000000000/resourceGroups/test_cli_mgmt_network_firewall_policy_test_network12aa14d0/providers/Microsoft.Network/firewallPolicies/myFirewallPolicy/ruleGroups/myRuleGroup\"\
        ,\r\n  \"name\": \"myRuleGroup\",\r\n  \"type\": \"Microsoft.Network/RuleGroups\"\
        ,\r\n  \"etag\": \"725579cd-f524-4918-8e8c-ff72615c923e\",\r\n  \"location\"\
        : \"westus\"\r\n}"
    headers:
      cache-control:
      - no-cache
      content-length:
      - '1127'
      content-type:
      - application/json; charset=utf-8
      date:
      - Wed, 22 Apr 2020 06:37:09 GMT
      expires:
      - '-1'
      pragma:
      - no-cache
      server:
      - Microsoft-HTTPAPI/2.0
      strict-transport-security:
      - max-age=31536000; includeSubDomains
      transfer-encoding:
      - chunked
      vary:
      - Accept-Encoding
      x-content-type-options:
      - nosniff
    status:
      code: 200
      message: OK
- request:
    body: null
    headers:
      Accept:
      - application/json
      Accept-Encoding:
      - gzip, deflate
      Connection:
      - keep-alive
      User-Agent:
      - azsdk-python-azure-mgmt-network/0.1.0 Python/3.6.9 (Linux-4.9.184-linuxkit-x86_64-with-Ubuntu-18.04-bionic)
    method: GET
    uri: https://management.azure.com/subscriptions/00000000-0000-0000-0000-000000000000/resourceGroups/test_cli_mgmt_network_firewall_policy_test_network12aa14d0/providers/Microsoft.Network/firewallPolicies/myFirewallPolicy/ruleGroups/myRuleGroup?api-version=2020-03-01
  response:
    body:
      string: "{\r\n  \"properties\": {\r\n    \"priority\": 110,\r\n    \"rules\"\
        : [\r\n      {\r\n        \"ruleType\": \"FirewallPolicyFilterRule\",\r\n\
        \        \"action\": {\r\n          \"type\": \"Deny\"\r\n        },\r\n \
        \       \"ruleConditions\": [\r\n          {\r\n            \"ruleConditionType\"\
        : \"NetworkRuleCondition\",\r\n            \"name\": \"network-condition1\"\
        ,\r\n            \"ipProtocols\": [\r\n              \"TCP\"\r\n         \
        \   ],\r\n            \"sourceAddresses\": [\r\n              \"10.1.25.0/24\"\
        \r\n            ],\r\n            \"destinationAddresses\": [\r\n        \
        \      \"*\"\r\n            ],\r\n            \"destinationPorts\": [\r\n\
        \              \"*\"\r\n            ]\r\n          }\r\n        ],\r\n   \
        \     \"name\": \"Example-Filter-Rule\",\r\n        \"priority\": 0\r\n  \
        \    }\r\n    ],\r\n    \"provisioningState\": \"Succeeded\"\r\n  },\r\n \
        \ \"id\": \"/subscriptions/00000000-0000-0000-0000-000000000000/resourceGroups/test_cli_mgmt_network_firewall_policy_test_network12aa14d0/providers/Microsoft.Network/firewallPolicies/myFirewallPolicy/ruleGroups/myRuleGroup\"\
        ,\r\n  \"name\": \"myRuleGroup\",\r\n  \"type\": \"Microsoft.Network/RuleGroups\"\
        ,\r\n  \"etag\": \"725579cd-f524-4918-8e8c-ff72615c923e\",\r\n  \"location\"\
        : \"westus\"\r\n}"
    headers:
      cache-control:
      - no-cache
      content-length:
      - '1127'
      content-type:
      - application/json; charset=utf-8
      date:
      - Wed, 22 Apr 2020 06:37:09 GMT
      expires:
      - '-1'
      pragma:
      - no-cache
      server:
      - Microsoft-HTTPAPI/2.0
      strict-transport-security:
      - max-age=31536000; includeSubDomains
      transfer-encoding:
      - chunked
      vary:
      - Accept-Encoding
      x-content-type-options:
      - nosniff
    status:
      code: 200
      message: OK
- request:
    body: null
    headers:
      Accept:
      - application/json
      Accept-Encoding:
      - gzip, deflate
      Connection:
      - keep-alive
      User-Agent:
      - azsdk-python-azure-mgmt-network/0.1.0 Python/3.6.9 (Linux-4.9.184-linuxkit-x86_64-with-Ubuntu-18.04-bionic)
    method: GET
    uri: https://management.azure.com/subscriptions/00000000-0000-0000-0000-000000000000/resourceGroups/test_cli_mgmt_network_firewall_policy_test_network12aa14d0/providers/Microsoft.Network/firewallPolicies/myFirewallPolicy?api-version=2020-03-01
  response:
    body:
      string: "{\r\n  \"properties\": {\r\n    \"threatIntelMode\": \"Alert\",\r\n\
        \    \"childPolicies\": [],\r\n    \"ruleGroups\": [\r\n      {\r\n      \
        \  \"id\": \"/subscriptions/00000000-0000-0000-0000-000000000000/resourceGroups/test_cli_mgmt_network_firewall_policy_test_network12aa14d0/providers/Microsoft.Network/firewallPolicies/myFirewallPolicy/ruleGroups/myRuleGroup\"\
        \r\n      }\r\n    ],\r\n    \"firewalls\": [],\r\n    \"provisioningState\"\
        : \"Succeeded\"\r\n  },\r\n  \"id\": \"/subscriptions/00000000-0000-0000-0000-000000000000/resourceGroups/test_cli_mgmt_network_firewall_policy_test_network12aa14d0/providers/Microsoft.Network/firewallPolicies/myFirewallPolicy\"\
        ,\r\n  \"name\": \"myFirewallPolicy\",\r\n  \"type\": \"Microsoft.Network/FirewallPolicies\"\
        ,\r\n  \"etag\": \"c5d21d1c-1083-4481-8b0a-6478525edf2d\",\r\n  \"location\"\
        : \"westus\",\r\n  \"tags\": {\r\n    \"key1\": \"value1\"\r\n  }\r\n}"
    headers:
      cache-control:
      - no-cache
      content-length:
      - '819'
      content-type:
      - application/json; charset=utf-8
      date:
      - Wed, 22 Apr 2020 06:37:10 GMT
      expires:
      - '-1'
      pragma:
      - no-cache
      server:
      - Microsoft-HTTPAPI/2.0
      strict-transport-security:
      - max-age=31536000; includeSubDomains
      transfer-encoding:
      - chunked
      vary:
      - Accept-Encoding
      x-content-type-options:
      - nosniff
    status:
      code: 200
      message: OK
- request:
    body: null
    headers:
      Accept:
      - '*/*'
      Accept-Encoding:
      - gzip, deflate
      Connection:
      - keep-alive
      Content-Length:
      - '0'
      User-Agent:
      - azsdk-python-azure-mgmt-network/0.1.0 Python/3.6.9 (Linux-4.9.184-linuxkit-x86_64-with-Ubuntu-18.04-bionic)
    method: DELETE
    uri: https://management.azure.com/subscriptions/00000000-0000-0000-0000-000000000000/resourceGroups/test_cli_mgmt_network_firewall_policy_test_network12aa14d0/providers/Microsoft.Network/firewallPolicies/myFirewallPolicy/ruleGroups/myRuleGroup?api-version=2020-03-01
  response:
    body:
      string: "{\r\n  \"properties\": {\r\n    \"priority\": 110,\r\n    \"rules\"\
        : [\r\n      {\r\n        \"ruleType\": \"FirewallPolicyFilterRule\",\r\n\
        \        \"action\": {\r\n          \"type\": \"Deny\"\r\n        },\r\n \
        \       \"ruleConditions\": [\r\n          {\r\n            \"ruleConditionType\"\
        : \"NetworkRuleCondition\",\r\n            \"name\": \"network-condition1\"\
        ,\r\n            \"ipProtocols\": [\r\n              \"TCP\"\r\n         \
        \   ],\r\n            \"sourceAddresses\": [\r\n              \"10.1.25.0/24\"\
        \r\n            ],\r\n            \"destinationAddresses\": [\r\n        \
        \      \"*\"\r\n            ],\r\n            \"destinationPorts\": [\r\n\
        \              \"*\"\r\n            ]\r\n          }\r\n        ],\r\n   \
        \     \"name\": \"Example-Filter-Rule\",\r\n        \"priority\": 0\r\n  \
        \    }\r\n    ],\r\n    \"provisioningState\": \"Deleting\"\r\n  },\r\n  \"\
        id\": \"/subscriptions/00000000-0000-0000-0000-000000000000/resourceGroups/test_cli_mgmt_network_firewall_policy_test_network12aa14d0/providers/Microsoft.Network/firewallPolicies/myFirewallPolicy/ruleGroups/myRuleGroup\"\
        ,\r\n  \"name\": \"myRuleGroup\",\r\n  \"type\": \"Microsoft.Network/RuleGroups\"\
        ,\r\n  \"etag\": \"725579cd-f524-4918-8e8c-ff72615c923e\",\r\n  \"location\"\
        : \"westus\"\r\n}"
    headers:
      azure-asyncoperation:
      - https://management.azure.com/subscriptions/00000000-0000-0000-0000-000000000000/providers/Microsoft.Network/locations/westus/nfvOperations/9a0a1ca5-309d-43d4-9466-33b8c88150df?api-version=2020-03-01
      cache-control:
      - no-cache
      content-length:
      - '1126'
      content-type:
      - application/json; charset=utf-8
      date:
      - Wed, 22 Apr 2020 06:37:11 GMT
      expires:
      - '-1'
      location:
      - https://management.azure.com/subscriptions/00000000-0000-0000-0000-000000000000/providers/Microsoft.Network/locations/westus/nfvOperationResults/9a0a1ca5-309d-43d4-9466-33b8c88150df?api-version=2020-03-01
      pragma:
      - no-cache
      server:
      - Microsoft-HTTPAPI/2.0
      strict-transport-security:
      - max-age=31536000; includeSubDomains
      x-content-type-options:
      - nosniff
      x-ms-ratelimit-remaining-subscription-deletes:
      - '14999'
    status:
      code: 202
      message: Accepted
- request:
    body: null
    headers:
      Accept:
      - '*/*'
      Accept-Encoding:
      - gzip, deflate
      Connection:
      - keep-alive
      User-Agent:
      - azsdk-python-azure-mgmt-network/0.1.0 Python/3.6.9 (Linux-4.9.184-linuxkit-x86_64-with-Ubuntu-18.04-bionic)
    method: GET
    uri: https://management.azure.com/subscriptions/00000000-0000-0000-0000-000000000000/providers/Microsoft.Network/locations/westus/nfvOperations/9a0a1ca5-309d-43d4-9466-33b8c88150df?api-version=2020-03-01
  response:
    body:
      string: "{\r\n  \"status\": \"Succeeded\"\r\n}"
    headers:
      cache-control:
      - no-cache
      content-length:
      - '29'
      content-type:
      - application/json; charset=utf-8
      date:
      - Wed, 22 Apr 2020 06:37:21 GMT
      expires:
      - '-1'
      pragma:
      - no-cache
      server:
      - Microsoft-HTTPAPI/2.0
      strict-transport-security:
      - max-age=31536000; includeSubDomains
      transfer-encoding:
      - chunked
      vary:
      - Accept-Encoding
      x-content-type-options:
      - nosniff
    status:
      code: 200
      message: OK
- request:
    body: null
    headers:
      Accept:
      - '*/*'
      Accept-Encoding:
      - gzip, deflate
      Connection:
      - keep-alive
      Content-Length:
      - '0'
      User-Agent:
      - azsdk-python-azure-mgmt-network/0.1.0 Python/3.6.9 (Linux-4.9.184-linuxkit-x86_64-with-Ubuntu-18.04-bionic)
    method: DELETE
    uri: https://management.azure.com/subscriptions/00000000-0000-0000-0000-000000000000/resourceGroups/test_cli_mgmt_network_firewall_policy_test_network12aa14d0/providers/Microsoft.Network/firewallPolicies/myFirewallPolicy?api-version=2020-03-01
  response:
    body:
      string: ''
    headers:
      cache-control:
      - no-cache
      content-length:
      - '0'
      date:
      - Wed, 22 Apr 2020 06:37:24 GMT
      expires:
      - '-1'
      pragma:
      - no-cache
      server:
      - Microsoft-HTTPAPI/2.0
      strict-transport-security:
      - max-age=31536000; includeSubDomains
      x-content-type-options:
      - nosniff
      x-ms-ratelimit-remaining-subscription-deletes:
      - '14998'
    status:
      code: 200
      message: OK
version: 1
