interactions:
- request:
    body: '{"location": "eastus", "properties": {"addressSpace": {"addressPrefixes":
      ["10.0.0.0/16"]}}}'
    headers:
      Accept:
      - application/json
      Accept-Encoding:
      - gzip, deflate
      Connection:
      - keep-alive
      Content-Length:
      - '92'
      Content-Type:
      - application/json; charset=utf-8
      User-Agent:
      - python/3.6.9 (Linux-4.9.184-linuxkit-x86_64-with-Ubuntu-18.04-bionic) msrest/0.6.13
        msrest_azure/0.6.2 azure-mgmt-network/7.0.0 Azure-SDK-For-Python
      accept-language:
      - en-US
    method: PUT
    uri: https://management.azure.com/subscriptions/00000000-0000-0000-0000-000000000000/resourceGroups/test_cli_mgmt_monitor_test_alert_rule23140f4f/providers/Microsoft.Network/virtualNetworks/networkxx?api-version=2019-09-01
  response:
    body:
      string: "{\r\n  \"name\": \"networkxx\",\r\n  \"id\": \"/subscriptions/00000000-0000-0000-0000-000000000000/resourceGroups/test_cli_mgmt_monitor_test_alert_rule23140f4f/providers/Microsoft.Network/virtualNetworks/networkxx\"\
        ,\r\n  \"etag\": \"W/\\\"3c69984b-088b-45c1-be47-162814fb0534\\\"\",\r\n \
        \ \"type\": \"Microsoft.Network/virtualNetworks\",\r\n  \"location\": \"eastus\"\
        ,\r\n  \"properties\": {\r\n    \"provisioningState\": \"Updating\",\r\n \
        \   \"resourceGuid\": \"a5945cb2-b475-4420-8029-3400f503de65\",\r\n    \"\
        addressSpace\": {\r\n      \"addressPrefixes\": [\r\n        \"10.0.0.0/16\"\
        \r\n      ]\r\n    },\r\n    \"subnets\": [],\r\n    \"virtualNetworkPeerings\"\
        : [],\r\n    \"enableDdosProtection\": false,\r\n    \"enableVmProtection\"\
        : false\r\n  }\r\n}"
    headers:
      azure-asyncoperation:
      - https://management.azure.com/subscriptions/00000000-0000-0000-0000-000000000000/providers/Microsoft.Network/locations/eastus/operations/6eee972a-ad40-4618-82d3-c6b6fe647ee5?api-version=2019-09-01
      cache-control:
      - no-cache
      content-length:
      - '675'
      content-type:
      - application/json; charset=utf-8
      date:
      - Thu, 09 Apr 2020 07:09:34 GMT
      expires:
      - '-1'
      pragma:
      - no-cache
      server:
      - Microsoft-HTTPAPI/2.0
      - Microsoft-HTTPAPI/2.0
      strict-transport-security:
      - max-age=31536000; includeSubDomains
      x-content-type-options:
      - nosniff
      x-ms-arm-service-request-id:
      - f0237dc3-8ca9-4fb8-a3d3-0e3dc9e39595
      x-ms-ratelimit-remaining-subscription-writes:
      - '1194'
    status:
      code: 201
      message: Created
- request:
    body: null
    headers:
      Accept:
      - application/json
      Accept-Encoding:
      - gzip, deflate
      Connection:
      - keep-alive
      User-Agent:
      - python/3.6.9 (Linux-4.9.184-linuxkit-x86_64-with-Ubuntu-18.04-bionic) msrest/0.6.13
        msrest_azure/0.6.2 azure-mgmt-network/7.0.0 Azure-SDK-For-Python
    method: GET
    uri: https://management.azure.com/subscriptions/00000000-0000-0000-0000-000000000000/providers/Microsoft.Network/locations/eastus/operations/6eee972a-ad40-4618-82d3-c6b6fe647ee5?api-version=2019-09-01
  response:
    body:
      string: "{\r\n  \"status\": \"Succeeded\"\r\n}"
    headers:
      cache-control:
      - no-cache
      content-length:
      - '29'
      content-type:
      - application/json; charset=utf-8
      date:
      - Thu, 09 Apr 2020 07:09:38 GMT
      expires:
      - '-1'
      pragma:
      - no-cache
      server:
      - Microsoft-HTTPAPI/2.0
      - Microsoft-HTTPAPI/2.0
      strict-transport-security:
      - max-age=31536000; includeSubDomains
      transfer-encoding:
      - chunked
      vary:
      - Accept-Encoding
      x-content-type-options:
      - nosniff
      x-ms-arm-service-request-id:
      - 27c3e491-a42b-4e12-89c8-03d2474cec26
    status:
      code: 200
      message: OK
- request:
    body: null
    headers:
      Accept:
      - application/json
      Accept-Encoding:
      - gzip, deflate
      Connection:
      - keep-alive
      User-Agent:
      - python/3.6.9 (Linux-4.9.184-linuxkit-x86_64-with-Ubuntu-18.04-bionic) msrest/0.6.13
        msrest_azure/0.6.2 azure-mgmt-network/7.0.0 Azure-SDK-For-Python
    method: GET
    uri: https://management.azure.com/subscriptions/00000000-0000-0000-0000-000000000000/resourceGroups/test_cli_mgmt_monitor_test_alert_rule23140f4f/providers/Microsoft.Network/virtualNetworks/networkxx?api-version=2019-09-01
  response:
    body:
      string: "{\r\n  \"name\": \"networkxx\",\r\n  \"id\": \"/subscriptions/00000000-0000-0000-0000-000000000000/resourceGroups/test_cli_mgmt_monitor_test_alert_rule23140f4f/providers/Microsoft.Network/virtualNetworks/networkxx\"\
        ,\r\n  \"etag\": \"W/\\\"a88689d6-ca1a-45b9-926c-c671426887f5\\\"\",\r\n \
        \ \"type\": \"Microsoft.Network/virtualNetworks\",\r\n  \"location\": \"eastus\"\
        ,\r\n  \"properties\": {\r\n    \"provisioningState\": \"Succeeded\",\r\n\
        \    \"resourceGuid\": \"a5945cb2-b475-4420-8029-3400f503de65\",\r\n    \"\
        addressSpace\": {\r\n      \"addressPrefixes\": [\r\n        \"10.0.0.0/16\"\
        \r\n      ]\r\n    },\r\n    \"subnets\": [],\r\n    \"virtualNetworkPeerings\"\
        : [],\r\n    \"enableDdosProtection\": false,\r\n    \"enableVmProtection\"\
        : false\r\n  }\r\n}"
    headers:
      cache-control:
      - no-cache
      content-length:
      - '676'
      content-type:
      - application/json; charset=utf-8
      date:
      - Thu, 09 Apr 2020 07:09:39 GMT
      etag:
      - W/"a88689d6-ca1a-45b9-926c-c671426887f5"
      expires:
      - '-1'
      pragma:
      - no-cache
      server:
      - Microsoft-HTTPAPI/2.0
      - Microsoft-HTTPAPI/2.0
      strict-transport-security:
      - max-age=31536000; includeSubDomains
      transfer-encoding:
      - chunked
      vary:
      - Accept-Encoding
      x-content-type-options:
      - nosniff
      x-ms-arm-service-request-id:
      - fbbcf123-9103-40f2-9b45-c325569e1988
    status:
      code: 200
      message: OK
- request:
    body: '{"properties": {"addressPrefix": "10.0.0.0/24"}}'
    headers:
      Accept:
      - application/json
      Accept-Encoding:
      - gzip, deflate
      Connection:
      - keep-alive
      Content-Length:
      - '48'
      Content-Type:
      - application/json; charset=utf-8
      User-Agent:
      - python/3.6.9 (Linux-4.9.184-linuxkit-x86_64-with-Ubuntu-18.04-bionic) msrest/0.6.13
        msrest_azure/0.6.2 azure-mgmt-network/7.0.0 Azure-SDK-For-Python
      accept-language:
      - en-US
    method: PUT
    uri: https://management.azure.com/subscriptions/00000000-0000-0000-0000-000000000000/resourceGroups/test_cli_mgmt_monitor_test_alert_rule23140f4f/providers/Microsoft.Network/virtualNetworks/networkxx/subnets/subnetx?api-version=2019-09-01
  response:
    body:
      string: "{\r\n  \"name\": \"subnetx\",\r\n  \"id\": \"/subscriptions/00000000-0000-0000-0000-000000000000/resourceGroups/test_cli_mgmt_monitor_test_alert_rule23140f4f/providers/Microsoft.Network/virtualNetworks/networkxx/subnets/subnetx\"\
        ,\r\n  \"etag\": \"W/\\\"1b6ded71-0f74-4e18-b6d9-08d9d29e4a27\\\"\",\r\n \
        \ \"properties\": {\r\n    \"provisioningState\": \"Updating\",\r\n    \"\
        addressPrefix\": \"10.0.0.0/24\",\r\n    \"delegations\": [],\r\n    \"privateEndpointNetworkPolicies\"\
        : \"Enabled\",\r\n    \"privateLinkServiceNetworkPolicies\": \"Enabled\"\r\
        \n  },\r\n  \"type\": \"Microsoft.Network/virtualNetworks/subnets\"\r\n}"
    headers:
      azure-asyncoperation:
      - https://management.azure.com/subscriptions/00000000-0000-0000-0000-000000000000/providers/Microsoft.Network/locations/eastus/operations/f94ae29e-d59e-42bd-9bb6-080b3e7fb911?api-version=2019-09-01
      cache-control:
      - no-cache
      content-length:
      - '559'
      content-type:
      - application/json; charset=utf-8
      date:
      - Thu, 09 Apr 2020 07:09:39 GMT
      expires:
      - '-1'
      pragma:
      - no-cache
      server:
      - Microsoft-HTTPAPI/2.0
      - Microsoft-HTTPAPI/2.0
      strict-transport-security:
      - max-age=31536000; includeSubDomains
      x-content-type-options:
      - nosniff
      x-ms-arm-service-request-id:
      - 43efaf94-0b64-4a00-998a-702dfc1b4b47
      x-ms-ratelimit-remaining-subscription-writes:
      - '1193'
    status:
      code: 201
      message: Created
- request:
    body: null
    headers:
      Accept:
      - application/json
      Accept-Encoding:
      - gzip, deflate
      Connection:
      - keep-alive
      User-Agent:
      - python/3.6.9 (Linux-4.9.184-linuxkit-x86_64-with-Ubuntu-18.04-bionic) msrest/0.6.13
        msrest_azure/0.6.2 azure-mgmt-network/7.0.0 Azure-SDK-For-Python
    method: GET
    uri: https://management.azure.com/subscriptions/00000000-0000-0000-0000-000000000000/providers/Microsoft.Network/locations/eastus/operations/f94ae29e-d59e-42bd-9bb6-080b3e7fb911?api-version=2019-09-01
  response:
    body:
      string: "{\r\n  \"status\": \"Succeeded\"\r\n}"
    headers:
      cache-control:
      - no-cache
      content-length:
      - '29'
      content-type:
      - application/json; charset=utf-8
      date:
      - Thu, 09 Apr 2020 07:09:45 GMT
      expires:
      - '-1'
      pragma:
      - no-cache
      server:
      - Microsoft-HTTPAPI/2.0
      - Microsoft-HTTPAPI/2.0
      strict-transport-security:
      - max-age=31536000; includeSubDomains
      transfer-encoding:
      - chunked
      vary:
      - Accept-Encoding
      x-content-type-options:
      - nosniff
      x-ms-arm-service-request-id:
      - 8ec3daaa-f8d7-461c-a134-e086d4f62b75
    status:
      code: 200
      message: OK
- request:
    body: null
    headers:
      Accept:
      - application/json
      Accept-Encoding:
      - gzip, deflate
      Connection:
      - keep-alive
      User-Agent:
      - python/3.6.9 (Linux-4.9.184-linuxkit-x86_64-with-Ubuntu-18.04-bionic) msrest/0.6.13
        msrest_azure/0.6.2 azure-mgmt-network/7.0.0 Azure-SDK-For-Python
    method: GET
    uri: https://management.azure.com/subscriptions/00000000-0000-0000-0000-000000000000/resourceGroups/test_cli_mgmt_monitor_test_alert_rule23140f4f/providers/Microsoft.Network/virtualNetworks/networkxx/subnets/subnetx?api-version=2019-09-01
  response:
    body:
      string: "{\r\n  \"name\": \"subnetx\",\r\n  \"id\": \"/subscriptions/00000000-0000-0000-0000-000000000000/resourceGroups/test_cli_mgmt_monitor_test_alert_rule23140f4f/providers/Microsoft.Network/virtualNetworks/networkxx/subnets/subnetx\"\
        ,\r\n  \"etag\": \"W/\\\"0df6f36d-509b-4cd6-b9fc-0361e868d387\\\"\",\r\n \
        \ \"properties\": {\r\n    \"provisioningState\": \"Succeeded\",\r\n    \"\
        addressPrefix\": \"10.0.0.0/24\",\r\n    \"delegations\": [],\r\n    \"privateEndpointNetworkPolicies\"\
        : \"Enabled\",\r\n    \"privateLinkServiceNetworkPolicies\": \"Enabled\"\r\
        \n  },\r\n  \"type\": \"Microsoft.Network/virtualNetworks/subnets\"\r\n}"
    headers:
      cache-control:
      - no-cache
      content-length:
      - '560'
      content-type:
      - application/json; charset=utf-8
      date:
      - Thu, 09 Apr 2020 07:09:45 GMT
      etag:
      - W/"0df6f36d-509b-4cd6-b9fc-0361e868d387"
      expires:
      - '-1'
      pragma:
      - no-cache
      server:
      - Microsoft-HTTPAPI/2.0
      - Microsoft-HTTPAPI/2.0
      strict-transport-security:
      - max-age=31536000; includeSubDomains
      transfer-encoding:
      - chunked
      vary:
      - Accept-Encoding
      x-content-type-options:
      - nosniff
      x-ms-arm-service-request-id:
      - 90e36d7b-3550-4ff0-b9d3-6eedb1f1d9d3
    status:
      code: 200
      message: OK
- request:
    body: 'b''{"location": "eastus", "properties": {"ipConfigurations": [{"properties":
      {"subnet": {"id": "/subscriptions/00000000-0000-0000-0000-000000000000/resourceGroups/test_cli_mgmt_monitor_test_alert_rule23140f4f/providers/Microsoft.Network/virtualNetworks/networkxx/subnets/subnetx"}},
      "name": "MyIpConfig"}]}}'''
    headers:
      Accept:
      - application/json
      Accept-Encoding:
      - gzip, deflate
      Connection:
      - keep-alive
      Content-Length:
      - '304'
      Content-Type:
      - application/json; charset=utf-8
      User-Agent:
      - python/3.6.9 (Linux-4.9.184-linuxkit-x86_64-with-Ubuntu-18.04-bionic) msrest/0.6.13
        msrest_azure/0.6.2 azure-mgmt-network/7.0.0 Azure-SDK-For-Python
      accept-language:
      - en-US
    method: PUT
    uri: https://management.azure.com/subscriptions/00000000-0000-0000-0000-000000000000/resourceGroups/test_cli_mgmt_monitor_test_alert_rule23140f4f/providers/Microsoft.Network/networkInterfaces/interfacexx?api-version=2019-09-01
  response:
    body:
      string: "{\r\n  \"name\": \"interfacexx\",\r\n  \"id\": \"/subscriptions/00000000-0000-0000-0000-000000000000/resourceGroups/test_cli_mgmt_monitor_test_alert_rule23140f4f/providers/Microsoft.Network/networkInterfaces/interfacexx\"\
        ,\r\n  \"etag\": \"W/\\\"d034f0d6-3675-4994-9a1f-b53ccc1c4557\\\"\",\r\n \
        \ \"location\": \"eastus\",\r\n  \"properties\": {\r\n    \"provisioningState\"\
        : \"Succeeded\",\r\n    \"resourceGuid\": \"8c95cc59-00b1-4af6-a0d1-23df877d8696\"\
        ,\r\n    \"ipConfigurations\": [\r\n      {\r\n        \"name\": \"MyIpConfig\"\
        ,\r\n        \"id\": \"/subscriptions/00000000-0000-0000-0000-000000000000/resourceGroups/test_cli_mgmt_monitor_test_alert_rule23140f4f/providers/Microsoft.Network/networkInterfaces/interfacexx/ipConfigurations/MyIpConfig\"\
        ,\r\n        \"etag\": \"W/\\\"d034f0d6-3675-4994-9a1f-b53ccc1c4557\\\"\"\
        ,\r\n        \"type\": \"Microsoft.Network/networkInterfaces/ipConfigurations\"\
        ,\r\n        \"properties\": {\r\n          \"provisioningState\": \"Succeeded\"\
        ,\r\n          \"privateIPAddress\": \"10.0.0.4\",\r\n          \"privateIPAllocationMethod\"\
        : \"Dynamic\",\r\n          \"subnet\": {\r\n            \"id\": \"/subscriptions/00000000-0000-0000-0000-000000000000/resourceGroups/test_cli_mgmt_monitor_test_alert_rule23140f4f/providers/Microsoft.Network/virtualNetworks/networkxx/subnets/subnetx\"\
        \r\n          },\r\n          \"primary\": true,\r\n          \"privateIPAddressVersion\"\
        : \"IPv4\"\r\n        }\r\n      }\r\n    ],\r\n    \"dnsSettings\": {\r\n\
        \      \"dnsServers\": [],\r\n      \"appliedDnsServers\": [],\r\n      \"\
        internalDomainNameSuffix\": \"wjojjjlvwqqejabjgqapka44mf.bx.internal.cloudapp.net\"\
        \r\n    },\r\n    \"enableAcceleratedNetworking\": false,\r\n    \"enableIPForwarding\"\
        : false,\r\n    \"hostedWorkloads\": [],\r\n    \"tapConfigurations\": []\r\
        \n  },\r\n  \"type\": \"Microsoft.Network/networkInterfaces\"\r\n}"
    headers:
      azure-asyncoperation:
      - https://management.azure.com/subscriptions/00000000-0000-0000-0000-000000000000/providers/Microsoft.Network/locations/eastus/operations/4bf29d8b-af75-4326-b694-3d6e50efe7d9?api-version=2019-09-01
      cache-control:
      - no-cache
      content-length:
      - '1705'
      content-type:
      - application/json; charset=utf-8
      date:
      - Thu, 09 Apr 2020 07:09:49 GMT
      expires:
      - '-1'
      pragma:
      - no-cache
      server:
      - Microsoft-HTTPAPI/2.0
      - Microsoft-HTTPAPI/2.0
      strict-transport-security:
      - max-age=31536000; includeSubDomains
      x-content-type-options:
      - nosniff
      x-ms-arm-service-request-id:
      - d86c27c0-40cc-42bc-bd77-6560fbc03c69
      x-ms-ratelimit-remaining-subscription-writes:
      - '1192'
    status:
      code: 201
      message: Created
- request:
    body: null
    headers:
      Accept:
      - application/json
      Accept-Encoding:
      - gzip, deflate
      Connection:
      - keep-alive
      User-Agent:
      - python/3.6.9 (Linux-4.9.184-linuxkit-x86_64-with-Ubuntu-18.04-bionic) msrest/0.6.13
        msrest_azure/0.6.2 azure-mgmt-network/7.0.0 Azure-SDK-For-Python
    method: GET
    uri: https://management.azure.com/subscriptions/00000000-0000-0000-0000-000000000000/providers/Microsoft.Network/locations/eastus/operations/4bf29d8b-af75-4326-b694-3d6e50efe7d9?api-version=2019-09-01
  response:
    body:
      string: "{\r\n  \"status\": \"Succeeded\"\r\n}"
    headers:
      cache-control:
      - no-cache
      content-length:
      - '29'
      content-type:
      - application/json; charset=utf-8
      date:
      - Thu, 09 Apr 2020 07:10:20 GMT
      expires:
      - '-1'
      pragma:
      - no-cache
      server:
      - Microsoft-HTTPAPI/2.0
      - Microsoft-HTTPAPI/2.0
      strict-transport-security:
      - max-age=31536000; includeSubDomains
      transfer-encoding:
      - chunked
      vary:
      - Accept-Encoding
      x-content-type-options:
      - nosniff
      x-ms-arm-service-request-id:
      - 0a7b0a53-15ec-4f46-b1a8-8bdfce3ebde4
    status:
      code: 200
      message: OK
- request:
    body: null
    headers:
      Accept:
      - application/json
      Accept-Encoding:
      - gzip, deflate
      Connection:
      - keep-alive
      User-Agent:
      - python/3.6.9 (Linux-4.9.184-linuxkit-x86_64-with-Ubuntu-18.04-bionic) msrest/0.6.13
        msrest_azure/0.6.2 azure-mgmt-network/7.0.0 Azure-SDK-For-Python
    method: GET
    uri: https://management.azure.com/subscriptions/00000000-0000-0000-0000-000000000000/resourceGroups/test_cli_mgmt_monitor_test_alert_rule23140f4f/providers/Microsoft.Network/networkInterfaces/interfacexx?api-version=2019-09-01
  response:
    body:
      string: "{\r\n  \"name\": \"interfacexx\",\r\n  \"id\": \"/subscriptions/00000000-0000-0000-0000-000000000000/resourceGroups/test_cli_mgmt_monitor_test_alert_rule23140f4f/providers/Microsoft.Network/networkInterfaces/interfacexx\"\
        ,\r\n  \"etag\": \"W/\\\"d034f0d6-3675-4994-9a1f-b53ccc1c4557\\\"\",\r\n \
        \ \"location\": \"eastus\",\r\n  \"properties\": {\r\n    \"provisioningState\"\
        : \"Succeeded\",\r\n    \"resourceGuid\": \"8c95cc59-00b1-4af6-a0d1-23df877d8696\"\
        ,\r\n    \"ipConfigurations\": [\r\n      {\r\n        \"name\": \"MyIpConfig\"\
        ,\r\n        \"id\": \"/subscriptions/00000000-0000-0000-0000-000000000000/resourceGroups/test_cli_mgmt_monitor_test_alert_rule23140f4f/providers/Microsoft.Network/networkInterfaces/interfacexx/ipConfigurations/MyIpConfig\"\
        ,\r\n        \"etag\": \"W/\\\"d034f0d6-3675-4994-9a1f-b53ccc1c4557\\\"\"\
        ,\r\n        \"type\": \"Microsoft.Network/networkInterfaces/ipConfigurations\"\
        ,\r\n        \"properties\": {\r\n          \"provisioningState\": \"Succeeded\"\
        ,\r\n          \"privateIPAddress\": \"10.0.0.4\",\r\n          \"privateIPAllocationMethod\"\
        : \"Dynamic\",\r\n          \"subnet\": {\r\n            \"id\": \"/subscriptions/00000000-0000-0000-0000-000000000000/resourceGroups/test_cli_mgmt_monitor_test_alert_rule23140f4f/providers/Microsoft.Network/virtualNetworks/networkxx/subnets/subnetx\"\
        \r\n          },\r\n          \"primary\": true,\r\n          \"privateIPAddressVersion\"\
        : \"IPv4\"\r\n        }\r\n      }\r\n    ],\r\n    \"dnsSettings\": {\r\n\
        \      \"dnsServers\": [],\r\n      \"appliedDnsServers\": [],\r\n      \"\
        internalDomainNameSuffix\": \"wjojjjlvwqqejabjgqapka44mf.bx.internal.cloudapp.net\"\
        \r\n    },\r\n    \"enableAcceleratedNetworking\": false,\r\n    \"enableIPForwarding\"\
        : false,\r\n    \"hostedWorkloads\": [],\r\n    \"tapConfigurations\": []\r\
        \n  },\r\n  \"type\": \"Microsoft.Network/networkInterfaces\"\r\n}"
    headers:
      cache-control:
      - no-cache
      content-length:
      - '1705'
      content-type:
      - application/json; charset=utf-8
      date:
      - Thu, 09 Apr 2020 07:10:21 GMT
      etag:
      - W/"d034f0d6-3675-4994-9a1f-b53ccc1c4557"
      expires:
      - '-1'
      pragma:
      - no-cache
      server:
      - Microsoft-HTTPAPI/2.0
      - Microsoft-HTTPAPI/2.0
      strict-transport-security:
      - max-age=31536000; includeSubDomains
      transfer-encoding:
      - chunked
      vary:
      - Accept-Encoding
      x-content-type-options:
      - nosniff
      x-ms-arm-service-request-id:
      - 6234c0ed-43c5-43b1-be96-7b4a01bbbd0b
    status:
      code: 200
      message: OK
- request:
    body: 'b''{"location": "eastus", "properties": {"hardwareProfile": {"vmSize":
      "Standard_D2_v2"}, "storageProfile": {"imageReference": {"publisher": "MicrosoftWindowsServer",
      "offer": "WindowsServer", "sku": "2016-Datacenter", "version": "latest"}, "osDisk":
      {"name": "myVMosdisk", "caching": "ReadWrite", "createOption": "FromImage",
      "managedDisk": {"storageAccountType": "Standard_LRS"}}, "dataDisks": [{"lun":
      0, "createOption": "Empty", "diskSizeGB": 1023}, {"lun": 1, "createOption":
      "Empty", "diskSizeGB": 1023}]}, "osProfile": {"computerName": "myVM", "adminUsername":
      "testuser", "adminPassword": "Aa1!zyx_", "windowsConfiguration": {"enableAutomaticUpdates":
      true}}, "networkProfile": {"networkInterfaces": [{"id": "/subscriptions/00000000-0000-0000-0000-000000000000/resourceGroups/test_cli_mgmt_monitor_test_alert_rule23140f4f/providers/Microsoft.Network/networkInterfaces/interfacexx",
      "properties": {"primary": true}}]}}}'''
    headers:
      Accept:
      - application/json
      Accept-Encoding:
      - gzip, deflate
      Connection:
      - keep-alive
      Content-Length:
      - '923'
      Content-Type:
      - application/json; charset=utf-8
      User-Agent:
      - python/3.6.9 (Linux-4.9.184-linuxkit-x86_64-with-Ubuntu-18.04-bionic) msrest/0.6.13
        msrest_azure/0.6.2 azure-mgmt-compute/10.0.0 Azure-SDK-For-Python
      accept-language:
      - en-US
    method: PUT
    uri: https://management.azure.com/subscriptions/00000000-0000-0000-0000-000000000000/resourceGroups/test_cli_mgmt_monitor_test_alert_rule23140f4f/providers/Microsoft.Compute/virtualMachines/vm_name?api-version=2019-07-01
  response:
    body:
      string: "{\r\n  \"name\": \"vm_name\",\r\n  \"id\": \"/subscriptions/00000000-0000-0000-0000-000000000000/resourceGroups/test_cli_mgmt_monitor_test_alert_rule23140f4f/providers/Microsoft.Compute/virtualMachines/vm_name\"\
        ,\r\n  \"type\": \"Microsoft.Compute/virtualMachines\",\r\n  \"location\"\
        : \"eastus\",\r\n  \"properties\": {\r\n    \"vmId\": \"b581e642-0900-4e06-9315-8c33dbd53e7a\"\
        ,\r\n    \"hardwareProfile\": {\r\n      \"vmSize\": \"Standard_D2_v2\"\r\n\
        \    },\r\n    \"storageProfile\": {\r\n      \"imageReference\": {\r\n  \
        \      \"publisher\": \"MicrosoftWindowsServer\",\r\n        \"offer\": \"\
        WindowsServer\",\r\n        \"sku\": \"2016-Datacenter\",\r\n        \"version\"\
        : \"latest\",\r\n        \"exactVersion\": \"14393.3564.2003072353\"\r\n \
        \     },\r\n      \"osDisk\": {\r\n        \"osType\": \"Windows\",\r\n  \
        \      \"name\": \"myVMosdisk\",\r\n        \"createOption\": \"FromImage\"\
        ,\r\n        \"caching\": \"ReadWrite\",\r\n        \"managedDisk\": {\r\n\
        \          \"storageAccountType\": \"Standard_LRS\"\r\n        },\r\n    \
        \    \"diskSizeGB\": 127\r\n      },\r\n      \"dataDisks\": [\r\n       \
        \ {\r\n          \"lun\": 0,\r\n          \"createOption\": \"Empty\",\r\n\
        \          \"caching\": \"None\",\r\n          \"managedDisk\": {\r\n    \
        \        \"storageAccountType\": \"Standard_LRS\"\r\n          },\r\n    \
        \      \"diskSizeGB\": 1023,\r\n          \"toBeDetached\": false\r\n    \
        \    },\r\n        {\r\n          \"lun\": 1,\r\n          \"createOption\"\
        : \"Empty\",\r\n          \"caching\": \"None\",\r\n          \"managedDisk\"\
        : {\r\n            \"storageAccountType\": \"Standard_LRS\"\r\n          },\r\
        \n          \"diskSizeGB\": 1023,\r\n          \"toBeDetached\": false\r\n\
        \        }\r\n      ]\r\n    },\r\n    \"osProfile\": {\r\n      \"computerName\"\
        : \"myVM\",\r\n      \"adminUsername\": \"testuser\",\r\n      \"windowsConfiguration\"\
        : {\r\n        \"provisionVMAgent\": true,\r\n        \"enableAutomaticUpdates\"\
        : true\r\n      },\r\n      \"secrets\": [],\r\n      \"allowExtensionOperations\"\
        : true,\r\n      \"requireGuestProvisionSignal\": true\r\n    },\r\n    \"\
        networkProfile\": {\"networkInterfaces\":[{\"id\":\"/subscriptions/00000000-0000-0000-0000-000000000000/resourceGroups/test_cli_mgmt_monitor_test_alert_rule23140f4f/providers/Microsoft.Network/networkInterfaces/interfacexx\"\
        ,\"properties\":{\"primary\":true}}]},\r\n    \"provisioningState\": \"Creating\"\
        \r\n  }\r\n}"
    headers:
      azure-asyncnotification:
      - Enabled
      azure-asyncoperation:
      - https://management.azure.com/subscriptions/00000000-0000-0000-0000-000000000000/providers/Microsoft.Compute/locations/eastus/operations/b58df567-3c4f-4c99-86fe-9941fb6cfea2?api-version=2019-07-01
      cache-control:
      - no-cache
      content-length:
      - '2138'
      content-type:
      - application/json; charset=utf-8
      date:
      - Thu, 09 Apr 2020 07:10:24 GMT
      expires:
      - '-1'
      pragma:
      - no-cache
      server:
      - Microsoft-HTTPAPI/2.0
      - Microsoft-HTTPAPI/2.0
      strict-transport-security:
      - max-age=31536000; includeSubDomains
      x-content-type-options:
      - nosniff
      x-ms-ratelimit-remaining-resource:
      - Microsoft.Compute/PutVM3Min;239,Microsoft.Compute/PutVM30Min;1198
      x-ms-ratelimit-remaining-subscription-writes:
      - '1191'
    status:
      code: 201
      message: Created
- request:
    body: null
    headers:
      Accept:
      - application/json
      Accept-Encoding:
      - gzip, deflate
      Connection:
      - keep-alive
      User-Agent:
      - python/3.6.9 (Linux-4.9.184-linuxkit-x86_64-with-Ubuntu-18.04-bionic) msrest/0.6.13
        msrest_azure/0.6.2 azure-mgmt-compute/10.0.0 Azure-SDK-For-Python
    method: GET
    uri: https://management.azure.com/subscriptions/00000000-0000-0000-0000-000000000000/providers/Microsoft.Compute/locations/eastus/operations/b58df567-3c4f-4c99-86fe-9941fb6cfea2?api-version=2019-07-01
  response:
    body:
      string: "{\r\n  \"startTime\": \"2020-04-09T07:10:23.9188983+00:00\",\r\n  \"\
        status\": \"InProgress\",\r\n  \"name\": \"b58df567-3c4f-4c99-86fe-9941fb6cfea2\"\
        \r\n}"
    headers:
      cache-control:
      - no-cache
      content-length:
      - '134'
      content-type:
      - application/json; charset=utf-8
      date:
      - Thu, 09 Apr 2020 07:10:41 GMT
      expires:
      - '-1'
      pragma:
      - no-cache
      server:
      - Microsoft-HTTPAPI/2.0
      - Microsoft-HTTPAPI/2.0
      strict-transport-security:
      - max-age=31536000; includeSubDomains
      transfer-encoding:
      - chunked
      vary:
      - Accept-Encoding
      x-content-type-options:
      - nosniff
      x-ms-ratelimit-remaining-resource:
      - Microsoft.Compute/GetOperation3Min;14999,Microsoft.Compute/GetOperation30Min;29990
    status:
      code: 200
      message: OK
- request:
    body: null
    headers:
      Accept:
      - application/json
      Accept-Encoding:
      - gzip, deflate
      Connection:
      - keep-alive
      User-Agent:
      - python/3.6.9 (Linux-4.9.184-linuxkit-x86_64-with-Ubuntu-18.04-bionic) msrest/0.6.13
        msrest_azure/0.6.2 azure-mgmt-compute/10.0.0 Azure-SDK-For-Python
    method: GET
    uri: https://management.azure.com/subscriptions/00000000-0000-0000-0000-000000000000/providers/Microsoft.Compute/locations/eastus/operations/b58df567-3c4f-4c99-86fe-9941fb6cfea2?api-version=2019-07-01
  response:
    body:
      string: "{\r\n  \"startTime\": \"2020-04-09T07:10:23.9188983+00:00\",\r\n  \"\
        status\": \"InProgress\",\r\n  \"name\": \"b58df567-3c4f-4c99-86fe-9941fb6cfea2\"\
        \r\n}"
    headers:
      cache-control:
      - no-cache
      content-length:
      - '134'
      content-type:
      - application/json; charset=utf-8
      date:
      - Thu, 09 Apr 2020 07:11:32 GMT
      expires:
      - '-1'
      pragma:
      - no-cache
      server:
      - Microsoft-HTTPAPI/2.0
      - Microsoft-HTTPAPI/2.0
      strict-transport-security:
      - max-age=31536000; includeSubDomains
      transfer-encoding:
      - chunked
      vary:
      - Accept-Encoding
      x-content-type-options:
      - nosniff
      x-ms-ratelimit-remaining-resource:
      - Microsoft.Compute/GetOperation3Min;14998,Microsoft.Compute/GetOperation30Min;29989
    status:
      code: 200
      message: OK
- request:
    body: null
    headers:
      Accept:
      - application/json
      Accept-Encoding:
      - gzip, deflate
      Connection:
      - keep-alive
      User-Agent:
      - python/3.6.9 (Linux-4.9.184-linuxkit-x86_64-with-Ubuntu-18.04-bionic) msrest/0.6.13
        msrest_azure/0.6.2 azure-mgmt-compute/10.0.0 Azure-SDK-For-Python
    method: GET
    uri: https://management.azure.com/subscriptions/00000000-0000-0000-0000-000000000000/providers/Microsoft.Compute/locations/eastus/operations/b58df567-3c4f-4c99-86fe-9941fb6cfea2?api-version=2019-07-01
  response:
    body:
      string: "{\r\n  \"startTime\": \"2020-04-09T07:10:23.9188983+00:00\",\r\n  \"\
        status\": \"InProgress\",\r\n  \"name\": \"b58df567-3c4f-4c99-86fe-9941fb6cfea2\"\
        \r\n}"
    headers:
      cache-control:
      - no-cache
      content-length:
      - '134'
      content-type:
      - application/json; charset=utf-8
      date:
      - Thu, 09 Apr 2020 07:12:02 GMT
      expires:
      - '-1'
      pragma:
      - no-cache
      server:
      - Microsoft-HTTPAPI/2.0
      - Microsoft-HTTPAPI/2.0
      strict-transport-security:
      - max-age=31536000; includeSubDomains
      transfer-encoding:
      - chunked
      vary:
      - Accept-Encoding
      x-content-type-options:
      - nosniff
      x-ms-ratelimit-remaining-resource:
      - Microsoft.Compute/GetOperation3Min;14997,Microsoft.Compute/GetOperation30Min;29988
    status:
      code: 200
      message: OK
- request:
    body: null
    headers:
      Accept:
      - application/json
      Accept-Encoding:
      - gzip, deflate
      Connection:
      - keep-alive
      User-Agent:
      - python/3.6.9 (Linux-4.9.184-linuxkit-x86_64-with-Ubuntu-18.04-bionic) msrest/0.6.13
        msrest_azure/0.6.2 azure-mgmt-compute/10.0.0 Azure-SDK-For-Python
    method: GET
    uri: https://management.azure.com/subscriptions/00000000-0000-0000-0000-000000000000/providers/Microsoft.Compute/locations/eastus/operations/b58df567-3c4f-4c99-86fe-9941fb6cfea2?api-version=2019-07-01
  response:
    body:
      string: "{\r\n  \"startTime\": \"2020-04-09T07:10:23.9188983+00:00\",\r\n  \"\
        endTime\": \"2020-04-09T07:12:12.6852125+00:00\",\r\n  \"status\": \"Succeeded\"\
        ,\r\n  \"name\": \"b58df567-3c4f-4c99-86fe-9941fb6cfea2\"\r\n}"
    headers:
      cache-control:
      - no-cache
      content-length:
      - '184'
      content-type:
      - application/json; charset=utf-8
      date:
      - Thu, 09 Apr 2020 07:12:32 GMT
      expires:
      - '-1'
      pragma:
      - no-cache
      server:
      - Microsoft-HTTPAPI/2.0
      - Microsoft-HTTPAPI/2.0
      strict-transport-security:
      - max-age=31536000; includeSubDomains
      transfer-encoding:
      - chunked
      vary:
      - Accept-Encoding
      x-content-type-options:
      - nosniff
      x-ms-ratelimit-remaining-resource:
      - Microsoft.Compute/GetOperation3Min;14995,Microsoft.Compute/GetOperation30Min;29986
    status:
      code: 200
      message: OK
- request:
    body: null
    headers:
      Accept:
      - application/json
      Accept-Encoding:
      - gzip, deflate
      Connection:
      - keep-alive
      User-Agent:
      - python/3.6.9 (Linux-4.9.184-linuxkit-x86_64-with-Ubuntu-18.04-bionic) msrest/0.6.13
        msrest_azure/0.6.2 azure-mgmt-compute/10.0.0 Azure-SDK-For-Python
    method: GET
    uri: https://management.azure.com/subscriptions/00000000-0000-0000-0000-000000000000/resourceGroups/test_cli_mgmt_monitor_test_alert_rule23140f4f/providers/Microsoft.Compute/virtualMachines/vm_name?api-version=2019-07-01
  response:
    body:
      string: "{\r\n  \"name\": \"vm_name\",\r\n  \"id\": \"/subscriptions/00000000-0000-0000-0000-000000000000/resourceGroups/test_cli_mgmt_monitor_test_alert_rule23140f4f/providers/Microsoft.Compute/virtualMachines/vm_name\"\
        ,\r\n  \"type\": \"Microsoft.Compute/virtualMachines\",\r\n  \"location\"\
        : \"eastus\",\r\n  \"properties\": {\r\n    \"vmId\": \"b581e642-0900-4e06-9315-8c33dbd53e7a\"\
        ,\r\n    \"hardwareProfile\": {\r\n      \"vmSize\": \"Standard_D2_v2\"\r\n\
        \    },\r\n    \"storageProfile\": {\r\n      \"imageReference\": {\r\n  \
        \      \"publisher\": \"MicrosoftWindowsServer\",\r\n        \"offer\": \"\
        WindowsServer\",\r\n        \"sku\": \"2016-Datacenter\",\r\n        \"version\"\
        : \"latest\",\r\n        \"exactVersion\": \"14393.3564.2003072353\"\r\n \
        \     },\r\n      \"osDisk\": {\r\n        \"osType\": \"Windows\",\r\n  \
        \      \"name\": \"myVMosdisk\",\r\n        \"createOption\": \"FromImage\"\
        ,\r\n        \"caching\": \"ReadWrite\",\r\n        \"managedDisk\": {\r\n\
        \          \"storageAccountType\": \"Standard_LRS\",\r\n          \"id\":\
        \ \"/subscriptions/00000000-0000-0000-0000-000000000000/resourceGroups/TEST_CLI_MGMT_MONITOR_TEST_ALERT_RULE23140F4F/providers/Microsoft.Compute/disks/myVMosdisk\"\
        \r\n        },\r\n        \"diskSizeGB\": 127\r\n      },\r\n      \"dataDisks\"\
        : [\r\n        {\r\n          \"lun\": 0,\r\n          \"name\": \"vm_name_disk2_bcd63ca98fb247289e59a6f5460fe447\"\
        ,\r\n          \"createOption\": \"Empty\",\r\n          \"caching\": \"None\"\
        ,\r\n          \"managedDisk\": {\r\n            \"storageAccountType\": \"\
        Standard_LRS\",\r\n            \"id\": \"/subscriptions/00000000-0000-0000-0000-000000000000/resourceGroups/TEST_CLI_MGMT_MONITOR_TEST_ALERT_RULE23140F4F/providers/Microsoft.Compute/disks/vm_name_disk2_bcd63ca98fb247289e59a6f5460fe447\"\
        \r\n          },\r\n          \"diskSizeGB\": 1023,\r\n          \"toBeDetached\"\
        : false\r\n        },\r\n        {\r\n          \"lun\": 1,\r\n          \"\
        name\": \"vm_name_disk3_9e782b60d1f340d79f67bc1f2d24c115\",\r\n          \"\
        createOption\": \"Empty\",\r\n          \"caching\": \"None\",\r\n       \
        \   \"managedDisk\": {\r\n            \"storageAccountType\": \"Standard_LRS\"\
        ,\r\n            \"id\": \"/subscriptions/00000000-0000-0000-0000-000000000000/resourceGroups/TEST_CLI_MGMT_MONITOR_TEST_ALERT_RULE23140F4F/providers/Microsoft.Compute/disks/vm_name_disk3_9e782b60d1f340d79f67bc1f2d24c115\"\
        \r\n          },\r\n          \"diskSizeGB\": 1023,\r\n          \"toBeDetached\"\
        : false\r\n        }\r\n      ]\r\n    },\r\n    \"osProfile\": {\r\n    \
        \  \"computerName\": \"myVM\",\r\n      \"adminUsername\": \"testuser\",\r\
        \n      \"windowsConfiguration\": {\r\n        \"provisionVMAgent\": true,\r\
        \n        \"enableAutomaticUpdates\": true\r\n      },\r\n      \"secrets\"\
        : [],\r\n      \"allowExtensionOperations\": true,\r\n      \"requireGuestProvisionSignal\"\
        : true\r\n    },\r\n    \"networkProfile\": {\"networkInterfaces\":[{\"id\"\
        :\"/subscriptions/00000000-0000-0000-0000-000000000000/resourceGroups/test_cli_mgmt_monitor_test_alert_rule23140f4f/providers/Microsoft.Network/networkInterfaces/interfacexx\"\
        ,\"properties\":{\"primary\":true}}]},\r\n    \"provisioningState\": \"Succeeded\"\
        \r\n  }\r\n}"
    headers:
      cache-control:
      - no-cache
      content-length:
      - '2887'
      content-type:
      - application/json; charset=utf-8
      date:
      - Thu, 09 Apr 2020 07:12:32 GMT
      expires:
      - '-1'
      pragma:
      - no-cache
      server:
      - Microsoft-HTTPAPI/2.0
      - Microsoft-HTTPAPI/2.0
      strict-transport-security:
      - max-age=31536000; includeSubDomains
      transfer-encoding:
      - chunked
      vary:
      - Accept-Encoding
      x-content-type-options:
      - nosniff
      x-ms-ratelimit-remaining-resource:
      - Microsoft.Compute/LowCostGet3Min;3997,Microsoft.Compute/LowCostGet30Min;31993
    status:
      code: 200
      message: OK
- request:
    body: 'b''{"location": "eastus", "properties": {"name": "alertrule23140f4f", "description":
      "Testing Alert rule creation", "isEnabled": true, "condition": {"odata.type":
      "Microsoft.Azure.Management.Insights.Models.ThresholdRuleCondition", "dataSource":
      {"odata.type": "Microsoft.Azure.Management.Insights.Models.RuleMetricDataSource",
      "resourceUri": "/subscriptions/00000000-0000-0000-0000-000000000000/resourceGroups/test_cli_mgmt_monitor_test_alert_rule23140f4f/providers/Microsoft.Compute/virtualMachines/vm_name",
      "metricName": "CPU Credits Consumed"}, "operator": "GreaterThanOrEqual", "threshold":
      90.0, "windowSize": "PT5M", "timeAggregation": "Average"}, "actions": []}}'''
    headers:
      Accept:
      - application/json
      Accept-Encoding:
      - gzip, deflate
      Connection:
      - keep-alive
      Content-Length:
      - '668'
      Content-Type:
      - application/json
      User-Agent:
      - azsdk-python-azure-mgmt-eventhub/0.1.0 Python/3.6.9 (Linux-4.9.184-linuxkit-x86_64-with-Ubuntu-18.04-bionic)
    method: PUT
    uri: https://management.azure.com/subscriptions/00000000-0000-0000-0000-000000000000/resourcegroups/test_cli_mgmt_monitor_test_alert_rule23140f4f/providers/microsoft.insights/alertrules/alertrule23140f4f?api-version=2016-03-01
  response:
    body:
      string: '{"code":"BadRequest","message":"You cannot create or modify classic
        metric alerts for this subscription as this subscription 00000000-0000-0000-0000-000000000000
        is being migrated or has been migrated to use new metric alerts. Learn more
        - aka.ms/alertclassicretirement"}'
    headers:
      cache-control:
      - no-cache
      content-length:
      - '271'
      content-type:
      - application/json; charset=utf-8
      date:
      - Thu, 09 Apr 2020 07:12:43 GMT
      expires:
      - '-1'
      pragma:
      - no-cache
      server:
      - Microsoft-IIS/10.0
      strict-transport-security:
      - max-age=31536000; includeSubDomains
      x-content-type-options:
      - nosniff
      x-ms-ratelimit-remaining-subscription-writes:
      - '1198'
    status:
      code: 400
      message: Bad Request
version: 1
