interactions:
- request:
    body: '{"location": "westcentralus", "properties": {"publicNetworkAccess": "Enabled"}}'
    headers:
      Accept:
      - application/json
      Accept-Encoding:
      - gzip, deflate
      Connection:
      - keep-alive
      Content-Length:
      - '79'
      Content-Type:
      - application/json; charset=utf-8
      User-Agent:
      - python/3.6.9 (Linux-4.9.184-linuxkit-x86_64-with-Ubuntu-18.04-bionic) msrest/0.6.10
        msrest_azure/0.6.2 azure-mgmt-batch/10.0.0 Azure-SDK-For-Python
      accept-language:
      - en-US
    method: PUT
    uri: https://management.azure.com/subscriptions/00000000-0000-0000-0000-000000000000/resourceGroups/test_mgmt_batch_test_mgmt_batch_account3e1b0fe5/providers/Microsoft.Batch/batchAccounts/batch3e1b0fe5?api-version=2021-01-01
  response:
    body:
      string: ''
    headers:
      cache-control:
      - no-cache
      content-length:
      - '0'
      date:
      - Thu, 28 Jan 2021 02:17:53 GMT
      expires:
      - '-1'
      location:
      - https://management.azure.com/subscriptions/00000000-0000-0000-0000-000000000000/resourceGroups/test_mgmt_batch_test_mgmt_batch_account3e1b0fe5/providers/Microsoft.Batch/batchAccounts/batch3e1b0fe5/operationResults/3d07d79b-15d3-4b28-9caa-e694d7296920?api-version=2021-01-01
      pragma:
      - no-cache
      server:
      - Microsoft-HTTPAPI/2.0
      strict-transport-security:
      - max-age=31536000; includeSubDomains
      x-content-type-options:
      - nosniff
      x-ms-ratelimit-remaining-subscription-writes:
      - '1199'
    status:
      code: 202
      message: Accepted
- request:
    body: null
    headers:
      Accept:
      - application/json
      Accept-Encoding:
      - gzip, deflate
      Connection:
      - keep-alive
      User-Agent:
      - python/3.6.9 (Linux-4.9.184-linuxkit-x86_64-with-Ubuntu-18.04-bionic) msrest/0.6.10
        msrest_azure/0.6.2 azure-mgmt-batch/10.0.0 Azure-SDK-For-Python
    method: GET
    uri: https://management.azure.com/subscriptions/00000000-0000-0000-0000-000000000000/resourceGroups/test_mgmt_batch_test_mgmt_batch_account3e1b0fe5/providers/Microsoft.Batch/batchAccounts/batch3e1b0fe5/operationResults/3d07d79b-15d3-4b28-9caa-e694d7296920?api-version=2021-01-01
  response:
    body:
      string: '{"id":"/subscriptions/00000000-0000-0000-0000-000000000000/resourceGroups/test_mgmt_batch_test_mgmt_batch_account3e1b0fe5/providers/Microsoft.Batch/batchAccounts/batch3e1b0fe5","name":"batch3e1b0fe5","type":"Microsoft.Batch/batchAccounts","location":"westcentralus","properties":{"accountEndpoint":"batch3e1b0fe5.westcentralus.batch.azure.com","provisioningState":"Succeeded","dedicatedCoreQuota":700,"dedicatedCoreQuotaPerVMFamily":[{"name":"standardAv2Family","coreQuota":100},{"name":"standardDv2Family","coreQuota":100},{"name":"standardDv3Family","coreQuota":100},{"name":"standardEv3Family","coreQuota":50},{"name":"standardDSv2Family","coreQuota":100},{"name":"standardDSv3Family","coreQuota":100},{"name":"standardESv3Family","coreQuota":50},{"name":"standardFFamily","coreQuota":50},{"name":"standardFSFamily","coreQuota":50},{"name":"standardA0_A7Family","coreQuota":0},{"name":"standardA8_A11Family","coreQuota":0},{"name":"standardDFamily","coreQuota":0},{"name":"standardGFamily","coreQuota":0},{"name":"basicAFamily","coreQuota":0},{"name":"standardNVFamily","coreQuota":0},{"name":"standardNVPromoFamily","coreQuota":0},{"name":"standardNCFamily","coreQuota":0},{"name":"standardNCPromoFamily","coreQuota":0},{"name":"standardHFamily","coreQuota":0},{"name":"standardHPromoFamily","coreQuota":0},{"name":"standardMSFamily","coreQuota":0},{"name":"standardDSFamily","coreQuota":0},{"name":"standardGSFamily","coreQuota":0},{"name":"standardLSFamily","coreQuota":0},{"name":"standardLSv2Family","coreQuota":0},{"name":"standardNCSv2Family","coreQuota":0},{"name":"standardNDSFamily","coreQuota":0},{"name":"standardNCSv3Family","coreQuota":0},{"name":"standardFSv2Family","coreQuota":0},{"name":"standardHBSFamily","coreQuota":0},{"name":"standardHCSFamily","coreQuota":0},{"name":"standardNVSv3Family","coreQuota":0},{"name":"standardHBrsv2Family","coreQuota":0},{"name":"standardDAv4Family","coreQuota":0},{"name":"standardDASv4Family","coreQuota":0},{"name":"standardEAv4Family","coreQuota":0},{"name":"standardEASv4Family","coreQuota":0},{"name":"standardDDv4Family","coreQuota":0},{"name":"standardDDSv4Family","coreQuota":0},{"name":"standardEDv4Family","coreQuota":0},{"name":"standardEDSv4Family","coreQuota":0},{"name":"standardMSv2Family","coreQuota":0},{"name":"standardEIv3Family","coreQuota":0},{"name":"standardNVSv4Family","coreQuota":0},{"name":"standardXEIDSv4Family","coreQuota":0}],"dedicatedCoreQuotaPerVMFamilyEnforced":true,"lowPriorityCoreQuota":500,"poolQuota":100,"activeJobAndJobScheduleQuota":300,"poolAllocationMode":"BatchService","publicNetworkAccess":"Enabled","encryption":{"keySource":"Microsoft.Batch"}},"identity":{"type":"None"}}'
    headers:
      cache-control:
      - no-cache
      content-length:
      - '2678'
      content-type:
      - application/json; charset=utf-8
      date:
      - Thu, 28 Jan 2021 02:18:10 GMT
      etag:
      - '"0x8D8C332F5697EE6"'
      expires:
      - '-1'
      last-modified:
      - Thu, 28 Jan 2021 02:18:10 GMT
      pragma:
      - no-cache
      server:
      - Microsoft-HTTPAPI/2.0
      strict-transport-security:
      - max-age=31536000; includeSubDomains
      transfer-encoding:
      - chunked
      vary:
      - Accept-Encoding
      x-content-type-options:
      - nosniff
    status:
      code: 200
      message: OK
- request:
    body: null
    headers:
      Accept:
      - application/json
      Accept-Encoding:
      - gzip, deflate
      Connection:
      - keep-alive
      User-Agent:
      - python/3.6.9 (Linux-4.9.184-linuxkit-x86_64-with-Ubuntu-18.04-bionic) msrest/0.6.10
        msrest_azure/0.6.2 azure-mgmt-batch/10.0.0 Azure-SDK-For-Python
      accept-language:
      - en-US
    method: GET
    uri: https://management.azure.com/subscriptions/00000000-0000-0000-0000-000000000000/resourceGroups/test_mgmt_batch_test_mgmt_batch_account3e1b0fe5/providers/Microsoft.Batch/batchAccounts/batch3e1b0fe5?api-version=2021-01-01
  response:
    body:
      string: '{"id":"/subscriptions/00000000-0000-0000-0000-000000000000/resourceGroups/test_mgmt_batch_test_mgmt_batch_account3e1b0fe5/providers/Microsoft.Batch/batchAccounts/batch3e1b0fe5","name":"batch3e1b0fe5","type":"Microsoft.Batch/batchAccounts","location":"westcentralus","properties":{"accountEndpoint":"batch3e1b0fe5.westcentralus.batch.azure.com","provisioningState":"Succeeded","dedicatedCoreQuota":700,"dedicatedCoreQuotaPerVMFamily":[{"name":"standardAv2Family","coreQuota":100},{"name":"standardDv2Family","coreQuota":100},{"name":"standardDv3Family","coreQuota":100},{"name":"standardEv3Family","coreQuota":50},{"name":"standardDSv2Family","coreQuota":100},{"name":"standardDSv3Family","coreQuota":100},{"name":"standardESv3Family","coreQuota":50},{"name":"standardFFamily","coreQuota":50},{"name":"standardFSFamily","coreQuota":50},{"name":"standardA0_A7Family","coreQuota":0},{"name":"standardA8_A11Family","coreQuota":0},{"name":"standardDFamily","coreQuota":0},{"name":"standardGFamily","coreQuota":0},{"name":"basicAFamily","coreQuota":0},{"name":"standardNVFamily","coreQuota":0},{"name":"standardNVPromoFamily","coreQuota":0},{"name":"standardNCFamily","coreQuota":0},{"name":"standardNCPromoFamily","coreQuota":0},{"name":"standardHFamily","coreQuota":0},{"name":"standardHPromoFamily","coreQuota":0},{"name":"standardMSFamily","coreQuota":0},{"name":"standardDSFamily","coreQuota":0},{"name":"standardGSFamily","coreQuota":0},{"name":"standardLSFamily","coreQuota":0},{"name":"standardLSv2Family","coreQuota":0},{"name":"standardNCSv2Family","coreQuota":0},{"name":"standardNDSFamily","coreQuota":0},{"name":"standardNCSv3Family","coreQuota":0},{"name":"standardFSv2Family","coreQuota":0},{"name":"standardHBSFamily","coreQuota":0},{"name":"standardHCSFamily","coreQuota":0},{"name":"standardNVSv3Family","coreQuota":0},{"name":"standardHBrsv2Family","coreQuota":0},{"name":"standardDAv4Family","coreQuota":0},{"name":"standardDASv4Family","coreQuota":0},{"name":"standardEAv4Family","coreQuota":0},{"name":"standardEASv4Family","coreQuota":0},{"name":"standardDDv4Family","coreQuota":0},{"name":"standardDDSv4Family","coreQuota":0},{"name":"standardEDv4Family","coreQuota":0},{"name":"standardEDSv4Family","coreQuota":0},{"name":"standardMSv2Family","coreQuota":0},{"name":"standardEIv3Family","coreQuota":0},{"name":"standardNVSv4Family","coreQuota":0},{"name":"standardXEIDSv4Family","coreQuota":0}],"dedicatedCoreQuotaPerVMFamilyEnforced":true,"lowPriorityCoreQuota":500,"poolQuota":100,"activeJobAndJobScheduleQuota":300,"poolAllocationMode":"BatchService","publicNetworkAccess":"Enabled","encryption":{"keySource":"Microsoft.Batch"}},"identity":{"type":"None"}}'
    headers:
      cache-control:
      - no-cache
      content-length:
      - '2678'
      content-type:
      - application/json; charset=utf-8
      date:
      - Thu, 28 Jan 2021 02:18:10 GMT
      etag:
      - '"0x8D8C332ED5A8C5F"'
      expires:
      - '-1'
      last-modified:
      - Thu, 28 Jan 2021 02:17:57 GMT
      pragma:
      - no-cache
      server:
      - Microsoft-HTTPAPI/2.0
      strict-transport-security:
      - max-age=31536000; includeSubDomains
      transfer-encoding:
      - chunked
      vary:
      - Accept-Encoding
      x-content-type-options:
      - nosniff
    status:
      code: 200
      message: OK
- request:
    body: null
    headers:
      Accept:
      - application/json
      Accept-Encoding:
      - gzip, deflate
      Connection:
      - keep-alive
      User-Agent:
      - python/3.6.9 (Linux-4.9.184-linuxkit-x86_64-with-Ubuntu-18.04-bionic) msrest/0.6.10
        msrest_azure/0.6.2 azure-mgmt-batch/10.0.0 Azure-SDK-For-Python
      accept-language:
      - en-US
    method: GET
    uri: https://management.azure.com/subscriptions/00000000-0000-0000-0000-000000000000/resourceGroups/test_mgmt_batch_test_mgmt_batch_account3e1b0fe5/providers/Microsoft.Batch/batchAccounts?api-version=2021-01-01
  response:
    body:
      string: '{"value":[{"id":"/subscriptions/00000000-0000-0000-0000-000000000000/resourceGroups/test_mgmt_batch_test_mgmt_batch_account3e1b0fe5/providers/Microsoft.Batch/batchAccounts/batch3e1b0fe5","name":"batch3e1b0fe5","type":"Microsoft.Batch/batchAccounts","location":"westcentralus","properties":{"accountEndpoint":"batch3e1b0fe5.westcentralus.batch.azure.com","provisioningState":"Succeeded","dedicatedCoreQuota":700,"dedicatedCoreQuotaPerVMFamily":[{"name":"standardAv2Family","coreQuota":100},{"name":"standardDv2Family","coreQuota":100},{"name":"standardDv3Family","coreQuota":100},{"name":"standardEv3Family","coreQuota":50},{"name":"standardDSv2Family","coreQuota":100},{"name":"standardDSv3Family","coreQuota":100},{"name":"standardESv3Family","coreQuota":50},{"name":"standardFFamily","coreQuota":50},{"name":"standardFSFamily","coreQuota":50},{"name":"standardA0_A7Family","coreQuota":0},{"name":"standardA8_A11Family","coreQuota":0},{"name":"standardDFamily","coreQuota":0},{"name":"standardGFamily","coreQuota":0},{"name":"basicAFamily","coreQuota":0},{"name":"standardNVFamily","coreQuota":0},{"name":"standardNVPromoFamily","coreQuota":0},{"name":"standardNCFamily","coreQuota":0},{"name":"standardNCPromoFamily","coreQuota":0},{"name":"standardHFamily","coreQuota":0},{"name":"standardHPromoFamily","coreQuota":0},{"name":"standardMSFamily","coreQuota":0},{"name":"standardDSFamily","coreQuota":0},{"name":"standardGSFamily","coreQuota":0},{"name":"standardLSFamily","coreQuota":0},{"name":"standardLSv2Family","coreQuota":0},{"name":"standardNCSv2Family","coreQuota":0},{"name":"standardNDSFamily","coreQuota":0},{"name":"standardNCSv3Family","coreQuota":0},{"name":"standardFSv2Family","coreQuota":0},{"name":"standardHBSFamily","coreQuota":0},{"name":"standardHCSFamily","coreQuota":0},{"name":"standardNVSv3Family","coreQuota":0},{"name":"standardHBrsv2Family","coreQuota":0},{"name":"standardDAv4Family","coreQuota":0},{"name":"standardDASv4Family","coreQuota":0},{"name":"standardEAv4Family","coreQuota":0},{"name":"standardEASv4Family","coreQuota":0},{"name":"standardDDv4Family","coreQuota":0},{"name":"standardDDSv4Family","coreQuota":0},{"name":"standardEDv4Family","coreQuota":0},{"name":"standardEDSv4Family","coreQuota":0},{"name":"standardMSv2Family","coreQuota":0},{"name":"standardEIv3Family","coreQuota":0},{"name":"standardNVSv4Family","coreQuota":0},{"name":"standardXEIDSv4Family","coreQuota":0}],"dedicatedCoreQuotaPerVMFamilyEnforced":true,"lowPriorityCoreQuota":500,"poolQuota":100,"activeJobAndJobScheduleQuota":300,"poolAllocationMode":"BatchService","publicNetworkAccess":"Enabled","encryption":{"keySource":"Microsoft.Batch"}},"identity":{"type":"None"}}]}'
    headers:
      cache-control:
      - no-cache
      content-length:
      - '2690'
      content-type:
      - application/json; charset=utf-8
      date:
      - Thu, 28 Jan 2021 02:18:10 GMT
      expires:
      - '-1'
      pragma:
      - no-cache
      server:
      - Microsoft-HTTPAPI/2.0
      strict-transport-security:
      - max-age=31536000; includeSubDomains
      transfer-encoding:
      - chunked
      vary:
      - Accept-Encoding
      x-content-type-options:
      - nosniff
    status:
      code: 200
      message: OK
- request:
    body: null
    headers:
      Accept:
      - application/json
      Accept-Encoding:
      - gzip, deflate
      Connection:
      - keep-alive
      Content-Length:
      - '0'
      User-Agent:
      - python/3.6.9 (Linux-4.9.184-linuxkit-x86_64-with-Ubuntu-18.04-bionic) msrest/0.6.10
        msrest_azure/0.6.2 azure-mgmt-batch/10.0.0 Azure-SDK-For-Python
      accept-language:
      - en-US
    method: POST
    uri: https://management.azure.com/subscriptions/00000000-0000-0000-0000-000000000000/resourceGroups/test_mgmt_batch_test_mgmt_batch_account3e1b0fe5/providers/Microsoft.Batch/batchAccounts/batch3e1b0fe5/listKeys?api-version=2021-01-01
  response:
    body:
      string: '{"accountName":"batch3e1b0fe5","primary":"0f3/a46zDnSPtx3dhQ8ayta44B3lXQsz0XmrkDnoRHFEFryO+hSotq2mFTJnM0p2l2VRcUy/ojftsW1IlAuhBA==","secondary":"05qZUMzwpYa9AVa9qT60H4GZh8pHBfmKKqU9156yKCqDatxC5jBJG9mGFqAopPJYozbVPMrU+uuNOMWqwLnpyA=="}'
    headers:
      cache-control:
      - no-cache
      content-length:
      - '235'
      content-type:
      - application/json; charset=utf-8
      date:
      - Thu, 28 Jan 2021 02:18:11 GMT
      expires:
      - '-1'
      pragma:
      - no-cache
      server:
      - Microsoft-HTTPAPI/2.0
      strict-transport-security:
      - max-age=31536000; includeSubDomains
      transfer-encoding:
      - chunked
      vary:
      - Accept-Encoding
      x-content-type-options:
      - nosniff
      x-ms-ratelimit-remaining-subscription-writes:
      - '1199'
    status:
      code: 200
      message: OK
- request:
    body: '{"keyName": "Secondary"}'
    headers:
      Accept:
      - application/json
      Accept-Encoding:
      - gzip, deflate
      Connection:
      - keep-alive
      Content-Length:
      - '24'
      Content-Type:
      - application/json; charset=utf-8
      User-Agent:
      - python/3.6.9 (Linux-4.9.184-linuxkit-x86_64-with-Ubuntu-18.04-bionic) msrest/0.6.10
        msrest_azure/0.6.2 azure-mgmt-batch/10.0.0 Azure-SDK-For-Python
      accept-language:
      - en-US
    method: POST
    uri: https://management.azure.com/subscriptions/00000000-0000-0000-0000-000000000000/resourceGroups/test_mgmt_batch_test_mgmt_batch_account3e1b0fe5/providers/Microsoft.Batch/batchAccounts/batch3e1b0fe5/regenerateKeys?api-version=2021-01-01
  response:
    body:
      string: '{"accountName":"batch3e1b0fe5","primary":"0f3/a46zDnSPtx3dhQ8ayta44B3lXQsz0XmrkDnoRHFEFryO+hSotq2mFTJnM0p2l2VRcUy/ojftsW1IlAuhBA==","secondary":"Oq4CuzWEXwBpWUjrJbf9EaeSIElseBIbPm34cJmvLL5tD2urq4sLtECgbYr6yIrzJ/RXghFPO39UYzqp96t4cA=="}'
    headers:
      cache-control:
      - no-cache
      content-length:
      - '235'
      content-type:
      - application/json; charset=utf-8
      date:
      - Thu, 28 Jan 2021 02:18:11 GMT
      expires:
      - '-1'
      pragma:
      - no-cache
      server:
      - Microsoft-HTTPAPI/2.0
      strict-transport-security:
      - max-age=31536000; includeSubDomains
      transfer-encoding:
      - chunked
      vary:
      - Accept-Encoding
      x-content-type-options:
      - nosniff
      x-ms-ratelimit-remaining-subscription-writes:
      - '1198'
    status:
      code: 200
      message: OK
- request:
    body: '{"tags": {"Name": "tagName", "Value": "tagValue"}}'
    headers:
      Accept:
      - application/json
      Accept-Encoding:
      - gzip, deflate
      Connection:
      - keep-alive
      Content-Length:
      - '50'
      Content-Type:
      - application/json; charset=utf-8
      User-Agent:
      - python/3.6.9 (Linux-4.9.184-linuxkit-x86_64-with-Ubuntu-18.04-bionic) msrest/0.6.10
        msrest_azure/0.6.2 azure-mgmt-batch/10.0.0 Azure-SDK-For-Python
      accept-language:
      - en-US
    method: PATCH
    uri: https://management.azure.com/subscriptions/00000000-0000-0000-0000-000000000000/resourceGroups/test_mgmt_batch_test_mgmt_batch_account3e1b0fe5/providers/Microsoft.Batch/batchAccounts/batch3e1b0fe5?api-version=2021-01-01
  response:
    body:
      string: '{"id":"/subscriptions/00000000-0000-0000-0000-000000000000/resourceGroups/test_mgmt_batch_test_mgmt_batch_account3e1b0fe5/providers/Microsoft.Batch/batchAccounts/batch3e1b0fe5","name":"batch3e1b0fe5","type":"Microsoft.Batch/batchAccounts","location":"westcentralus","properties":{"accountEndpoint":"batch3e1b0fe5.westcentralus.batch.azure.com","provisioningState":"Succeeded","dedicatedCoreQuota":700,"dedicatedCoreQuotaPerVMFamily":[{"name":"standardAv2Family","coreQuota":100},{"name":"standardDv2Family","coreQuota":100},{"name":"standardDv3Family","coreQuota":100},{"name":"standardEv3Family","coreQuota":50},{"name":"standardDSv2Family","coreQuota":100},{"name":"standardDSv3Family","coreQuota":100},{"name":"standardESv3Family","coreQuota":50},{"name":"standardFFamily","coreQuota":50},{"name":"standardFSFamily","coreQuota":50},{"name":"standardA0_A7Family","coreQuota":0},{"name":"standardA8_A11Family","coreQuota":0},{"name":"standardDFamily","coreQuota":0},{"name":"standardGFamily","coreQuota":0},{"name":"basicAFamily","coreQuota":0},{"name":"standardNVFamily","coreQuota":0},{"name":"standardNVPromoFamily","coreQuota":0},{"name":"standardNCFamily","coreQuota":0},{"name":"standardNCPromoFamily","coreQuota":0},{"name":"standardHFamily","coreQuota":0},{"name":"standardHPromoFamily","coreQuota":0},{"name":"standardMSFamily","coreQuota":0},{"name":"standardDSFamily","coreQuota":0},{"name":"standardGSFamily","coreQuota":0},{"name":"standardLSFamily","coreQuota":0},{"name":"standardLSv2Family","coreQuota":0},{"name":"standardNCSv2Family","coreQuota":0},{"name":"standardNDSFamily","coreQuota":0},{"name":"standardNCSv3Family","coreQuota":0},{"name":"standardFSv2Family","coreQuota":0},{"name":"standardHBSFamily","coreQuota":0},{"name":"standardHCSFamily","coreQuota":0},{"name":"standardNVSv3Family","coreQuota":0},{"name":"standardHBrsv2Family","coreQuota":0},{"name":"standardDAv4Family","coreQuota":0},{"name":"standardDASv4Family","coreQuota":0},{"name":"standardEAv4Family","coreQuota":0},{"name":"standardEASv4Family","coreQuota":0},{"name":"standardDDv4Family","coreQuota":0},{"name":"standardDDSv4Family","coreQuota":0},{"name":"standardEDv4Family","coreQuota":0},{"name":"standardEDSv4Family","coreQuota":0},{"name":"standardMSv2Family","coreQuota":0},{"name":"standardEIv3Family","coreQuota":0},{"name":"standardNVSv4Family","coreQuota":0},{"name":"standardXEIDSv4Family","coreQuota":0}],"dedicatedCoreQuotaPerVMFamilyEnforced":true,"lowPriorityCoreQuota":500,"poolQuota":100,"activeJobAndJobScheduleQuota":300,"poolAllocationMode":"BatchService","publicNetworkAccess":"Enabled","encryption":{"keySource":"Microsoft.Batch"}},"tags":{"Name":"tagName","Value":"tagValue"},"identity":{"type":"None"}}'
    headers:
      cache-control:
      - no-cache
      content-length:
      - '2723'
      content-type:
      - application/json; charset=utf-8
      date:
      - Thu, 28 Jan 2021 02:18:14 GMT
      etag:
      - '"0x8D8C332F6B3E8E5"'
      expires:
      - '-1'
      last-modified:
      - Thu, 28 Jan 2021 02:18:12 GMT
      pragma:
      - no-cache
      server:
      - Microsoft-HTTPAPI/2.0
      strict-transport-security:
      - max-age=31536000; includeSubDomains
      transfer-encoding:
      - chunked
      vary:
      - Accept-Encoding
      x-content-type-options:
      - nosniff
      x-ms-ratelimit-remaining-subscription-writes:
      - '1198'
    status:
      code: 200
      message: OK
- request:
    body: null
    headers:
      Accept:
      - application/json
      Accept-Encoding:
      - gzip, deflate
      Connection:
      - keep-alive
      Content-Length:
      - '0'
      User-Agent:
      - python/3.6.9 (Linux-4.9.184-linuxkit-x86_64-with-Ubuntu-18.04-bionic) msrest/0.6.10
        msrest_azure/0.6.2 azure-mgmt-batch/10.0.0 Azure-SDK-For-Python
      accept-language:
      - en-US
    method: DELETE
    uri: https://management.azure.com/subscriptions/00000000-0000-0000-0000-000000000000/resourceGroups/test_mgmt_batch_test_mgmt_batch_account3e1b0fe5/providers/Microsoft.Batch/batchAccounts/batch3e1b0fe5?api-version=2021-01-01
  response:
    body:
      string: ''
    headers:
      cache-control:
      - no-cache
      content-length:
      - '0'
      date:
      - Thu, 28 Jan 2021 02:18:15 GMT
      expires:
      - '-1'
      location:
      - https://management.azure.com/subscriptions/00000000-0000-0000-0000-000000000000/providers/Microsoft.Batch/locations/westcentralus/accountOperationResults/batch3e1b0fe5-60208378-e529-41dc-8810-3a97727f8d1f?api-version=2021-01-01
      pragma:
      - no-cache
      server:
      - Microsoft-HTTPAPI/2.0
      strict-transport-security:
      - max-age=31536000; includeSubDomains
      x-content-type-options:
      - nosniff
      x-ms-ratelimit-remaining-subscription-deletes:
      - '14999'
    status:
      code: 202
      message: Accepted
- request:
    body: null
    headers:
      Accept:
      - application/json
      Accept-Encoding:
      - gzip, deflate
      Connection:
      - keep-alive
      User-Agent:
      - python/3.6.9 (Linux-4.9.184-linuxkit-x86_64-with-Ubuntu-18.04-bionic) msrest/0.6.10
        msrest_azure/0.6.2 azure-mgmt-batch/10.0.0 Azure-SDK-For-Python
    method: GET
    uri: https://management.azure.com/subscriptions/00000000-0000-0000-0000-000000000000/providers/Microsoft.Batch/locations/westcentralus/accountOperationResults/batch3e1b0fe5-60208378-e529-41dc-8810-3a97727f8d1f?api-version=2021-01-01
  response:
    body:
      string: ''
    headers:
      cache-control:
      - no-cache
      content-length:
      - '0'
      date:
      - Thu, 28 Jan 2021 02:18:32 GMT
      expires:
      - '-1'
      pragma:
      - no-cache
      server:
      - Microsoft-HTTPAPI/2.0
      strict-transport-security:
      - max-age=31536000; includeSubDomains
      x-content-type-options:
      - nosniff
    status:
      code: 200
      message: OK
version: 1
