interactions:
- request:
    body: null
    headers:
      Accept: [application/json]
      Content-Length: ['0']
      Content-Type: [application/json; charset=utf-8]
      User-Agent: [azsdk-python-keyvault-secrets/4.1.0b1 Python/3.6.6 (Windows-10-10.0.18362-SP0)]
    method: PUT
    uri: https://vaultstorname.vault.azure.net/secrets/secret0?api-version=7.0
  response:
    body: {string: '{"error":{"code":"Unauthorized","message":"Request is missing
        a Bearer or PoP token."}}'}
    headers: {cache-control: no-cache, content-length: '87', content-type: application/json;
        charset=utf-8, date: 'Wed, 04 Dec 2019 19:38:51 GMT', expires: '-1', pragma: no-cache,
      server: Microsoft-IIS/10.0, strict-transport-security: max-age=31536000;includeSubDomains,
      www-authenticate: 'Bearer authorization="https://login.windows.net/72f988bf-86f1-41af-91ab-2d7cd011db47",
        resource="https://vault.azure.net"', x-aspnet-version: 4.0.30319, x-content-type-options: nosniff,
      x-ms-keyvault-network-info: addr=131.107.160.72;act_addr_fam=InterNetwork;,
      x-ms-keyvault-region: westus, x-ms-keyvault-service-version: 1.1.0.883, x-powered-by: ASP.NET}
    status: {code: 401, message: Unauthorized}
    url: !!python/object/new:yarl.URL
      state: !!python/tuple
      - !!python/object/new:urllib.parse.SplitResult [https, vault3xmbqjhqye7vut2avf4.vault.azure.net,
        /secrets/secret0, api-version=7.0, '']
- request:
    body: '{"value": "value0"}'
    headers:
      Accept: [application/json]
      Content-Length: ['19']
      Content-Type: [application/json; charset=utf-8]
      User-Agent: [azsdk-python-keyvault-secrets/4.1.0b1 Python/3.6.6 (Windows-10-10.0.18362-SP0)]
    method: PUT
    uri: https://vaultstorname.vault.azure.net/secrets/secret0?api-version=7.0
  response:
    body: {string: '{"value":"value0","id":"https://vaultstorname.vault.azure.net/secrets/secret0/a36d45e24d9e49cc9c5311a33d4c985c","attributes":{"enabled":true,"created":1575488332,"updated":1575488332,"recoveryLevel":"Recoverable+Purgeable"}}'}
    headers: {cache-control: no-cache, content-length: '235', content-type: application/json;
        charset=utf-8, date: 'Wed, 04 Dec 2019 19:38:52 GMT', expires: '-1', pragma: no-cache,
      server: Microsoft-IIS/10.0, strict-transport-security: max-age=31536000;includeSubDomains,
      x-aspnet-version: 4.0.30319, x-content-type-options: nosniff, x-ms-keyvault-network-info: addr=131.107.160.72;act_addr_fam=InterNetwork;,
      x-ms-keyvault-region: westus, x-ms-keyvault-service-version: 1.1.0.883, x-powered-by: ASP.NET}
    status: {code: 200, message: OK}
    url: !!python/object/new:yarl.URL
      state: !!python/tuple
      - !!python/object/new:urllib.parse.SplitResult [https, vault3xmbqjhqye7vut2avf4.vault.azure.net,
        /secrets/secret0, api-version=7.0, '']
- request:
    body: '{"value": "value1"}'
    headers:
      Accept: [application/json]
      Content-Length: ['19']
      Content-Type: [application/json; charset=utf-8]
      User-Agent: [azsdk-python-keyvault-secrets/4.1.0b1 Python/3.6.6 (Windows-10-10.0.18362-SP0)]
    method: PUT
    uri: https://vaultstorname.vault.azure.net/secrets/secret1?api-version=7.0
  response:
    body: {string: '{"value":"value1","id":"https://vaultstorname.vault.azure.net/secrets/secret1/093684a9913842749923c4d6d3b63898","attributes":{"enabled":true,"created":1575488333,"updated":1575488333,"recoveryLevel":"Recoverable+Purgeable"}}'}
    headers: {cache-control: no-cache, content-length: '235', content-type: application/json;
        charset=utf-8, date: 'Wed, 04 Dec 2019 19:38:52 GMT', expires: '-1', pragma: no-cache,
      server: Microsoft-IIS/10.0, strict-transport-security: max-age=31536000;includeSubDomains,
      x-aspnet-version: 4.0.30319, x-content-type-options: nosniff, x-ms-keyvault-network-info: addr=131.107.160.72;act_addr_fam=InterNetwork;,
      x-ms-keyvault-region: westus, x-ms-keyvault-service-version: 1.1.0.883, x-powered-by: ASP.NET}
    status: {code: 200, message: OK}
    url: !!python/object/new:yarl.URL
      state: !!python/tuple
      - !!python/object/new:urllib.parse.SplitResult [https, vault3xmbqjhqye7vut2avf4.vault.azure.net,
        /secrets/secret1, api-version=7.0, '']
- request:
    body: '{"value": "value2"}'
    headers:
      Accept: [application/json]
      Content-Length: ['19']
      Content-Type: [application/json; charset=utf-8]
      User-Agent: [azsdk-python-keyvault-secrets/4.1.0b1 Python/3.6.6 (Windows-10-10.0.18362-SP0)]
    method: PUT
    uri: https://vaultstorname.vault.azure.net/secrets/secret2?api-version=7.0
  response:
    body: {string: '{"value":"value2","id":"https://vaultstorname.vault.azure.net/secrets/secret2/cb4e1285f8824fc4bc80686f6d3df194","attributes":{"enabled":true,"created":1575488333,"updated":1575488333,"recoveryLevel":"Recoverable+Purgeable"}}'}
    headers: {cache-control: no-cache, content-length: '235', content-type: application/json;
        charset=utf-8, date: 'Wed, 04 Dec 2019 19:38:52 GMT', expires: '-1', pragma: no-cache,
      server: Microsoft-IIS/10.0, strict-transport-security: max-age=31536000;includeSubDomains,
      x-aspnet-version: 4.0.30319, x-content-type-options: nosniff, x-ms-keyvault-network-info: addr=131.107.160.72;act_addr_fam=InterNetwork;,
      x-ms-keyvault-region: westus, x-ms-keyvault-service-version: 1.1.0.883, x-powered-by: ASP.NET}
    status: {code: 200, message: OK}
    url: !!python/object/new:yarl.URL
      state: !!python/tuple
      - !!python/object/new:urllib.parse.SplitResult [https, vault3xmbqjhqye7vut2avf4.vault.azure.net,
        /secrets/secret2, api-version=7.0, '']
- request:
    body: '{"value": "value3"}'
    headers:
      Accept: [application/json]
      Content-Length: ['19']
      Content-Type: [application/json; charset=utf-8]
      User-Agent: [azsdk-python-keyvault-secrets/4.1.0b1 Python/3.6.6 (Windows-10-10.0.18362-SP0)]
    method: PUT
    uri: https://vaultstorname.vault.azure.net/secrets/secret3?api-version=7.0
  response:
    body: {string: '{"value":"value3","id":"https://vaultstorname.vault.azure.net/secrets/secret3/57f8b0fe4ef645f3ba44e0e8ec485b86","attributes":{"enabled":true,"created":1575488333,"updated":1575488333,"recoveryLevel":"Recoverable+Purgeable"}}'}
    headers: {cache-control: no-cache, content-length: '235', content-type: application/json;
        charset=utf-8, date: 'Wed, 04 Dec 2019 19:38:52 GMT', expires: '-1', pragma: no-cache,
      server: Microsoft-IIS/10.0, strict-transport-security: max-age=31536000;includeSubDomains,
      x-aspnet-version: 4.0.30319, x-content-type-options: nosniff, x-ms-keyvault-network-info: addr=131.107.160.72;act_addr_fam=InterNetwork;,
      x-ms-keyvault-region: westus, x-ms-keyvault-service-version: 1.1.0.883, x-powered-by: ASP.NET}
    status: {code: 200, message: OK}
    url: !!python/object/new:yarl.URL
      state: !!python/tuple
      - !!python/object/new:urllib.parse.SplitResult [https, vault3xmbqjhqye7vut2avf4.vault.azure.net,
        /secrets/secret3, api-version=7.0, '']
- request:
    body: '{"value": "value4"}'
    headers:
      Accept: [application/json]
      Content-Length: ['19']
      Content-Type: [application/json; charset=utf-8]
      User-Agent: [azsdk-python-keyvault-secrets/4.1.0b1 Python/3.6.6 (Windows-10-10.0.18362-SP0)]
    method: PUT
    uri: https://vaultstorname.vault.azure.net/secrets/secret4?api-version=7.0
  response:
    body: {string: '{"value":"value4","id":"https://vaultstorname.vault.azure.net/secrets/secret4/ee1078c5c62b41c385d833cb172f5672","attributes":{"enabled":true,"created":1575488333,"updated":1575488333,"recoveryLevel":"Recoverable+Purgeable"}}'}
    headers: {cache-control: no-cache, content-length: '235', content-type: application/json;
        charset=utf-8, date: 'Wed, 04 Dec 2019 19:38:52 GMT', expires: '-1', pragma: no-cache,
      server: Microsoft-IIS/10.0, strict-transport-security: max-age=31536000;includeSubDomains,
      x-aspnet-version: 4.0.30319, x-content-type-options: nosniff, x-ms-keyvault-network-info: addr=131.107.160.72;act_addr_fam=InterNetwork;,
      x-ms-keyvault-region: westus, x-ms-keyvault-service-version: 1.1.0.883, x-powered-by: ASP.NET}
    status: {code: 200, message: OK}
    url: !!python/object/new:yarl.URL
      state: !!python/tuple
      - !!python/object/new:urllib.parse.SplitResult [https, vault3xmbqjhqye7vut2avf4.vault.azure.net,
        /secrets/secret4, api-version=7.0, '']
- request:
    body: '{"value": "value5"}'
    headers:
      Accept: [application/json]
      Content-Length: ['19']
      Content-Type: [application/json; charset=utf-8]
      User-Agent: [azsdk-python-keyvault-secrets/4.1.0b1 Python/3.6.6 (Windows-10-10.0.18362-SP0)]
    method: PUT
    uri: https://vaultstorname.vault.azure.net/secrets/secret5?api-version=7.0
  response:
    body: {string: '{"value":"value5","id":"https://vaultstorname.vault.azure.net/secrets/secret5/dddefcdf430045c3ac6da8a5fa4dd4aa","attributes":{"enabled":true,"created":1575488333,"updated":1575488333,"recoveryLevel":"Recoverable+Purgeable"}}'}
    headers: {cache-control: no-cache, content-length: '235', content-type: application/json;
        charset=utf-8, date: 'Wed, 04 Dec 2019 19:38:52 GMT', expires: '-1', pragma: no-cache,
      server: Microsoft-IIS/10.0, strict-transport-security: max-age=31536000;includeSubDomains,
      x-aspnet-version: 4.0.30319, x-content-type-options: nosniff, x-ms-keyvault-network-info: addr=131.107.160.72;act_addr_fam=InterNetwork;,
      x-ms-keyvault-region: westus, x-ms-keyvault-service-version: 1.1.0.883, x-powered-by: ASP.NET}
    status: {code: 200, message: OK}
    url: !!python/object/new:yarl.URL
      state: !!python/tuple
      - !!python/object/new:urllib.parse.SplitResult [https, vault3xmbqjhqye7vut2avf4.vault.azure.net,
        /secrets/secret5, api-version=7.0, '']
- request:
    body: '{"value": "value6"}'
    headers:
      Accept: [application/json]
      Content-Length: ['19']
      Content-Type: [application/json; charset=utf-8]
      User-Agent: [azsdk-python-keyvault-secrets/4.1.0b1 Python/3.6.6 (Windows-10-10.0.18362-SP0)]
    method: PUT
    uri: https://vaultstorname.vault.azure.net/secrets/secret6?api-version=7.0
  response:
    body: {string: '{"value":"value6","id":"https://vaultstorname.vault.azure.net/secrets/secret6/4db71ed3e70a4e05a326e57c9c5cc6f8","attributes":{"enabled":true,"created":1575488333,"updated":1575488333,"recoveryLevel":"Recoverable+Purgeable"}}'}
    headers: {cache-control: no-cache, content-length: '235', content-type: application/json;
        charset=utf-8, date: 'Wed, 04 Dec 2019 19:38:52 GMT', expires: '-1', pragma: no-cache,
      server: Microsoft-IIS/10.0, strict-transport-security: max-age=31536000;includeSubDomains,
      x-aspnet-version: 4.0.30319, x-content-type-options: nosniff, x-ms-keyvault-network-info: addr=131.107.160.72;act_addr_fam=InterNetwork;,
      x-ms-keyvault-region: westus, x-ms-keyvault-service-version: 1.1.0.883, x-powered-by: ASP.NET}
    status: {code: 200, message: OK}
    url: !!python/object/new:yarl.URL
      state: !!python/tuple
      - !!python/object/new:urllib.parse.SplitResult [https, vault3xmbqjhqye7vut2avf4.vault.azure.net,
        /secrets/secret6, api-version=7.0, '']
- request:
    body: null
    headers:
      Accept: [application/json]
      User-Agent: [azsdk-python-keyvault-secrets/4.1.0b1 Python/3.6.6 (Windows-10-10.0.18362-SP0)]
    method: DELETE
    uri: https://vaultstorname.vault.azure.net/secrets/secret0?api-version=7.0
  response:
    body: {string: '{"recoveryId":"https://vaultstorname.vault.azure.net/deletedsecrets/secret0","deletedDate":1575488333,"scheduledPurgeDate":1583264333,"id":"https://vaultstorname.vault.azure.net/secrets/secret0/a36d45e24d9e49cc9c5311a33d4c985c","attributes":{"enabled":true,"created":1575488332,"updated":1575488332,"recoveryLevel":"Recoverable+Purgeable"}}'}
    headers: {cache-control: no-cache, content-length: '362', content-type: application/json;
        charset=utf-8, date: 'Wed, 04 Dec 2019 19:38:52 GMT', expires: '-1', pragma: no-cache,
      server: Microsoft-IIS/10.0, strict-transport-security: max-age=31536000;includeSubDomains,
      x-aspnet-version: 4.0.30319, x-content-type-options: nosniff, x-ms-keyvault-network-info: addr=131.107.160.72;act_addr_fam=InterNetwork;,
      x-ms-keyvault-region: westus, x-ms-keyvault-service-version: 1.1.0.883, x-powered-by: ASP.NET}
    status: {code: 200, message: OK}
    url: !!python/object/new:yarl.URL
      state: !!python/tuple
      - !!python/object/new:urllib.parse.SplitResult [https, vault3xmbqjhqye7vut2avf4.vault.azure.net,
        /secrets/secret0, api-version=7.0, '']
- request:
    body: null
    headers:
      Accept: [application/json]
      User-Agent: [azsdk-python-keyvault-secrets/4.1.0b1 Python/3.6.6 (Windows-10-10.0.18362-SP0)]
    method: GET
    uri: https://vaultstorname.vault.azure.net/deletedsecrets/secret0?api-version=7.0
  response:
    body: {string: '{"error":{"code":"SecretNotFound","message":"Deleted Secret not
        found: secret0"}}'}
    headers: {cache-control: no-cache, content-length: '81', content-type: application/json;
        charset=utf-8, date: 'Wed, 04 Dec 2019 19:38:52 GMT', expires: '-1', pragma: no-cache,
      server: Microsoft-IIS/10.0, strict-transport-security: max-age=31536000;includeSubDomains,
      x-aspnet-version: 4.0.30319, x-content-type-options: nosniff, x-ms-keyvault-network-info: addr=131.107.160.72;act_addr_fam=InterNetwork;,
      x-ms-keyvault-region: westus, x-ms-keyvault-service-version: 1.1.0.883, x-powered-by: ASP.NET}
    status: {code: 404, message: Not Found}
    url: !!python/object/new:yarl.URL
      state: !!python/tuple
      - !!python/object/new:urllib.parse.SplitResult [https, vault3xmbqjhqye7vut2avf4.vault.azure.net,
        /deletedsecrets/secret0, api-version=7.0, '']
- request:
    body: null
    headers:
      Accept: [application/json]
      User-Agent: [azsdk-python-keyvault-secrets/4.1.0b1 Python/3.6.6 (Windows-10-10.0.18362-SP0)]
    method: GET
    uri: https://vaultstorname.vault.azure.net/deletedsecrets/secret0?api-version=7.0
  response:
    body: {string: '{"error":{"code":"SecretNotFound","message":"Deleted Secret not
        found: secret0"}}'}
    headers: {cache-control: no-cache, content-length: '81', content-type: application/json;
        charset=utf-8, date: 'Wed, 04 Dec 2019 19:38:54 GMT', expires: '-1', pragma: no-cache,
      server: Microsoft-IIS/10.0, strict-transport-security: max-age=31536000;includeSubDomains,
      x-aspnet-version: 4.0.30319, x-content-type-options: nosniff, x-ms-keyvault-network-info: addr=131.107.160.72;act_addr_fam=InterNetwork;,
      x-ms-keyvault-region: westus, x-ms-keyvault-service-version: 1.1.0.883, x-powered-by: ASP.NET}
    status: {code: 404, message: Not Found}
    url: !!python/object/new:yarl.URL
      state: !!python/tuple
      - !!python/object/new:urllib.parse.SplitResult [https, vault3xmbqjhqye7vut2avf4.vault.azure.net,
        /deletedsecrets/secret0, api-version=7.0, '']
- request:
    body: null
    headers:
      Accept: [application/json]
      User-Agent: [azsdk-python-keyvault-secrets/4.1.0b1 Python/3.6.6 (Windows-10-10.0.18362-SP0)]
    method: GET
    uri: https://vaultstorname.vault.azure.net/deletedsecrets/secret0?api-version=7.0
  response:
    body: {string: '{"error":{"code":"SecretNotFound","message":"Deleted Secret not
        found: secret0"}}'}
    headers: {cache-control: no-cache, content-length: '81', content-type: application/json;
        charset=utf-8, date: 'Wed, 04 Dec 2019 19:38:57 GMT', expires: '-1', pragma: no-cache,
      server: Microsoft-IIS/10.0, strict-transport-security: max-age=31536000;includeSubDomains,
      x-aspnet-version: 4.0.30319, x-content-type-options: nosniff, x-ms-keyvault-network-info: addr=131.107.160.72;act_addr_fam=InterNetwork;,
      x-ms-keyvault-region: westus, x-ms-keyvault-service-version: 1.1.0.883, x-powered-by: ASP.NET}
    status: {code: 404, message: Not Found}
    url: !!python/object/new:yarl.URL
      state: !!python/tuple
      - !!python/object/new:urllib.parse.SplitResult [https, vault3xmbqjhqye7vut2avf4.vault.azure.net,
        /deletedsecrets/secret0, api-version=7.0, '']
- request:
    body: null
    headers:
      Accept: [application/json]
      User-Agent: [azsdk-python-keyvault-secrets/4.1.0b1 Python/3.6.6 (Windows-10-10.0.18362-SP0)]
    method: GET
    uri: https://vaultstorname.vault.azure.net/deletedsecrets/secret0?api-version=7.0
  response:
    body: {string: '{"error":{"code":"SecretNotFound","message":"Deleted Secret not
        found: secret0"}}'}
    headers: {cache-control: no-cache, content-length: '81', content-type: application/json;
        charset=utf-8, date: 'Wed, 04 Dec 2019 19:38:59 GMT', expires: '-1', pragma: no-cache,
      server: Microsoft-IIS/10.0, strict-transport-security: max-age=31536000;includeSubDomains,
      x-aspnet-version: 4.0.30319, x-content-type-options: nosniff, x-ms-keyvault-network-info: addr=131.107.160.72;act_addr_fam=InterNetwork;,
      x-ms-keyvault-region: westus, x-ms-keyvault-service-version: 1.1.0.883, x-powered-by: ASP.NET}
    status: {code: 404, message: Not Found}
    url: !!python/object/new:yarl.URL
      state: !!python/tuple
      - !!python/object/new:urllib.parse.SplitResult [https, vault3xmbqjhqye7vut2avf4.vault.azure.net,
        /deletedsecrets/secret0, api-version=7.0, '']
- request:
    body: null
    headers:
      Accept: [application/json]
      User-Agent: [azsdk-python-keyvault-secrets/4.1.0b1 Python/3.6.6 (Windows-10-10.0.18362-SP0)]
    method: GET
    uri: https://vaultstorname.vault.azure.net/deletedsecrets/secret0?api-version=7.0
  response:
    body: {string: '{"error":{"code":"SecretNotFound","message":"Deleted Secret not
        found: secret0"}}'}
    headers: {cache-control: no-cache, content-length: '81', content-type: application/json;
        charset=utf-8, date: 'Wed, 04 Dec 2019 19:39:01 GMT', expires: '-1', pragma: no-cache,
      server: Microsoft-IIS/10.0, strict-transport-security: max-age=31536000;includeSubDomains,
      x-aspnet-version: 4.0.30319, x-content-type-options: nosniff, x-ms-keyvault-network-info: addr=131.107.160.72;act_addr_fam=InterNetwork;,
      x-ms-keyvault-region: westus, x-ms-keyvault-service-version: 1.1.0.883, x-powered-by: ASP.NET}
    status: {code: 404, message: Not Found}
    url: !!python/object/new:yarl.URL
      state: !!python/tuple
      - !!python/object/new:urllib.parse.SplitResult [https, vault3xmbqjhqye7vut2avf4.vault.azure.net,
        /deletedsecrets/secret0, api-version=7.0, '']
- request:
    body: null
    headers:
      Accept: [application/json]
      User-Agent: [azsdk-python-keyvault-secrets/4.1.0b1 Python/3.6.6 (Windows-10-10.0.18362-SP0)]
    method: GET
    uri: https://vaultstorname.vault.azure.net/deletedsecrets/secret0?api-version=7.0
  response:
    body: {string: '{"error":{"code":"SecretNotFound","message":"Deleted Secret not
        found: secret0"}}'}
    headers: {cache-control: no-cache, content-length: '81', content-type: application/json;
        charset=utf-8, date: 'Wed, 04 Dec 2019 19:39:04 GMT', expires: '-1', pragma: no-cache,
      server: Microsoft-IIS/10.0, strict-transport-security: max-age=31536000;includeSubDomains,
      x-aspnet-version: 4.0.30319, x-content-type-options: nosniff, x-ms-keyvault-network-info: addr=131.107.160.72;act_addr_fam=InterNetwork;,
      x-ms-keyvault-region: westus, x-ms-keyvault-service-version: 1.1.0.883, x-powered-by: ASP.NET}
    status: {code: 404, message: Not Found}
    url: !!python/object/new:yarl.URL
      state: !!python/tuple
      - !!python/object/new:urllib.parse.SplitResult [https, vault3xmbqjhqye7vut2avf4.vault.azure.net,
        /deletedsecrets/secret0, api-version=7.0, '']
- request:
    body: null
    headers:
      Accept: [application/json]
      User-Agent: [azsdk-python-keyvault-secrets/4.1.0b1 Python/3.6.6 (Windows-10-10.0.18362-SP0)]
    method: GET
    uri: https://vaultstorname.vault.azure.net/deletedsecrets/secret0?api-version=7.0
  response:
    body: {string: '{"error":{"code":"SecretNotFound","message":"Deleted Secret not
        found: secret0"}}'}
    headers: {cache-control: no-cache, content-length: '81', content-type: application/json;
        charset=utf-8, date: 'Wed, 04 Dec 2019 19:39:06 GMT', expires: '-1', pragma: no-cache,
      server: Microsoft-IIS/10.0, strict-transport-security: max-age=31536000;includeSubDomains,
      x-aspnet-version: 4.0.30319, x-content-type-options: nosniff, x-ms-keyvault-network-info: addr=131.107.160.72;act_addr_fam=InterNetwork;,
      x-ms-keyvault-region: westus, x-ms-keyvault-service-version: 1.1.0.883, x-powered-by: ASP.NET}
    status: {code: 404, message: Not Found}
    url: !!python/object/new:yarl.URL
      state: !!python/tuple
      - !!python/object/new:urllib.parse.SplitResult [https, vault3xmbqjhqye7vut2avf4.vault.azure.net,
        /deletedsecrets/secret0, api-version=7.0, '']
- request:
    body: null
    headers:
      Accept: [application/json]
      User-Agent: [azsdk-python-keyvault-secrets/4.1.0b1 Python/3.6.6 (Windows-10-10.0.18362-SP0)]
    method: GET
    uri: https://vaultstorname.vault.azure.net/deletedsecrets/secret0?api-version=7.0
  response:
    body: {string: '{"error":{"code":"SecretNotFound","message":"Deleted Secret not
        found: secret0"}}'}
    headers: {cache-control: no-cache, content-length: '81', content-type: application/json;
        charset=utf-8, date: 'Wed, 04 Dec 2019 19:39:08 GMT', expires: '-1', pragma: no-cache,
      server: Microsoft-IIS/10.0, strict-transport-security: max-age=31536000;includeSubDomains,
      x-aspnet-version: 4.0.30319, x-content-type-options: nosniff, x-ms-keyvault-network-info: addr=131.107.160.72;act_addr_fam=InterNetwork;,
      x-ms-keyvault-region: westus, x-ms-keyvault-service-version: 1.1.0.883, x-powered-by: ASP.NET}
    status: {code: 404, message: Not Found}
    url: !!python/object/new:yarl.URL
      state: !!python/tuple
      - !!python/object/new:urllib.parse.SplitResult [https, vault3xmbqjhqye7vut2avf4.vault.azure.net,
        /deletedsecrets/secret0, api-version=7.0, '']
- request:
    body: null
    headers:
      Accept: [application/json]
      User-Agent: [azsdk-python-keyvault-secrets/4.1.0b1 Python/3.6.6 (Windows-10-10.0.18362-SP0)]
    method: GET
    uri: https://vaultstorname.vault.azure.net/deletedsecrets/secret0?api-version=7.0
  response:
    body: {string: '{"error":{"code":"SecretNotFound","message":"Deleted Secret not
        found: secret0"}}'}
    headers: {cache-control: no-cache, content-length: '81', content-type: application/json;
        charset=utf-8, date: 'Wed, 04 Dec 2019 19:39:10 GMT', expires: '-1', pragma: no-cache,
      server: Microsoft-IIS/10.0, strict-transport-security: max-age=31536000;includeSubDomains,
      x-aspnet-version: 4.0.30319, x-content-type-options: nosniff, x-ms-keyvault-network-info: addr=131.107.160.72;act_addr_fam=InterNetwork;,
      x-ms-keyvault-region: westus, x-ms-keyvault-service-version: 1.1.0.883, x-powered-by: ASP.NET}
    status: {code: 404, message: Not Found}
    url: !!python/object/new:yarl.URL
      state: !!python/tuple
      - !!python/object/new:urllib.parse.SplitResult [https, vault3xmbqjhqye7vut2avf4.vault.azure.net,
        /deletedsecrets/secret0, api-version=7.0, '']
- request:
    body: null
    headers:
      Accept: [application/json]
      User-Agent: [azsdk-python-keyvault-secrets/4.1.0b1 Python/3.6.6 (Windows-10-10.0.18362-SP0)]
    method: GET
    uri: https://vaultstorname.vault.azure.net/deletedsecrets/secret0?api-version=7.0
  response:
    body: {string: '{"error":{"code":"SecretNotFound","message":"Deleted Secret not
        found: secret0"}}'}
    headers: {cache-control: no-cache, content-length: '81', content-type: application/json;
        charset=utf-8, date: 'Wed, 04 Dec 2019 19:39:12 GMT', expires: '-1', pragma: no-cache,
      server: Microsoft-IIS/10.0, strict-transport-security: max-age=31536000;includeSubDomains,
      x-aspnet-version: 4.0.30319, x-content-type-options: nosniff, x-ms-keyvault-network-info: addr=131.107.160.72;act_addr_fam=InterNetwork;,
      x-ms-keyvault-region: westus, x-ms-keyvault-service-version: 1.1.0.883, x-powered-by: ASP.NET}
    status: {code: 404, message: Not Found}
    url: !!python/object/new:yarl.URL
      state: !!python/tuple
      - !!python/object/new:urllib.parse.SplitResult [https, vault3xmbqjhqye7vut2avf4.vault.azure.net,
        /deletedsecrets/secret0, api-version=7.0, '']
- request:
    body: null
    headers:
      Accept: [application/json]
      User-Agent: [azsdk-python-keyvault-secrets/4.1.0b1 Python/3.6.6 (Windows-10-10.0.18362-SP0)]
    method: GET
    uri: https://vaultstorname.vault.azure.net/deletedsecrets/secret0?api-version=7.0
  response:
    body: {string: '{"error":{"code":"SecretNotFound","message":"Deleted Secret not
        found: secret0"}}'}
    headers: {cache-control: no-cache, content-length: '81', content-type: application/json;
        charset=utf-8, date: 'Wed, 04 Dec 2019 19:39:14 GMT', expires: '-1', pragma: no-cache,
      server: Microsoft-IIS/10.0, strict-transport-security: max-age=31536000;includeSubDomains,
      x-aspnet-version: 4.0.30319, x-content-type-options: nosniff, x-ms-keyvault-network-info: addr=131.107.160.72;act_addr_fam=InterNetwork;,
      x-ms-keyvault-region: westus, x-ms-keyvault-service-version: 1.1.0.883, x-powered-by: ASP.NET}
    status: {code: 404, message: Not Found}
    url: !!python/object/new:yarl.URL
      state: !!python/tuple
      - !!python/object/new:urllib.parse.SplitResult [https, vault3xmbqjhqye7vut2avf4.vault.azure.net,
        /deletedsecrets/secret0, api-version=7.0, '']
- request:
    body: null
    headers:
      Accept: [application/json]
      User-Agent: [azsdk-python-keyvault-secrets/4.1.0b1 Python/3.6.6 (Windows-10-10.0.18362-SP0)]
    method: GET
    uri: https://vaultstorname.vault.azure.net/deletedsecrets/secret0?api-version=7.0
  response:
    body: {string: '{"error":{"code":"SecretNotFound","message":"Deleted Secret not
        found: secret0"}}'}
    headers: {cache-control: no-cache, content-length: '81', content-type: application/json;
        charset=utf-8, date: 'Wed, 04 Dec 2019 19:39:16 GMT', expires: '-1', pragma: no-cache,
      server: Microsoft-IIS/10.0, strict-transport-security: max-age=31536000;includeSubDomains,
      x-aspnet-version: 4.0.30319, x-content-type-options: nosniff, x-ms-keyvault-network-info: addr=131.107.160.72;act_addr_fam=InterNetwork;,
      x-ms-keyvault-region: westus, x-ms-keyvault-service-version: 1.1.0.883, x-powered-by: ASP.NET}
    status: {code: 404, message: Not Found}
    url: !!python/object/new:yarl.URL
      state: !!python/tuple
      - !!python/object/new:urllib.parse.SplitResult [https, vault3xmbqjhqye7vut2avf4.vault.azure.net,
        /deletedsecrets/secret0, api-version=7.0, '']
- request:
    body: null
    headers:
      Accept: [application/json]
      User-Agent: [azsdk-python-keyvault-secrets/4.1.0b1 Python/3.6.6 (Windows-10-10.0.18362-SP0)]
    method: GET
    uri: https://vaultstorname.vault.azure.net/deletedsecrets/secret0?api-version=7.0
  response:
    body: {string: '{"error":{"code":"SecretNotFound","message":"Deleted Secret not
        found: secret0"}}'}
    headers: {cache-control: no-cache, content-length: '81', content-type: application/json;
        charset=utf-8, date: 'Wed, 04 Dec 2019 19:39:18 GMT', expires: '-1', pragma: no-cache,
      server: Microsoft-IIS/10.0, strict-transport-security: max-age=31536000;includeSubDomains,
      x-aspnet-version: 4.0.30319, x-content-type-options: nosniff, x-ms-keyvault-network-info: addr=131.107.160.72;act_addr_fam=InterNetwork;,
      x-ms-keyvault-region: westus, x-ms-keyvault-service-version: 1.1.0.883, x-powered-by: ASP.NET}
    status: {code: 404, message: Not Found}
    url: !!python/object/new:yarl.URL
      state: !!python/tuple
      - !!python/object/new:urllib.parse.SplitResult [https, vault3xmbqjhqye7vut2avf4.vault.azure.net,
        /deletedsecrets/secret0, api-version=7.0, '']
- request:
    body: null
    headers:
      Accept: [application/json]
      User-Agent: [azsdk-python-keyvault-secrets/4.1.0b1 Python/3.6.6 (Windows-10-10.0.18362-SP0)]
    method: GET
    uri: https://vaultstorname.vault.azure.net/deletedsecrets/secret0?api-version=7.0
  response:
    body: {string: '{"error":{"code":"SecretNotFound","message":"Deleted Secret not
        found: secret0"}}'}
    headers: {cache-control: no-cache, content-length: '81', content-type: application/json;
        charset=utf-8, date: 'Wed, 04 Dec 2019 19:39:20 GMT', expires: '-1', pragma: no-cache,
      server: Microsoft-IIS/10.0, strict-transport-security: max-age=31536000;includeSubDomains,
      x-aspnet-version: 4.0.30319, x-content-type-options: nosniff, x-ms-keyvault-network-info: addr=131.107.160.72;act_addr_fam=InterNetwork;,
      x-ms-keyvault-region: westus, x-ms-keyvault-service-version: 1.1.0.883, x-powered-by: ASP.NET}
    status: {code: 404, message: Not Found}
    url: !!python/object/new:yarl.URL
      state: !!python/tuple
      - !!python/object/new:urllib.parse.SplitResult [https, vault3xmbqjhqye7vut2avf4.vault.azure.net,
        /deletedsecrets/secret0, api-version=7.0, '']
- request:
    body: null
    headers:
      Accept: [application/json]
      User-Agent: [azsdk-python-keyvault-secrets/4.1.0b1 Python/3.6.6 (Windows-10-10.0.18362-SP0)]
    method: GET
    uri: https://vaultstorname.vault.azure.net/deletedsecrets/secret0?api-version=7.0
  response:
    body: {string: '{"recoveryId":"https://vaultstorname.vault.azure.net/deletedsecrets/secret0","deletedDate":1575488333,"scheduledPurgeDate":1583264333,"id":"https://vaultstorname.vault.azure.net/secrets/secret0/a36d45e24d9e49cc9c5311a33d4c985c","attributes":{"enabled":true,"created":1575488332,"updated":1575488332,"recoveryLevel":"Recoverable+Purgeable"}}'}
    headers: {cache-control: no-cache, content-length: '362', content-type: application/json;
        charset=utf-8, date: 'Wed, 04 Dec 2019 19:39:22 GMT', expires: '-1', pragma: no-cache,
      server: Microsoft-IIS/10.0, strict-transport-security: max-age=31536000;includeSubDomains,
      x-aspnet-version: 4.0.30319, x-content-type-options: nosniff, x-ms-keyvault-network-info: addr=131.107.160.72;act_addr_fam=InterNetwork;,
      x-ms-keyvault-region: westus, x-ms-keyvault-service-version: 1.1.0.883, x-powered-by: ASP.NET}
    status: {code: 200, message: OK}
    url: !!python/object/new:yarl.URL
      state: !!python/tuple
      - !!python/object/new:urllib.parse.SplitResult [https, vault3xmbqjhqye7vut2avf4.vault.azure.net,
        /deletedsecrets/secret0, api-version=7.0, '']
- request:
    body: null
    headers:
      Accept: [application/json]
      User-Agent: [azsdk-python-keyvault-secrets/4.1.0b1 Python/3.6.6 (Windows-10-10.0.18362-SP0)]
    method: DELETE
    uri: https://vaultstorname.vault.azure.net/secrets/secret1?api-version=7.0
  response:
    body: {string: '{"recoveryId":"https://vaultstorname.vault.azure.net/deletedsecrets/secret1","deletedDate":1575488364,"scheduledPurgeDate":1583264364,"id":"https://vaultstorname.vault.azure.net/secrets/secret1/093684a9913842749923c4d6d3b63898","attributes":{"enabled":true,"created":1575488333,"updated":1575488333,"recoveryLevel":"Recoverable+Purgeable"}}'}
    headers: {cache-control: no-cache, content-length: '362', content-type: application/json;
        charset=utf-8, date: 'Wed, 04 Dec 2019 19:39:24 GMT', expires: '-1', pragma: no-cache,
      server: Microsoft-IIS/10.0, strict-transport-security: max-age=31536000;includeSubDomains,
      x-aspnet-version: 4.0.30319, x-content-type-options: nosniff, x-ms-keyvault-network-info: addr=131.107.160.72;act_addr_fam=InterNetwork;,
      x-ms-keyvault-region: westus, x-ms-keyvault-service-version: 1.1.0.883, x-powered-by: ASP.NET}
    status: {code: 200, message: OK}
    url: !!python/object/new:yarl.URL
      state: !!python/tuple
      - !!python/object/new:urllib.parse.SplitResult [https, vault3xmbqjhqye7vut2avf4.vault.azure.net,
        /secrets/secret1, api-version=7.0, '']
- request:
    body: null
    headers:
      Accept: [application/json]
      User-Agent: [azsdk-python-keyvault-secrets/4.1.0b1 Python/3.6.6 (Windows-10-10.0.18362-SP0)]
    method: GET
    uri: https://vaultstorname.vault.azure.net/deletedsecrets/secret1?api-version=7.0
  response:
    body: {string: '{"error":{"code":"SecretNotFound","message":"Deleted Secret not
        found: secret1"}}'}
    headers: {cache-control: no-cache, content-length: '81', content-type: application/json;
        charset=utf-8, date: 'Wed, 04 Dec 2019 19:39:24 GMT', expires: '-1', pragma: no-cache,
      server: Microsoft-IIS/10.0, strict-transport-security: max-age=31536000;includeSubDomains,
      x-aspnet-version: 4.0.30319, x-content-type-options: nosniff, x-ms-keyvault-network-info: addr=131.107.160.72;act_addr_fam=InterNetwork;,
      x-ms-keyvault-region: westus, x-ms-keyvault-service-version: 1.1.0.883, x-powered-by: ASP.NET}
    status: {code: 404, message: Not Found}
    url: !!python/object/new:yarl.URL
      state: !!python/tuple
      - !!python/object/new:urllib.parse.SplitResult [https, vault3xmbqjhqye7vut2avf4.vault.azure.net,
        /deletedsecrets/secret1, api-version=7.0, '']
- request:
    body: null
    headers:
      Accept: [application/json]
      User-Agent: [azsdk-python-keyvault-secrets/4.1.0b1 Python/3.6.6 (Windows-10-10.0.18362-SP0)]
    method: GET
    uri: https://vaultstorname.vault.azure.net/deletedsecrets/secret1?api-version=7.0
  response:
    body: {string: '{"error":{"code":"SecretNotFound","message":"Deleted Secret not
        found: secret1"}}'}
    headers: {cache-control: no-cache, content-length: '81', content-type: application/json;
        charset=utf-8, date: 'Wed, 04 Dec 2019 19:39:26 GMT', expires: '-1', pragma: no-cache,
      server: Microsoft-IIS/10.0, strict-transport-security: max-age=31536000;includeSubDomains,
      x-aspnet-version: 4.0.30319, x-content-type-options: nosniff, x-ms-keyvault-network-info: addr=131.107.160.72;act_addr_fam=InterNetwork;,
      x-ms-keyvault-region: westus, x-ms-keyvault-service-version: 1.1.0.883, x-powered-by: ASP.NET}
    status: {code: 404, message: Not Found}
    url: !!python/object/new:yarl.URL
      state: !!python/tuple
      - !!python/object/new:urllib.parse.SplitResult [https, vault3xmbqjhqye7vut2avf4.vault.azure.net,
        /deletedsecrets/secret1, api-version=7.0, '']
- request:
    body: null
    headers:
      Accept: [application/json]
      User-Agent: [azsdk-python-keyvault-secrets/4.1.0b1 Python/3.6.6 (Windows-10-10.0.18362-SP0)]
    method: GET
    uri: https://vaultstorname.vault.azure.net/deletedsecrets/secret1?api-version=7.0
  response:
    body: {string: '{"error":{"code":"SecretNotFound","message":"Deleted Secret not
        found: secret1"}}'}
    headers: {cache-control: no-cache, content-length: '81', content-type: application/json;
        charset=utf-8, date: 'Wed, 04 Dec 2019 19:39:28 GMT', expires: '-1', pragma: no-cache,
      server: Microsoft-IIS/10.0, strict-transport-security: max-age=31536000;includeSubDomains,
      x-aspnet-version: 4.0.30319, x-content-type-options: nosniff, x-ms-keyvault-network-info: addr=131.107.160.72;act_addr_fam=InterNetwork;,
      x-ms-keyvault-region: westus, x-ms-keyvault-service-version: 1.1.0.883, x-powered-by: ASP.NET}
    status: {code: 404, message: Not Found}
    url: !!python/object/new:yarl.URL
      state: !!python/tuple
      - !!python/object/new:urllib.parse.SplitResult [https, vault3xmbqjhqye7vut2avf4.vault.azure.net,
        /deletedsecrets/secret1, api-version=7.0, '']
- request:
    body: null
    headers:
      Accept: [application/json]
      User-Agent: [azsdk-python-keyvault-secrets/4.1.0b1 Python/3.6.6 (Windows-10-10.0.18362-SP0)]
    method: GET
    uri: https://vaultstorname.vault.azure.net/deletedsecrets/secret1?api-version=7.0
  response:
    body: {string: '{"error":{"code":"SecretNotFound","message":"Deleted Secret not
        found: secret1"}}'}
    headers: {cache-control: no-cache, content-length: '81', content-type: application/json;
        charset=utf-8, date: 'Wed, 04 Dec 2019 19:39:30 GMT', expires: '-1', pragma: no-cache,
      server: Microsoft-IIS/10.0, strict-transport-security: max-age=31536000;includeSubDomains,
      x-aspnet-version: 4.0.30319, x-content-type-options: nosniff, x-ms-keyvault-network-info: addr=131.107.160.72;act_addr_fam=InterNetwork;,
      x-ms-keyvault-region: westus, x-ms-keyvault-service-version: 1.1.0.883, x-powered-by: ASP.NET}
    status: {code: 404, message: Not Found}
    url: !!python/object/new:yarl.URL
      state: !!python/tuple
      - !!python/object/new:urllib.parse.SplitResult [https, vault3xmbqjhqye7vut2avf4.vault.azure.net,
        /deletedsecrets/secret1, api-version=7.0, '']
- request:
    body: null
    headers:
      Accept: [application/json]
      User-Agent: [azsdk-python-keyvault-secrets/4.1.0b1 Python/3.6.6 (Windows-10-10.0.18362-SP0)]
    method: GET
    uri: https://vaultstorname.vault.azure.net/deletedsecrets/secret1?api-version=7.0
  response:
    body: {string: '{"error":{"code":"SecretNotFound","message":"Deleted Secret not
        found: secret1"}}'}
    headers: {cache-control: no-cache, content-length: '81', content-type: application/json;
        charset=utf-8, date: 'Wed, 04 Dec 2019 19:39:32 GMT', expires: '-1', pragma: no-cache,
      server: Microsoft-IIS/10.0, strict-transport-security: max-age=31536000;includeSubDomains,
      x-aspnet-version: 4.0.30319, x-content-type-options: nosniff, x-ms-keyvault-network-info: addr=131.107.160.72;act_addr_fam=InterNetwork;,
      x-ms-keyvault-region: westus, x-ms-keyvault-service-version: 1.1.0.883, x-powered-by: ASP.NET}
    status: {code: 404, message: Not Found}
    url: !!python/object/new:yarl.URL
      state: !!python/tuple
      - !!python/object/new:urllib.parse.SplitResult [https, vault3xmbqjhqye7vut2avf4.vault.azure.net,
        /deletedsecrets/secret1, api-version=7.0, '']
- request:
    body: null
    headers:
      Accept: [application/json]
      User-Agent: [azsdk-python-keyvault-secrets/4.1.0b1 Python/3.6.6 (Windows-10-10.0.18362-SP0)]
    method: GET
    uri: https://vaultstorname.vault.azure.net/deletedsecrets/secret1?api-version=7.0
  response:
    body: {string: '{"error":{"code":"SecretNotFound","message":"Deleted Secret not
        found: secret1"}}'}
    headers: {cache-control: no-cache, content-length: '81', content-type: application/json;
        charset=utf-8, date: 'Wed, 04 Dec 2019 19:39:34 GMT', expires: '-1', pragma: no-cache,
      server: Microsoft-IIS/10.0, strict-transport-security: max-age=31536000;includeSubDomains,
      x-aspnet-version: 4.0.30319, x-content-type-options: nosniff, x-ms-keyvault-network-info: addr=131.107.160.72;act_addr_fam=InterNetwork;,
      x-ms-keyvault-region: westus, x-ms-keyvault-service-version: 1.1.0.883, x-powered-by: ASP.NET}
    status: {code: 404, message: Not Found}
    url: !!python/object/new:yarl.URL
      state: !!python/tuple
      - !!python/object/new:urllib.parse.SplitResult [https, vault3xmbqjhqye7vut2avf4.vault.azure.net,
        /deletedsecrets/secret1, api-version=7.0, '']
- request:
    body: null
    headers:
      Accept: [application/json]
      User-Agent: [azsdk-python-keyvault-secrets/4.1.0b1 Python/3.6.6 (Windows-10-10.0.18362-SP0)]
    method: GET
    uri: https://vaultstorname.vault.azure.net/deletedsecrets/secret1?api-version=7.0
  response:
    body: {string: '{"error":{"code":"SecretNotFound","message":"Deleted Secret not
        found: secret1"}}'}
    headers: {cache-control: no-cache, content-length: '81', content-type: application/json;
        charset=utf-8, date: 'Wed, 04 Dec 2019 19:39:36 GMT', expires: '-1', pragma: no-cache,
      server: Microsoft-IIS/10.0, strict-transport-security: max-age=31536000;includeSubDomains,
      x-aspnet-version: 4.0.30319, x-content-type-options: nosniff, x-ms-keyvault-network-info: addr=131.107.160.72;act_addr_fam=InterNetwork;,
      x-ms-keyvault-region: westus, x-ms-keyvault-service-version: 1.1.0.883, x-powered-by: ASP.NET}
    status: {code: 404, message: Not Found}
    url: !!python/object/new:yarl.URL
      state: !!python/tuple
      - !!python/object/new:urllib.parse.SplitResult [https, vault3xmbqjhqye7vut2avf4.vault.azure.net,
        /deletedsecrets/secret1, api-version=7.0, '']
- request:
    body: null
    headers:
      Accept: [application/json]
      User-Agent: [azsdk-python-keyvault-secrets/4.1.0b1 Python/3.6.6 (Windows-10-10.0.18362-SP0)]
    method: GET
    uri: https://vaultstorname.vault.azure.net/deletedsecrets/secret1?api-version=7.0
  response:
    body: {string: '{"recoveryId":"https://vaultstorname.vault.azure.net/deletedsecrets/secret1","deletedDate":1575488364,"scheduledPurgeDate":1583264364,"id":"https://vaultstorname.vault.azure.net/secrets/secret1/093684a9913842749923c4d6d3b63898","attributes":{"enabled":true,"created":1575488333,"updated":1575488333,"recoveryLevel":"Recoverable+Purgeable"}}'}
    headers: {cache-control: no-cache, content-length: '362', content-type: application/json;
        charset=utf-8, date: 'Wed, 04 Dec 2019 19:39:38 GMT', expires: '-1', pragma: no-cache,
      server: Microsoft-IIS/10.0, strict-transport-security: max-age=31536000;includeSubDomains,
      x-aspnet-version: 4.0.30319, x-content-type-options: nosniff, x-ms-keyvault-network-info: addr=131.107.160.72;act_addr_fam=InterNetwork;,
      x-ms-keyvault-region: westus, x-ms-keyvault-service-version: 1.1.0.883, x-powered-by: ASP.NET}
    status: {code: 200, message: OK}
    url: !!python/object/new:yarl.URL
      state: !!python/tuple
      - !!python/object/new:urllib.parse.SplitResult [https, vault3xmbqjhqye7vut2avf4.vault.azure.net,
        /deletedsecrets/secret1, api-version=7.0, '']
- request:
    body: null
    headers:
      Accept: [application/json]
      User-Agent: [azsdk-python-keyvault-secrets/4.1.0b1 Python/3.6.6 (Windows-10-10.0.18362-SP0)]
    method: DELETE
    uri: https://vaultstorname.vault.azure.net/secrets/secret2?api-version=7.0
  response:
    body: {string: '{"recoveryId":"https://vaultstorname.vault.azure.net/deletedsecrets/secret2","deletedDate":1575488381,"scheduledPurgeDate":1583264381,"id":"https://vaultstorname.vault.azure.net/secrets/secret2/cb4e1285f8824fc4bc80686f6d3df194","attributes":{"enabled":true,"created":1575488333,"updated":1575488333,"recoveryLevel":"Recoverable+Purgeable"}}'}
    headers: {cache-control: no-cache, content-length: '362', content-type: application/json;
        charset=utf-8, date: 'Wed, 04 Dec 2019 19:39:40 GMT', expires: '-1', pragma: no-cache,
      server: Microsoft-IIS/10.0, strict-transport-security: max-age=31536000;includeSubDomains,
      x-aspnet-version: 4.0.30319, x-content-type-options: nosniff, x-ms-keyvault-network-info: addr=131.107.160.72;act_addr_fam=InterNetwork;,
      x-ms-keyvault-region: westus, x-ms-keyvault-service-version: 1.1.0.883, x-powered-by: ASP.NET}
    status: {code: 200, message: OK}
    url: !!python/object/new:yarl.URL
      state: !!python/tuple
      - !!python/object/new:urllib.parse.SplitResult [https, vault3xmbqjhqye7vut2avf4.vault.azure.net,
        /secrets/secret2, api-version=7.0, '']
- request:
    body: null
    headers:
      Accept: [application/json]
      User-Agent: [azsdk-python-keyvault-secrets/4.1.0b1 Python/3.6.6 (Windows-10-10.0.18362-SP0)]
    method: GET
    uri: https://vaultstorname.vault.azure.net/deletedsecrets/secret2?api-version=7.0
  response:
    body: {string: '{"error":{"code":"SecretNotFound","message":"Deleted Secret not
        found: secret2"}}'}
    headers: {cache-control: no-cache, content-length: '81', content-type: application/json;
        charset=utf-8, date: 'Wed, 04 Dec 2019 19:39:40 GMT', expires: '-1', pragma: no-cache,
      server: Microsoft-IIS/10.0, strict-transport-security: max-age=31536000;includeSubDomains,
      x-aspnet-version: 4.0.30319, x-content-type-options: nosniff, x-ms-keyvault-network-info: addr=131.107.160.72;act_addr_fam=InterNetwork;,
      x-ms-keyvault-region: westus, x-ms-keyvault-service-version: 1.1.0.883, x-powered-by: ASP.NET}
    status: {code: 404, message: Not Found}
    url: !!python/object/new:yarl.URL
      state: !!python/tuple
      - !!python/object/new:urllib.parse.SplitResult [https, vault3xmbqjhqye7vut2avf4.vault.azure.net,
        /deletedsecrets/secret2, api-version=7.0, '']
- request:
    body: null
    headers:
      Accept: [application/json]
      User-Agent: [azsdk-python-keyvault-secrets/4.1.0b1 Python/3.6.6 (Windows-10-10.0.18362-SP0)]
    method: GET
    uri: https://vaultstorname.vault.azure.net/deletedsecrets/secret2?api-version=7.0
  response:
    body: {string: '{"error":{"code":"SecretNotFound","message":"Deleted Secret not
        found: secret2"}}'}
    headers: {cache-control: no-cache, content-length: '81', content-type: application/json;
        charset=utf-8, date: 'Wed, 04 Dec 2019 19:39:42 GMT', expires: '-1', pragma: no-cache,
      server: Microsoft-IIS/10.0, strict-transport-security: max-age=31536000;includeSubDomains,
      x-aspnet-version: 4.0.30319, x-content-type-options: nosniff, x-ms-keyvault-network-info: addr=131.107.160.72;act_addr_fam=InterNetwork;,
      x-ms-keyvault-region: westus, x-ms-keyvault-service-version: 1.1.0.883, x-powered-by: ASP.NET}
    status: {code: 404, message: Not Found}
    url: !!python/object/new:yarl.URL
      state: !!python/tuple
      - !!python/object/new:urllib.parse.SplitResult [https, vault3xmbqjhqye7vut2avf4.vault.azure.net,
        /deletedsecrets/secret2, api-version=7.0, '']
- request:
    body: null
    headers:
      Accept: [application/json]
      User-Agent: [azsdk-python-keyvault-secrets/4.1.0b1 Python/3.6.6 (Windows-10-10.0.18362-SP0)]
    method: GET
    uri: https://vaultstorname.vault.azure.net/deletedsecrets/secret2?api-version=7.0
  response:
    body: {string: '{"error":{"code":"SecretNotFound","message":"Deleted Secret not
        found: secret2"}}'}
    headers: {cache-control: no-cache, content-length: '81', content-type: application/json;
        charset=utf-8, date: 'Wed, 04 Dec 2019 19:39:44 GMT', expires: '-1', pragma: no-cache,
      server: Microsoft-IIS/10.0, strict-transport-security: max-age=31536000;includeSubDomains,
      x-aspnet-version: 4.0.30319, x-content-type-options: nosniff, x-ms-keyvault-network-info: addr=131.107.160.72;act_addr_fam=InterNetwork;,
      x-ms-keyvault-region: westus, x-ms-keyvault-service-version: 1.1.0.883, x-powered-by: ASP.NET}
    status: {code: 404, message: Not Found}
    url: !!python/object/new:yarl.URL
      state: !!python/tuple
      - !!python/object/new:urllib.parse.SplitResult [https, vault3xmbqjhqye7vut2avf4.vault.azure.net,
        /deletedsecrets/secret2, api-version=7.0, '']
- request:
    body: null
    headers:
      Accept: [application/json]
      User-Agent: [azsdk-python-keyvault-secrets/4.1.0b1 Python/3.6.6 (Windows-10-10.0.18362-SP0)]
    method: GET
    uri: https://vaultstorname.vault.azure.net/deletedsecrets/secret2?api-version=7.0
  response:
    body: {string: '{"error":{"code":"SecretNotFound","message":"Deleted Secret not
        found: secret2"}}'}
    headers: {cache-control: no-cache, content-length: '81', content-type: application/json;
        charset=utf-8, date: 'Wed, 04 Dec 2019 19:39:46 GMT', expires: '-1', pragma: no-cache,
      server: Microsoft-IIS/10.0, strict-transport-security: max-age=31536000;includeSubDomains,
      x-aspnet-version: 4.0.30319, x-content-type-options: nosniff, x-ms-keyvault-network-info: addr=131.107.160.72;act_addr_fam=InterNetwork;,
      x-ms-keyvault-region: westus, x-ms-keyvault-service-version: 1.1.0.883, x-powered-by: ASP.NET}
    status: {code: 404, message: Not Found}
    url: !!python/object/new:yarl.URL
      state: !!python/tuple
      - !!python/object/new:urllib.parse.SplitResult [https, vault3xmbqjhqye7vut2avf4.vault.azure.net,
        /deletedsecrets/secret2, api-version=7.0, '']
- request:
    body: null
    headers:
      Accept: [application/json]
      User-Agent: [azsdk-python-keyvault-secrets/4.1.0b1 Python/3.6.6 (Windows-10-10.0.18362-SP0)]
    method: GET
    uri: https://vaultstorname.vault.azure.net/deletedsecrets/secret2?api-version=7.0
  response:
    body: {string: '{"error":{"code":"SecretNotFound","message":"Deleted Secret not
        found: secret2"}}'}
    headers: {cache-control: no-cache, content-length: '81', content-type: application/json;
        charset=utf-8, date: 'Wed, 04 Dec 2019 19:39:48 GMT', expires: '-1', pragma: no-cache,
      server: Microsoft-IIS/10.0, strict-transport-security: max-age=31536000;includeSubDomains,
      x-aspnet-version: 4.0.30319, x-content-type-options: nosniff, x-ms-keyvault-network-info: addr=131.107.160.72;act_addr_fam=InterNetwork;,
      x-ms-keyvault-region: westus, x-ms-keyvault-service-version: 1.1.0.883, x-powered-by: ASP.NET}
    status: {code: 404, message: Not Found}
    url: !!python/object/new:yarl.URL
      state: !!python/tuple
      - !!python/object/new:urllib.parse.SplitResult [https, vault3xmbqjhqye7vut2avf4.vault.azure.net,
        /deletedsecrets/secret2, api-version=7.0, '']
- request:
    body: null
    headers:
      Accept: [application/json]
      User-Agent: [azsdk-python-keyvault-secrets/4.1.0b1 Python/3.6.6 (Windows-10-10.0.18362-SP0)]
    method: GET
    uri: https://vaultstorname.vault.azure.net/deletedsecrets/secret2?api-version=7.0
  response:
    body: {string: '{"error":{"code":"SecretNotFound","message":"Deleted Secret not
        found: secret2"}}'}
    headers: {cache-control: no-cache, content-length: '81', content-type: application/json;
        charset=utf-8, date: 'Wed, 04 Dec 2019 19:39:50 GMT', expires: '-1', pragma: no-cache,
      server: Microsoft-IIS/10.0, strict-transport-security: max-age=31536000;includeSubDomains,
      x-aspnet-version: 4.0.30319, x-content-type-options: nosniff, x-ms-keyvault-network-info: addr=131.107.160.72;act_addr_fam=InterNetwork;,
      x-ms-keyvault-region: westus, x-ms-keyvault-service-version: 1.1.0.883, x-powered-by: ASP.NET}
    status: {code: 404, message: Not Found}
    url: !!python/object/new:yarl.URL
      state: !!python/tuple
      - !!python/object/new:urllib.parse.SplitResult [https, vault3xmbqjhqye7vut2avf4.vault.azure.net,
        /deletedsecrets/secret2, api-version=7.0, '']
- request:
    body: null
    headers:
      Accept: [application/json]
      User-Agent: [azsdk-python-keyvault-secrets/4.1.0b1 Python/3.6.6 (Windows-10-10.0.18362-SP0)]
    method: GET
    uri: https://vaultstorname.vault.azure.net/deletedsecrets/secret2?api-version=7.0
  response:
    body: {string: '{"error":{"code":"SecretNotFound","message":"Deleted Secret not
        found: secret2"}}'}
    headers: {cache-control: no-cache, content-length: '81', content-type: application/json;
        charset=utf-8, date: 'Wed, 04 Dec 2019 19:39:52 GMT', expires: '-1', pragma: no-cache,
      server: Microsoft-IIS/10.0, strict-transport-security: max-age=31536000;includeSubDomains,
      x-aspnet-version: 4.0.30319, x-content-type-options: nosniff, x-ms-keyvault-network-info: addr=131.107.160.72;act_addr_fam=InterNetwork;,
      x-ms-keyvault-region: westus, x-ms-keyvault-service-version: 1.1.0.883, x-powered-by: ASP.NET}
    status: {code: 404, message: Not Found}
    url: !!python/object/new:yarl.URL
      state: !!python/tuple
      - !!python/object/new:urllib.parse.SplitResult [https, vault3xmbqjhqye7vut2avf4.vault.azure.net,
        /deletedsecrets/secret2, api-version=7.0, '']
- request:
    body: null
    headers:
      Accept: [application/json]
      User-Agent: [azsdk-python-keyvault-secrets/4.1.0b1 Python/3.6.6 (Windows-10-10.0.18362-SP0)]
    method: GET
    uri: https://vaultstorname.vault.azure.net/deletedsecrets/secret2?api-version=7.0
  response:
    body: {string: '{"error":{"code":"SecretNotFound","message":"Deleted Secret not
        found: secret2"}}'}
    headers: {cache-control: no-cache, content-length: '81', content-type: application/json;
        charset=utf-8, date: 'Wed, 04 Dec 2019 19:39:54 GMT', expires: '-1', pragma: no-cache,
      server: Microsoft-IIS/10.0, strict-transport-security: max-age=31536000;includeSubDomains,
      x-aspnet-version: 4.0.30319, x-content-type-options: nosniff, x-ms-keyvault-network-info: addr=131.107.160.72;act_addr_fam=InterNetwork;,
      x-ms-keyvault-region: westus, x-ms-keyvault-service-version: 1.1.0.883, x-powered-by: ASP.NET}
    status: {code: 404, message: Not Found}
    url: !!python/object/new:yarl.URL
      state: !!python/tuple
      - !!python/object/new:urllib.parse.SplitResult [https, vault3xmbqjhqye7vut2avf4.vault.azure.net,
        /deletedsecrets/secret2, api-version=7.0, '']
- request:
    body: null
    headers:
      Accept: [application/json]
      User-Agent: [azsdk-python-keyvault-secrets/4.1.0b1 Python/3.6.6 (Windows-10-10.0.18362-SP0)]
    method: GET
    uri: https://vaultstorname.vault.azure.net/deletedsecrets/secret2?api-version=7.0
  response:
    body: {string: '{"error":{"code":"SecretNotFound","message":"Deleted Secret not
        found: secret2"}}'}
    headers: {cache-control: no-cache, content-length: '81', content-type: application/json;
        charset=utf-8, date: 'Wed, 04 Dec 2019 19:39:56 GMT', expires: '-1', pragma: no-cache,
      server: Microsoft-IIS/10.0, strict-transport-security: max-age=31536000;includeSubDomains,
      x-aspnet-version: 4.0.30319, x-content-type-options: nosniff, x-ms-keyvault-network-info: addr=131.107.160.72;act_addr_fam=InterNetwork;,
      x-ms-keyvault-region: westus, x-ms-keyvault-service-version: 1.1.0.883, x-powered-by: ASP.NET}
    status: {code: 404, message: Not Found}
    url: !!python/object/new:yarl.URL
      state: !!python/tuple
      - !!python/object/new:urllib.parse.SplitResult [https, vault3xmbqjhqye7vut2avf4.vault.azure.net,
        /deletedsecrets/secret2, api-version=7.0, '']
- request:
    body: null
    headers:
      Accept: [application/json]
      User-Agent: [azsdk-python-keyvault-secrets/4.1.0b1 Python/3.6.6 (Windows-10-10.0.18362-SP0)]
    method: GET
    uri: https://vaultstorname.vault.azure.net/deletedsecrets/secret2?api-version=7.0
  response:
    body: {string: '{"error":{"code":"SecretNotFound","message":"Deleted Secret not
        found: secret2"}}'}
    headers: {cache-control: no-cache, content-length: '81', content-type: application/json;
        charset=utf-8, date: 'Wed, 04 Dec 2019 19:39:58 GMT', expires: '-1', pragma: no-cache,
      server: Microsoft-IIS/10.0, strict-transport-security: max-age=31536000;includeSubDomains,
      x-aspnet-version: 4.0.30319, x-content-type-options: nosniff, x-ms-keyvault-network-info: addr=131.107.160.72;act_addr_fam=InterNetwork;,
      x-ms-keyvault-region: westus, x-ms-keyvault-service-version: 1.1.0.883, x-powered-by: ASP.NET}
    status: {code: 404, message: Not Found}
    url: !!python/object/new:yarl.URL
      state: !!python/tuple
      - !!python/object/new:urllib.parse.SplitResult [https, vault3xmbqjhqye7vut2avf4.vault.azure.net,
        /deletedsecrets/secret2, api-version=7.0, '']
- request:
    body: null
    headers:
      Accept: [application/json]
      User-Agent: [azsdk-python-keyvault-secrets/4.1.0b1 Python/3.6.6 (Windows-10-10.0.18362-SP0)]
    method: GET
    uri: https://vaultstorname.vault.azure.net/deletedsecrets/secret2?api-version=7.0
  response:
    body: {string: '{"error":{"code":"SecretNotFound","message":"Deleted Secret not
        found: secret2"}}'}
    headers: {cache-control: no-cache, content-length: '81', content-type: application/json;
        charset=utf-8, date: 'Wed, 04 Dec 2019 19:40:00 GMT', expires: '-1', pragma: no-cache,
      server: Microsoft-IIS/10.0, strict-transport-security: max-age=31536000;includeSubDomains,
      x-aspnet-version: 4.0.30319, x-content-type-options: nosniff, x-ms-keyvault-network-info: addr=131.107.160.72;act_addr_fam=InterNetwork;,
      x-ms-keyvault-region: westus, x-ms-keyvault-service-version: 1.1.0.883, x-powered-by: ASP.NET}
    status: {code: 404, message: Not Found}
    url: !!python/object/new:yarl.URL
      state: !!python/tuple
      - !!python/object/new:urllib.parse.SplitResult [https, vault3xmbqjhqye7vut2avf4.vault.azure.net,
        /deletedsecrets/secret2, api-version=7.0, '']
- request:
    body: null
    headers:
      Accept: [application/json]
      User-Agent: [azsdk-python-keyvault-secrets/4.1.0b1 Python/3.6.6 (Windows-10-10.0.18362-SP0)]
    method: GET
    uri: https://vaultstorname.vault.azure.net/deletedsecrets/secret2?api-version=7.0
  response:
    body: {string: '{"error":{"code":"SecretNotFound","message":"Deleted Secret not
        found: secret2"}}'}
    headers: {cache-control: no-cache, content-length: '81', content-type: application/json;
        charset=utf-8, date: 'Wed, 04 Dec 2019 19:40:02 GMT', expires: '-1', pragma: no-cache,
      server: Microsoft-IIS/10.0, strict-transport-security: max-age=31536000;includeSubDomains,
      x-aspnet-version: 4.0.30319, x-content-type-options: nosniff, x-ms-keyvault-network-info: addr=131.107.160.72;act_addr_fam=InterNetwork;,
      x-ms-keyvault-region: westus, x-ms-keyvault-service-version: 1.1.0.883, x-powered-by: ASP.NET}
    status: {code: 404, message: Not Found}
    url: !!python/object/new:yarl.URL
      state: !!python/tuple
      - !!python/object/new:urllib.parse.SplitResult [https, vault3xmbqjhqye7vut2avf4.vault.azure.net,
        /deletedsecrets/secret2, api-version=7.0, '']
- request:
    body: null
    headers:
      Accept: [application/json]
      User-Agent: [azsdk-python-keyvault-secrets/4.1.0b1 Python/3.6.6 (Windows-10-10.0.18362-SP0)]
    method: GET
    uri: https://vaultstorname.vault.azure.net/deletedsecrets/secret2?api-version=7.0
  response:
    body: {string: '{"error":{"code":"SecretNotFound","message":"Deleted Secret not
        found: secret2"}}'}
    headers: {cache-control: no-cache, content-length: '81', content-type: application/json;
        charset=utf-8, date: 'Wed, 04 Dec 2019 19:40:04 GMT', expires: '-1', pragma: no-cache,
      server: Microsoft-IIS/10.0, strict-transport-security: max-age=31536000;includeSubDomains,
      x-aspnet-version: 4.0.30319, x-content-type-options: nosniff, x-ms-keyvault-network-info: addr=131.107.160.72;act_addr_fam=InterNetwork;,
      x-ms-keyvault-region: westus, x-ms-keyvault-service-version: 1.1.0.883, x-powered-by: ASP.NET}
    status: {code: 404, message: Not Found}
    url: !!python/object/new:yarl.URL
      state: !!python/tuple
      - !!python/object/new:urllib.parse.SplitResult [https, vault3xmbqjhqye7vut2avf4.vault.azure.net,
        /deletedsecrets/secret2, api-version=7.0, '']
- request:
    body: null
    headers:
      Accept: [application/json]
      User-Agent: [azsdk-python-keyvault-secrets/4.1.0b1 Python/3.6.6 (Windows-10-10.0.18362-SP0)]
    method: GET
    uri: https://vaultstorname.vault.azure.net/deletedsecrets/secret2?api-version=7.0
  response:
    body: {string: '{"recoveryId":"https://vaultstorname.vault.azure.net/deletedsecrets/secret2","deletedDate":1575488381,"scheduledPurgeDate":1583264381,"id":"https://vaultstorname.vault.azure.net/secrets/secret2/cb4e1285f8824fc4bc80686f6d3df194","attributes":{"enabled":true,"created":1575488333,"updated":1575488333,"recoveryLevel":"Recoverable+Purgeable"}}'}
    headers: {cache-control: no-cache, content-length: '362', content-type: application/json;
        charset=utf-8, date: 'Wed, 04 Dec 2019 19:40:06 GMT', expires: '-1', pragma: no-cache,
      server: Microsoft-IIS/10.0, strict-transport-security: max-age=31536000;includeSubDomains,
      x-aspnet-version: 4.0.30319, x-content-type-options: nosniff, x-ms-keyvault-network-info: addr=131.107.160.72;act_addr_fam=InterNetwork;,
      x-ms-keyvault-region: westus, x-ms-keyvault-service-version: 1.1.0.883, x-powered-by: ASP.NET}
    status: {code: 200, message: OK}
    url: !!python/object/new:yarl.URL
      state: !!python/tuple
      - !!python/object/new:urllib.parse.SplitResult [https, vault3xmbqjhqye7vut2avf4.vault.azure.net,
        /deletedsecrets/secret2, api-version=7.0, '']
- request:
    body: null
    headers:
      Accept: [application/json]
      User-Agent: [azsdk-python-keyvault-secrets/4.1.0b1 Python/3.6.6 (Windows-10-10.0.18362-SP0)]
    method: DELETE
    uri: https://vaultstorname.vault.azure.net/secrets/secret3?api-version=7.0
  response:
    body: {string: '{"recoveryId":"https://vaultstorname.vault.azure.net/deletedsecrets/secret3","deletedDate":1575488409,"scheduledPurgeDate":1583264409,"id":"https://vaultstorname.vault.azure.net/secrets/secret3/57f8b0fe4ef645f3ba44e0e8ec485b86","attributes":{"enabled":true,"created":1575488333,"updated":1575488333,"recoveryLevel":"Recoverable+Purgeable"}}'}
    headers: {cache-control: no-cache, content-length: '362', content-type: application/json;
        charset=utf-8, date: 'Wed, 04 Dec 2019 19:40:09 GMT', expires: '-1', pragma: no-cache,
      server: Microsoft-IIS/10.0, strict-transport-security: max-age=31536000;includeSubDomains,
      x-aspnet-version: 4.0.30319, x-content-type-options: nosniff, x-ms-keyvault-network-info: addr=131.107.160.72;act_addr_fam=InterNetwork;,
      x-ms-keyvault-region: westus, x-ms-keyvault-service-version: 1.1.0.883, x-powered-by: ASP.NET}
    status: {code: 200, message: OK}
    url: !!python/object/new:yarl.URL
      state: !!python/tuple
      - !!python/object/new:urllib.parse.SplitResult [https, vault3xmbqjhqye7vut2avf4.vault.azure.net,
        /secrets/secret3, api-version=7.0, '']
- request:
    body: null
    headers:
      Accept: [application/json]
      User-Agent: [azsdk-python-keyvault-secrets/4.1.0b1 Python/3.6.6 (Windows-10-10.0.18362-SP0)]
    method: GET
    uri: https://vaultstorname.vault.azure.net/deletedsecrets/secret3?api-version=7.0
  response:
    body: {string: '{"error":{"code":"SecretNotFound","message":"Deleted Secret not
        found: secret3"}}'}
    headers: {cache-control: no-cache, content-length: '81', content-type: application/json;
        charset=utf-8, date: 'Wed, 04 Dec 2019 19:40:09 GMT', expires: '-1', pragma: no-cache,
      server: Microsoft-IIS/10.0, strict-transport-security: max-age=31536000;includeSubDomains,
      x-aspnet-version: 4.0.30319, x-content-type-options: nosniff, x-ms-keyvault-network-info: addr=131.107.160.72;act_addr_fam=InterNetwork;,
      x-ms-keyvault-region: westus, x-ms-keyvault-service-version: 1.1.0.883, x-powered-by: ASP.NET}
    status: {code: 404, message: Not Found}
    url: !!python/object/new:yarl.URL
      state: !!python/tuple
      - !!python/object/new:urllib.parse.SplitResult [https, vault3xmbqjhqye7vut2avf4.vault.azure.net,
        /deletedsecrets/secret3, api-version=7.0, '']
- request:
    body: null
    headers:
      Accept: [application/json]
      User-Agent: [azsdk-python-keyvault-secrets/4.1.0b1 Python/3.6.6 (Windows-10-10.0.18362-SP0)]
    method: GET
    uri: https://vaultstorname.vault.azure.net/deletedsecrets/secret3?api-version=7.0
  response:
    body: {string: '{"error":{"code":"SecretNotFound","message":"Deleted Secret not
        found: secret3"}}'}
    headers: {cache-control: no-cache, content-length: '81', content-type: application/json;
        charset=utf-8, date: 'Wed, 04 Dec 2019 19:40:12 GMT', expires: '-1', pragma: no-cache,
      server: Microsoft-IIS/10.0, strict-transport-security: max-age=31536000;includeSubDomains,
      x-aspnet-version: 4.0.30319, x-content-type-options: nosniff, x-ms-keyvault-network-info: addr=131.107.160.72;act_addr_fam=InterNetwork;,
      x-ms-keyvault-region: westus, x-ms-keyvault-service-version: 1.1.0.883, x-powered-by: ASP.NET}
    status: {code: 404, message: Not Found}
    url: !!python/object/new:yarl.URL
      state: !!python/tuple
      - !!python/object/new:urllib.parse.SplitResult [https, vault3xmbqjhqye7vut2avf4.vault.azure.net,
        /deletedsecrets/secret3, api-version=7.0, '']
- request:
    body: null
    headers:
      Accept: [application/json]
      User-Agent: [azsdk-python-keyvault-secrets/4.1.0b1 Python/3.6.6 (Windows-10-10.0.18362-SP0)]
    method: GET
    uri: https://vaultstorname.vault.azure.net/deletedsecrets/secret3?api-version=7.0
  response:
    body: {string: '{"error":{"code":"SecretNotFound","message":"Deleted Secret not
        found: secret3"}}'}
    headers: {cache-control: no-cache, content-length: '81', content-type: application/json;
        charset=utf-8, date: 'Wed, 04 Dec 2019 19:40:14 GMT', expires: '-1', pragma: no-cache,
      server: Microsoft-IIS/10.0, strict-transport-security: max-age=31536000;includeSubDomains,
      x-aspnet-version: 4.0.30319, x-content-type-options: nosniff, x-ms-keyvault-network-info: addr=131.107.160.72;act_addr_fam=InterNetwork;,
      x-ms-keyvault-region: westus, x-ms-keyvault-service-version: 1.1.0.883, x-powered-by: ASP.NET}
    status: {code: 404, message: Not Found}
    url: !!python/object/new:yarl.URL
      state: !!python/tuple
      - !!python/object/new:urllib.parse.SplitResult [https, vault3xmbqjhqye7vut2avf4.vault.azure.net,
        /deletedsecrets/secret3, api-version=7.0, '']
- request:
    body: null
    headers:
      Accept: [application/json]
      User-Agent: [azsdk-python-keyvault-secrets/4.1.0b1 Python/3.6.6 (Windows-10-10.0.18362-SP0)]
    method: GET
    uri: https://vaultstorname.vault.azure.net/deletedsecrets/secret3?api-version=7.0
  response:
    body: {string: '{"error":{"code":"SecretNotFound","message":"Deleted Secret not
        found: secret3"}}'}
    headers: {cache-control: no-cache, content-length: '81', content-type: application/json;
        charset=utf-8, date: 'Wed, 04 Dec 2019 19:40:16 GMT', expires: '-1', pragma: no-cache,
      server: Microsoft-IIS/10.0, strict-transport-security: max-age=31536000;includeSubDomains,
      x-aspnet-version: 4.0.30319, x-content-type-options: nosniff, x-ms-keyvault-network-info: addr=131.107.160.72;act_addr_fam=InterNetwork;,
      x-ms-keyvault-region: westus, x-ms-keyvault-service-version: 1.1.0.883, x-powered-by: ASP.NET}
    status: {code: 404, message: Not Found}
    url: !!python/object/new:yarl.URL
      state: !!python/tuple
      - !!python/object/new:urllib.parse.SplitResult [https, vault3xmbqjhqye7vut2avf4.vault.azure.net,
        /deletedsecrets/secret3, api-version=7.0, '']
- request:
    body: null
    headers:
      Accept: [application/json]
      User-Agent: [azsdk-python-keyvault-secrets/4.1.0b1 Python/3.6.6 (Windows-10-10.0.18362-SP0)]
    method: GET
    uri: https://vaultstorname.vault.azure.net/deletedsecrets/secret3?api-version=7.0
  response:
    body: {string: '{"error":{"code":"SecretNotFound","message":"Deleted Secret not
        found: secret3"}}'}
    headers: {cache-control: no-cache, content-length: '81', content-type: application/json;
        charset=utf-8, date: 'Wed, 04 Dec 2019 19:40:18 GMT', expires: '-1', pragma: no-cache,
      server: Microsoft-IIS/10.0, strict-transport-security: max-age=31536000;includeSubDomains,
      x-aspnet-version: 4.0.30319, x-content-type-options: nosniff, x-ms-keyvault-network-info: addr=131.107.160.72;act_addr_fam=InterNetwork;,
      x-ms-keyvault-region: westus, x-ms-keyvault-service-version: 1.1.0.883, x-powered-by: ASP.NET}
    status: {code: 404, message: Not Found}
    url: !!python/object/new:yarl.URL
      state: !!python/tuple
      - !!python/object/new:urllib.parse.SplitResult [https, vault3xmbqjhqye7vut2avf4.vault.azure.net,
        /deletedsecrets/secret3, api-version=7.0, '']
- request:
    body: null
    headers:
      Accept: [application/json]
      User-Agent: [azsdk-python-keyvault-secrets/4.1.0b1 Python/3.6.6 (Windows-10-10.0.18362-SP0)]
    method: GET
    uri: https://vaultstorname.vault.azure.net/deletedsecrets/secret3?api-version=7.0
  response:
    body: {string: '{"error":{"code":"SecretNotFound","message":"Deleted Secret not
        found: secret3"}}'}
    headers: {cache-control: no-cache, content-length: '81', content-type: application/json;
        charset=utf-8, date: 'Wed, 04 Dec 2019 19:40:20 GMT', expires: '-1', pragma: no-cache,
      server: Microsoft-IIS/10.0, strict-transport-security: max-age=31536000;includeSubDomains,
      x-aspnet-version: 4.0.30319, x-content-type-options: nosniff, x-ms-keyvault-network-info: addr=131.107.160.72;act_addr_fam=InterNetwork;,
      x-ms-keyvault-region: westus, x-ms-keyvault-service-version: 1.1.0.883, x-powered-by: ASP.NET}
    status: {code: 404, message: Not Found}
    url: !!python/object/new:yarl.URL
      state: !!python/tuple
      - !!python/object/new:urllib.parse.SplitResult [https, vault3xmbqjhqye7vut2avf4.vault.azure.net,
        /deletedsecrets/secret3, api-version=7.0, '']
- request:
    body: null
    headers:
      Accept: [application/json]
      User-Agent: [azsdk-python-keyvault-secrets/4.1.0b1 Python/3.6.6 (Windows-10-10.0.18362-SP0)]
    method: GET
    uri: https://vaultstorname.vault.azure.net/deletedsecrets/secret3?api-version=7.0
  response:
    body: {string: '{"error":{"code":"SecretNotFound","message":"Deleted Secret not
        found: secret3"}}'}
    headers: {cache-control: no-cache, content-length: '81', content-type: application/json;
        charset=utf-8, date: 'Wed, 04 Dec 2019 19:40:22 GMT', expires: '-1', pragma: no-cache,
      server: Microsoft-IIS/10.0, strict-transport-security: max-age=31536000;includeSubDomains,
      x-aspnet-version: 4.0.30319, x-content-type-options: nosniff, x-ms-keyvault-network-info: addr=131.107.160.72;act_addr_fam=InterNetwork;,
      x-ms-keyvault-region: westus, x-ms-keyvault-service-version: 1.1.0.883, x-powered-by: ASP.NET}
    status: {code: 404, message: Not Found}
    url: !!python/object/new:yarl.URL
      state: !!python/tuple
      - !!python/object/new:urllib.parse.SplitResult [https, vault3xmbqjhqye7vut2avf4.vault.azure.net,
        /deletedsecrets/secret3, api-version=7.0, '']
- request:
    body: null
    headers:
      Accept: [application/json]
      User-Agent: [azsdk-python-keyvault-secrets/4.1.0b1 Python/3.6.6 (Windows-10-10.0.18362-SP0)]
    method: GET
    uri: https://vaultstorname.vault.azure.net/deletedsecrets/secret3?api-version=7.0
  response:
    body: {string: '{"error":{"code":"SecretNotFound","message":"Deleted Secret not
        found: secret3"}}'}
    headers: {cache-control: no-cache, content-length: '81', content-type: application/json;
        charset=utf-8, date: 'Wed, 04 Dec 2019 19:40:24 GMT', expires: '-1', pragma: no-cache,
      server: Microsoft-IIS/10.0, strict-transport-security: max-age=31536000;includeSubDomains,
      x-aspnet-version: 4.0.30319, x-content-type-options: nosniff, x-ms-keyvault-network-info: addr=131.107.160.72;act_addr_fam=InterNetwork;,
      x-ms-keyvault-region: westus, x-ms-keyvault-service-version: 1.1.0.883, x-powered-by: ASP.NET}
    status: {code: 404, message: Not Found}
    url: !!python/object/new:yarl.URL
      state: !!python/tuple
      - !!python/object/new:urllib.parse.SplitResult [https, vault3xmbqjhqye7vut2avf4.vault.azure.net,
        /deletedsecrets/secret3, api-version=7.0, '']
- request:
    body: null
    headers:
      Accept: [application/json]
      User-Agent: [azsdk-python-keyvault-secrets/4.1.0b1 Python/3.6.6 (Windows-10-10.0.18362-SP0)]
    method: GET
    uri: https://vaultstorname.vault.azure.net/deletedsecrets/secret3?api-version=7.0
  response:
    body: {string: '{"error":{"code":"SecretNotFound","message":"Deleted Secret not
        found: secret3"}}'}
    headers: {cache-control: no-cache, content-length: '81', content-type: application/json;
        charset=utf-8, date: 'Wed, 04 Dec 2019 19:40:26 GMT', expires: '-1', pragma: no-cache,
      server: Microsoft-IIS/10.0, strict-transport-security: max-age=31536000;includeSubDomains,
      x-aspnet-version: 4.0.30319, x-content-type-options: nosniff, x-ms-keyvault-network-info: addr=131.107.160.72;act_addr_fam=InterNetwork;,
      x-ms-keyvault-region: westus, x-ms-keyvault-service-version: 1.1.0.883, x-powered-by: ASP.NET}
    status: {code: 404, message: Not Found}
    url: !!python/object/new:yarl.URL
      state: !!python/tuple
      - !!python/object/new:urllib.parse.SplitResult [https, vault3xmbqjhqye7vut2avf4.vault.azure.net,
        /deletedsecrets/secret3, api-version=7.0, '']
- request:
    body: null
    headers:
      Accept: [application/json]
      User-Agent: [azsdk-python-keyvault-secrets/4.1.0b1 Python/3.6.6 (Windows-10-10.0.18362-SP0)]
    method: GET
    uri: https://vaultstorname.vault.azure.net/deletedsecrets/secret3?api-version=7.0
  response:
    body: {string: '{"error":{"code":"SecretNotFound","message":"Deleted Secret not
        found: secret3"}}'}
    headers: {cache-control: no-cache, content-length: '81', content-type: application/json;
        charset=utf-8, date: 'Wed, 04 Dec 2019 19:40:28 GMT', expires: '-1', pragma: no-cache,
      server: Microsoft-IIS/10.0, strict-transport-security: max-age=31536000;includeSubDomains,
      x-aspnet-version: 4.0.30319, x-content-type-options: nosniff, x-ms-keyvault-network-info: addr=131.107.160.72;act_addr_fam=InterNetwork;,
      x-ms-keyvault-region: westus, x-ms-keyvault-service-version: 1.1.0.883, x-powered-by: ASP.NET}
    status: {code: 404, message: Not Found}
    url: !!python/object/new:yarl.URL
      state: !!python/tuple
      - !!python/object/new:urllib.parse.SplitResult [https, vault3xmbqjhqye7vut2avf4.vault.azure.net,
        /deletedsecrets/secret3, api-version=7.0, '']
- request:
    body: null
    headers:
      Accept: [application/json]
      User-Agent: [azsdk-python-keyvault-secrets/4.1.0b1 Python/3.6.6 (Windows-10-10.0.18362-SP0)]
    method: GET
    uri: https://vaultstorname.vault.azure.net/deletedsecrets/secret3?api-version=7.0
  response:
    body: {string: '{"error":{"code":"SecretNotFound","message":"Deleted Secret not
        found: secret3"}}'}
    headers: {cache-control: no-cache, content-length: '81', content-type: application/json;
        charset=utf-8, date: 'Wed, 04 Dec 2019 19:40:30 GMT', expires: '-1', pragma: no-cache,
      server: Microsoft-IIS/10.0, strict-transport-security: max-age=31536000;includeSubDomains,
      x-aspnet-version: 4.0.30319, x-content-type-options: nosniff, x-ms-keyvault-network-info: addr=131.107.160.72;act_addr_fam=InterNetwork;,
      x-ms-keyvault-region: westus, x-ms-keyvault-service-version: 1.1.0.883, x-powered-by: ASP.NET}
    status: {code: 404, message: Not Found}
    url: !!python/object/new:yarl.URL
      state: !!python/tuple
      - !!python/object/new:urllib.parse.SplitResult [https, vault3xmbqjhqye7vut2avf4.vault.azure.net,
        /deletedsecrets/secret3, api-version=7.0, '']
- request:
    body: null
    headers:
      Accept: [application/json]
      User-Agent: [azsdk-python-keyvault-secrets/4.1.0b1 Python/3.6.6 (Windows-10-10.0.18362-SP0)]
    method: GET
    uri: https://vaultstorname.vault.azure.net/deletedsecrets/secret3?api-version=7.0
  response:
    body: {string: '{"error":{"code":"SecretNotFound","message":"Deleted Secret not
        found: secret3"}}'}
    headers: {cache-control: no-cache, content-length: '81', content-type: application/json;
        charset=utf-8, date: 'Wed, 04 Dec 2019 19:40:32 GMT', expires: '-1', pragma: no-cache,
      server: Microsoft-IIS/10.0, strict-transport-security: max-age=31536000;includeSubDomains,
      x-aspnet-version: 4.0.30319, x-content-type-options: nosniff, x-ms-keyvault-network-info: addr=131.107.160.72;act_addr_fam=InterNetwork;,
      x-ms-keyvault-region: westus, x-ms-keyvault-service-version: 1.1.0.883, x-powered-by: ASP.NET}
    status: {code: 404, message: Not Found}
    url: !!python/object/new:yarl.URL
      state: !!python/tuple
      - !!python/object/new:urllib.parse.SplitResult [https, vault3xmbqjhqye7vut2avf4.vault.azure.net,
        /deletedsecrets/secret3, api-version=7.0, '']
- request:
    body: null
    headers:
      Accept: [application/json]
      User-Agent: [azsdk-python-keyvault-secrets/4.1.0b1 Python/3.6.6 (Windows-10-10.0.18362-SP0)]
    method: GET
    uri: https://vaultstorname.vault.azure.net/deletedsecrets/secret3?api-version=7.0
  response:
    body: {string: '{"error":{"code":"SecretNotFound","message":"Deleted Secret not
        found: secret3"}}'}
    headers: {cache-control: no-cache, content-length: '81', content-type: application/json;
        charset=utf-8, date: 'Wed, 04 Dec 2019 19:40:34 GMT', expires: '-1', pragma: no-cache,
      server: Microsoft-IIS/10.0, strict-transport-security: max-age=31536000;includeSubDomains,
      x-aspnet-version: 4.0.30319, x-content-type-options: nosniff, x-ms-keyvault-network-info: addr=131.107.160.72;act_addr_fam=InterNetwork;,
      x-ms-keyvault-region: westus, x-ms-keyvault-service-version: 1.1.0.883, x-powered-by: ASP.NET}
    status: {code: 404, message: Not Found}
    url: !!python/object/new:yarl.URL
      state: !!python/tuple
      - !!python/object/new:urllib.parse.SplitResult [https, vault3xmbqjhqye7vut2avf4.vault.azure.net,
        /deletedsecrets/secret3, api-version=7.0, '']
- request:
    body: null
    headers:
      Accept: [application/json]
      User-Agent: [azsdk-python-keyvault-secrets/4.1.0b1 Python/3.6.6 (Windows-10-10.0.18362-SP0)]
    method: GET
    uri: https://vaultstorname.vault.azure.net/deletedsecrets/secret3?api-version=7.0
  response:
    body: {string: '{"recoveryId":"https://vaultstorname.vault.azure.net/deletedsecrets/secret3","deletedDate":1575488409,"scheduledPurgeDate":1583264409,"id":"https://vaultstorname.vault.azure.net/secrets/secret3/57f8b0fe4ef645f3ba44e0e8ec485b86","attributes":{"enabled":true,"created":1575488333,"updated":1575488333,"recoveryLevel":"Recoverable+Purgeable"}}'}
    headers: {cache-control: no-cache, content-length: '362', content-type: application/json;
        charset=utf-8, date: 'Wed, 04 Dec 2019 19:40:36 GMT', expires: '-1', pragma: no-cache,
      server: Microsoft-IIS/10.0, strict-transport-security: max-age=31536000;includeSubDomains,
      x-aspnet-version: 4.0.30319, x-content-type-options: nosniff, x-ms-keyvault-network-info: addr=131.107.160.72;act_addr_fam=InterNetwork;,
      x-ms-keyvault-region: westus, x-ms-keyvault-service-version: 1.1.0.883, x-powered-by: ASP.NET}
    status: {code: 200, message: OK}
    url: !!python/object/new:yarl.URL
      state: !!python/tuple
      - !!python/object/new:urllib.parse.SplitResult [https, vault3xmbqjhqye7vut2avf4.vault.azure.net,
        /deletedsecrets/secret3, api-version=7.0, '']
- request:
    body: null
    headers:
      Accept: [application/json]
      User-Agent: [azsdk-python-keyvault-secrets/4.1.0b1 Python/3.6.6 (Windows-10-10.0.18362-SP0)]
    method: DELETE
    uri: https://vaultstorname.vault.azure.net/secrets/secret4?api-version=7.0
  response:
    body: {string: '{"recoveryId":"https://vaultstorname.vault.azure.net/deletedsecrets/secret4","deletedDate":1575488438,"scheduledPurgeDate":1583264438,"id":"https://vaultstorname.vault.azure.net/secrets/secret4/ee1078c5c62b41c385d833cb172f5672","attributes":{"enabled":true,"created":1575488333,"updated":1575488333,"recoveryLevel":"Recoverable+Purgeable"}}'}
    headers: {cache-control: no-cache, content-length: '362', content-type: application/json;
        charset=utf-8, date: 'Wed, 04 Dec 2019 19:40:38 GMT', expires: '-1', pragma: no-cache,
      server: Microsoft-IIS/10.0, strict-transport-security: max-age=31536000;includeSubDomains,
      x-aspnet-version: 4.0.30319, x-content-type-options: nosniff, x-ms-keyvault-network-info: addr=131.107.160.72;act_addr_fam=InterNetwork;,
      x-ms-keyvault-region: westus, x-ms-keyvault-service-version: 1.1.0.883, x-powered-by: ASP.NET}
    status: {code: 200, message: OK}
    url: !!python/object/new:yarl.URL
      state: !!python/tuple
      - !!python/object/new:urllib.parse.SplitResult [https, vault3xmbqjhqye7vut2avf4.vault.azure.net,
        /secrets/secret4, api-version=7.0, '']
- request:
    body: null
    headers:
      Accept: [application/json]
      User-Agent: [azsdk-python-keyvault-secrets/4.1.0b1 Python/3.6.6 (Windows-10-10.0.18362-SP0)]
    method: GET
    uri: https://vaultstorname.vault.azure.net/deletedsecrets/secret4?api-version=7.0
  response:
    body: {string: '{"error":{"code":"SecretNotFound","message":"Deleted Secret not
        found: secret4"}}'}
    headers: {cache-control: no-cache, content-length: '81', content-type: application/json;
        charset=utf-8, date: 'Wed, 04 Dec 2019 19:40:38 GMT', expires: '-1', pragma: no-cache,
      server: Microsoft-IIS/10.0, strict-transport-security: max-age=31536000;includeSubDomains,
      x-aspnet-version: 4.0.30319, x-content-type-options: nosniff, x-ms-keyvault-network-info: addr=131.107.160.72;act_addr_fam=InterNetwork;,
      x-ms-keyvault-region: westus, x-ms-keyvault-service-version: 1.1.0.883, x-powered-by: ASP.NET}
    status: {code: 404, message: Not Found}
    url: !!python/object/new:yarl.URL
      state: !!python/tuple
      - !!python/object/new:urllib.parse.SplitResult [https, vault3xmbqjhqye7vut2avf4.vault.azure.net,
        /deletedsecrets/secret4, api-version=7.0, '']
- request:
    body: null
    headers:
      Accept: [application/json]
      User-Agent: [azsdk-python-keyvault-secrets/4.1.0b1 Python/3.6.6 (Windows-10-10.0.18362-SP0)]
    method: GET
    uri: https://vaultstorname.vault.azure.net/deletedsecrets/secret4?api-version=7.0
  response:
    body: {string: '{"error":{"code":"SecretNotFound","message":"Deleted Secret not
        found: secret4"}}'}
    headers: {cache-control: no-cache, content-length: '81', content-type: application/json;
        charset=utf-8, date: 'Wed, 04 Dec 2019 19:40:40 GMT', expires: '-1', pragma: no-cache,
      server: Microsoft-IIS/10.0, strict-transport-security: max-age=31536000;includeSubDomains,
      x-aspnet-version: 4.0.30319, x-content-type-options: nosniff, x-ms-keyvault-network-info: addr=131.107.160.72;act_addr_fam=InterNetwork;,
      x-ms-keyvault-region: westus, x-ms-keyvault-service-version: 1.1.0.883, x-powered-by: ASP.NET}
    status: {code: 404, message: Not Found}
    url: !!python/object/new:yarl.URL
      state: !!python/tuple
      - !!python/object/new:urllib.parse.SplitResult [https, vault3xmbqjhqye7vut2avf4.vault.azure.net,
        /deletedsecrets/secret4, api-version=7.0, '']
- request:
    body: null
    headers:
      Accept: [application/json]
      User-Agent: [azsdk-python-keyvault-secrets/4.1.0b1 Python/3.6.6 (Windows-10-10.0.18362-SP0)]
    method: GET
    uri: https://vaultstorname.vault.azure.net/deletedsecrets/secret4?api-version=7.0
  response:
    body: {string: '{"error":{"code":"SecretNotFound","message":"Deleted Secret not
        found: secret4"}}'}
    headers: {cache-control: no-cache, content-length: '81', content-type: application/json;
        charset=utf-8, date: 'Wed, 04 Dec 2019 19:40:42 GMT', expires: '-1', pragma: no-cache,
      server: Microsoft-IIS/10.0, strict-transport-security: max-age=31536000;includeSubDomains,
      x-aspnet-version: 4.0.30319, x-content-type-options: nosniff, x-ms-keyvault-network-info: addr=131.107.160.72;act_addr_fam=InterNetwork;,
      x-ms-keyvault-region: westus, x-ms-keyvault-service-version: 1.1.0.883, x-powered-by: ASP.NET}
    status: {code: 404, message: Not Found}
    url: !!python/object/new:yarl.URL
      state: !!python/tuple
      - !!python/object/new:urllib.parse.SplitResult [https, vault3xmbqjhqye7vut2avf4.vault.azure.net,
        /deletedsecrets/secret4, api-version=7.0, '']
- request:
    body: null
    headers:
      Accept: [application/json]
      User-Agent: [azsdk-python-keyvault-secrets/4.1.0b1 Python/3.6.6 (Windows-10-10.0.18362-SP0)]
    method: GET
    uri: https://vaultstorname.vault.azure.net/deletedsecrets/secret4?api-version=7.0
  response:
    body: {string: '{"error":{"code":"SecretNotFound","message":"Deleted Secret not
        found: secret4"}}'}
    headers: {cache-control: no-cache, content-length: '81', content-type: application/json;
        charset=utf-8, date: 'Wed, 04 Dec 2019 19:40:44 GMT', expires: '-1', pragma: no-cache,
      server: Microsoft-IIS/10.0, strict-transport-security: max-age=31536000;includeSubDomains,
      x-aspnet-version: 4.0.30319, x-content-type-options: nosniff, x-ms-keyvault-network-info: addr=131.107.160.72;act_addr_fam=InterNetwork;,
      x-ms-keyvault-region: westus, x-ms-keyvault-service-version: 1.1.0.883, x-powered-by: ASP.NET}
    status: {code: 404, message: Not Found}
    url: !!python/object/new:yarl.URL
      state: !!python/tuple
      - !!python/object/new:urllib.parse.SplitResult [https, vault3xmbqjhqye7vut2avf4.vault.azure.net,
        /deletedsecrets/secret4, api-version=7.0, '']
- request:
    body: null
    headers:
      Accept: [application/json]
      User-Agent: [azsdk-python-keyvault-secrets/4.1.0b1 Python/3.6.6 (Windows-10-10.0.18362-SP0)]
    method: GET
    uri: https://vaultstorname.vault.azure.net/deletedsecrets/secret4?api-version=7.0
  response:
    body: {string: '{"error":{"code":"SecretNotFound","message":"Deleted Secret not
        found: secret4"}}'}
    headers: {cache-control: no-cache, content-length: '81', content-type: application/json;
        charset=utf-8, date: 'Wed, 04 Dec 2019 19:40:46 GMT', expires: '-1', pragma: no-cache,
      server: Microsoft-IIS/10.0, strict-transport-security: max-age=31536000;includeSubDomains,
      x-aspnet-version: 4.0.30319, x-content-type-options: nosniff, x-ms-keyvault-network-info: addr=131.107.160.72;act_addr_fam=InterNetwork;,
      x-ms-keyvault-region: westus, x-ms-keyvault-service-version: 1.1.0.883, x-powered-by: ASP.NET}
    status: {code: 404, message: Not Found}
    url: !!python/object/new:yarl.URL
      state: !!python/tuple
      - !!python/object/new:urllib.parse.SplitResult [https, vault3xmbqjhqye7vut2avf4.vault.azure.net,
        /deletedsecrets/secret4, api-version=7.0, '']
- request:
    body: null
    headers:
      Accept: [application/json]
      User-Agent: [azsdk-python-keyvault-secrets/4.1.0b1 Python/3.6.6 (Windows-10-10.0.18362-SP0)]
    method: GET
    uri: https://vaultstorname.vault.azure.net/deletedsecrets/secret4?api-version=7.0
  response:
    body: {string: '{"error":{"code":"SecretNotFound","message":"Deleted Secret not
        found: secret4"}}'}
    headers: {cache-control: no-cache, content-length: '81', content-type: application/json;
        charset=utf-8, date: 'Wed, 04 Dec 2019 19:40:48 GMT', expires: '-1', pragma: no-cache,
      server: Microsoft-IIS/10.0, strict-transport-security: max-age=31536000;includeSubDomains,
      x-aspnet-version: 4.0.30319, x-content-type-options: nosniff, x-ms-keyvault-network-info: addr=131.107.160.72;act_addr_fam=InterNetwork;,
      x-ms-keyvault-region: westus, x-ms-keyvault-service-version: 1.1.0.883, x-powered-by: ASP.NET}
    status: {code: 404, message: Not Found}
    url: !!python/object/new:yarl.URL
      state: !!python/tuple
      - !!python/object/new:urllib.parse.SplitResult [https, vault3xmbqjhqye7vut2avf4.vault.azure.net,
        /deletedsecrets/secret4, api-version=7.0, '']
- request:
    body: null
    headers:
      Accept: [application/json]
      User-Agent: [azsdk-python-keyvault-secrets/4.1.0b1 Python/3.6.6 (Windows-10-10.0.18362-SP0)]
    method: GET
    uri: https://vaultstorname.vault.azure.net/deletedsecrets/secret4?api-version=7.0
  response:
    body: {string: '{"error":{"code":"SecretNotFound","message":"Deleted Secret not
        found: secret4"}}'}
    headers: {cache-control: no-cache, content-length: '81', content-type: application/json;
        charset=utf-8, date: 'Wed, 04 Dec 2019 19:40:50 GMT', expires: '-1', pragma: no-cache,
      server: Microsoft-IIS/10.0, strict-transport-security: max-age=31536000;includeSubDomains,
      x-aspnet-version: 4.0.30319, x-content-type-options: nosniff, x-ms-keyvault-network-info: addr=131.107.160.72;act_addr_fam=InterNetwork;,
      x-ms-keyvault-region: westus, x-ms-keyvault-service-version: 1.1.0.883, x-powered-by: ASP.NET}
    status: {code: 404, message: Not Found}
    url: !!python/object/new:yarl.URL
      state: !!python/tuple
      - !!python/object/new:urllib.parse.SplitResult [https, vault3xmbqjhqye7vut2avf4.vault.azure.net,
        /deletedsecrets/secret4, api-version=7.0, '']
- request:
    body: null
    headers:
      Accept: [application/json]
      User-Agent: [azsdk-python-keyvault-secrets/4.1.0b1 Python/3.6.6 (Windows-10-10.0.18362-SP0)]
    method: GET
    uri: https://vaultstorname.vault.azure.net/deletedsecrets/secret4?api-version=7.0
  response:
    body: {string: '{"error":{"code":"SecretNotFound","message":"Deleted Secret not
        found: secret4"}}'}
    headers: {cache-control: no-cache, content-length: '81', content-type: application/json;
        charset=utf-8, date: 'Wed, 04 Dec 2019 19:40:52 GMT', expires: '-1', pragma: no-cache,
      server: Microsoft-IIS/10.0, strict-transport-security: max-age=31536000;includeSubDomains,
      x-aspnet-version: 4.0.30319, x-content-type-options: nosniff, x-ms-keyvault-network-info: addr=131.107.160.72;act_addr_fam=InterNetwork;,
      x-ms-keyvault-region: westus, x-ms-keyvault-service-version: 1.1.0.883, x-powered-by: ASP.NET}
    status: {code: 404, message: Not Found}
    url: !!python/object/new:yarl.URL
      state: !!python/tuple
      - !!python/object/new:urllib.parse.SplitResult [https, vault3xmbqjhqye7vut2avf4.vault.azure.net,
        /deletedsecrets/secret4, api-version=7.0, '']
- request:
    body: null
    headers:
      Accept: [application/json]
      User-Agent: [azsdk-python-keyvault-secrets/4.1.0b1 Python/3.6.6 (Windows-10-10.0.18362-SP0)]
    method: GET
    uri: https://vaultstorname.vault.azure.net/deletedsecrets/secret4?api-version=7.0
  response:
    body: {string: '{"error":{"code":"SecretNotFound","message":"Deleted Secret not
        found: secret4"}}'}
    headers: {cache-control: no-cache, content-length: '81', content-type: application/json;
        charset=utf-8, date: 'Wed, 04 Dec 2019 19:40:54 GMT', expires: '-1', pragma: no-cache,
      server: Microsoft-IIS/10.0, strict-transport-security: max-age=31536000;includeSubDomains,
      x-aspnet-version: 4.0.30319, x-content-type-options: nosniff, x-ms-keyvault-network-info: addr=131.107.160.72;act_addr_fam=InterNetwork;,
      x-ms-keyvault-region: westus, x-ms-keyvault-service-version: 1.1.0.883, x-powered-by: ASP.NET}
    status: {code: 404, message: Not Found}
    url: !!python/object/new:yarl.URL
      state: !!python/tuple
      - !!python/object/new:urllib.parse.SplitResult [https, vault3xmbqjhqye7vut2avf4.vault.azure.net,
        /deletedsecrets/secret4, api-version=7.0, '']
- request:
    body: null
    headers:
      Accept: [application/json]
      User-Agent: [azsdk-python-keyvault-secrets/4.1.0b1 Python/3.6.6 (Windows-10-10.0.18362-SP0)]
    method: GET
    uri: https://vaultstorname.vault.azure.net/deletedsecrets/secret4?api-version=7.0
  response:
    body: {string: '{"error":{"code":"SecretNotFound","message":"Deleted Secret not
        found: secret4"}}'}
    headers: {cache-control: no-cache, content-length: '81', content-type: application/json;
        charset=utf-8, date: 'Wed, 04 Dec 2019 19:40:56 GMT', expires: '-1', pragma: no-cache,
      server: Microsoft-IIS/10.0, strict-transport-security: max-age=31536000;includeSubDomains,
      x-aspnet-version: 4.0.30319, x-content-type-options: nosniff, x-ms-keyvault-network-info: addr=131.107.160.72;act_addr_fam=InterNetwork;,
      x-ms-keyvault-region: westus, x-ms-keyvault-service-version: 1.1.0.883, x-powered-by: ASP.NET}
    status: {code: 404, message: Not Found}
    url: !!python/object/new:yarl.URL
      state: !!python/tuple
      - !!python/object/new:urllib.parse.SplitResult [https, vault3xmbqjhqye7vut2avf4.vault.azure.net,
        /deletedsecrets/secret4, api-version=7.0, '']
- request:
    body: null
    headers:
      Accept: [application/json]
      User-Agent: [azsdk-python-keyvault-secrets/4.1.0b1 Python/3.6.6 (Windows-10-10.0.18362-SP0)]
    method: GET
    uri: https://vaultstorname.vault.azure.net/deletedsecrets/secret4?api-version=7.0
  response:
    body: {string: '{"error":{"code":"SecretNotFound","message":"Deleted Secret not
        found: secret4"}}'}
    headers: {cache-control: no-cache, content-length: '81', content-type: application/json;
        charset=utf-8, date: 'Wed, 04 Dec 2019 19:40:58 GMT', expires: '-1', pragma: no-cache,
      server: Microsoft-IIS/10.0, strict-transport-security: max-age=31536000;includeSubDomains,
      x-aspnet-version: 4.0.30319, x-content-type-options: nosniff, x-ms-keyvault-network-info: addr=131.107.160.72;act_addr_fam=InterNetwork;,
      x-ms-keyvault-region: westus, x-ms-keyvault-service-version: 1.1.0.883, x-powered-by: ASP.NET}
    status: {code: 404, message: Not Found}
    url: !!python/object/new:yarl.URL
      state: !!python/tuple
      - !!python/object/new:urllib.parse.SplitResult [https, vault3xmbqjhqye7vut2avf4.vault.azure.net,
        /deletedsecrets/secret4, api-version=7.0, '']
- request:
    body: null
    headers:
      Accept: [application/json]
      User-Agent: [azsdk-python-keyvault-secrets/4.1.0b1 Python/3.6.6 (Windows-10-10.0.18362-SP0)]
    method: GET
    uri: https://vaultstorname.vault.azure.net/deletedsecrets/secret4?api-version=7.0
  response:
    body: {string: '{"error":{"code":"SecretNotFound","message":"Deleted Secret not
        found: secret4"}}'}
    headers: {cache-control: no-cache, content-length: '81', content-type: application/json;
        charset=utf-8, date: 'Wed, 04 Dec 2019 19:41:00 GMT', expires: '-1', pragma: no-cache,
      server: Microsoft-IIS/10.0, strict-transport-security: max-age=31536000;includeSubDomains,
      x-aspnet-version: 4.0.30319, x-content-type-options: nosniff, x-ms-keyvault-network-info: addr=131.107.160.72;act_addr_fam=InterNetwork;,
      x-ms-keyvault-region: westus, x-ms-keyvault-service-version: 1.1.0.883, x-powered-by: ASP.NET}
    status: {code: 404, message: Not Found}
    url: !!python/object/new:yarl.URL
      state: !!python/tuple
      - !!python/object/new:urllib.parse.SplitResult [https, vault3xmbqjhqye7vut2avf4.vault.azure.net,
        /deletedsecrets/secret4, api-version=7.0, '']
- request:
    body: null
    headers:
      Accept: [application/json]
      User-Agent: [azsdk-python-keyvault-secrets/4.1.0b1 Python/3.6.6 (Windows-10-10.0.18362-SP0)]
    method: GET
    uri: https://vaultstorname.vault.azure.net/deletedsecrets/secret4?api-version=7.0
  response:
    body: {string: '{"error":{"code":"SecretNotFound","message":"Deleted Secret not
        found: secret4"}}'}
    headers: {cache-control: no-cache, content-length: '81', content-type: application/json;
        charset=utf-8, date: 'Wed, 04 Dec 2019 19:41:02 GMT', expires: '-1', pragma: no-cache,
      server: Microsoft-IIS/10.0, strict-transport-security: max-age=31536000;includeSubDomains,
      x-aspnet-version: 4.0.30319, x-content-type-options: nosniff, x-ms-keyvault-network-info: addr=131.107.160.72;act_addr_fam=InterNetwork;,
      x-ms-keyvault-region: westus, x-ms-keyvault-service-version: 1.1.0.883, x-powered-by: ASP.NET}
    status: {code: 404, message: Not Found}
    url: !!python/object/new:yarl.URL
      state: !!python/tuple
      - !!python/object/new:urllib.parse.SplitResult [https, vault3xmbqjhqye7vut2avf4.vault.azure.net,
        /deletedsecrets/secret4, api-version=7.0, '']
- request:
    body: null
    headers:
      Accept: [application/json]
      User-Agent: [azsdk-python-keyvault-secrets/4.1.0b1 Python/3.6.6 (Windows-10-10.0.18362-SP0)]
    method: GET
    uri: https://vaultstorname.vault.azure.net/deletedsecrets/secret4?api-version=7.0
  response:
    body: {string: '{"error":{"code":"SecretNotFound","message":"Deleted Secret not
        found: secret4"}}'}
    headers: {cache-control: no-cache, content-length: '81', content-type: application/json;
        charset=utf-8, date: 'Wed, 04 Dec 2019 19:41:04 GMT', expires: '-1', pragma: no-cache,
      server: Microsoft-IIS/10.0, strict-transport-security: max-age=31536000;includeSubDomains,
      x-aspnet-version: 4.0.30319, x-content-type-options: nosniff, x-ms-keyvault-network-info: addr=131.107.160.72;act_addr_fam=InterNetwork;,
      x-ms-keyvault-region: westus, x-ms-keyvault-service-version: 1.1.0.883, x-powered-by: ASP.NET}
    status: {code: 404, message: Not Found}
    url: !!python/object/new:yarl.URL
      state: !!python/tuple
      - !!python/object/new:urllib.parse.SplitResult [https, vault3xmbqjhqye7vut2avf4.vault.azure.net,
        /deletedsecrets/secret4, api-version=7.0, '']
- request:
    body: null
    headers:
      Accept: [application/json]
      User-Agent: [azsdk-python-keyvault-secrets/4.1.0b1 Python/3.6.6 (Windows-10-10.0.18362-SP0)]
    method: GET
    uri: https://vaultstorname.vault.azure.net/deletedsecrets/secret4?api-version=7.0
  response:
    body: {string: '{"recoveryId":"https://vaultstorname.vault.azure.net/deletedsecrets/secret4","deletedDate":1575488438,"scheduledPurgeDate":1583264438,"id":"https://vaultstorname.vault.azure.net/secrets/secret4/ee1078c5c62b41c385d833cb172f5672","attributes":{"enabled":true,"created":1575488333,"updated":1575488333,"recoveryLevel":"Recoverable+Purgeable"}}'}
    headers: {cache-control: no-cache, content-length: '362', content-type: application/json;
        charset=utf-8, date: 'Wed, 04 Dec 2019 19:41:06 GMT', expires: '-1', pragma: no-cache,
      server: Microsoft-IIS/10.0, strict-transport-security: max-age=31536000;includeSubDomains,
      x-aspnet-version: 4.0.30319, x-content-type-options: nosniff, x-ms-keyvault-network-info: addr=131.107.160.72;act_addr_fam=InterNetwork;,
      x-ms-keyvault-region: westus, x-ms-keyvault-service-version: 1.1.0.883, x-powered-by: ASP.NET}
    status: {code: 200, message: OK}
    url: !!python/object/new:yarl.URL
      state: !!python/tuple
      - !!python/object/new:urllib.parse.SplitResult [https, vault3xmbqjhqye7vut2avf4.vault.azure.net,
        /deletedsecrets/secret4, api-version=7.0, '']
- request:
    body: null
    headers:
      Accept: [application/json]
      User-Agent: [azsdk-python-keyvault-secrets/4.1.0b1 Python/3.6.6 (Windows-10-10.0.18362-SP0)]
    method: DELETE
    uri: https://vaultstorname.vault.azure.net/secrets/secret5?api-version=7.0
  response:
    body: {string: '{"recoveryId":"https://vaultstorname.vault.azure.net/deletedsecrets/secret5","deletedDate":1575488469,"scheduledPurgeDate":1583264469,"id":"https://vaultstorname.vault.azure.net/secrets/secret5/dddefcdf430045c3ac6da8a5fa4dd4aa","attributes":{"enabled":true,"created":1575488333,"updated":1575488333,"recoveryLevel":"Recoverable+Purgeable"}}'}
    headers: {cache-control: no-cache, content-length: '362', content-type: application/json;
        charset=utf-8, date: 'Wed, 04 Dec 2019 19:41:08 GMT', expires: '-1', pragma: no-cache,
      server: Microsoft-IIS/10.0, strict-transport-security: max-age=31536000;includeSubDomains,
      x-aspnet-version: 4.0.30319, x-content-type-options: nosniff, x-ms-keyvault-network-info: addr=131.107.160.72;act_addr_fam=InterNetwork;,
      x-ms-keyvault-region: westus, x-ms-keyvault-service-version: 1.1.0.883, x-powered-by: ASP.NET}
    status: {code: 200, message: OK}
    url: !!python/object/new:yarl.URL
      state: !!python/tuple
      - !!python/object/new:urllib.parse.SplitResult [https, vault3xmbqjhqye7vut2avf4.vault.azure.net,
        /secrets/secret5, api-version=7.0, '']
- request:
    body: null
    headers:
      Accept: [application/json]
      User-Agent: [azsdk-python-keyvault-secrets/4.1.0b1 Python/3.6.6 (Windows-10-10.0.18362-SP0)]
    method: GET
    uri: https://vaultstorname.vault.azure.net/deletedsecrets/secret5?api-version=7.0
  response:
    body: {string: '{"error":{"code":"SecretNotFound","message":"Deleted Secret not
        found: secret5"}}'}
    headers: {cache-control: no-cache, content-length: '81', content-type: application/json;
        charset=utf-8, date: 'Wed, 04 Dec 2019 19:41:08 GMT', expires: '-1', pragma: no-cache,
      server: Microsoft-IIS/10.0, strict-transport-security: max-age=31536000;includeSubDomains,
      x-aspnet-version: 4.0.30319, x-content-type-options: nosniff, x-ms-keyvault-network-info: addr=131.107.160.72;act_addr_fam=InterNetwork;,
      x-ms-keyvault-region: westus, x-ms-keyvault-service-version: 1.1.0.883, x-powered-by: ASP.NET}
    status: {code: 404, message: Not Found}
    url: !!python/object/new:yarl.URL
      state: !!python/tuple
      - !!python/object/new:urllib.parse.SplitResult [https, vault3xmbqjhqye7vut2avf4.vault.azure.net,
        /deletedsecrets/secret5, api-version=7.0, '']
- request:
    body: null
    headers:
      Accept: [application/json]
      User-Agent: [azsdk-python-keyvault-secrets/4.1.0b1 Python/3.6.6 (Windows-10-10.0.18362-SP0)]
    method: GET
    uri: https://vaultstorname.vault.azure.net/deletedsecrets/secret5?api-version=7.0
  response:
    body: {string: '{"error":{"code":"SecretNotFound","message":"Deleted Secret not
        found: secret5"}}'}
    headers: {cache-control: no-cache, content-length: '81', content-type: application/json;
        charset=utf-8, date: 'Wed, 04 Dec 2019 19:41:10 GMT', expires: '-1', pragma: no-cache,
      server: Microsoft-IIS/10.0, strict-transport-security: max-age=31536000;includeSubDomains,
      x-aspnet-version: 4.0.30319, x-content-type-options: nosniff, x-ms-keyvault-network-info: addr=131.107.160.72;act_addr_fam=InterNetwork;,
      x-ms-keyvault-region: westus, x-ms-keyvault-service-version: 1.1.0.883, x-powered-by: ASP.NET}
    status: {code: 404, message: Not Found}
    url: !!python/object/new:yarl.URL
      state: !!python/tuple
      - !!python/object/new:urllib.parse.SplitResult [https, vault3xmbqjhqye7vut2avf4.vault.azure.net,
        /deletedsecrets/secret5, api-version=7.0, '']
- request:
    body: null
    headers:
      Accept: [application/json]
      User-Agent: [azsdk-python-keyvault-secrets/4.1.0b1 Python/3.6.6 (Windows-10-10.0.18362-SP0)]
    method: GET
    uri: https://vaultstorname.vault.azure.net/deletedsecrets/secret5?api-version=7.0
  response:
    body: {string: '{"error":{"code":"SecretNotFound","message":"Deleted Secret not
        found: secret5"}}'}
    headers: {cache-control: no-cache, content-length: '81', content-type: application/json;
        charset=utf-8, date: 'Wed, 04 Dec 2019 19:41:12 GMT', expires: '-1', pragma: no-cache,
      server: Microsoft-IIS/10.0, strict-transport-security: max-age=31536000;includeSubDomains,
      x-aspnet-version: 4.0.30319, x-content-type-options: nosniff, x-ms-keyvault-network-info: addr=131.107.160.72;act_addr_fam=InterNetwork;,
      x-ms-keyvault-region: westus, x-ms-keyvault-service-version: 1.1.0.883, x-powered-by: ASP.NET}
    status: {code: 404, message: Not Found}
    url: !!python/object/new:yarl.URL
      state: !!python/tuple
      - !!python/object/new:urllib.parse.SplitResult [https, vault3xmbqjhqye7vut2avf4.vault.azure.net,
        /deletedsecrets/secret5, api-version=7.0, '']
- request:
    body: null
    headers:
      Accept: [application/json]
      User-Agent: [azsdk-python-keyvault-secrets/4.1.0b1 Python/3.6.6 (Windows-10-10.0.18362-SP0)]
    method: GET
    uri: https://vaultstorname.vault.azure.net/deletedsecrets/secret5?api-version=7.0
  response:
    body: {string: '{"error":{"code":"SecretNotFound","message":"Deleted Secret not
        found: secret5"}}'}
    headers: {cache-control: no-cache, content-length: '81', content-type: application/json;
        charset=utf-8, date: 'Wed, 04 Dec 2019 19:41:14 GMT', expires: '-1', pragma: no-cache,
      server: Microsoft-IIS/10.0, strict-transport-security: max-age=31536000;includeSubDomains,
      x-aspnet-version: 4.0.30319, x-content-type-options: nosniff, x-ms-keyvault-network-info: addr=131.107.160.72;act_addr_fam=InterNetwork;,
      x-ms-keyvault-region: westus, x-ms-keyvault-service-version: 1.1.0.883, x-powered-by: ASP.NET}
    status: {code: 404, message: Not Found}
    url: !!python/object/new:yarl.URL
      state: !!python/tuple
      - !!python/object/new:urllib.parse.SplitResult [https, vault3xmbqjhqye7vut2avf4.vault.azure.net,
        /deletedsecrets/secret5, api-version=7.0, '']
- request:
    body: null
    headers:
      Accept: [application/json]
      User-Agent: [azsdk-python-keyvault-secrets/4.1.0b1 Python/3.6.6 (Windows-10-10.0.18362-SP0)]
    method: GET
    uri: https://vaultstorname.vault.azure.net/deletedsecrets/secret5?api-version=7.0
  response:
    body: {string: '{"error":{"code":"SecretNotFound","message":"Deleted Secret not
        found: secret5"}}'}
    headers: {cache-control: no-cache, content-length: '81', content-type: application/json;
        charset=utf-8, date: 'Wed, 04 Dec 2019 19:41:17 GMT', expires: '-1', pragma: no-cache,
      server: Microsoft-IIS/10.0, strict-transport-security: max-age=31536000;includeSubDomains,
      x-aspnet-version: 4.0.30319, x-content-type-options: nosniff, x-ms-keyvault-network-info: addr=131.107.160.72;act_addr_fam=InterNetwork;,
      x-ms-keyvault-region: westus, x-ms-keyvault-service-version: 1.1.0.883, x-powered-by: ASP.NET}
    status: {code: 404, message: Not Found}
    url: !!python/object/new:yarl.URL
      state: !!python/tuple
      - !!python/object/new:urllib.parse.SplitResult [https, vault3xmbqjhqye7vut2avf4.vault.azure.net,
        /deletedsecrets/secret5, api-version=7.0, '']
- request:
    body: null
    headers:
      Accept: [application/json]
      User-Agent: [azsdk-python-keyvault-secrets/4.1.0b1 Python/3.6.6 (Windows-10-10.0.18362-SP0)]
    method: GET
    uri: https://vaultstorname.vault.azure.net/deletedsecrets/secret5?api-version=7.0
  response:
    body: {string: '{"error":{"code":"SecretNotFound","message":"Deleted Secret not
        found: secret5"}}'}
    headers: {cache-control: no-cache, content-length: '81', content-type: application/json;
        charset=utf-8, date: 'Wed, 04 Dec 2019 19:41:20 GMT', expires: '-1', pragma: no-cache,
      server: Microsoft-IIS/10.0, strict-transport-security: max-age=31536000;includeSubDomains,
      x-aspnet-version: 4.0.30319, x-content-type-options: nosniff, x-ms-keyvault-network-info: addr=131.107.160.72;act_addr_fam=InterNetwork;,
      x-ms-keyvault-region: westus, x-ms-keyvault-service-version: 1.1.0.883, x-powered-by: ASP.NET}
    status: {code: 404, message: Not Found}
    url: !!python/object/new:yarl.URL
      state: !!python/tuple
      - !!python/object/new:urllib.parse.SplitResult [https, vault3xmbqjhqye7vut2avf4.vault.azure.net,
        /deletedsecrets/secret5, api-version=7.0, '']
- request:
    body: null
    headers:
      Accept: [application/json]
      User-Agent: [azsdk-python-keyvault-secrets/4.1.0b1 Python/3.6.6 (Windows-10-10.0.18362-SP0)]
    method: GET
    uri: https://vaultstorname.vault.azure.net/deletedsecrets/secret5?api-version=7.0
  response:
    body: {string: '{"error":{"code":"SecretNotFound","message":"Deleted Secret not
        found: secret5"}}'}
    headers: {cache-control: no-cache, content-length: '81', content-type: application/json;
        charset=utf-8, date: 'Wed, 04 Dec 2019 19:41:22 GMT', expires: '-1', pragma: no-cache,
      server: Microsoft-IIS/10.0, strict-transport-security: max-age=31536000;includeSubDomains,
      x-aspnet-version: 4.0.30319, x-content-type-options: nosniff, x-ms-keyvault-network-info: addr=131.107.160.72;act_addr_fam=InterNetwork;,
      x-ms-keyvault-region: westus, x-ms-keyvault-service-version: 1.1.0.883, x-powered-by: ASP.NET}
    status: {code: 404, message: Not Found}
    url: !!python/object/new:yarl.URL
      state: !!python/tuple
      - !!python/object/new:urllib.parse.SplitResult [https, vault3xmbqjhqye7vut2avf4.vault.azure.net,
        /deletedsecrets/secret5, api-version=7.0, '']
- request:
    body: null
    headers:
      Accept: [application/json]
      User-Agent: [azsdk-python-keyvault-secrets/4.1.0b1 Python/3.6.6 (Windows-10-10.0.18362-SP0)]
    method: GET
    uri: https://vaultstorname.vault.azure.net/deletedsecrets/secret5?api-version=7.0
  response:
    body: {string: '{"error":{"code":"SecretNotFound","message":"Deleted Secret not
        found: secret5"}}'}
    headers: {cache-control: no-cache, content-length: '81', content-type: application/json;
        charset=utf-8, date: 'Wed, 04 Dec 2019 19:41:24 GMT', expires: '-1', pragma: no-cache,
      server: Microsoft-IIS/10.0, strict-transport-security: max-age=31536000;includeSubDomains,
      x-aspnet-version: 4.0.30319, x-content-type-options: nosniff, x-ms-keyvault-network-info: addr=131.107.160.72;act_addr_fam=InterNetwork;,
      x-ms-keyvault-region: westus, x-ms-keyvault-service-version: 1.1.0.883, x-powered-by: ASP.NET}
    status: {code: 404, message: Not Found}
    url: !!python/object/new:yarl.URL
      state: !!python/tuple
      - !!python/object/new:urllib.parse.SplitResult [https, vault3xmbqjhqye7vut2avf4.vault.azure.net,
        /deletedsecrets/secret5, api-version=7.0, '']
- request:
    body: null
    headers:
      Accept: [application/json]
      User-Agent: [azsdk-python-keyvault-secrets/4.1.0b1 Python/3.6.6 (Windows-10-10.0.18362-SP0)]
    method: GET
    uri: https://vaultstorname.vault.azure.net/deletedsecrets/secret5?api-version=7.0
  response:
    body: {string: '{"error":{"code":"SecretNotFound","message":"Deleted Secret not
        found: secret5"}}'}
    headers: {cache-control: no-cache, content-length: '81', content-type: application/json;
        charset=utf-8, date: 'Wed, 04 Dec 2019 19:41:26 GMT', expires: '-1', pragma: no-cache,
      server: Microsoft-IIS/10.0, strict-transport-security: max-age=31536000;includeSubDomains,
      x-aspnet-version: 4.0.30319, x-content-type-options: nosniff, x-ms-keyvault-network-info: addr=131.107.160.72;act_addr_fam=InterNetwork;,
      x-ms-keyvault-region: westus, x-ms-keyvault-service-version: 1.1.0.883, x-powered-by: ASP.NET}
    status: {code: 404, message: Not Found}
    url: !!python/object/new:yarl.URL
      state: !!python/tuple
      - !!python/object/new:urllib.parse.SplitResult [https, vault3xmbqjhqye7vut2avf4.vault.azure.net,
        /deletedsecrets/secret5, api-version=7.0, '']
- request:
    body: null
    headers:
      Accept: [application/json]
      User-Agent: [azsdk-python-keyvault-secrets/4.1.0b1 Python/3.6.6 (Windows-10-10.0.18362-SP0)]
    method: GET
    uri: https://vaultstorname.vault.azure.net/deletedsecrets/secret5?api-version=7.0
  response:
    body: {string: '{"error":{"code":"SecretNotFound","message":"Deleted Secret not
        found: secret5"}}'}
    headers: {cache-control: no-cache, content-length: '81', content-type: application/json;
        charset=utf-8, date: 'Wed, 04 Dec 2019 19:41:28 GMT', expires: '-1', pragma: no-cache,
      server: Microsoft-IIS/10.0, strict-transport-security: max-age=31536000;includeSubDomains,
      x-aspnet-version: 4.0.30319, x-content-type-options: nosniff, x-ms-keyvault-network-info: addr=131.107.160.72;act_addr_fam=InterNetwork;,
      x-ms-keyvault-region: westus, x-ms-keyvault-service-version: 1.1.0.883, x-powered-by: ASP.NET}
    status: {code: 404, message: Not Found}
    url: !!python/object/new:yarl.URL
      state: !!python/tuple
      - !!python/object/new:urllib.parse.SplitResult [https, vault3xmbqjhqye7vut2avf4.vault.azure.net,
        /deletedsecrets/secret5, api-version=7.0, '']
- request:
    body: null
    headers:
      Accept: [application/json]
      User-Agent: [azsdk-python-keyvault-secrets/4.1.0b1 Python/3.6.6 (Windows-10-10.0.18362-SP0)]
    method: GET
    uri: https://vaultstorname.vault.azure.net/deletedsecrets/secret5?api-version=7.0
  response:
    body: {string: '{"error":{"code":"SecretNotFound","message":"Deleted Secret not
        found: secret5"}}'}
    headers: {cache-control: no-cache, content-length: '81', content-type: application/json;
        charset=utf-8, date: 'Wed, 04 Dec 2019 19:41:30 GMT', expires: '-1', pragma: no-cache,
      server: Microsoft-IIS/10.0, strict-transport-security: max-age=31536000;includeSubDomains,
      x-aspnet-version: 4.0.30319, x-content-type-options: nosniff, x-ms-keyvault-network-info: addr=131.107.160.72;act_addr_fam=InterNetwork;,
      x-ms-keyvault-region: westus, x-ms-keyvault-service-version: 1.1.0.883, x-powered-by: ASP.NET}
    status: {code: 404, message: Not Found}
    url: !!python/object/new:yarl.URL
      state: !!python/tuple
      - !!python/object/new:urllib.parse.SplitResult [https, vault3xmbqjhqye7vut2avf4.vault.azure.net,
        /deletedsecrets/secret5, api-version=7.0, '']
- request:
    body: null
    headers:
      Accept: [application/json]
      User-Agent: [azsdk-python-keyvault-secrets/4.1.0b1 Python/3.6.6 (Windows-10-10.0.18362-SP0)]
    method: GET
    uri: https://vaultstorname.vault.azure.net/deletedsecrets/secret5?api-version=7.0
  response:
    body: {string: '{"recoveryId":"https://vaultstorname.vault.azure.net/deletedsecrets/secret5","deletedDate":1575488469,"scheduledPurgeDate":1583264469,"id":"https://vaultstorname.vault.azure.net/secrets/secret5/dddefcdf430045c3ac6da8a5fa4dd4aa","attributes":{"enabled":true,"created":1575488333,"updated":1575488333,"recoveryLevel":"Recoverable+Purgeable"}}'}
    headers: {cache-control: no-cache, content-length: '362', content-type: application/json;
        charset=utf-8, date: 'Wed, 04 Dec 2019 19:41:32 GMT', expires: '-1', pragma: no-cache,
      server: Microsoft-IIS/10.0, strict-transport-security: max-age=31536000;includeSubDomains,
      x-aspnet-version: 4.0.30319, x-content-type-options: nosniff, x-ms-keyvault-network-info: addr=131.107.160.72;act_addr_fam=InterNetwork;,
      x-ms-keyvault-region: westus, x-ms-keyvault-service-version: 1.1.0.883, x-powered-by: ASP.NET}
    status: {code: 200, message: OK}
    url: !!python/object/new:yarl.URL
      state: !!python/tuple
      - !!python/object/new:urllib.parse.SplitResult [https, vault3xmbqjhqye7vut2avf4.vault.azure.net,
        /deletedsecrets/secret5, api-version=7.0, '']
- request:
    body: null
    headers:
      Accept: [application/json]
      User-Agent: [azsdk-python-keyvault-secrets/4.1.0b1 Python/3.6.6 (Windows-10-10.0.18362-SP0)]
    method: DELETE
    uri: https://vaultstorname.vault.azure.net/secrets/secret6?api-version=7.0
  response:
    body: {string: '{"recoveryId":"https://vaultstorname.vault.azure.net/deletedsecrets/secret6","deletedDate":1575488494,"scheduledPurgeDate":1583264494,"id":"https://vaultstorname.vault.azure.net/secrets/secret6/4db71ed3e70a4e05a326e57c9c5cc6f8","attributes":{"enabled":true,"created":1575488333,"updated":1575488333,"recoveryLevel":"Recoverable+Purgeable"}}'}
    headers: {cache-control: no-cache, content-length: '362', content-type: application/json;
        charset=utf-8, date: 'Wed, 04 Dec 2019 19:41:34 GMT', expires: '-1', pragma: no-cache,
      server: Microsoft-IIS/10.0, strict-transport-security: max-age=31536000;includeSubDomains,
      x-aspnet-version: 4.0.30319, x-content-type-options: nosniff, x-ms-keyvault-network-info: addr=131.107.160.72;act_addr_fam=InterNetwork;,
      x-ms-keyvault-region: westus, x-ms-keyvault-service-version: 1.1.0.883, x-powered-by: ASP.NET}
    status: {code: 200, message: OK}
    url: !!python/object/new:yarl.URL
      state: !!python/tuple
      - !!python/object/new:urllib.parse.SplitResult [https, vault3xmbqjhqye7vut2avf4.vault.azure.net,
        /secrets/secret6, api-version=7.0, '']
- request:
    body: null
    headers:
      Accept: [application/json]
      User-Agent: [azsdk-python-keyvault-secrets/4.1.0b1 Python/3.6.6 (Windows-10-10.0.18362-SP0)]
    method: GET
    uri: https://vaultstorname.vault.azure.net/deletedsecrets/secret6?api-version=7.0
  response:
    body: {string: '{"error":{"code":"SecretNotFound","message":"Deleted Secret not
        found: secret6"}}'}
    headers: {cache-control: no-cache, content-length: '81', content-type: application/json;
        charset=utf-8, date: 'Wed, 04 Dec 2019 19:41:34 GMT', expires: '-1', pragma: no-cache,
      server: Microsoft-IIS/10.0, strict-transport-security: max-age=31536000;includeSubDomains,
      x-aspnet-version: 4.0.30319, x-content-type-options: nosniff, x-ms-keyvault-network-info: addr=131.107.160.72;act_addr_fam=InterNetwork;,
      x-ms-keyvault-region: westus, x-ms-keyvault-service-version: 1.1.0.883, x-powered-by: ASP.NET}
    status: {code: 404, message: Not Found}
    url: !!python/object/new:yarl.URL
      state: !!python/tuple
      - !!python/object/new:urllib.parse.SplitResult [https, vault3xmbqjhqye7vut2avf4.vault.azure.net,
        /deletedsecrets/secret6, api-version=7.0, '']
- request:
    body: null
    headers:
      Accept: [application/json]
      User-Agent: [azsdk-python-keyvault-secrets/4.1.0b1 Python/3.6.6 (Windows-10-10.0.18362-SP0)]
    method: GET
    uri: https://vaultstorname.vault.azure.net/deletedsecrets/secret6?api-version=7.0
  response:
    body: {string: '{"error":{"code":"SecretNotFound","message":"Deleted Secret not
        found: secret6"}}'}
    headers: {cache-control: no-cache, content-length: '81', content-type: application/json;
        charset=utf-8, date: 'Wed, 04 Dec 2019 19:41:36 GMT', expires: '-1', pragma: no-cache,
      server: Microsoft-IIS/10.0, strict-transport-security: max-age=31536000;includeSubDomains,
      x-aspnet-version: 4.0.30319, x-content-type-options: nosniff, x-ms-keyvault-network-info: addr=131.107.160.72;act_addr_fam=InterNetwork;,
      x-ms-keyvault-region: westus, x-ms-keyvault-service-version: 1.1.0.883, x-powered-by: ASP.NET}
    status: {code: 404, message: Not Found}
    url: !!python/object/new:yarl.URL
      state: !!python/tuple
      - !!python/object/new:urllib.parse.SplitResult [https, vault3xmbqjhqye7vut2avf4.vault.azure.net,
        /deletedsecrets/secret6, api-version=7.0, '']
- request:
    body: null
    headers:
      Accept: [application/json]
      User-Agent: [azsdk-python-keyvault-secrets/4.1.0b1 Python/3.6.6 (Windows-10-10.0.18362-SP0)]
    method: GET
    uri: https://vaultstorname.vault.azure.net/deletedsecrets/secret6?api-version=7.0
  response:
    body: {string: '{"error":{"code":"SecretNotFound","message":"Deleted Secret not
        found: secret6"}}'}
    headers: {cache-control: no-cache, content-length: '81', content-type: application/json;
        charset=utf-8, date: 'Wed, 04 Dec 2019 19:41:38 GMT', expires: '-1', pragma: no-cache,
      server: Microsoft-IIS/10.0, strict-transport-security: max-age=31536000;includeSubDomains,
      x-aspnet-version: 4.0.30319, x-content-type-options: nosniff, x-ms-keyvault-network-info: addr=131.107.160.72;act_addr_fam=InterNetwork;,
      x-ms-keyvault-region: westus, x-ms-keyvault-service-version: 1.1.0.883, x-powered-by: ASP.NET}
    status: {code: 404, message: Not Found}
    url: !!python/object/new:yarl.URL
      state: !!python/tuple
      - !!python/object/new:urllib.parse.SplitResult [https, vault3xmbqjhqye7vut2avf4.vault.azure.net,
        /deletedsecrets/secret6, api-version=7.0, '']
- request:
    body: null
    headers:
      Accept: [application/json]
      User-Agent: [azsdk-python-keyvault-secrets/4.1.0b1 Python/3.6.6 (Windows-10-10.0.18362-SP0)]
    method: GET
    uri: https://vaultstorname.vault.azure.net/deletedsecrets/secret6?api-version=7.0
  response:
    body: {string: '{"error":{"code":"SecretNotFound","message":"Deleted Secret not
        found: secret6"}}'}
    headers: {cache-control: no-cache, content-length: '81', content-type: application/json;
        charset=utf-8, date: 'Wed, 04 Dec 2019 19:41:40 GMT', expires: '-1', pragma: no-cache,
      server: Microsoft-IIS/10.0, strict-transport-security: max-age=31536000;includeSubDomains,
      x-aspnet-version: 4.0.30319, x-content-type-options: nosniff, x-ms-keyvault-network-info: addr=131.107.160.72;act_addr_fam=InterNetwork;,
      x-ms-keyvault-region: westus, x-ms-keyvault-service-version: 1.1.0.883, x-powered-by: ASP.NET}
    status: {code: 404, message: Not Found}
    url: !!python/object/new:yarl.URL
      state: !!python/tuple
      - !!python/object/new:urllib.parse.SplitResult [https, vault3xmbqjhqye7vut2avf4.vault.azure.net,
        /deletedsecrets/secret6, api-version=7.0, '']
- request:
    body: null
    headers:
      Accept: [application/json]
      User-Agent: [azsdk-python-keyvault-secrets/4.1.0b1 Python/3.6.6 (Windows-10-10.0.18362-SP0)]
    method: GET
    uri: https://vaultstorname.vault.azure.net/deletedsecrets/secret6?api-version=7.0
  response:
    body: {string: '{"error":{"code":"SecretNotFound","message":"Deleted Secret not
        found: secret6"}}'}
    headers: {cache-control: no-cache, content-length: '81', content-type: application/json;
        charset=utf-8, date: 'Wed, 04 Dec 2019 19:41:42 GMT', expires: '-1', pragma: no-cache,
      server: Microsoft-IIS/10.0, strict-transport-security: max-age=31536000;includeSubDomains,
      x-aspnet-version: 4.0.30319, x-content-type-options: nosniff, x-ms-keyvault-network-info: addr=131.107.160.72;act_addr_fam=InterNetwork;,
      x-ms-keyvault-region: westus, x-ms-keyvault-service-version: 1.1.0.883, x-powered-by: ASP.NET}
    status: {code: 404, message: Not Found}
    url: !!python/object/new:yarl.URL
      state: !!python/tuple
      - !!python/object/new:urllib.parse.SplitResult [https, vault3xmbqjhqye7vut2avf4.vault.azure.net,
        /deletedsecrets/secret6, api-version=7.0, '']
- request:
    body: null
    headers:
      Accept: [application/json]
      User-Agent: [azsdk-python-keyvault-secrets/4.1.0b1 Python/3.6.6 (Windows-10-10.0.18362-SP0)]
    method: GET
    uri: https://vaultstorname.vault.azure.net/deletedsecrets/secret6?api-version=7.0
  response:
    body: {string: '{"error":{"code":"SecretNotFound","message":"Deleted Secret not
        found: secret6"}}'}
    headers: {cache-control: no-cache, content-length: '81', content-type: application/json;
        charset=utf-8, date: 'Wed, 04 Dec 2019 19:41:44 GMT', expires: '-1', pragma: no-cache,
      server: Microsoft-IIS/10.0, strict-transport-security: max-age=31536000;includeSubDomains,
      x-aspnet-version: 4.0.30319, x-content-type-options: nosniff, x-ms-keyvault-network-info: addr=131.107.160.72;act_addr_fam=InterNetwork;,
      x-ms-keyvault-region: westus, x-ms-keyvault-service-version: 1.1.0.883, x-powered-by: ASP.NET}
    status: {code: 404, message: Not Found}
    url: !!python/object/new:yarl.URL
      state: !!python/tuple
      - !!python/object/new:urllib.parse.SplitResult [https, vault3xmbqjhqye7vut2avf4.vault.azure.net,
        /deletedsecrets/secret6, api-version=7.0, '']
- request:
    body: null
    headers:
      Accept: [application/json]
      User-Agent: [azsdk-python-keyvault-secrets/4.1.0b1 Python/3.6.6 (Windows-10-10.0.18362-SP0)]
    method: GET
    uri: https://vaultstorname.vault.azure.net/deletedsecrets/secret6?api-version=7.0
  response:
    body: {string: '{"error":{"code":"SecretNotFound","message":"Deleted Secret not
        found: secret6"}}'}
    headers: {cache-control: no-cache, content-length: '81', content-type: application/json;
        charset=utf-8, date: 'Wed, 04 Dec 2019 19:41:46 GMT', expires: '-1', pragma: no-cache,
      server: Microsoft-IIS/10.0, strict-transport-security: max-age=31536000;includeSubDomains,
      x-aspnet-version: 4.0.30319, x-content-type-options: nosniff, x-ms-keyvault-network-info: addr=131.107.160.72;act_addr_fam=InterNetwork;,
      x-ms-keyvault-region: westus, x-ms-keyvault-service-version: 1.1.0.883, x-powered-by: ASP.NET}
    status: {code: 404, message: Not Found}
    url: !!python/object/new:yarl.URL
      state: !!python/tuple
      - !!python/object/new:urllib.parse.SplitResult [https, vault3xmbqjhqye7vut2avf4.vault.azure.net,
        /deletedsecrets/secret6, api-version=7.0, '']
- request:
    body: null
    headers:
      Accept: [application/json]
      User-Agent: [azsdk-python-keyvault-secrets/4.1.0b1 Python/3.6.6 (Windows-10-10.0.18362-SP0)]
    method: GET
    uri: https://vaultstorname.vault.azure.net/deletedsecrets/secret6?api-version=7.0
  response:
    body: {string: '{"error":{"code":"SecretNotFound","message":"Deleted Secret not
        found: secret6"}}'}
    headers: {cache-control: no-cache, content-length: '81', content-type: application/json;
        charset=utf-8, date: 'Wed, 04 Dec 2019 19:41:48 GMT', expires: '-1', pragma: no-cache,
      server: Microsoft-IIS/10.0, strict-transport-security: max-age=31536000;includeSubDomains,
      x-aspnet-version: 4.0.30319, x-content-type-options: nosniff, x-ms-keyvault-network-info: addr=131.107.160.72;act_addr_fam=InterNetwork;,
      x-ms-keyvault-region: westus, x-ms-keyvault-service-version: 1.1.0.883, x-powered-by: ASP.NET}
    status: {code: 404, message: Not Found}
    url: !!python/object/new:yarl.URL
      state: !!python/tuple
      - !!python/object/new:urllib.parse.SplitResult [https, vault3xmbqjhqye7vut2avf4.vault.azure.net,
        /deletedsecrets/secret6, api-version=7.0, '']
- request:
    body: null
    headers:
      Accept: [application/json]
      User-Agent: [azsdk-python-keyvault-secrets/4.1.0b1 Python/3.6.6 (Windows-10-10.0.18362-SP0)]
    method: GET
    uri: https://vaultstorname.vault.azure.net/deletedsecrets/secret6?api-version=7.0
  response:
    body: {string: '{"error":{"code":"SecretNotFound","message":"Deleted Secret not
        found: secret6"}}'}
    headers: {cache-control: no-cache, content-length: '81', content-type: application/json;
        charset=utf-8, date: 'Wed, 04 Dec 2019 19:41:50 GMT', expires: '-1', pragma: no-cache,
      server: Microsoft-IIS/10.0, strict-transport-security: max-age=31536000;includeSubDomains,
      x-aspnet-version: 4.0.30319, x-content-type-options: nosniff, x-ms-keyvault-network-info: addr=131.107.160.72;act_addr_fam=InterNetwork;,
      x-ms-keyvault-region: westus, x-ms-keyvault-service-version: 1.1.0.883, x-powered-by: ASP.NET}
    status: {code: 404, message: Not Found}
    url: !!python/object/new:yarl.URL
      state: !!python/tuple
      - !!python/object/new:urllib.parse.SplitResult [https, vault3xmbqjhqye7vut2avf4.vault.azure.net,
        /deletedsecrets/secret6, api-version=7.0, '']
- request:
    body: null
    headers:
      Accept: [application/json]
      User-Agent: [azsdk-python-keyvault-secrets/4.1.0b1 Python/3.6.6 (Windows-10-10.0.18362-SP0)]
    method: GET
    uri: https://vaultstorname.vault.azure.net/deletedsecrets/secret6?api-version=7.0
  response:
    body: {string: '{"error":{"code":"SecretNotFound","message":"Deleted Secret not
        found: secret6"}}'}
    headers: {cache-control: no-cache, content-length: '81', content-type: application/json;
        charset=utf-8, date: 'Wed, 04 Dec 2019 19:41:52 GMT', expires: '-1', pragma: no-cache,
      server: Microsoft-IIS/10.0, strict-transport-security: max-age=31536000;includeSubDomains,
      x-aspnet-version: 4.0.30319, x-content-type-options: nosniff, x-ms-keyvault-network-info: addr=131.107.160.72;act_addr_fam=InterNetwork;,
      x-ms-keyvault-region: westus, x-ms-keyvault-service-version: 1.1.0.883, x-powered-by: ASP.NET}
    status: {code: 404, message: Not Found}
    url: !!python/object/new:yarl.URL
      state: !!python/tuple
      - !!python/object/new:urllib.parse.SplitResult [https, vault3xmbqjhqye7vut2avf4.vault.azure.net,
        /deletedsecrets/secret6, api-version=7.0, '']
- request:
    body: null
    headers:
      Accept: [application/json]
      User-Agent: [azsdk-python-keyvault-secrets/4.1.0b1 Python/3.6.6 (Windows-10-10.0.18362-SP0)]
    method: GET
    uri: https://vaultstorname.vault.azure.net/deletedsecrets/secret6?api-version=7.0
  response:
    body: {string: '{"error":{"code":"SecretNotFound","message":"Deleted Secret not
        found: secret6"}}'}
    headers: {cache-control: no-cache, content-length: '81', content-type: application/json;
        charset=utf-8, date: 'Wed, 04 Dec 2019 19:41:54 GMT', expires: '-1', pragma: no-cache,
      server: Microsoft-IIS/10.0, strict-transport-security: max-age=31536000;includeSubDomains,
      x-aspnet-version: 4.0.30319, x-content-type-options: nosniff, x-ms-keyvault-network-info: addr=131.107.160.72;act_addr_fam=InterNetwork;,
      x-ms-keyvault-region: westus, x-ms-keyvault-service-version: 1.1.0.883, x-powered-by: ASP.NET}
    status: {code: 404, message: Not Found}
    url: !!python/object/new:yarl.URL
      state: !!python/tuple
      - !!python/object/new:urllib.parse.SplitResult [https, vault3xmbqjhqye7vut2avf4.vault.azure.net,
        /deletedsecrets/secret6, api-version=7.0, '']
- request:
    body: null
    headers:
      Accept: [application/json]
      User-Agent: [azsdk-python-keyvault-secrets/4.1.0b1 Python/3.6.6 (Windows-10-10.0.18362-SP0)]
    method: GET
    uri: https://vaultstorname.vault.azure.net/deletedsecrets/secret6?api-version=7.0
  response:
    body: {string: '{"error":{"code":"SecretNotFound","message":"Deleted Secret not
        found: secret6"}}'}
    headers: {cache-control: no-cache, content-length: '81', content-type: application/json;
        charset=utf-8, date: 'Wed, 04 Dec 2019 19:41:56 GMT', expires: '-1', pragma: no-cache,
      server: Microsoft-IIS/10.0, strict-transport-security: max-age=31536000;includeSubDomains,
      x-aspnet-version: 4.0.30319, x-content-type-options: nosniff, x-ms-keyvault-network-info: addr=131.107.160.72;act_addr_fam=InterNetwork;,
      x-ms-keyvault-region: westus, x-ms-keyvault-service-version: 1.1.0.883, x-powered-by: ASP.NET}
    status: {code: 404, message: Not Found}
    url: !!python/object/new:yarl.URL
      state: !!python/tuple
      - !!python/object/new:urllib.parse.SplitResult [https, vault3xmbqjhqye7vut2avf4.vault.azure.net,
        /deletedsecrets/secret6, api-version=7.0, '']
- request:
    body: null
    headers:
      Accept: [application/json]
      User-Agent: [azsdk-python-keyvault-secrets/4.1.0b1 Python/3.6.6 (Windows-10-10.0.18362-SP0)]
    method: GET
    uri: https://vaultstorname.vault.azure.net/deletedsecrets/secret6?api-version=7.0
  response:
    body: {string: '{"error":{"code":"SecretNotFound","message":"Deleted Secret not
        found: secret6"}}'}
    headers: {cache-control: no-cache, content-length: '81', content-type: application/json;
        charset=utf-8, date: 'Wed, 04 Dec 2019 19:41:58 GMT', expires: '-1', pragma: no-cache,
      server: Microsoft-IIS/10.0, strict-transport-security: max-age=31536000;includeSubDomains,
      x-aspnet-version: 4.0.30319, x-content-type-options: nosniff, x-ms-keyvault-network-info: addr=131.107.160.72;act_addr_fam=InterNetwork;,
      x-ms-keyvault-region: westus, x-ms-keyvault-service-version: 1.1.0.883, x-powered-by: ASP.NET}
    status: {code: 404, message: Not Found}
    url: !!python/object/new:yarl.URL
      state: !!python/tuple
      - !!python/object/new:urllib.parse.SplitResult [https, vault3xmbqjhqye7vut2avf4.vault.azure.net,
        /deletedsecrets/secret6, api-version=7.0, '']
- request:
    body: null
    headers:
      Accept: [application/json]
      User-Agent: [azsdk-python-keyvault-secrets/4.1.0b1 Python/3.6.6 (Windows-10-10.0.18362-SP0)]
    method: GET
    uri: https://vaultstorname.vault.azure.net/deletedsecrets/secret6?api-version=7.0
  response:
    body: {string: '{"error":{"code":"SecretNotFound","message":"Deleted Secret not
        found: secret6"}}'}
    headers: {cache-control: no-cache, content-length: '81', content-type: application/json;
        charset=utf-8, date: 'Wed, 04 Dec 2019 19:42:00 GMT', expires: '-1', pragma: no-cache,
      server: Microsoft-IIS/10.0, strict-transport-security: max-age=31536000;includeSubDomains,
      x-aspnet-version: 4.0.30319, x-content-type-options: nosniff, x-ms-keyvault-network-info: addr=131.107.160.72;act_addr_fam=InterNetwork;,
      x-ms-keyvault-region: westus, x-ms-keyvault-service-version: 1.1.0.883, x-powered-by: ASP.NET}
    status: {code: 404, message: Not Found}
    url: !!python/object/new:yarl.URL
      state: !!python/tuple
      - !!python/object/new:urllib.parse.SplitResult [https, vault3xmbqjhqye7vut2avf4.vault.azure.net,
        /deletedsecrets/secret6, api-version=7.0, '']
- request:
    body: null
    headers:
      Accept: [application/json]
      User-Agent: [azsdk-python-keyvault-secrets/4.1.0b1 Python/3.6.6 (Windows-10-10.0.18362-SP0)]
    method: GET
    uri: https://vaultstorname.vault.azure.net/deletedsecrets/secret6?api-version=7.0
  response:
    body: {string: '{"recoveryId":"https://vaultstorname.vault.azure.net/deletedsecrets/secret6","deletedDate":1575488494,"scheduledPurgeDate":1583264494,"id":"https://vaultstorname.vault.azure.net/secrets/secret6/4db71ed3e70a4e05a326e57c9c5cc6f8","attributes":{"enabled":true,"created":1575488333,"updated":1575488333,"recoveryLevel":"Recoverable+Purgeable"}}'}
    headers: {cache-control: no-cache, content-length: '362', content-type: application/json;
        charset=utf-8, date: 'Wed, 04 Dec 2019 19:42:02 GMT', expires: '-1', pragma: no-cache,
      server: Microsoft-IIS/10.0, strict-transport-security: max-age=31536000;includeSubDomains,
      x-aspnet-version: 4.0.30319, x-content-type-options: nosniff, x-ms-keyvault-network-info: addr=131.107.160.72;act_addr_fam=InterNetwork;,
      x-ms-keyvault-region: westus, x-ms-keyvault-service-version: 1.1.0.883, x-powered-by: ASP.NET}
    status: {code: 200, message: OK}
    url: !!python/object/new:yarl.URL
      state: !!python/tuple
      - !!python/object/new:urllib.parse.SplitResult [https, vault3xmbqjhqye7vut2avf4.vault.azure.net,
        /deletedsecrets/secret6, api-version=7.0, '']
- request:
    body: null
    headers:
      Accept: [application/json]
      User-Agent: [azsdk-python-keyvault-secrets/4.1.0b1 Python/3.6.6 (Windows-10-10.0.18362-SP0)]
    method: GET
    uri: https://vaultstorname.vault.azure.net/deletedsecrets?api-version=7.0
  response:
    body: {string: '{"value":[{"recoveryId":"https://vaultstorname.vault.azure.net/deletedsecrets/secret0","deletedDate":1575488333,"scheduledPurgeDate":1583264333,"id":"https://vaultstorname.vault.azure.net/secrets/secret0","attributes":{"enabled":true,"created":1575488332,"updated":1575488332,"recoveryLevel":"Recoverable+Purgeable"}},{"recoveryId":"https://vaultstorname.vault.azure.net/deletedsecrets/secret1","deletedDate":1575488364,"scheduledPurgeDate":1583264364,"id":"https://vaultstorname.vault.azure.net/secrets/secret1","attributes":{"enabled":true,"created":1575488333,"updated":1575488333,"recoveryLevel":"Recoverable+Purgeable"}},{"recoveryId":"https://vaultstorname.vault.azure.net/deletedsecrets/secret2","deletedDate":1575488381,"scheduledPurgeDate":1583264381,"id":"https://vaultstorname.vault.azure.net/secrets/secret2","attributes":{"enabled":true,"created":1575488333,"updated":1575488333,"recoveryLevel":"Recoverable+Purgeable"}},{"recoveryId":"https://vaultstorname.vault.azure.net/deletedsecrets/secret3","deletedDate":1575488409,"scheduledPurgeDate":1583264409,"id":"https://vaultstorname.vault.azure.net/secrets/secret3","attributes":{"enabled":true,"created":1575488333,"updated":1575488333,"recoveryLevel":"Recoverable+Purgeable"}},{"recoveryId":"https://vaultstorname.vault.azure.net/deletedsecrets/secret4","deletedDate":1575488438,"scheduledPurgeDate":1583264438,"id":"https://vaultstorname.vault.azure.net/secrets/secret4","attributes":{"enabled":true,"created":1575488333,"updated":1575488333,"recoveryLevel":"Recoverable+Purgeable"}},{"recoveryId":"https://vaultstorname.vault.azure.net/deletedsecrets/secret5","deletedDate":1575488469,"scheduledPurgeDate":1583264469,"id":"https://vaultstorname.vault.azure.net/secrets/secret5","attributes":{"enabled":true,"created":1575488333,"updated":1575488333,"recoveryLevel":"Recoverable+Purgeable"}},{"recoveryId":"https://vaultstorname.vault.azure.net/deletedsecrets/secret6","deletedDate":1575488494,"scheduledPurgeDate":1583264494,"id":"https://vaultstorname.vault.azure.net/secrets/secret6","attributes":{"enabled":true,"created":1575488333,"updated":1575488333,"recoveryLevel":"Recoverable+Purgeable"}}],"nextLink":null}'}
    headers: {cache-control: no-cache, content-length: '2337', content-type: application/json;
        charset=utf-8, date: 'Wed, 04 Dec 2019 19:42:04 GMT', expires: '-1', pragma: no-cache,
      server: Microsoft-IIS/10.0, strict-transport-security: max-age=31536000;includeSubDomains,
      x-aspnet-version: 4.0.30319, x-content-type-options: nosniff, x-ms-keyvault-network-info: addr=131.107.160.72;act_addr_fam=InterNetwork;,
      x-ms-keyvault-region: westus, x-ms-keyvault-service-version: 1.1.0.883, x-powered-by: ASP.NET}
    status: {code: 200, message: OK}
    url: !!python/object/new:yarl.URL
      state: !!python/tuple
      - !!python/object/new:urllib.parse.SplitResult [https, vault3xmbqjhqye7vut2avf4.vault.azure.net,
        /deletedsecrets, api-version=7.0, '']
version: 1
