interactions:
- request:
    body: null
    headers:
      Accept: [application/json]
      Accept-Encoding: ['gzip, deflate']
      Connection: [keep-alive]
      Content-Length: ['0']
      Content-Type: [application/json; charset=utf-8]
      User-Agent: [azsdk-python-keyvault-secrets/4.1.0b1 Python/3.6.6 (Windows-10-10.0.18362-SP0)]
    method: PUT
    uri: https://vaultstorname.vault.azure.net/secrets/key0?api-version=7.0
  response:
    body: {string: '{"error":{"code":"Unauthorized","message":"Request is missing
        a Bearer or PoP token."}}'}
    headers:
      cache-control: [no-cache]
      content-length: ['87']
      content-type: [application/json; charset=utf-8]
      date: ['Wed, 04 Dec 2019 19:21:44 GMT']
      expires: ['-1']
      pragma: [no-cache]
      server: [Microsoft-IIS/10.0]
      strict-transport-security: [max-age=31536000;includeSubDomains]
      www-authenticate: ['Bearer authorization="https://login.windows.net/72f988bf-86f1-41af-91ab-2d7cd011db47",
          resource="https://vault.azure.net"']
      x-aspnet-version: [4.0.30319]
      x-content-type-options: [nosniff]
      x-ms-keyvault-network-info: [addr=131.107.160.72;act_addr_fam=InterNetwork;]
      x-ms-keyvault-region: [westus]
      x-ms-keyvault-service-version: [1.1.0.883]
      x-powered-by: [ASP.NET]
    status: {code: 401, message: Unauthorized}
- request:
    body: '{"value": "value0"}'
    headers:
      Accept: [application/json]
      Accept-Encoding: ['gzip, deflate']
      Connection: [keep-alive]
      Content-Length: ['19']
      Content-Type: [application/json; charset=utf-8]
      User-Agent: [azsdk-python-keyvault-secrets/4.1.0b1 Python/3.6.6 (Windows-10-10.0.18362-SP0)]
    method: PUT
    uri: https://vaultstorname.vault.azure.net/secrets/key0?api-version=7.0
  response:
    body: {string: '{"value":"value0","id":"https://vaultstorname.vault.azure.net/secrets/key0/f2c28338faf74c2f8852f31d15538a5f","attributes":{"enabled":true,"created":1575487305,"updated":1575487305,"recoveryLevel":"Recoverable+Purgeable"}}'}
    headers:
      cache-control: [no-cache]
      content-length: ['232']
      content-type: [application/json; charset=utf-8]
      date: ['Wed, 04 Dec 2019 19:21:44 GMT']
      expires: ['-1']
      pragma: [no-cache]
      server: [Microsoft-IIS/10.0]
      strict-transport-security: [max-age=31536000;includeSubDomains]
      x-aspnet-version: [4.0.30319]
      x-content-type-options: [nosniff]
      x-ms-keyvault-network-info: [addr=131.107.160.72;act_addr_fam=InterNetwork;]
      x-ms-keyvault-region: [westus]
      x-ms-keyvault-service-version: [1.1.0.883]
      x-powered-by: [ASP.NET]
    status: {code: 200, message: OK}
- request:
    body: '{"value": "value1"}'
    headers:
      Accept: [application/json]
      Accept-Encoding: ['gzip, deflate']
      Connection: [keep-alive]
      Content-Length: ['19']
      Content-Type: [application/json; charset=utf-8]
      User-Agent: [azsdk-python-keyvault-secrets/4.1.0b1 Python/3.6.6 (Windows-10-10.0.18362-SP0)]
    method: PUT
    uri: https://vaultstorname.vault.azure.net/secrets/key1?api-version=7.0
  response:
    body: {string: '{"value":"value1","id":"https://vaultstorname.vault.azure.net/secrets/key1/1e6980906f994a28a0ce6b029ce9f736","attributes":{"enabled":true,"created":1575487305,"updated":1575487305,"recoveryLevel":"Recoverable+Purgeable"}}'}
    headers:
      cache-control: [no-cache]
      content-length: ['232']
      content-type: [application/json; charset=utf-8]
      date: ['Wed, 04 Dec 2019 19:21:45 GMT']
      expires: ['-1']
      pragma: [no-cache]
      server: [Microsoft-IIS/10.0]
      strict-transport-security: [max-age=31536000;includeSubDomains]
      x-aspnet-version: [4.0.30319]
      x-content-type-options: [nosniff]
      x-ms-keyvault-network-info: [addr=131.107.160.72;act_addr_fam=InterNetwork;]
      x-ms-keyvault-region: [westus]
      x-ms-keyvault-service-version: [1.1.0.883]
      x-powered-by: [ASP.NET]
    status: {code: 200, message: OK}
- request:
    body: '{"value": "value2"}'
    headers:
      Accept: [application/json]
      Accept-Encoding: ['gzip, deflate']
      Connection: [keep-alive]
      Content-Length: ['19']
      Content-Type: [application/json; charset=utf-8]
      User-Agent: [azsdk-python-keyvault-secrets/4.1.0b1 Python/3.6.6 (Windows-10-10.0.18362-SP0)]
    method: PUT
    uri: https://vaultstorname.vault.azure.net/secrets/key2?api-version=7.0
  response:
    body: {string: '{"value":"value2","id":"https://vaultstorname.vault.azure.net/secrets/key2/61f0799cc8c746b38b323ffbae366f5f","attributes":{"enabled":true,"created":1575487305,"updated":1575487305,"recoveryLevel":"Recoverable+Purgeable"}}'}
    headers:
      cache-control: [no-cache]
      content-length: ['232']
      content-type: [application/json; charset=utf-8]
      date: ['Wed, 04 Dec 2019 19:21:45 GMT']
      expires: ['-1']
      pragma: [no-cache]
      server: [Microsoft-IIS/10.0]
      strict-transport-security: [max-age=31536000;includeSubDomains]
      x-aspnet-version: [4.0.30319]
      x-content-type-options: [nosniff]
      x-ms-keyvault-network-info: [addr=131.107.160.72;act_addr_fam=InterNetwork;]
      x-ms-keyvault-region: [westus]
      x-ms-keyvault-service-version: [1.1.0.883]
      x-powered-by: [ASP.NET]
    status: {code: 200, message: OK}
- request:
    body: '{"value": "value3"}'
    headers:
      Accept: [application/json]
      Accept-Encoding: ['gzip, deflate']
      Connection: [keep-alive]
      Content-Length: ['19']
      Content-Type: [application/json; charset=utf-8]
      User-Agent: [azsdk-python-keyvault-secrets/4.1.0b1 Python/3.6.6 (Windows-10-10.0.18362-SP0)]
    method: PUT
    uri: https://vaultstorname.vault.azure.net/secrets/key3?api-version=7.0
  response:
    body: {string: '{"value":"value3","id":"https://vaultstorname.vault.azure.net/secrets/key3/37027565f36349f38b5c84610c068fd7","attributes":{"enabled":true,"created":1575487305,"updated":1575487305,"recoveryLevel":"Recoverable+Purgeable"}}'}
    headers:
      cache-control: [no-cache]
      content-length: ['232']
      content-type: [application/json; charset=utf-8]
      date: ['Wed, 04 Dec 2019 19:21:45 GMT']
      expires: ['-1']
      pragma: [no-cache]
      server: [Microsoft-IIS/10.0]
      strict-transport-security: [max-age=31536000;includeSubDomains]
      x-aspnet-version: [4.0.30319]
      x-content-type-options: [nosniff]
      x-ms-keyvault-network-info: [addr=131.107.160.72;act_addr_fam=InterNetwork;]
      x-ms-keyvault-region: [westus]
      x-ms-keyvault-service-version: [1.1.0.883]
      x-powered-by: [ASP.NET]
    status: {code: 200, message: OK}
- request:
    body: '{"value": "value4"}'
    headers:
      Accept: [application/json]
      Accept-Encoding: ['gzip, deflate']
      Connection: [keep-alive]
      Content-Length: ['19']
      Content-Type: [application/json; charset=utf-8]
      User-Agent: [azsdk-python-keyvault-secrets/4.1.0b1 Python/3.6.6 (Windows-10-10.0.18362-SP0)]
    method: PUT
    uri: https://vaultstorname.vault.azure.net/secrets/key4?api-version=7.0
  response:
    body: {string: '{"value":"value4","id":"https://vaultstorname.vault.azure.net/secrets/key4/a5f247a6b1e742dca563d16c79b2d3df","attributes":{"enabled":true,"created":1575487305,"updated":1575487305,"recoveryLevel":"Recoverable+Purgeable"}}'}
    headers:
      cache-control: [no-cache]
      content-length: ['232']
      content-type: [application/json; charset=utf-8]
      date: ['Wed, 04 Dec 2019 19:21:45 GMT']
      expires: ['-1']
      pragma: [no-cache]
      server: [Microsoft-IIS/10.0]
      strict-transport-security: [max-age=31536000;includeSubDomains]
      x-aspnet-version: [4.0.30319]
      x-content-type-options: [nosniff]
      x-ms-keyvault-network-info: [addr=131.107.160.72;act_addr_fam=InterNetwork;]
      x-ms-keyvault-region: [westus]
      x-ms-keyvault-service-version: [1.1.0.883]
      x-powered-by: [ASP.NET]
    status: {code: 200, message: OK}
- request:
    body: '{"value": "value5"}'
    headers:
      Accept: [application/json]
      Accept-Encoding: ['gzip, deflate']
      Connection: [keep-alive]
      Content-Length: ['19']
      Content-Type: [application/json; charset=utf-8]
      User-Agent: [azsdk-python-keyvault-secrets/4.1.0b1 Python/3.6.6 (Windows-10-10.0.18362-SP0)]
    method: PUT
    uri: https://vaultstorname.vault.azure.net/secrets/key5?api-version=7.0
  response:
    body: {string: '{"value":"value5","id":"https://vaultstorname.vault.azure.net/secrets/key5/e15c523ec3ea4d00828dacde55e054bc","attributes":{"enabled":true,"created":1575487305,"updated":1575487305,"recoveryLevel":"Recoverable+Purgeable"}}'}
    headers:
      cache-control: [no-cache]
      content-length: ['232']
      content-type: [application/json; charset=utf-8]
      date: ['Wed, 04 Dec 2019 19:21:45 GMT']
      expires: ['-1']
      pragma: [no-cache]
      server: [Microsoft-IIS/10.0]
      strict-transport-security: [max-age=31536000;includeSubDomains]
      x-aspnet-version: [4.0.30319]
      x-content-type-options: [nosniff]
      x-ms-keyvault-network-info: [addr=131.107.160.72;act_addr_fam=InterNetwork;]
      x-ms-keyvault-region: [westus]
      x-ms-keyvault-service-version: [1.1.0.883]
      x-powered-by: [ASP.NET]
    status: {code: 200, message: OK}
- request:
    body: '{"value": "value6"}'
    headers:
      Accept: [application/json]
      Accept-Encoding: ['gzip, deflate']
      Connection: [keep-alive]
      Content-Length: ['19']
      Content-Type: [application/json; charset=utf-8]
      User-Agent: [azsdk-python-keyvault-secrets/4.1.0b1 Python/3.6.6 (Windows-10-10.0.18362-SP0)]
    method: PUT
    uri: https://vaultstorname.vault.azure.net/secrets/key6?api-version=7.0
  response:
    body: {string: '{"value":"value6","id":"https://vaultstorname.vault.azure.net/secrets/key6/0cda84683a85467bb9ab631225b21880","attributes":{"enabled":true,"created":1575487306,"updated":1575487306,"recoveryLevel":"Recoverable+Purgeable"}}'}
    headers:
      cache-control: [no-cache]
      content-length: ['232']
      content-type: [application/json; charset=utf-8]
      date: ['Wed, 04 Dec 2019 19:21:45 GMT']
      expires: ['-1']
      pragma: [no-cache]
      server: [Microsoft-IIS/10.0]
      strict-transport-security: [max-age=31536000;includeSubDomains]
      x-aspnet-version: [4.0.30319]
      x-content-type-options: [nosniff]
      x-ms-keyvault-network-info: [addr=131.107.160.72;act_addr_fam=InterNetwork;]
      x-ms-keyvault-region: [westus]
      x-ms-keyvault-service-version: [1.1.0.883]
      x-powered-by: [ASP.NET]
    status: {code: 200, message: OK}
- request:
    body: null
    headers:
      Accept: [application/json]
      Accept-Encoding: ['gzip, deflate']
      Connection: [keep-alive]
      User-Agent: [azsdk-python-keyvault-secrets/4.1.0b1 Python/3.6.6 (Windows-10-10.0.18362-SP0)]
    method: GET
    uri: https://vaultstorname.vault.azure.net/secrets?api-version=7.0
  response:
    body: {string: '{"value":[{"id":"https://vaultstorname.vault.azure.net/secrets/key0","attributes":{"enabled":true,"created":1575487305,"updated":1575487305,"recoveryLevel":"Recoverable+Purgeable"}},{"id":"https://vaultstorname.vault.azure.net/secrets/key1","attributes":{"enabled":true,"created":1575487305,"updated":1575487305,"recoveryLevel":"Recoverable+Purgeable"}},{"id":"https://vaultstorname.vault.azure.net/secrets/key2","attributes":{"enabled":true,"created":1575487305,"updated":1575487305,"recoveryLevel":"Recoverable+Purgeable"}},{"id":"https://vaultstorname.vault.azure.net/secrets/key3","attributes":{"enabled":true,"created":1575487305,"updated":1575487305,"recoveryLevel":"Recoverable+Purgeable"}},{"id":"https://vaultstorname.vault.azure.net/secrets/key4","attributes":{"enabled":true,"created":1575487305,"updated":1575487305,"recoveryLevel":"Recoverable+Purgeable"}},{"id":"https://vaultstorname.vault.azure.net/secrets/key5","attributes":{"enabled":true,"created":1575487305,"updated":1575487305,"recoveryLevel":"Recoverable+Purgeable"}},{"id":"https://vaultstorname.vault.azure.net/secrets/key6","attributes":{"enabled":true,"created":1575487306,"updated":1575487306,"recoveryLevel":"Recoverable+Purgeable"}}],"nextLink":null}'}
    headers:
      cache-control: [no-cache]
      content-length: ['1308']
      content-type: [application/json; charset=utf-8]
      date: ['Wed, 04 Dec 2019 19:21:45 GMT']
      expires: ['-1']
      pragma: [no-cache]
      server: [Microsoft-IIS/10.0]
      strict-transport-security: [max-age=31536000;includeSubDomains]
      x-aspnet-version: [4.0.30319]
      x-content-type-options: [nosniff]
      x-ms-keyvault-network-info: [addr=131.107.160.72;act_addr_fam=InterNetwork;]
      x-ms-keyvault-region: [westus]
      x-ms-keyvault-service-version: [1.1.0.883]
      x-powered-by: [ASP.NET]
    status: {code: 200, message: OK}
- request:
    body: null
    headers:
      Accept: [application/json]
      Accept-Encoding: ['gzip, deflate']
      Connection: [keep-alive]
      User-Agent: [azsdk-python-keyvault-secrets/4.1.0b1 Python/3.6.6 (Windows-10-10.0.18362-SP0)]
    method: GET
    uri: https://vaultstorname.vault.azure.net/deletedsecrets?api-version=7.0
  response:
    body: {string: '{"value":[],"nextLink":null}'}
    headers:
      cache-control: [no-cache]
      content-length: ['28']
      content-type: [application/json; charset=utf-8]
      date: ['Wed, 04 Dec 2019 19:21:45 GMT']
      expires: ['-1']
      pragma: [no-cache]
      server: [Microsoft-IIS/10.0]
      strict-transport-security: [max-age=31536000;includeSubDomains]
      x-aspnet-version: [4.0.30319]
      x-content-type-options: [nosniff]
      x-ms-keyvault-network-info: [addr=131.107.160.72;act_addr_fam=InterNetwork;]
      x-ms-keyvault-region: [westus]
      x-ms-keyvault-service-version: [1.1.0.883]
      x-powered-by: [ASP.NET]
    status: {code: 200, message: OK}
version: 1
