interactions:
- request:
    body: null
    headers:
      Accept: [application/json]
      Accept-Encoding: ['gzip, deflate']
      Connection: [keep-alive]
      Content-Length: ['0']
      Content-Type: [application/json; charset=utf-8]
      User-Agent: [azsdk-python-keyvault-secrets/4.1.0b1 Python/3.6.6 (Windows-10-10.0.18362-SP0)]
    method: PUT
    uri: https://vaultstorname.vault.azure.net/secrets/sec0?api-version=7.0
  response:
    body: {string: '{"error":{"code":"Unauthorized","message":"Request is missing
        a Bearer or PoP token."}}'}
    headers:
      cache-control: [no-cache]
      content-length: ['87']
      content-type: [application/json; charset=utf-8]
      date: ['Wed, 04 Dec 2019 19:28:59 GMT']
      expires: ['-1']
      pragma: [no-cache]
      server: [Microsoft-IIS/10.0]
      strict-transport-security: [max-age=31536000;includeSubDomains]
      www-authenticate: ['Bearer authorization="https://login.windows.net/72f988bf-86f1-41af-91ab-2d7cd011db47",
          resource="https://vault.azure.net"']
      x-aspnet-version: [4.0.30319]
      x-content-type-options: [nosniff]
      x-ms-keyvault-network-info: [addr=131.107.160.72;act_addr_fam=InterNetwork;]
      x-ms-keyvault-region: [westus]
      x-ms-keyvault-service-version: [1.1.0.883]
      x-powered-by: [ASP.NET]
    status: {code: 401, message: Unauthorized}
- request:
    body: '{"value": "secVal013d40ee5"}'
    headers:
      Accept: [application/json]
      Accept-Encoding: ['gzip, deflate']
      Connection: [keep-alive]
      Content-Length: ['28']
      Content-Type: [application/json; charset=utf-8]
      User-Agent: [azsdk-python-keyvault-secrets/4.1.0b1 Python/3.6.6 (Windows-10-10.0.18362-SP0)]
    method: PUT
    uri: https://vaultstorname.vault.azure.net/secrets/sec0?api-version=7.0
  response:
    body: {string: '{"value":"secVal013d40ee5","id":"https://vaultstorname.vault.azure.net/secrets/sec0/03119b4fb24c443088e50a0efa6b0d2e","attributes":{"enabled":true,"created":1575487740,"updated":1575487740,"recoveryLevel":"Purgeable"}}'}
    headers:
      cache-control: [no-cache]
      content-length: ['229']
      content-type: [application/json; charset=utf-8]
      date: ['Wed, 04 Dec 2019 19:29:00 GMT']
      expires: ['-1']
      pragma: [no-cache]
      server: [Microsoft-IIS/10.0]
      strict-transport-security: [max-age=31536000;includeSubDomains]
      x-aspnet-version: [4.0.30319]
      x-content-type-options: [nosniff]
      x-ms-keyvault-network-info: [addr=131.107.160.72;act_addr_fam=InterNetwork;]
      x-ms-keyvault-region: [westus]
      x-ms-keyvault-service-version: [1.1.0.883]
      x-powered-by: [ASP.NET]
    status: {code: 200, message: OK}
- request:
    body: '{"value": "secVal113d40ee5"}'
    headers:
      Accept: [application/json]
      Accept-Encoding: ['gzip, deflate']
      Connection: [keep-alive]
      Content-Length: ['28']
      Content-Type: [application/json; charset=utf-8]
      User-Agent: [azsdk-python-keyvault-secrets/4.1.0b1 Python/3.6.6 (Windows-10-10.0.18362-SP0)]
    method: PUT
    uri: https://vaultstorname.vault.azure.net/secrets/sec1?api-version=7.0
  response:
    body: {string: '{"value":"secVal113d40ee5","id":"https://vaultstorname.vault.azure.net/secrets/sec1/57f3703a60204a7cb990cfd04748dd78","attributes":{"enabled":true,"created":1575487740,"updated":1575487740,"recoveryLevel":"Purgeable"}}'}
    headers:
      cache-control: [no-cache]
      content-length: ['229']
      content-type: [application/json; charset=utf-8]
      date: ['Wed, 04 Dec 2019 19:29:00 GMT']
      expires: ['-1']
      pragma: [no-cache]
      server: [Microsoft-IIS/10.0]
      strict-transport-security: [max-age=31536000;includeSubDomains]
      x-aspnet-version: [4.0.30319]
      x-content-type-options: [nosniff]
      x-ms-keyvault-network-info: [addr=131.107.160.72;act_addr_fam=InterNetwork;]
      x-ms-keyvault-region: [westus]
      x-ms-keyvault-service-version: [1.1.0.883]
      x-powered-by: [ASP.NET]
    status: {code: 200, message: OK}
- request:
    body: '{"value": "secVal213d40ee5"}'
    headers:
      Accept: [application/json]
      Accept-Encoding: ['gzip, deflate']
      Connection: [keep-alive]
      Content-Length: ['28']
      Content-Type: [application/json; charset=utf-8]
      User-Agent: [azsdk-python-keyvault-secrets/4.1.0b1 Python/3.6.6 (Windows-10-10.0.18362-SP0)]
    method: PUT
    uri: https://vaultstorname.vault.azure.net/secrets/sec2?api-version=7.0
  response:
    body: {string: '{"value":"secVal213d40ee5","id":"https://vaultstorname.vault.azure.net/secrets/sec2/9ee1de0f40f849a1ba94edef5c61d23d","attributes":{"enabled":true,"created":1575487740,"updated":1575487740,"recoveryLevel":"Purgeable"}}'}
    headers:
      cache-control: [no-cache]
      content-length: ['229']
      content-type: [application/json; charset=utf-8]
      date: ['Wed, 04 Dec 2019 19:29:00 GMT']
      expires: ['-1']
      pragma: [no-cache]
      server: [Microsoft-IIS/10.0]
      strict-transport-security: [max-age=31536000;includeSubDomains]
      x-aspnet-version: [4.0.30319]
      x-content-type-options: [nosniff]
      x-ms-keyvault-network-info: [addr=131.107.160.72;act_addr_fam=InterNetwork;]
      x-ms-keyvault-region: [westus]
      x-ms-keyvault-service-version: [1.1.0.883]
      x-powered-by: [ASP.NET]
    status: {code: 200, message: OK}
- request:
    body: '{"value": "secVal313d40ee5"}'
    headers:
      Accept: [application/json]
      Accept-Encoding: ['gzip, deflate']
      Connection: [keep-alive]
      Content-Length: ['28']
      Content-Type: [application/json; charset=utf-8]
      User-Agent: [azsdk-python-keyvault-secrets/4.1.0b1 Python/3.6.6 (Windows-10-10.0.18362-SP0)]
    method: PUT
    uri: https://vaultstorname.vault.azure.net/secrets/sec3?api-version=7.0
  response:
    body: {string: '{"value":"secVal313d40ee5","id":"https://vaultstorname.vault.azure.net/secrets/sec3/c369594d83254887b4ed86964859ae6f","attributes":{"enabled":true,"created":1575487740,"updated":1575487740,"recoveryLevel":"Purgeable"}}'}
    headers:
      cache-control: [no-cache]
      content-length: ['229']
      content-type: [application/json; charset=utf-8]
      date: ['Wed, 04 Dec 2019 19:29:00 GMT']
      expires: ['-1']
      pragma: [no-cache]
      server: [Microsoft-IIS/10.0]
      strict-transport-security: [max-age=31536000;includeSubDomains]
      x-aspnet-version: [4.0.30319]
      x-content-type-options: [nosniff]
      x-ms-keyvault-network-info: [addr=131.107.160.72;act_addr_fam=InterNetwork;]
      x-ms-keyvault-region: [westus]
      x-ms-keyvault-service-version: [1.1.0.883]
      x-powered-by: [ASP.NET]
    status: {code: 200, message: OK}
- request:
    body: '{"value": "secVal413d40ee5"}'
    headers:
      Accept: [application/json]
      Accept-Encoding: ['gzip, deflate']
      Connection: [keep-alive]
      Content-Length: ['28']
      Content-Type: [application/json; charset=utf-8]
      User-Agent: [azsdk-python-keyvault-secrets/4.1.0b1 Python/3.6.6 (Windows-10-10.0.18362-SP0)]
    method: PUT
    uri: https://vaultstorname.vault.azure.net/secrets/sec4?api-version=7.0
  response:
    body: {string: '{"value":"secVal413d40ee5","id":"https://vaultstorname.vault.azure.net/secrets/sec4/f7909cbc8d0042fabde4cdfb1ad5d5a4","attributes":{"enabled":true,"created":1575487740,"updated":1575487740,"recoveryLevel":"Purgeable"}}'}
    headers:
      cache-control: [no-cache]
      content-length: ['229']
      content-type: [application/json; charset=utf-8]
      date: ['Wed, 04 Dec 2019 19:29:00 GMT']
      expires: ['-1']
      pragma: [no-cache]
      server: [Microsoft-IIS/10.0]
      strict-transport-security: [max-age=31536000;includeSubDomains]
      x-aspnet-version: [4.0.30319]
      x-content-type-options: [nosniff]
      x-ms-keyvault-network-info: [addr=131.107.160.72;act_addr_fam=InterNetwork;]
      x-ms-keyvault-region: [westus]
      x-ms-keyvault-service-version: [1.1.0.883]
      x-powered-by: [ASP.NET]
    status: {code: 200, message: OK}
- request:
    body: '{"value": "secVal513d40ee5"}'
    headers:
      Accept: [application/json]
      Accept-Encoding: ['gzip, deflate']
      Connection: [keep-alive]
      Content-Length: ['28']
      Content-Type: [application/json; charset=utf-8]
      User-Agent: [azsdk-python-keyvault-secrets/4.1.0b1 Python/3.6.6 (Windows-10-10.0.18362-SP0)]
    method: PUT
    uri: https://vaultstorname.vault.azure.net/secrets/sec5?api-version=7.0
  response:
    body: {string: '{"value":"secVal513d40ee5","id":"https://vaultstorname.vault.azure.net/secrets/sec5/bf73d7cca8b7440dbc996faa4510af40","attributes":{"enabled":true,"created":1575487740,"updated":1575487740,"recoveryLevel":"Purgeable"}}'}
    headers:
      cache-control: [no-cache]
      content-length: ['229']
      content-type: [application/json; charset=utf-8]
      date: ['Wed, 04 Dec 2019 19:29:00 GMT']
      expires: ['-1']
      pragma: [no-cache]
      server: [Microsoft-IIS/10.0]
      strict-transport-security: [max-age=31536000;includeSubDomains]
      x-aspnet-version: [4.0.30319]
      x-content-type-options: [nosniff]
      x-ms-keyvault-network-info: [addr=131.107.160.72;act_addr_fam=InterNetwork;]
      x-ms-keyvault-region: [westus]
      x-ms-keyvault-service-version: [1.1.0.883]
      x-powered-by: [ASP.NET]
    status: {code: 200, message: OK}
- request:
    body: '{"value": "secVal613d40ee5"}'
    headers:
      Accept: [application/json]
      Accept-Encoding: ['gzip, deflate']
      Connection: [keep-alive]
      Content-Length: ['28']
      Content-Type: [application/json; charset=utf-8]
      User-Agent: [azsdk-python-keyvault-secrets/4.1.0b1 Python/3.6.6 (Windows-10-10.0.18362-SP0)]
    method: PUT
    uri: https://vaultstorname.vault.azure.net/secrets/sec6?api-version=7.0
  response:
    body: {string: '{"value":"secVal613d40ee5","id":"https://vaultstorname.vault.azure.net/secrets/sec6/6f54d304d1f6465385a8751da8320bb6","attributes":{"enabled":true,"created":1575487740,"updated":1575487740,"recoveryLevel":"Purgeable"}}'}
    headers:
      cache-control: [no-cache]
      content-length: ['229']
      content-type: [application/json; charset=utf-8]
      date: ['Wed, 04 Dec 2019 19:29:00 GMT']
      expires: ['-1']
      pragma: [no-cache]
      server: [Microsoft-IIS/10.0]
      strict-transport-security: [max-age=31536000;includeSubDomains]
      x-aspnet-version: [4.0.30319]
      x-content-type-options: [nosniff]
      x-ms-keyvault-network-info: [addr=131.107.160.72;act_addr_fam=InterNetwork;]
      x-ms-keyvault-region: [westus]
      x-ms-keyvault-service-version: [1.1.0.883]
      x-powered-by: [ASP.NET]
    status: {code: 200, message: OK}
- request:
    body: null
    headers:
      Accept: [application/json]
      Accept-Encoding: ['gzip, deflate']
      Connection: [keep-alive]
      User-Agent: [azsdk-python-keyvault-secrets/4.1.0b1 Python/3.6.6 (Windows-10-10.0.18362-SP0)]
    method: GET
    uri: https://vaultstorname.vault.azure.net/secrets?maxresults=6&api-version=7.0
  response:
    body: {string: '{"value":[{"id":"https://vaultstorname.vault.azure.net/secrets/sec0","attributes":{"enabled":true,"created":1575487740,"updated":1575487740,"recoveryLevel":"Purgeable"}},{"id":"https://vaultstorname.vault.azure.net/secrets/sec1","attributes":{"enabled":true,"created":1575487740,"updated":1575487740,"recoveryLevel":"Purgeable"}},{"id":"https://vaultstorname.vault.azure.net/secrets/sec2","attributes":{"enabled":true,"created":1575487740,"updated":1575487740,"recoveryLevel":"Purgeable"}},{"id":"https://vaultstorname.vault.azure.net/secrets/sec3","attributes":{"enabled":true,"created":1575487740,"updated":1575487740,"recoveryLevel":"Purgeable"}},{"id":"https://vaultstorname.vault.azure.net/secrets/sec4","attributes":{"enabled":true,"created":1575487740,"updated":1575487740,"recoveryLevel":"Purgeable"}},{"id":"https://vaultstorname.vault.azure.net/secrets/sec5","attributes":{"enabled":true,"created":1575487740,"updated":1575487740,"recoveryLevel":"Purgeable"}}],"nextLink":"https://vaultstorname.vault.azure.net:443/secrets?api-version=7.0&$skiptoken=eyJOZXh0TWFya2VyIjoiMiE3NiFNREF3TURFeElYTmxZM0psZEM5VFJVTTJJVEF3TURBeU9DRTVPVGs1TFRFeUxUTXhWREl6T2pVNU9qVTVMams1T1RrNU9UbGFJUS0tIiwiVGFyZ2V0TG9jYXRpb24iOjB9&maxresults=6"}'}
    headers:
      cache-control: [no-cache]
      content-length: ['1308']
      content-type: [application/json; charset=utf-8]
      date: ['Wed, 04 Dec 2019 19:29:00 GMT']
      expires: ['-1']
      pragma: [no-cache]
      server: [Microsoft-IIS/10.0]
      strict-transport-security: [max-age=31536000;includeSubDomains]
      x-aspnet-version: [4.0.30319]
      x-content-type-options: [nosniff]
      x-ms-keyvault-network-info: [addr=131.107.160.72;act_addr_fam=InterNetwork;]
      x-ms-keyvault-region: [westus]
      x-ms-keyvault-service-version: [1.1.0.883]
      x-powered-by: [ASP.NET]
    status: {code: 200, message: OK}
- request:
    body: null
    headers:
      Accept: [application/json]
      Accept-Encoding: ['gzip, deflate']
      Connection: [keep-alive]
      User-Agent: [azsdk-python-keyvault-secrets/4.1.0b1 Python/3.6.6 (Windows-10-10.0.18362-SP0)]
    method: GET
    uri: https://vaultstorname.vault.azure.net/secrets?api-version=7.0&$skiptoken=eyJOZXh0TWFya2VyIjoiMiE3NiFNREF3TURFeElYTmxZM0psZEM5VFJVTTJJVEF3TURBeU9DRTVPVGs1TFRFeUxUTXhWREl6T2pVNU9qVTVMams1T1RrNU9UbGFJUS0tIiwiVGFyZ2V0TG9jYXRpb24iOjB9&maxresults=6
  response:
    body: {string: '{"value":[{"id":"https://vaultstorname.vault.azure.net/secrets/sec6","attributes":{"enabled":true,"created":1575487740,"updated":1575487740,"recoveryLevel":"Purgeable"}}],"nextLink":null}'}
    headers:
      cache-control: [no-cache]
      content-length: ['198']
      content-type: [application/json; charset=utf-8]
      date: ['Wed, 04 Dec 2019 19:29:00 GMT']
      expires: ['-1']
      pragma: [no-cache]
      server: [Microsoft-IIS/10.0]
      strict-transport-security: [max-age=31536000;includeSubDomains]
      x-aspnet-version: [4.0.30319]
      x-content-type-options: [nosniff]
      x-ms-keyvault-network-info: [addr=131.107.160.72;act_addr_fam=InterNetwork;]
      x-ms-keyvault-region: [westus]
      x-ms-keyvault-service-version: [1.1.0.883]
      x-powered-by: [ASP.NET]
    status: {code: 200, message: OK}
version: 1
