interactions:
- request:
    body: '{"location": "eastus", "properties": {"creationData": {"createOption":
      "Empty"}, "diskSizeGB": 200}}'
    headers:
      Accept:
      - application/json
      Accept-Encoding:
      - gzip, deflate
      Connection:
      - keep-alive
      Content-Length:
      - '100'
      Content-Type:
      - application/json
      User-Agent:
      - azsdk-python-azure-mgmt-compute/0.1.0 Python/3.6.9 (Linux-4.9.184-linuxkit-x86_64-with-Ubuntu-18.04-bionic)
    method: PUT
    uri: https://management.azure.com/subscriptions/00000000-0000-0000-0000-000000000000/resourceGroups/test_mgmt_compute_disks_test_compute_shot66bb1115/providers/Microsoft.Compute/disks/disknamex66bb1115?api-version=2019-11-01
  response:
    body:
      string: "{\r\n  \"name\": \"disknamex66bb1115\",\r\n  \"location\": \"eastus\"\
        ,\r\n  \"properties\": {\r\n    \"creationData\": {\r\n      \"createOption\"\
        : \"Empty\"\r\n    },\r\n    \"diskSizeGB\": 200,\r\n    \"provisioningState\"\
        : \"Updating\",\r\n    \"isArmResource\": true\r\n  }\r\n}"
    headers:
      azure-asyncoperation:
      - https://management.azure.com/subscriptions/00000000-0000-0000-0000-000000000000/providers/Microsoft.Compute/locations/eastus/DiskOperations/54c2e156-d022-46e3-bacf-9855a4d89ce3?api-version=2019-11-01
      cache-control:
      - no-cache
      content-length:
      - '236'
      content-type:
      - application/json; charset=utf-8
      date:
      - Sun, 26 Apr 2020 22:04:04 GMT
      expires:
      - '-1'
      location:
      - https://management.azure.com/subscriptions/00000000-0000-0000-0000-000000000000/providers/Microsoft.Compute/locations/eastus/DiskOperations/54c2e156-d022-46e3-bacf-9855a4d89ce3?monitor=true&api-version=2019-11-01
      pragma:
      - no-cache
      server:
      - Microsoft-HTTPAPI/2.0
      - Microsoft-HTTPAPI/2.0
      strict-transport-security:
      - max-age=31536000; includeSubDomains
      x-content-type-options:
      - nosniff
      x-ms-ratelimit-remaining-resource:
      - Microsoft.Compute/CreateUpdateDisks3Min;997,Microsoft.Compute/CreateUpdateDisks30Min;7989
      x-ms-ratelimit-remaining-subscription-writes:
      - '1194'
    status:
      code: 202
      message: Accepted
- request:
    body: null
    headers:
      Accept:
      - '*/*'
      Accept-Encoding:
      - gzip, deflate
      Connection:
      - keep-alive
      User-Agent:
      - azsdk-python-azure-mgmt-compute/0.1.0 Python/3.6.9 (Linux-4.9.184-linuxkit-x86_64-with-Ubuntu-18.04-bionic)
    method: GET
    uri: https://management.azure.com/subscriptions/00000000-0000-0000-0000-000000000000/providers/Microsoft.Compute/locations/eastus/DiskOperations/54c2e156-d022-46e3-bacf-9855a4d89ce3?api-version=2019-11-01
  response:
    body:
      string: "{\r\n  \"startTime\": \"2020-04-26T22:04:04.9925309+00:00\",\r\n  \"\
        endTime\": \"2020-04-26T22:04:05.1799931+00:00\",\r\n  \"status\": \"Succeeded\"\
        ,\r\n  \"properties\": {\r\n    \"output\": {\r\n  \"name\": \"disknamex66bb1115\"\
        ,\r\n  \"id\": \"/subscriptions/00000000-0000-0000-0000-000000000000/resourceGroups/test_mgmt_compute_disks_test_compute_shot66bb1115/providers/Microsoft.Compute/disks/disknamex66bb1115\"\
        ,\r\n  \"type\": \"Microsoft.Compute/disks\",\r\n  \"location\": \"eastus\"\
        ,\r\n  \"sku\": {\r\n    \"name\": \"Standard_LRS\",\r\n    \"tier\": \"Standard\"\
        \r\n  },\r\n  \"properties\": {\r\n    \"creationData\": {\r\n      \"createOption\"\
        : \"Empty\"\r\n    },\r\n    \"diskSizeGB\": 200,\r\n    \"diskIOPSReadWrite\"\
        : 500,\r\n    \"diskMBpsReadWrite\": 60,\r\n    \"encryption\": {\r\n    \
        \  \"type\": \"EncryptionAtRestWithPlatformKey\"\r\n    },\r\n    \"timeCreated\"\
        : \"2020-04-26T22:04:05.0081363+00:00\",\r\n    \"provisioningState\": \"\
        Succeeded\",\r\n    \"diskState\": \"Unattached\",\r\n    \"diskSizeBytes\"\
        : 214748364800,\r\n    \"uniqueId\": \"0a7c514d-e21a-45a8-b29c-d4fea9bb6181\"\
        \r\n  }\r\n}\r\n  },\r\n  \"name\": \"54c2e156-d022-46e3-bacf-9855a4d89ce3\"\
        \r\n}"
    headers:
      cache-control:
      - no-cache
      content-length:
      - '1045'
      content-type:
      - application/json; charset=utf-8
      date:
      - Sun, 26 Apr 2020 22:04:06 GMT
      expires:
      - '-1'
      pragma:
      - no-cache
      server:
      - Microsoft-HTTPAPI/2.0
      - Microsoft-HTTPAPI/2.0
      strict-transport-security:
      - max-age=31536000; includeSubDomains
      transfer-encoding:
      - chunked
      vary:
      - Accept-Encoding
      x-content-type-options:
      - nosniff
      x-ms-ratelimit-remaining-resource:
      - Microsoft.Compute/GetOperation3Min;49994,Microsoft.Compute/GetOperation30Min;399926
    status:
      code: 200
      message: OK
- request:
    body: null
    headers:
      Accept:
      - '*/*'
      Accept-Encoding:
      - gzip, deflate
      Connection:
      - keep-alive
      User-Agent:
      - azsdk-python-azure-mgmt-compute/0.1.0 Python/3.6.9 (Linux-4.9.184-linuxkit-x86_64-with-Ubuntu-18.04-bionic)
    method: GET
    uri: https://management.azure.com/subscriptions/00000000-0000-0000-0000-000000000000/resourceGroups/test_mgmt_compute_disks_test_compute_shot66bb1115/providers/Microsoft.Compute/disks/disknamex66bb1115?api-version=2019-11-01
  response:
    body:
      string: "{\r\n  \"name\": \"disknamex66bb1115\",\r\n  \"id\": \"/subscriptions/00000000-0000-0000-0000-000000000000/resourceGroups/test_mgmt_compute_disks_test_compute_shot66bb1115/providers/Microsoft.Compute/disks/disknamex66bb1115\"\
        ,\r\n  \"type\": \"Microsoft.Compute/disks\",\r\n  \"location\": \"eastus\"\
        ,\r\n  \"sku\": {\r\n    \"name\": \"Standard_LRS\",\r\n    \"tier\": \"Standard\"\
        \r\n  },\r\n  \"properties\": {\r\n    \"creationData\": {\r\n      \"createOption\"\
        : \"Empty\"\r\n    },\r\n    \"diskSizeGB\": 200,\r\n    \"diskIOPSReadWrite\"\
        : 500,\r\n    \"diskMBpsReadWrite\": 60,\r\n    \"encryption\": {\r\n    \
        \  \"type\": \"EncryptionAtRestWithPlatformKey\"\r\n    },\r\n    \"timeCreated\"\
        : \"2020-04-26T22:04:05.0081363+00:00\",\r\n    \"provisioningState\": \"\
        Succeeded\",\r\n    \"diskState\": \"Unattached\",\r\n    \"diskSizeBytes\"\
        : 214748364800,\r\n    \"uniqueId\": \"0a7c514d-e21a-45a8-b29c-d4fea9bb6181\"\
        \r\n  }\r\n}"
    headers:
      cache-control:
      - no-cache
      content-length:
      - '820'
      content-type:
      - application/json; charset=utf-8
      date:
      - Sun, 26 Apr 2020 22:04:06 GMT
      expires:
      - '-1'
      pragma:
      - no-cache
      server:
      - Microsoft-HTTPAPI/2.0
      - Microsoft-HTTPAPI/2.0
      strict-transport-security:
      - max-age=31536000; includeSubDomains
      transfer-encoding:
      - chunked
      vary:
      - Accept-Encoding
      x-content-type-options:
      - nosniff
      x-ms-ratelimit-remaining-resource:
      - Microsoft.Compute/LowCostGet3Min;4992,Microsoft.Compute/LowCostGet30Min;39930
    status:
      code: 200
      message: OK
- request:
    body: 'b''b\''{"location": "eastus", "properties": {"creationData": {"createOption":
      "Copy", "sourceUri": "/subscriptions/00000000-0000-0000-0000-000000000000/resourceGroups/test_mgmt_compute_disks_test_compute_shot66bb1115/providers/Microsoft.Compute/disks/disknamex66bb1115"}}}\'''''
    headers:
      Accept:
      - application/json
      Accept-Encoding:
      - gzip, deflate
      Connection:
      - keep-alive
      Content-Length:
      - '265'
      Content-Type:
      - application/json
      User-Agent:
      - azsdk-python-azure-mgmt-compute/0.1.0 Python/3.6.9 (Linux-4.9.184-linuxkit-x86_64-with-Ubuntu-18.04-bionic)
    method: PUT
    uri: https://management.azure.com/subscriptions/00000000-0000-0000-0000-000000000000/resourceGroups/test_mgmt_compute_disks_test_compute_shot66bb1115/providers/Microsoft.Compute/snapshots/snapshotx66bb1115?api-version=2019-11-01
  response:
    body:
      string: "{\r\n  \"location\": \"eastus\",\r\n  \"properties\": {\r\n    \"creationData\"\
        : {\r\n      \"createOption\": \"Copy\",\r\n      \"sourceUri\": \"/subscriptions/00000000-0000-0000-0000-000000000000/resourceGroups/test_mgmt_compute_disks_test_compute_shot66bb1115/providers/Microsoft.Compute/disks/disknamex66bb1115\"\
        ,\r\n      \"sourceUniqueId\": \"0a7c514d-e21a-45a8-b29c-d4fea9bb6181\"\r\n\
        \    },\r\n    \"provisioningState\": \"Updating\",\r\n    \"isArmResource\"\
        : true\r\n  }\r\n}"
    headers:
      azure-asyncoperation:
      - https://management.azure.com/subscriptions/00000000-0000-0000-0000-000000000000/providers/Microsoft.Compute/locations/eastus/DiskOperations/e10a1b66-61ec-40fa-8e01-8ffb89d71dab?api-version=2019-11-01
      cache-control:
      - no-cache
      content-length:
      - '436'
      content-type:
      - application/json; charset=utf-8
      date:
      - Sun, 26 Apr 2020 22:04:08 GMT
      expires:
      - '-1'
      location:
      - https://management.azure.com/subscriptions/00000000-0000-0000-0000-000000000000/providers/Microsoft.Compute/locations/eastus/DiskOperations/e10a1b66-61ec-40fa-8e01-8ffb89d71dab?monitor=true&api-version=2019-11-01
      pragma:
      - no-cache
      server:
      - Microsoft-HTTPAPI/2.0
      - Microsoft-HTTPAPI/2.0
      strict-transport-security:
      - max-age=31536000; includeSubDomains
      x-content-type-options:
      - nosniff
      x-ms-ratelimit-remaining-resource:
      - Microsoft.Compute/HighCostSnapshotCreateHydrate3Min;239,Microsoft.Compute/HighCostSnapshotCreateHydrate30Min;1915
      x-ms-ratelimit-remaining-subscription-writes:
      - '1193'
    status:
      code: 202
      message: Accepted
- request:
    body: null
    headers:
      Accept:
      - '*/*'
      Accept-Encoding:
      - gzip, deflate
      Connection:
      - keep-alive
      User-Agent:
      - azsdk-python-azure-mgmt-compute/0.1.0 Python/3.6.9 (Linux-4.9.184-linuxkit-x86_64-with-Ubuntu-18.04-bionic)
    method: GET
    uri: https://management.azure.com/subscriptions/00000000-0000-0000-0000-000000000000/providers/Microsoft.Compute/locations/eastus/DiskOperations/e10a1b66-61ec-40fa-8e01-8ffb89d71dab?api-version=2019-11-01
  response:
    body:
      string: "{\r\n  \"startTime\": \"2020-04-26T22:04:09.3206921+00:00\",\r\n  \"\
        endTime\": \"2020-04-26T22:04:09.9457033+00:00\",\r\n  \"status\": \"Succeeded\"\
        ,\r\n  \"properties\": {\r\n    \"output\": {\r\n  \"name\": \"snapshotx66bb1115\"\
        ,\r\n  \"id\": \"/subscriptions/00000000-0000-0000-0000-000000000000/resourceGroups/test_mgmt_compute_disks_test_compute_shot66bb1115/providers/Microsoft.Compute/snapshots/snapshotx66bb1115\"\
        ,\r\n  \"type\": \"Microsoft.Compute/snapshots\",\r\n  \"location\": \"eastus\"\
        ,\r\n  \"sku\": {\r\n    \"name\": \"Standard_LRS\",\r\n    \"tier\": \"Standard\"\
        \r\n  },\r\n  \"properties\": {\r\n    \"creationData\": {\r\n      \"createOption\"\
        : \"Copy\",\r\n      \"sourceResourceId\": \"/subscriptions/00000000-0000-0000-0000-000000000000/resourceGroups/test_mgmt_compute_disks_test_compute_shot66bb1115/providers/Microsoft.Compute/disks/disknamex66bb1115\"\
        ,\r\n      \"sourceUniqueId\": \"0a7c514d-e21a-45a8-b29c-d4fea9bb6181\"\r\n\
        \    },\r\n    \"diskSizeGB\": 200,\r\n    \"encryption\": {\r\n      \"type\"\
        : \"EncryptionAtRestWithPlatformKey\"\r\n    },\r\n    \"incremental\": false,\r\
        \n    \"timeCreated\": \"2020-04-26T22:04:09.3206921+00:00\",\r\n    \"provisioningState\"\
        : \"Succeeded\",\r\n    \"diskState\": \"Unattached\",\r\n    \"diskSizeBytes\"\
        : 214748364800,\r\n    \"uniqueId\": \"02d8f7b0-d1e0-4194-940d-22d36ef0500b\"\
        \r\n  }\r\n}\r\n  },\r\n  \"name\": \"e10a1b66-61ec-40fa-8e01-8ffb89d71dab\"\
        \r\n}"
    headers:
      cache-control:
      - no-cache
      content-length:
      - '1282'
      content-type:
      - application/json; charset=utf-8
      date:
      - Sun, 26 Apr 2020 22:04:10 GMT
      expires:
      - '-1'
      pragma:
      - no-cache
      server:
      - Microsoft-HTTPAPI/2.0
      - Microsoft-HTTPAPI/2.0
      strict-transport-security:
      - max-age=31536000; includeSubDomains
      transfer-encoding:
      - chunked
      vary:
      - Accept-Encoding
      x-content-type-options:
      - nosniff
      x-ms-ratelimit-remaining-resource:
      - Microsoft.Compute/GetOperation3Min;49993,Microsoft.Compute/GetOperation30Min;399925
    status:
      code: 200
      message: OK
- request:
    body: null
    headers:
      Accept:
      - '*/*'
      Accept-Encoding:
      - gzip, deflate
      Connection:
      - keep-alive
      User-Agent:
      - azsdk-python-azure-mgmt-compute/0.1.0 Python/3.6.9 (Linux-4.9.184-linuxkit-x86_64-with-Ubuntu-18.04-bionic)
    method: GET
    uri: https://management.azure.com/subscriptions/00000000-0000-0000-0000-000000000000/resourceGroups/test_mgmt_compute_disks_test_compute_shot66bb1115/providers/Microsoft.Compute/snapshots/snapshotx66bb1115?api-version=2019-11-01
  response:
    body:
      string: "{\r\n  \"name\": \"snapshotx66bb1115\",\r\n  \"id\": \"/subscriptions/00000000-0000-0000-0000-000000000000/resourceGroups/test_mgmt_compute_disks_test_compute_shot66bb1115/providers/Microsoft.Compute/snapshots/snapshotx66bb1115\"\
        ,\r\n  \"type\": \"Microsoft.Compute/snapshots\",\r\n  \"location\": \"eastus\"\
        ,\r\n  \"sku\": {\r\n    \"name\": \"Standard_LRS\",\r\n    \"tier\": \"Standard\"\
        \r\n  },\r\n  \"properties\": {\r\n    \"creationData\": {\r\n      \"createOption\"\
        : \"Copy\",\r\n      \"sourceResourceId\": \"/subscriptions/00000000-0000-0000-0000-000000000000/resourceGroups/test_mgmt_compute_disks_test_compute_shot66bb1115/providers/Microsoft.Compute/disks/disknamex66bb1115\"\
        ,\r\n      \"sourceUniqueId\": \"0a7c514d-e21a-45a8-b29c-d4fea9bb6181\"\r\n\
        \    },\r\n    \"diskSizeGB\": 200,\r\n    \"encryption\": {\r\n      \"type\"\
        : \"EncryptionAtRestWithPlatformKey\"\r\n    },\r\n    \"incremental\": false,\r\
        \n    \"timeCreated\": \"2020-04-26T22:04:09.3206921+00:00\",\r\n    \"provisioningState\"\
        : \"Succeeded\",\r\n    \"diskState\": \"Unattached\",\r\n    \"diskSizeBytes\"\
        : 214748364800,\r\n    \"uniqueId\": \"02d8f7b0-d1e0-4194-940d-22d36ef0500b\"\
        \r\n  }\r\n}"
    headers:
      cache-control:
      - no-cache
      content-length:
      - '1057'
      content-type:
      - application/json; charset=utf-8
      date:
      - Sun, 26 Apr 2020 22:04:11 GMT
      expires:
      - '-1'
      pragma:
      - no-cache
      server:
      - Microsoft-HTTPAPI/2.0
      - Microsoft-HTTPAPI/2.0
      strict-transport-security:
      - max-age=31536000; includeSubDomains
      transfer-encoding:
      - chunked
      vary:
      - Accept-Encoding
      x-content-type-options:
      - nosniff
      x-ms-ratelimit-remaining-resource:
      - Microsoft.Compute/LowCostGet3Min;4991,Microsoft.Compute/LowCostGet30Min;39929
    status:
      code: 200
      message: OK
- request:
    body: 'b''b\''{"location": "eastus", "properties": {"storageProfile": {"osDisk":
      {"snapshot": {"id": "subscriptions/00000000-0000-0000-0000-000000000000/resourceGroups/test_mgmt_compute_disks_test_compute_shot66bb1115/providers/Microsoft.Compute/snapshots/snapshotx66bb1115"},
      "osType": "Linux", "osState": "Generalized"}, "zoneResilient": false}, "hyperVGeneration":
      "V1"}}\'''''
    headers:
      Accept:
      - application/json
      Accept-Encoding:
      - gzip, deflate
      Connection:
      - keep-alive
      Content-Length:
      - '360'
      Content-Type:
      - application/json
      User-Agent:
      - azsdk-python-azure-mgmt-compute/0.1.0 Python/3.6.9 (Linux-4.9.184-linuxkit-x86_64-with-Ubuntu-18.04-bionic)
    method: PUT
    uri: https://management.azure.com/subscriptions/00000000-0000-0000-0000-000000000000/resourceGroups/test_mgmt_compute_disks_test_compute_shot66bb1115/providers/Microsoft.Compute/images/imagex66bb1115?api-version=2019-12-01
  response:
    body:
      string: "{\r\n  \"name\": \"imagex66bb1115\",\r\n  \"id\": \"/subscriptions/00000000-0000-0000-0000-000000000000/resourceGroups/test_mgmt_compute_disks_test_compute_shot66bb1115/providers/Microsoft.Compute/images/imagex66bb1115\"\
        ,\r\n  \"type\": \"Microsoft.Compute/images\",\r\n  \"location\": \"eastus\"\
        ,\r\n  \"properties\": {\r\n    \"storageProfile\": {\r\n      \"osDisk\"\
        : {\r\n        \"osType\": \"Linux\",\r\n        \"osState\": \"Generalized\"\
        ,\r\n        \"snapshot\": {\r\n          \"id\": \"/subscriptions/00000000-0000-0000-0000-000000000000/resourceGroups/test_mgmt_compute_disks_test_compute_shot66bb1115/providers/Microsoft.Compute/snapshots/snapshotx66bb1115\"\
        \r\n        },\r\n        \"caching\": \"None\",\r\n        \"storageAccountType\"\
        : \"Standard_LRS\"\r\n      },\r\n      \"dataDisks\": [],\r\n      \"zoneResilient\"\
        : false\r\n    },\r\n    \"provisioningState\": \"Creating\",\r\n    \"hyperVGeneration\"\
        : \"V1\"\r\n  }\r\n}"
    headers:
      azure-asyncnotification:
      - Enabled
      azure-asyncoperation:
      - https://management.azure.com/subscriptions/00000000-0000-0000-0000-000000000000/providers/Microsoft.Compute/locations/eastus/operations/4c2b6504-2a13-4ff2-989c-e60ef6e82a5f?api-version=2019-12-01
      cache-control:
      - no-cache
      content-length:
      - '848'
      content-type:
      - application/json; charset=utf-8
      date:
      - Sun, 26 Apr 2020 22:04:13 GMT
      expires:
      - '-1'
      pragma:
      - no-cache
      server:
      - Microsoft-HTTPAPI/2.0
      - Microsoft-HTTPAPI/2.0
      strict-transport-security:
      - max-age=31536000; includeSubDomains
      x-content-type-options:
      - nosniff
      x-ms-ratelimit-remaining-resource:
      - Microsoft.Compute/CreateImages3Min;39,Microsoft.Compute/CreateImages30Min;195
      x-ms-ratelimit-remaining-subscription-writes:
      - '1192'
    status:
      code: 201
      message: Created
- request:
    body: null
    headers:
      Accept:
      - '*/*'
      Accept-Encoding:
      - gzip, deflate
      Connection:
      - keep-alive
      User-Agent:
      - azsdk-python-azure-mgmt-compute/0.1.0 Python/3.6.9 (Linux-4.9.184-linuxkit-x86_64-with-Ubuntu-18.04-bionic)
    method: GET
    uri: https://management.azure.com/subscriptions/00000000-0000-0000-0000-000000000000/providers/Microsoft.Compute/locations/eastus/operations/4c2b6504-2a13-4ff2-989c-e60ef6e82a5f?api-version=2019-12-01
  response:
    body:
      string: "{\r\n  \"startTime\": \"2020-04-26T22:04:13.050857+00:00\",\r\n  \"\
        endTime\": \"2020-04-26T22:04:18.1759539+00:00\",\r\n  \"status\": \"Succeeded\"\
        ,\r\n  \"name\": \"4c2b6504-2a13-4ff2-989c-e60ef6e82a5f\"\r\n}"
    headers:
      cache-control:
      - no-cache
      content-length:
      - '183'
      content-type:
      - application/json; charset=utf-8
      date:
      - Sun, 26 Apr 2020 22:04:43 GMT
      expires:
      - '-1'
      pragma:
      - no-cache
      server:
      - Microsoft-HTTPAPI/2.0
      - Microsoft-HTTPAPI/2.0
      strict-transport-security:
      - max-age=31536000; includeSubDomains
      transfer-encoding:
      - chunked
      vary:
      - Accept-Encoding
      x-content-type-options:
      - nosniff
      x-ms-ratelimit-remaining-resource:
      - Microsoft.Compute/GetOperation3Min;14996,Microsoft.Compute/GetOperation30Min;29921
    status:
      code: 200
      message: OK
- request:
    body: null
    headers:
      Accept:
      - '*/*'
      Accept-Encoding:
      - gzip, deflate
      Connection:
      - keep-alive
      User-Agent:
      - azsdk-python-azure-mgmt-compute/0.1.0 Python/3.6.9 (Linux-4.9.184-linuxkit-x86_64-with-Ubuntu-18.04-bionic)
    method: GET
    uri: https://management.azure.com/subscriptions/00000000-0000-0000-0000-000000000000/resourceGroups/test_mgmt_compute_disks_test_compute_shot66bb1115/providers/Microsoft.Compute/images/imagex66bb1115?api-version=2019-12-01
  response:
    body:
      string: "{\r\n  \"name\": \"imagex66bb1115\",\r\n  \"id\": \"/subscriptions/00000000-0000-0000-0000-000000000000/resourceGroups/test_mgmt_compute_disks_test_compute_shot66bb1115/providers/Microsoft.Compute/images/imagex66bb1115\"\
        ,\r\n  \"type\": \"Microsoft.Compute/images\",\r\n  \"location\": \"eastus\"\
        ,\r\n  \"properties\": {\r\n    \"storageProfile\": {\r\n      \"osDisk\"\
        : {\r\n        \"osType\": \"Linux\",\r\n        \"osState\": \"Generalized\"\
        ,\r\n        \"diskSizeGB\": 200,\r\n        \"snapshot\": {\r\n         \
        \ \"id\": \"/subscriptions/00000000-0000-0000-0000-000000000000/resourceGroups/test_mgmt_compute_disks_test_compute_shot66bb1115/providers/Microsoft.Compute/snapshots/snapshotx66bb1115\"\
        \r\n        },\r\n        \"caching\": \"None\",\r\n        \"storageAccountType\"\
        : \"Standard_LRS\"\r\n      },\r\n      \"dataDisks\": [],\r\n      \"zoneResilient\"\
        : false\r\n    },\r\n    \"provisioningState\": \"Succeeded\",\r\n    \"hyperVGeneration\"\
        : \"V1\"\r\n  }\r\n}"
    headers:
      cache-control:
      - no-cache
      content-length:
      - '877'
      content-type:
      - application/json; charset=utf-8
      date:
      - Sun, 26 Apr 2020 22:04:44 GMT
      expires:
      - '-1'
      pragma:
      - no-cache
      server:
      - Microsoft-HTTPAPI/2.0
      - Microsoft-HTTPAPI/2.0
      strict-transport-security:
      - max-age=31536000; includeSubDomains
      transfer-encoding:
      - chunked
      vary:
      - Accept-Encoding
      x-content-type-options:
      - nosniff
      x-ms-ratelimit-remaining-resource:
      - Microsoft.Compute/GetImages3Min;358,Microsoft.Compute/GetImages30Min;1786
    status:
      code: 200
      message: OK
- request:
    body: null
    headers:
      Accept:
      - application/json
      Accept-Encoding:
      - gzip, deflate
      Connection:
      - keep-alive
      User-Agent:
      - azsdk-python-azure-mgmt-compute/0.1.0 Python/3.6.9 (Linux-4.9.184-linuxkit-x86_64-with-Ubuntu-18.04-bionic)
    method: GET
    uri: https://management.azure.com/subscriptions/00000000-0000-0000-0000-000000000000/resourceGroups/test_mgmt_compute_disks_test_compute_shot66bb1115/providers/Microsoft.Compute/snapshots/snapshotx66bb1115?api-version=2019-11-01
  response:
    body:
      string: "{\r\n  \"name\": \"snapshotx66bb1115\",\r\n  \"id\": \"/subscriptions/00000000-0000-0000-0000-000000000000/resourceGroups/test_mgmt_compute_disks_test_compute_shot66bb1115/providers/Microsoft.Compute/snapshots/snapshotx66bb1115\"\
        ,\r\n  \"type\": \"Microsoft.Compute/snapshots\",\r\n  \"location\": \"eastus\"\
        ,\r\n  \"sku\": {\r\n    \"name\": \"Standard_LRS\",\r\n    \"tier\": \"Standard\"\
        \r\n  },\r\n  \"properties\": {\r\n    \"creationData\": {\r\n      \"createOption\"\
        : \"Copy\",\r\n      \"sourceResourceId\": \"/subscriptions/00000000-0000-0000-0000-000000000000/resourceGroups/test_mgmt_compute_disks_test_compute_shot66bb1115/providers/Microsoft.Compute/disks/disknamex66bb1115\"\
        ,\r\n      \"sourceUniqueId\": \"0a7c514d-e21a-45a8-b29c-d4fea9bb6181\"\r\n\
        \    },\r\n    \"diskSizeGB\": 200,\r\n    \"encryption\": {\r\n      \"type\"\
        : \"EncryptionAtRestWithPlatformKey\"\r\n    },\r\n    \"incremental\": false,\r\
        \n    \"timeCreated\": \"2020-04-26T22:04:09.3206921+00:00\",\r\n    \"provisioningState\"\
        : \"Succeeded\",\r\n    \"diskState\": \"Unattached\",\r\n    \"diskSizeBytes\"\
        : 214748364800,\r\n    \"uniqueId\": \"02d8f7b0-d1e0-4194-940d-22d36ef0500b\"\
        \r\n  }\r\n}"
    headers:
      cache-control:
      - no-cache
      content-length:
      - '1057'
      content-type:
      - application/json; charset=utf-8
      date:
      - Sun, 26 Apr 2020 22:04:44 GMT
      expires:
      - '-1'
      pragma:
      - no-cache
      server:
      - Microsoft-HTTPAPI/2.0
      - Microsoft-HTTPAPI/2.0
      strict-transport-security:
      - max-age=31536000; includeSubDomains
      transfer-encoding:
      - chunked
      vary:
      - Accept-Encoding
      x-content-type-options:
      - nosniff
      x-ms-ratelimit-remaining-resource:
      - Microsoft.Compute/LowCostGet3Min;4985,Microsoft.Compute/LowCostGet30Min;39923
    status:
      code: 200
      message: OK
- request:
    body: null
    headers:
      Accept:
      - application/json
      Accept-Encoding:
      - gzip, deflate
      Connection:
      - keep-alive
      User-Agent:
      - azsdk-python-azure-mgmt-compute/0.1.0 Python/3.6.9 (Linux-4.9.184-linuxkit-x86_64-with-Ubuntu-18.04-bionic)
    method: GET
    uri: https://management.azure.com/subscriptions/00000000-0000-0000-0000-000000000000/resourceGroups/test_mgmt_compute_disks_test_compute_shot66bb1115/providers/Microsoft.Compute/images/imagex66bb1115?api-version=2019-12-01
  response:
    body:
      string: "{\r\n  \"name\": \"imagex66bb1115\",\r\n  \"id\": \"/subscriptions/00000000-0000-0000-0000-000000000000/resourceGroups/test_mgmt_compute_disks_test_compute_shot66bb1115/providers/Microsoft.Compute/images/imagex66bb1115\"\
        ,\r\n  \"type\": \"Microsoft.Compute/images\",\r\n  \"location\": \"eastus\"\
        ,\r\n  \"properties\": {\r\n    \"storageProfile\": {\r\n      \"osDisk\"\
        : {\r\n        \"osType\": \"Linux\",\r\n        \"osState\": \"Generalized\"\
        ,\r\n        \"diskSizeGB\": 200,\r\n        \"snapshot\": {\r\n         \
        \ \"id\": \"/subscriptions/00000000-0000-0000-0000-000000000000/resourceGroups/test_mgmt_compute_disks_test_compute_shot66bb1115/providers/Microsoft.Compute/snapshots/snapshotx66bb1115\"\
        \r\n        },\r\n        \"caching\": \"None\",\r\n        \"storageAccountType\"\
        : \"Standard_LRS\"\r\n      },\r\n      \"dataDisks\": [],\r\n      \"zoneResilient\"\
        : false\r\n    },\r\n    \"provisioningState\": \"Succeeded\",\r\n    \"hyperVGeneration\"\
        : \"V1\"\r\n  }\r\n}"
    headers:
      cache-control:
      - no-cache
      content-length:
      - '877'
      content-type:
      - application/json; charset=utf-8
      date:
      - Sun, 26 Apr 2020 22:04:44 GMT
      expires:
      - '-1'
      pragma:
      - no-cache
      server:
      - Microsoft-HTTPAPI/2.0
      - Microsoft-HTTPAPI/2.0
      strict-transport-security:
      - max-age=31536000; includeSubDomains
      transfer-encoding:
      - chunked
      vary:
      - Accept-Encoding
      x-content-type-options:
      - nosniff
      x-ms-ratelimit-remaining-resource:
      - Microsoft.Compute/GetImages3Min;357,Microsoft.Compute/GetImages30Min;1785
    status:
      code: 200
      message: OK
- request:
    body: '{"tags": {"department": "HR"}}'
    headers:
      Accept:
      - application/json
      Accept-Encoding:
      - gzip, deflate
      Connection:
      - keep-alive
      Content-Length:
      - '30'
      Content-Type:
      - application/json
      User-Agent:
      - azsdk-python-azure-mgmt-compute/0.1.0 Python/3.6.9 (Linux-4.9.184-linuxkit-x86_64-with-Ubuntu-18.04-bionic)
    method: PATCH
    uri: https://management.azure.com/subscriptions/00000000-0000-0000-0000-000000000000/resourceGroups/test_mgmt_compute_disks_test_compute_shot66bb1115/providers/Microsoft.Compute/images/imagex66bb1115?api-version=2019-12-01
  response:
    body:
      string: "{\r\n  \"name\": \"imagex66bb1115\",\r\n  \"id\": \"/subscriptions/00000000-0000-0000-0000-000000000000/resourceGroups/test_mgmt_compute_disks_test_compute_shot66bb1115/providers/Microsoft.Compute/images/imagex66bb1115\"\
        ,\r\n  \"type\": \"Microsoft.Compute/images\",\r\n  \"location\": \"eastus\"\
        ,\r\n  \"tags\": {\r\n    \"department\": \"HR\"\r\n  },\r\n  \"properties\"\
        : {\r\n    \"storageProfile\": {\r\n      \"osDisk\": {\r\n        \"osType\"\
        : \"Linux\",\r\n        \"osState\": \"Generalized\",\r\n        \"diskSizeGB\"\
        : 200,\r\n        \"snapshot\": {\r\n          \"id\": \"/subscriptions/00000000-0000-0000-0000-000000000000/resourceGroups/test_mgmt_compute_disks_test_compute_shot66bb1115/providers/Microsoft.Compute/snapshots/snapshotx66bb1115\"\
        \r\n        },\r\n        \"caching\": \"None\",\r\n        \"storageAccountType\"\
        : \"Standard_LRS\"\r\n      },\r\n      \"dataDisks\": [],\r\n      \"zoneResilient\"\
        : false\r\n    },\r\n    \"provisioningState\": \"Updating\",\r\n    \"hyperVGeneration\"\
        : \"V1\"\r\n  }\r\n}"
    headers:
      azure-asyncnotification:
      - Enabled
      azure-asyncoperation:
      - https://management.azure.com/subscriptions/00000000-0000-0000-0000-000000000000/providers/Microsoft.Compute/locations/eastus/operations/1d07bdc6-b030-4cf2-baa6-54e9a2ba22d5?api-version=2019-12-01
      cache-control:
      - no-cache
      content-length:
      - '919'
      content-type:
      - application/json; charset=utf-8
      date:
      - Sun, 26 Apr 2020 22:04:45 GMT
      expires:
      - '-1'
      pragma:
      - no-cache
      server:
      - Microsoft-HTTPAPI/2.0
      - Microsoft-HTTPAPI/2.0
      strict-transport-security:
      - max-age=31536000; includeSubDomains
      transfer-encoding:
      - chunked
      vary:
      - Accept-Encoding
      x-content-type-options:
      - nosniff
      x-ms-ratelimit-remaining-resource:
      - Microsoft.Compute/CreateImages3Min;38,Microsoft.Compute/CreateImages30Min;194
      x-ms-ratelimit-remaining-subscription-writes:
      - '1191'
    status:
      code: 200
      message: OK
- request:
    body: null
    headers:
      Accept:
      - '*/*'
      Accept-Encoding:
      - gzip, deflate
      Connection:
      - keep-alive
      User-Agent:
      - azsdk-python-azure-mgmt-compute/0.1.0 Python/3.6.9 (Linux-4.9.184-linuxkit-x86_64-with-Ubuntu-18.04-bionic)
    method: GET
    uri: https://management.azure.com/subscriptions/00000000-0000-0000-0000-000000000000/providers/Microsoft.Compute/locations/eastus/operations/1d07bdc6-b030-4cf2-baa6-54e9a2ba22d5?api-version=2019-12-01
  response:
    body:
      string: "{\r\n  \"startTime\": \"2020-04-26T22:04:45.2698942+00:00\",\r\n  \"\
        endTime\": \"2020-04-26T22:04:50.3637426+00:00\",\r\n  \"status\": \"Succeeded\"\
        ,\r\n  \"name\": \"1d07bdc6-b030-4cf2-baa6-54e9a2ba22d5\"\r\n}"
    headers:
      cache-control:
      - no-cache
      content-length:
      - '184'
      content-type:
      - application/json; charset=utf-8
      date:
      - Sun, 26 Apr 2020 22:05:15 GMT
      expires:
      - '-1'
      pragma:
      - no-cache
      server:
      - Microsoft-HTTPAPI/2.0
      - Microsoft-HTTPAPI/2.0
      strict-transport-security:
      - max-age=31536000; includeSubDomains
      transfer-encoding:
      - chunked
      vary:
      - Accept-Encoding
      x-content-type-options:
      - nosniff
      x-ms-ratelimit-remaining-resource:
      - Microsoft.Compute/GetOperation3Min;14993,Microsoft.Compute/GetOperation30Min;29945
    status:
      code: 200
      message: OK
- request:
    body: null
    headers:
      Accept:
      - '*/*'
      Accept-Encoding:
      - gzip, deflate
      Connection:
      - keep-alive
      User-Agent:
      - azsdk-python-azure-mgmt-compute/0.1.0 Python/3.6.9 (Linux-4.9.184-linuxkit-x86_64-with-Ubuntu-18.04-bionic)
    method: GET
    uri: https://management.azure.com/subscriptions/00000000-0000-0000-0000-000000000000/resourceGroups/test_mgmt_compute_disks_test_compute_shot66bb1115/providers/Microsoft.Compute/images/imagex66bb1115?api-version=2019-12-01
  response:
    body:
      string: "{\r\n  \"name\": \"imagex66bb1115\",\r\n  \"id\": \"/subscriptions/00000000-0000-0000-0000-000000000000/resourceGroups/test_mgmt_compute_disks_test_compute_shot66bb1115/providers/Microsoft.Compute/images/imagex66bb1115\"\
        ,\r\n  \"type\": \"Microsoft.Compute/images\",\r\n  \"location\": \"eastus\"\
        ,\r\n  \"tags\": {\r\n    \"department\": \"HR\"\r\n  },\r\n  \"properties\"\
        : {\r\n    \"storageProfile\": {\r\n      \"osDisk\": {\r\n        \"osType\"\
        : \"Linux\",\r\n        \"osState\": \"Generalized\",\r\n        \"diskSizeGB\"\
        : 200,\r\n        \"snapshot\": {\r\n          \"id\": \"/subscriptions/00000000-0000-0000-0000-000000000000/resourceGroups/test_mgmt_compute_disks_test_compute_shot66bb1115/providers/Microsoft.Compute/snapshots/snapshotx66bb1115\"\
        \r\n        },\r\n        \"caching\": \"None\",\r\n        \"storageAccountType\"\
        : \"Standard_LRS\"\r\n      },\r\n      \"dataDisks\": [],\r\n      \"zoneResilient\"\
        : false\r\n    },\r\n    \"provisioningState\": \"Succeeded\",\r\n    \"hyperVGeneration\"\
        : \"V1\"\r\n  }\r\n}"
    headers:
      cache-control:
      - no-cache
      content-length:
      - '920'
      content-type:
      - application/json; charset=utf-8
      date:
      - Sun, 26 Apr 2020 22:05:16 GMT
      expires:
      - '-1'
      pragma:
      - no-cache
      server:
      - Microsoft-HTTPAPI/2.0
      - Microsoft-HTTPAPI/2.0
      strict-transport-security:
      - max-age=31536000; includeSubDomains
      transfer-encoding:
      - chunked
      vary:
      - Accept-Encoding
      x-content-type-options:
      - nosniff
      x-ms-ratelimit-remaining-resource:
      - Microsoft.Compute/GetImages3Min;355,Microsoft.Compute/GetImages30Min;1783
    status:
      code: 200
      message: OK
- request:
    body: '{}'
    headers:
      Accept:
      - application/json
      Accept-Encoding:
      - gzip, deflate
      Connection:
      - keep-alive
      Content-Length:
      - '2'
      Content-Type:
      - application/json
      User-Agent:
      - azsdk-python-azure-mgmt-compute/0.1.0 Python/3.6.9 (Linux-4.9.184-linuxkit-x86_64-with-Ubuntu-18.04-bionic)
    method: PATCH
    uri: https://management.azure.com/subscriptions/00000000-0000-0000-0000-000000000000/resourceGroups/test_mgmt_compute_disks_test_compute_shot66bb1115/providers/Microsoft.Compute/snapshots/snapshotx66bb1115?api-version=2019-11-01
  response:
    body:
      string: "{\r\n  \"location\": \"eastus\",\r\n  \"sku\": {\r\n    \"name\": \"\
        Standard_LRS\",\r\n    \"tier\": \"Standard\"\r\n  },\r\n  \"properties\"\
        : {\r\n    \"creationData\": {\r\n      \"createOption\": \"Copy\",\r\n  \
        \    \"sourceResourceId\": \"/subscriptions/00000000-0000-0000-0000-000000000000/resourceGroups/test_mgmt_compute_disks_test_compute_shot66bb1115/providers/Microsoft.Compute/disks/disknamex66bb1115\"\
        ,\r\n      \"sourceUniqueId\": \"0a7c514d-e21a-45a8-b29c-d4fea9bb6181\"\r\n\
        \    },\r\n    \"diskSizeGB\": 200,\r\n    \"provisioningState\": \"Updating\"\
        ,\r\n    \"isArmResource\": true,\r\n    \"faultDomain\": 0\r\n  }\r\n}"
    headers:
      azure-asyncoperation:
      - https://management.azure.com/subscriptions/00000000-0000-0000-0000-000000000000/providers/Microsoft.Compute/locations/eastus/DiskOperations/ed8173a0-8d5d-4c83-8160-9a16911debf5?api-version=2019-11-01
      cache-control:
      - no-cache
      content-length:
      - '561'
      content-type:
      - application/json; charset=utf-8
      date:
      - Sun, 26 Apr 2020 22:05:16 GMT
      expires:
      - '-1'
      location:
      - https://management.azure.com/subscriptions/00000000-0000-0000-0000-000000000000/providers/Microsoft.Compute/locations/eastus/DiskOperations/ed8173a0-8d5d-4c83-8160-9a16911debf5?monitor=true&api-version=2019-11-01
      pragma:
      - no-cache
      server:
      - Microsoft-HTTPAPI/2.0
      - Microsoft-HTTPAPI/2.0
      strict-transport-security:
      - max-age=31536000; includeSubDomains
      x-content-type-options:
      - nosniff
      x-ms-ratelimit-remaining-resource:
      - Microsoft.Compute/CreateUpdateDisks3Min;998,Microsoft.Compute/CreateUpdateDisks30Min;7988
      x-ms-ratelimit-remaining-subscription-writes:
      - '1190'
    status:
      code: 202
      message: Accepted
- request:
    body: null
    headers:
      Accept:
      - '*/*'
      Accept-Encoding:
      - gzip, deflate
      Connection:
      - keep-alive
      User-Agent:
      - azsdk-python-azure-mgmt-compute/0.1.0 Python/3.6.9 (Linux-4.9.184-linuxkit-x86_64-with-Ubuntu-18.04-bionic)
    method: GET
    uri: https://management.azure.com/subscriptions/00000000-0000-0000-0000-000000000000/providers/Microsoft.Compute/locations/eastus/DiskOperations/ed8173a0-8d5d-4c83-8160-9a16911debf5?api-version=2019-11-01
  response:
    body:
      string: "{\r\n  \"startTime\": \"2020-04-26T22:05:16.9181855+00:00\",\r\n  \"\
        endTime\": \"2020-04-26T22:05:17.0432052+00:00\",\r\n  \"status\": \"Succeeded\"\
        ,\r\n  \"properties\": {\r\n    \"output\": {\r\n  \"name\": \"snapshotx66bb1115\"\
        ,\r\n  \"id\": \"/subscriptions/00000000-0000-0000-0000-000000000000/resourceGroups/test_mgmt_compute_disks_test_compute_shot66bb1115/providers/Microsoft.Compute/snapshots/snapshotx66bb1115\"\
        ,\r\n  \"type\": \"Microsoft.Compute/snapshots\",\r\n  \"location\": \"eastus\"\
        ,\r\n  \"sku\": {\r\n    \"name\": \"Standard_LRS\",\r\n    \"tier\": \"Standard\"\
        \r\n  },\r\n  \"properties\": {\r\n    \"creationData\": {\r\n      \"createOption\"\
        : \"Copy\",\r\n      \"sourceResourceId\": \"/subscriptions/00000000-0000-0000-0000-000000000000/resourceGroups/test_mgmt_compute_disks_test_compute_shot66bb1115/providers/Microsoft.Compute/disks/disknamex66bb1115\"\
        ,\r\n      \"sourceUniqueId\": \"0a7c514d-e21a-45a8-b29c-d4fea9bb6181\"\r\n\
        \    },\r\n    \"diskSizeGB\": 200,\r\n    \"encryption\": {\r\n      \"type\"\
        : \"EncryptionAtRestWithPlatformKey\"\r\n    },\r\n    \"incremental\": false,\r\
        \n    \"timeCreated\": \"2020-04-26T22:04:09.3206921+00:00\",\r\n    \"provisioningState\"\
        : \"Succeeded\",\r\n    \"diskState\": \"Unattached\",\r\n    \"diskSizeBytes\"\
        : 214748364800,\r\n    \"uniqueId\": \"02d8f7b0-d1e0-4194-940d-22d36ef0500b\"\
        \r\n  }\r\n}\r\n  },\r\n  \"name\": \"ed8173a0-8d5d-4c83-8160-9a16911debf5\"\
        \r\n}"
    headers:
      cache-control:
      - no-cache
      content-length:
      - '1282'
      content-type:
      - application/json; charset=utf-8
      date:
      - Sun, 26 Apr 2020 22:05:18 GMT
      expires:
      - '-1'
      pragma:
      - no-cache
      server:
      - Microsoft-HTTPAPI/2.0
      - Microsoft-HTTPAPI/2.0
      strict-transport-security:
      - max-age=31536000; includeSubDomains
      transfer-encoding:
      - chunked
      vary:
      - Accept-Encoding
      x-content-type-options:
      - nosniff
      x-ms-ratelimit-remaining-resource:
      - Microsoft.Compute/GetOperation3Min;49988,Microsoft.Compute/GetOperation30Min;399918
    status:
      code: 200
      message: OK
- request:
    body: null
    headers:
      Accept:
      - '*/*'
      Accept-Encoding:
      - gzip, deflate
      Connection:
      - keep-alive
      User-Agent:
      - azsdk-python-azure-mgmt-compute/0.1.0 Python/3.6.9 (Linux-4.9.184-linuxkit-x86_64-with-Ubuntu-18.04-bionic)
    method: GET
    uri: https://management.azure.com/subscriptions/00000000-0000-0000-0000-000000000000/resourceGroups/test_mgmt_compute_disks_test_compute_shot66bb1115/providers/Microsoft.Compute/snapshots/snapshotx66bb1115?api-version=2019-11-01
  response:
    body:
      string: "{\r\n  \"name\": \"snapshotx66bb1115\",\r\n  \"id\": \"/subscriptions/00000000-0000-0000-0000-000000000000/resourceGroups/test_mgmt_compute_disks_test_compute_shot66bb1115/providers/Microsoft.Compute/snapshots/snapshotx66bb1115\"\
        ,\r\n  \"type\": \"Microsoft.Compute/snapshots\",\r\n  \"location\": \"eastus\"\
        ,\r\n  \"sku\": {\r\n    \"name\": \"Standard_LRS\",\r\n    \"tier\": \"Standard\"\
        \r\n  },\r\n  \"properties\": {\r\n    \"creationData\": {\r\n      \"createOption\"\
        : \"Copy\",\r\n      \"sourceResourceId\": \"/subscriptions/00000000-0000-0000-0000-000000000000/resourceGroups/test_mgmt_compute_disks_test_compute_shot66bb1115/providers/Microsoft.Compute/disks/disknamex66bb1115\"\
        ,\r\n      \"sourceUniqueId\": \"0a7c514d-e21a-45a8-b29c-d4fea9bb6181\"\r\n\
        \    },\r\n    \"diskSizeGB\": 200,\r\n    \"encryption\": {\r\n      \"type\"\
        : \"EncryptionAtRestWithPlatformKey\"\r\n    },\r\n    \"incremental\": false,\r\
        \n    \"timeCreated\": \"2020-04-26T22:04:09.3206921+00:00\",\r\n    \"provisioningState\"\
        : \"Succeeded\",\r\n    \"diskState\": \"Unattached\",\r\n    \"diskSizeBytes\"\
        : 214748364800,\r\n    \"uniqueId\": \"02d8f7b0-d1e0-4194-940d-22d36ef0500b\"\
        \r\n  }\r\n}"
    headers:
      cache-control:
      - no-cache
      content-length:
      - '1057'
      content-type:
      - application/json; charset=utf-8
      date:
      - Sun, 26 Apr 2020 22:05:18 GMT
      expires:
      - '-1'
      pragma:
      - no-cache
      server:
      - Microsoft-HTTPAPI/2.0
      - Microsoft-HTTPAPI/2.0
      strict-transport-security:
      - max-age=31536000; includeSubDomains
      transfer-encoding:
      - chunked
      vary:
      - Accept-Encoding
      x-content-type-options:
      - nosniff
      x-ms-ratelimit-remaining-resource:
      - Microsoft.Compute/LowCostGet3Min;4985,Microsoft.Compute/LowCostGet30Min;39927
    status:
      code: 200
      message: OK
- request:
    body: '{"access": "Read", "durationInSeconds": 1800}'
    headers:
      Accept:
      - application/json
      Accept-Encoding:
      - gzip, deflate
      Connection:
      - keep-alive
      Content-Length:
      - '45'
      Content-Type:
      - application/json
      User-Agent:
      - azsdk-python-azure-mgmt-compute/0.1.0 Python/3.6.9 (Linux-4.9.184-linuxkit-x86_64-with-Ubuntu-18.04-bionic)
    method: POST
    uri: https://management.azure.com/subscriptions/00000000-0000-0000-0000-000000000000/resourceGroups/test_mgmt_compute_disks_test_compute_shot66bb1115/providers/Microsoft.Compute/snapshots/snapshotx66bb1115/beginGetAccess?api-version=2019-11-01
  response:
    body:
      string: ''
    headers:
      azure-asyncoperation:
      - https://management.azure.com/subscriptions/00000000-0000-0000-0000-000000000000/providers/Microsoft.Compute/locations/eastus/DiskOperations/e330d3f1-49a8-4cd3-bc13-2699cf265d57?api-version=2019-11-01
      cache-control:
      - no-cache
      content-length:
      - '0'
      date:
      - Sun, 26 Apr 2020 22:05:19 GMT
      expires:
      - '-1'
      location:
      - https://management.azure.com/subscriptions/00000000-0000-0000-0000-000000000000/providers/Microsoft.Compute/locations/eastus/DiskOperations/e330d3f1-49a8-4cd3-bc13-2699cf265d57?monitor=true&api-version=2019-11-01
      pragma:
      - no-cache
      server:
      - Microsoft-HTTPAPI/2.0
      - Microsoft-HTTPAPI/2.0
      strict-transport-security:
      - max-age=31536000; includeSubDomains
      x-content-type-options:
      - nosniff
      x-ms-ratelimit-remaining-resource:
      - Microsoft.Compute/HighCostSnapshotCreateHydrate3Min;238,Microsoft.Compute/HighCostSnapshotCreateHydrate30Min;1914
      x-ms-ratelimit-remaining-subscription-writes:
      - '1196'
    status:
      code: 202
      message: Accepted
- request:
    body: null
    headers:
      Accept:
      - '*/*'
      Accept-Encoding:
      - gzip, deflate
      Connection:
      - keep-alive
      User-Agent:
      - azsdk-python-azure-mgmt-compute/0.1.0 Python/3.6.9 (Linux-4.9.184-linuxkit-x86_64-with-Ubuntu-18.04-bionic)
    method: GET
    uri: https://management.azure.com/subscriptions/00000000-0000-0000-0000-000000000000/providers/Microsoft.Compute/locations/eastus/DiskOperations/e330d3f1-49a8-4cd3-bc13-2699cf265d57?api-version=2019-11-01
  response:
    body:
      string: "{\r\n  \"startTime\": \"2020-04-26T22:05:19.8400797+00:00\",\r\n  \"\
        endTime\": \"2020-04-26T22:05:19.9807007+00:00\",\r\n  \"status\": \"Succeeded\"\
        ,\r\n  \"properties\": {\r\n    \"output\": {\r\n  \"accessSAS\": \"https://md-hqnnqftxbnwp.blob.core.windows.net/bl5c15jj11lf/abcd?sv=2017-04-17&sr=b&si=9ec56864-00d2-40ee-9a52-725954bfb6b8&sig=6FT8wWRNmg7B%2FwZygw4M%2Bjht8wTIdxDE8m2vJSqK6tw%3D\"\
        \r\n}\r\n  },\r\n  \"name\": \"e330d3f1-49a8-4cd3-bc13-2699cf265d57\"\r\n}"
    headers:
      cache-control:
      - no-cache
      content-length:
      - '425'
      content-type:
      - application/json; charset=utf-8
      date:
      - Sun, 26 Apr 2020 22:05:49 GMT
      expires:
      - '-1'
      pragma:
      - no-cache
      server:
      - Microsoft-HTTPAPI/2.0
      - Microsoft-HTTPAPI/2.0
      strict-transport-security:
      - max-age=31536000; includeSubDomains
      transfer-encoding:
      - chunked
      vary:
      - Accept-Encoding
      x-content-type-options:
      - nosniff
      x-ms-ratelimit-remaining-resource:
      - Microsoft.Compute/GetOperation3Min;49989,Microsoft.Compute/GetOperation30Min;399916
    status:
      code: 200
      message: OK
- request:
    body: null
    headers:
      Accept:
      - '*/*'
      Accept-Encoding:
      - gzip, deflate
      Connection:
      - keep-alive
      User-Agent:
      - azsdk-python-azure-mgmt-compute/0.1.0 Python/3.6.9 (Linux-4.9.184-linuxkit-x86_64-with-Ubuntu-18.04-bionic)
    method: GET
    uri: https://management.azure.com/subscriptions/00000000-0000-0000-0000-000000000000/providers/Microsoft.Compute/locations/eastus/DiskOperations/e330d3f1-49a8-4cd3-bc13-2699cf265d57?monitor=true&api-version=2019-11-01
  response:
    body:
      string: "{\r\n  \"accessSAS\": \"https://md-hqnnqftxbnwp.blob.core.windows.net/bl5c15jj11lf/abcd?sv=2017-04-17&sr=b&si=9ec56864-00d2-40ee-9a52-725954bfb6b8&sig=6FT8wWRNmg7B%2FwZygw4M%2Bjht8wTIdxDE8m2vJSqK6tw%3D\"\
        \r\n}"
    headers:
      cache-control:
      - no-cache
      content-length:
      - '200'
      content-type:
      - application/json; charset=utf-8
      date:
      - Sun, 26 Apr 2020 22:05:49 GMT
      expires:
      - '-1'
      pragma:
      - no-cache
      server:
      - Microsoft-HTTPAPI/2.0
      - Microsoft-HTTPAPI/2.0
      strict-transport-security:
      - max-age=31536000; includeSubDomains
      transfer-encoding:
      - chunked
      vary:
      - Accept-Encoding
      x-content-type-options:
      - nosniff
      x-ms-ratelimit-remaining-resource:
      - Microsoft.Compute/GetOperation3Min;49988,Microsoft.Compute/GetOperation30Min;399915
    status:
      code: 200
      message: OK
- request:
    body: null
    headers:
      Accept:
      - '*/*'
      Accept-Encoding:
      - gzip, deflate
      Connection:
      - keep-alive
      Content-Length:
      - '0'
      User-Agent:
      - azsdk-python-azure-mgmt-compute/0.1.0 Python/3.6.9 (Linux-4.9.184-linuxkit-x86_64-with-Ubuntu-18.04-bionic)
    method: POST
    uri: https://management.azure.com/subscriptions/00000000-0000-0000-0000-000000000000/resourceGroups/test_mgmt_compute_disks_test_compute_shot66bb1115/providers/Microsoft.Compute/snapshots/snapshotx66bb1115/endGetAccess?api-version=2019-11-01
  response:
    body:
      string: ''
    headers:
      azure-asyncoperation:
      - https://management.azure.com/subscriptions/00000000-0000-0000-0000-000000000000/providers/Microsoft.Compute/locations/eastus/DiskOperations/6b7c9bdf-db90-4b6d-abde-54a7ef56a58a?api-version=2019-11-01
      cache-control:
      - no-cache
      content-length:
      - '0'
      date:
      - Sun, 26 Apr 2020 22:05:50 GMT
      expires:
      - '-1'
      location:
      - https://management.azure.com/subscriptions/00000000-0000-0000-0000-000000000000/providers/Microsoft.Compute/locations/eastus/DiskOperations/6b7c9bdf-db90-4b6d-abde-54a7ef56a58a?monitor=true&api-version=2019-11-01
      pragma:
      - no-cache
      server:
      - Microsoft-HTTPAPI/2.0
      - Microsoft-HTTPAPI/2.0
      strict-transport-security:
      - max-age=31536000; includeSubDomains
      x-content-type-options:
      - nosniff
      x-ms-ratelimit-remaining-resource:
      - Microsoft.Compute/HighCostSnapshotCreateHydrate3Min;237,Microsoft.Compute/HighCostSnapshotCreateHydrate30Min;1913
      x-ms-ratelimit-remaining-subscription-writes:
      - '1195'
    status:
      code: 202
      message: Accepted
- request:
    body: null
    headers:
      Accept:
      - '*/*'
      Accept-Encoding:
      - gzip, deflate
      Connection:
      - keep-alive
      User-Agent:
      - azsdk-python-azure-mgmt-compute/0.1.0 Python/3.6.9 (Linux-4.9.184-linuxkit-x86_64-with-Ubuntu-18.04-bionic)
    method: GET
    uri: https://management.azure.com/subscriptions/00000000-0000-0000-0000-000000000000/providers/Microsoft.Compute/locations/eastus/DiskOperations/6b7c9bdf-db90-4b6d-abde-54a7ef56a58a?api-version=2019-11-01
  response:
    body:
      string: "{\r\n  \"startTime\": \"2020-04-26T22:05:50.7777838+00:00\",\r\n  \"\
        endTime\": \"2020-04-26T22:05:50.887159+00:00\",\r\n  \"status\": \"Succeeded\"\
        ,\r\n  \"name\": \"6b7c9bdf-db90-4b6d-abde-54a7ef56a58a\"\r\n}"
    headers:
      cache-control:
      - no-cache
      content-length:
      - '183'
      content-type:
      - application/json; charset=utf-8
      date:
      - Sun, 26 Apr 2020 22:06:20 GMT
      expires:
      - '-1'
      pragma:
      - no-cache
      server:
      - Microsoft-HTTPAPI/2.0
      - Microsoft-HTTPAPI/2.0
      strict-transport-security:
      - max-age=31536000; includeSubDomains
      transfer-encoding:
      - chunked
      vary:
      - Accept-Encoding
      x-content-type-options:
      - nosniff
      x-ms-ratelimit-remaining-resource:
      - Microsoft.Compute/GetOperation3Min;49986,Microsoft.Compute/GetOperation30Min;399913
    status:
      code: 200
      message: OK
- request:
    body: null
    headers:
      Accept:
      - '*/*'
      Accept-Encoding:
      - gzip, deflate
      Connection:
      - keep-alive
      User-Agent:
      - azsdk-python-azure-mgmt-compute/0.1.0 Python/3.6.9 (Linux-4.9.184-linuxkit-x86_64-with-Ubuntu-18.04-bionic)
    method: GET
    uri: https://management.azure.com/subscriptions/00000000-0000-0000-0000-000000000000/providers/Microsoft.Compute/locations/eastus/DiskOperations/6b7c9bdf-db90-4b6d-abde-54a7ef56a58a?monitor=true&api-version=2019-11-01
  response:
    body:
      string: ''
    headers:
      cache-control:
      - no-cache
      content-length:
      - '0'
      date:
      - Sun, 26 Apr 2020 22:06:20 GMT
      expires:
      - '-1'
      pragma:
      - no-cache
      server:
      - Microsoft-HTTPAPI/2.0
      - Microsoft-HTTPAPI/2.0
      strict-transport-security:
      - max-age=31536000; includeSubDomains
      x-content-type-options:
      - nosniff
      x-ms-ratelimit-remaining-resource:
      - Microsoft.Compute/GetOperation3Min;49985,Microsoft.Compute/GetOperation30Min;399912
    status:
      code: 200
      message: OK
- request:
    body: null
    headers:
      Accept:
      - '*/*'
      Accept-Encoding:
      - gzip, deflate
      Connection:
      - keep-alive
      Content-Length:
      - '0'
      User-Agent:
      - azsdk-python-azure-mgmt-compute/0.1.0 Python/3.6.9 (Linux-4.9.184-linuxkit-x86_64-with-Ubuntu-18.04-bionic)
    method: DELETE
    uri: https://management.azure.com/subscriptions/00000000-0000-0000-0000-000000000000/resourceGroups/test_mgmt_compute_disks_test_compute_shot66bb1115/providers/Microsoft.Compute/images/imagex66bb1115?api-version=2019-12-01
  response:
    body:
      string: ''
    headers:
      azure-asyncnotification:
      - Enabled
      azure-asyncoperation:
      - https://management.azure.com/subscriptions/00000000-0000-0000-0000-000000000000/providers/Microsoft.Compute/locations/eastus/operations/72168cdf-0aea-41ed-bd78-e1ac276a8c8f?api-version=2019-12-01
      cache-control:
      - no-cache
      content-length:
      - '0'
      date:
      - Sun, 26 Apr 2020 22:06:21 GMT
      expires:
      - '-1'
      location:
      - https://management.azure.com/subscriptions/00000000-0000-0000-0000-000000000000/providers/Microsoft.Compute/locations/eastus/operations/72168cdf-0aea-41ed-bd78-e1ac276a8c8f?monitor=true&api-version=2019-12-01
      pragma:
      - no-cache
      server:
      - Microsoft-HTTPAPI/2.0
      - Microsoft-HTTPAPI/2.0
      strict-transport-security:
      - max-age=31536000; includeSubDomains
      x-content-type-options:
      - nosniff
      x-ms-ratelimit-remaining-resource:
      - Microsoft.Compute/DeleteImages3Min;119,Microsoft.Compute/DeleteImages30Min;597
      x-ms-ratelimit-remaining-subscription-deletes:
      - '14998'
    status:
      code: 202
      message: Accepted
- request:
    body: null
    headers:
      Accept:
      - '*/*'
      Accept-Encoding:
      - gzip, deflate
      Connection:
      - keep-alive
      User-Agent:
      - azsdk-python-azure-mgmt-compute/0.1.0 Python/3.6.9 (Linux-4.9.184-linuxkit-x86_64-with-Ubuntu-18.04-bionic)
    method: GET
    uri: https://management.azure.com/subscriptions/00000000-0000-0000-0000-000000000000/providers/Microsoft.Compute/locations/eastus/operations/72168cdf-0aea-41ed-bd78-e1ac276a8c8f?api-version=2019-12-01
  response:
    body:
      string: "{\r\n  \"startTime\": \"2020-04-26T22:06:21.9586648+00:00\",\r\n  \"\
        endTime\": \"2020-04-26T22:06:27.0212231+00:00\",\r\n  \"status\": \"Succeeded\"\
        ,\r\n  \"name\": \"72168cdf-0aea-41ed-bd78-e1ac276a8c8f\"\r\n}"
    headers:
      cache-control:
      - no-cache
      content-length:
      - '184'
      content-type:
      - application/json; charset=utf-8
      date:
      - Sun, 26 Apr 2020 22:06:52 GMT
      expires:
      - '-1'
      pragma:
      - no-cache
      server:
      - Microsoft-HTTPAPI/2.0
      - Microsoft-HTTPAPI/2.0
      strict-transport-security:
      - max-age=31536000; includeSubDomains
      transfer-encoding:
      - chunked
      vary:
      - Accept-Encoding
      x-content-type-options:
      - nosniff
      x-ms-ratelimit-remaining-resource:
      - Microsoft.Compute/GetOperation3Min;14993,Microsoft.Compute/GetOperation30Min;29943
    status:
      code: 200
      message: OK
- request:
    body: null
    headers:
      Accept:
      - '*/*'
      Accept-Encoding:
      - gzip, deflate
      Connection:
      - keep-alive
      Content-Length:
      - '0'
      User-Agent:
      - azsdk-python-azure-mgmt-compute/0.1.0 Python/3.6.9 (Linux-4.9.184-linuxkit-x86_64-with-Ubuntu-18.04-bionic)
    method: DELETE
    uri: https://management.azure.com/subscriptions/00000000-0000-0000-0000-000000000000/resourceGroups/test_mgmt_compute_disks_test_compute_shot66bb1115/providers/Microsoft.Compute/snapshots/snapshotx66bb1115?api-version=2019-11-01
  response:
    body:
      string: ''
    headers:
      azure-asyncoperation:
      - https://management.azure.com/subscriptions/00000000-0000-0000-0000-000000000000/providers/Microsoft.Compute/locations/eastus/DiskOperations/d2ec5bf2-f753-41b4-8aae-398dd2232026?api-version=2019-11-01
      cache-control:
      - no-cache
      content-length:
      - '0'
      date:
      - Sun, 26 Apr 2020 22:06:52 GMT
      expires:
      - '-1'
      location:
      - https://management.azure.com/subscriptions/00000000-0000-0000-0000-000000000000/providers/Microsoft.Compute/locations/eastus/DiskOperations/d2ec5bf2-f753-41b4-8aae-398dd2232026?monitor=true&api-version=2019-11-01
      pragma:
      - no-cache
      server:
      - Microsoft-HTTPAPI/2.0
      - Microsoft-HTTPAPI/2.0
      strict-transport-security:
      - max-age=31536000; includeSubDomains
      x-content-type-options:
      - nosniff
      x-ms-ratelimit-remaining-resource:
      - Microsoft.Compute/DeleteDisks3Min;997,Microsoft.Compute/DeleteDisks30Min;7984
      x-ms-ratelimit-remaining-subscription-deletes:
      - '14997'
    status:
      code: 202
      message: Accepted
- request:
    body: null
    headers:
      Accept:
      - '*/*'
      Accept-Encoding:
      - gzip, deflate
      Connection:
      - keep-alive
      User-Agent:
      - azsdk-python-azure-mgmt-compute/0.1.0 Python/3.6.9 (Linux-4.9.184-linuxkit-x86_64-with-Ubuntu-18.04-bionic)
    method: GET
    uri: https://management.azure.com/subscriptions/00000000-0000-0000-0000-000000000000/providers/Microsoft.Compute/locations/eastus/DiskOperations/d2ec5bf2-f753-41b4-8aae-398dd2232026?api-version=2019-11-01
  response:
    body:
      string: "{\r\n  \"startTime\": \"2020-04-26T22:06:52.8894523+00:00\",\r\n  \"\
        endTime\": \"2020-04-26T22:06:53.0925798+00:00\",\r\n  \"status\": \"Succeeded\"\
        ,\r\n  \"name\": \"d2ec5bf2-f753-41b4-8aae-398dd2232026\"\r\n}"
    headers:
      cache-control:
      - no-cache
      content-length:
      - '184'
      content-type:
      - application/json; charset=utf-8
      date:
      - Sun, 26 Apr 2020 22:07:22 GMT
      expires:
      - '-1'
      pragma:
      - no-cache
      server:
      - Microsoft-HTTPAPI/2.0
      - Microsoft-HTTPAPI/2.0
      strict-transport-security:
      - max-age=31536000; includeSubDomains
      transfer-encoding:
      - chunked
      vary:
      - Accept-Encoding
      x-content-type-options:
      - nosniff
      x-ms-ratelimit-remaining-resource:
      - Microsoft.Compute/GetOperation3Min;49987,Microsoft.Compute/GetOperation30Min;399908
    status:
      code: 200
      message: OK
version: 1
