interactions:
- request:
    body: '{"location": "eastus", "properties": {"creationData": {"createOption":
      "Empty"}, "diskSizeGB": 200}}'
    headers:
      Accept:
      - application/json
      Accept-Encoding:
      - gzip, deflate
      Connection:
      - keep-alive
      Content-Length:
      - '100'
      Content-Type:
      - application/json
      User-Agent:
      - azsdk-python-azure-mgmt-compute/0.1.0 Python/3.6.9 (Linux-4.9.184-linuxkit-x86_64-with-Ubuntu-18.04-bionic)
    method: PUT
    uri: https://management.azure.com/subscriptions/00000000-0000-0000-0000-000000000000/resourceGroups/test_mgmt_compute_galleries_test_compute_galleries10bb14a9/providers/Microsoft.Compute/disks/diskname10bb14a9?api-version=2019-11-01
  response:
    body:
      string: "{\r\n  \"name\": \"diskname10bb14a9\",\r\n  \"location\": \"eastus\"\
        ,\r\n  \"properties\": {\r\n    \"creationData\": {\r\n      \"createOption\"\
        : \"Empty\"\r\n    },\r\n    \"diskSizeGB\": 200,\r\n    \"provisioningState\"\
        : \"Updating\",\r\n    \"isArmResource\": true\r\n  }\r\n}"
    headers:
      azure-asyncoperation:
      - https://management.azure.com/subscriptions/00000000-0000-0000-0000-000000000000/providers/Microsoft.Compute/locations/eastus/DiskOperations/906f4761-f929-4d1f-8998-d578fb151e72?api-version=2019-11-01
      cache-control:
      - no-cache
      content-length:
      - '235'
      content-type:
      - application/json; charset=utf-8
      date:
      - Sun, 26 Apr 2020 19:52:39 GMT
      expires:
      - '-1'
      location:
      - https://management.azure.com/subscriptions/00000000-0000-0000-0000-000000000000/providers/Microsoft.Compute/locations/eastus/DiskOperations/906f4761-f929-4d1f-8998-d578fb151e72?monitor=true&api-version=2019-11-01
      pragma:
      - no-cache
      server:
      - Microsoft-HTTPAPI/2.0
      - Microsoft-HTTPAPI/2.0
      strict-transport-security:
      - max-age=31536000; includeSubDomains
      x-content-type-options:
      - nosniff
      x-ms-ratelimit-remaining-resource:
      - Microsoft.Compute/CreateUpdateDisks3Min;995,Microsoft.Compute/CreateUpdateDisks30Min;7992
      x-ms-ratelimit-remaining-subscription-writes:
      - '1194'
    status:
      code: 202
      message: Accepted
- request:
    body: null
    headers:
      Accept:
      - '*/*'
      Accept-Encoding:
      - gzip, deflate
      Connection:
      - keep-alive
      User-Agent:
      - azsdk-python-azure-mgmt-compute/0.1.0 Python/3.6.9 (Linux-4.9.184-linuxkit-x86_64-with-Ubuntu-18.04-bionic)
    method: GET
    uri: https://management.azure.com/subscriptions/00000000-0000-0000-0000-000000000000/providers/Microsoft.Compute/locations/eastus/DiskOperations/906f4761-f929-4d1f-8998-d578fb151e72?api-version=2019-11-01
  response:
    body:
      string: "{\r\n  \"startTime\": \"2020-04-26T19:52:40.3433332+00:00\",\r\n  \"\
        endTime\": \"2020-04-26T19:52:40.4683598+00:00\",\r\n  \"status\": \"Succeeded\"\
        ,\r\n  \"properties\": {\r\n    \"output\": {\r\n  \"name\": \"diskname10bb14a9\"\
        ,\r\n  \"id\": \"/subscriptions/00000000-0000-0000-0000-000000000000/resourceGroups/test_mgmt_compute_galleries_test_compute_galleries10bb14a9/providers/Microsoft.Compute/disks/diskname10bb14a9\"\
        ,\r\n  \"type\": \"Microsoft.Compute/disks\",\r\n  \"location\": \"eastus\"\
        ,\r\n  \"sku\": {\r\n    \"name\": \"Standard_LRS\",\r\n    \"tier\": \"Standard\"\
        \r\n  },\r\n  \"properties\": {\r\n    \"creationData\": {\r\n      \"createOption\"\
        : \"Empty\"\r\n    },\r\n    \"diskSizeGB\": 200,\r\n    \"diskIOPSReadWrite\"\
        : 500,\r\n    \"diskMBpsReadWrite\": 60,\r\n    \"encryption\": {\r\n    \
        \  \"type\": \"EncryptionAtRestWithPlatformKey\"\r\n    },\r\n    \"timeCreated\"\
        : \"2020-04-26T19:52:40.3433332+00:00\",\r\n    \"provisioningState\": \"\
        Succeeded\",\r\n    \"diskState\": \"Unattached\",\r\n    \"diskSizeBytes\"\
        : 214748364800,\r\n    \"uniqueId\": \"b0734bf1-4b35-48bb-b95e-6f983480eb66\"\
        \r\n  }\r\n}\r\n  },\r\n  \"name\": \"906f4761-f929-4d1f-8998-d578fb151e72\"\
        \r\n}"
    headers:
      cache-control:
      - no-cache
      content-length:
      - '1052'
      content-type:
      - application/json; charset=utf-8
      date:
      - Sun, 26 Apr 2020 19:52:41 GMT
      expires:
      - '-1'
      pragma:
      - no-cache
      server:
      - Microsoft-HTTPAPI/2.0
      - Microsoft-HTTPAPI/2.0
      strict-transport-security:
      - max-age=31536000; includeSubDomains
      transfer-encoding:
      - chunked
      vary:
      - Accept-Encoding
      x-content-type-options:
      - nosniff
      x-ms-ratelimit-remaining-resource:
      - Microsoft.Compute/GetOperation3Min;49983,Microsoft.Compute/GetOperation30Min;399967
    status:
      code: 200
      message: OK
- request:
    body: null
    headers:
      Accept:
      - '*/*'
      Accept-Encoding:
      - gzip, deflate
      Connection:
      - keep-alive
      User-Agent:
      - azsdk-python-azure-mgmt-compute/0.1.0 Python/3.6.9 (Linux-4.9.184-linuxkit-x86_64-with-Ubuntu-18.04-bionic)
    method: GET
    uri: https://management.azure.com/subscriptions/00000000-0000-0000-0000-000000000000/resourceGroups/test_mgmt_compute_galleries_test_compute_galleries10bb14a9/providers/Microsoft.Compute/disks/diskname10bb14a9?api-version=2019-11-01
  response:
    body:
      string: "{\r\n  \"name\": \"diskname10bb14a9\",\r\n  \"id\": \"/subscriptions/00000000-0000-0000-0000-000000000000/resourceGroups/test_mgmt_compute_galleries_test_compute_galleries10bb14a9/providers/Microsoft.Compute/disks/diskname10bb14a9\"\
        ,\r\n  \"type\": \"Microsoft.Compute/disks\",\r\n  \"location\": \"eastus\"\
        ,\r\n  \"sku\": {\r\n    \"name\": \"Standard_LRS\",\r\n    \"tier\": \"Standard\"\
        \r\n  },\r\n  \"properties\": {\r\n    \"creationData\": {\r\n      \"createOption\"\
        : \"Empty\"\r\n    },\r\n    \"diskSizeGB\": 200,\r\n    \"diskIOPSReadWrite\"\
        : 500,\r\n    \"diskMBpsReadWrite\": 60,\r\n    \"encryption\": {\r\n    \
        \  \"type\": \"EncryptionAtRestWithPlatformKey\"\r\n    },\r\n    \"timeCreated\"\
        : \"2020-04-26T19:52:40.3433332+00:00\",\r\n    \"provisioningState\": \"\
        Succeeded\",\r\n    \"diskState\": \"Unattached\",\r\n    \"diskSizeBytes\"\
        : 214748364800,\r\n    \"uniqueId\": \"b0734bf1-4b35-48bb-b95e-6f983480eb66\"\
        \r\n  }\r\n}"
    headers:
      cache-control:
      - no-cache
      content-length:
      - '827'
      content-type:
      - application/json; charset=utf-8
      date:
      - Sun, 26 Apr 2020 19:52:41 GMT
      expires:
      - '-1'
      pragma:
      - no-cache
      server:
      - Microsoft-HTTPAPI/2.0
      - Microsoft-HTTPAPI/2.0
      strict-transport-security:
      - max-age=31536000; includeSubDomains
      transfer-encoding:
      - chunked
      vary:
      - Accept-Encoding
      x-content-type-options:
      - nosniff
      x-ms-ratelimit-remaining-resource:
      - Microsoft.Compute/LowCostGet3Min;4982,Microsoft.Compute/LowCostGet30Min;39969
    status:
      code: 200
      message: OK
- request:
    body: 'b''b\''{"location": "eastus", "properties": {"creationData": {"createOption":
      "Copy", "sourceUri": "/subscriptions/00000000-0000-0000-0000-000000000000/resourceGroups/test_mgmt_compute_galleries_test_compute_galleries10bb14a9/providers/Microsoft.Compute/disks/diskname10bb14a9"}}}\'''''
    headers:
      Accept:
      - application/json
      Accept-Encoding:
      - gzip, deflate
      Connection:
      - keep-alive
      Content-Length:
      - '273'
      Content-Type:
      - application/json
      User-Agent:
      - azsdk-python-azure-mgmt-compute/0.1.0 Python/3.6.9 (Linux-4.9.184-linuxkit-x86_64-with-Ubuntu-18.04-bionic)
    method: PUT
    uri: https://management.azure.com/subscriptions/00000000-0000-0000-0000-000000000000/resourceGroups/test_mgmt_compute_galleries_test_compute_galleries10bb14a9/providers/Microsoft.Compute/snapshots/snapshotname10bb14a9?api-version=2019-11-01
  response:
    body:
      string: "{\r\n  \"location\": \"eastus\",\r\n  \"properties\": {\r\n    \"creationData\"\
        : {\r\n      \"createOption\": \"Copy\",\r\n      \"sourceUri\": \"/subscriptions/00000000-0000-0000-0000-000000000000/resourceGroups/test_mgmt_compute_galleries_test_compute_galleries10bb14a9/providers/Microsoft.Compute/disks/diskname10bb14a9\"\
        ,\r\n      \"sourceUniqueId\": \"b0734bf1-4b35-48bb-b95e-6f983480eb66\"\r\n\
        \    },\r\n    \"provisioningState\": \"Updating\",\r\n    \"isArmResource\"\
        : true\r\n  }\r\n}"
    headers:
      azure-asyncoperation:
      - https://management.azure.com/subscriptions/00000000-0000-0000-0000-000000000000/providers/Microsoft.Compute/locations/eastus/DiskOperations/2171e92b-19db-4698-ac42-f81c44283b19?api-version=2019-11-01
      cache-control:
      - no-cache
      content-length:
      - '444'
      content-type:
      - application/json; charset=utf-8
      date:
      - Sun, 26 Apr 2020 19:52:43 GMT
      expires:
      - '-1'
      location:
      - https://management.azure.com/subscriptions/00000000-0000-0000-0000-000000000000/providers/Microsoft.Compute/locations/eastus/DiskOperations/2171e92b-19db-4698-ac42-f81c44283b19?monitor=true&api-version=2019-11-01
      pragma:
      - no-cache
      server:
      - Microsoft-HTTPAPI/2.0
      - Microsoft-HTTPAPI/2.0
      strict-transport-security:
      - max-age=31536000; includeSubDomains
      x-content-type-options:
      - nosniff
      x-ms-ratelimit-remaining-resource:
      - Microsoft.Compute/HighCostSnapshotCreateHydrate3Min;238,Microsoft.Compute/HighCostSnapshotCreateHydrate30Min;1917
      x-ms-ratelimit-remaining-subscription-writes:
      - '1193'
    status:
      code: 202
      message: Accepted
- request:
    body: null
    headers:
      Accept:
      - '*/*'
      Accept-Encoding:
      - gzip, deflate
      Connection:
      - keep-alive
      User-Agent:
      - azsdk-python-azure-mgmt-compute/0.1.0 Python/3.6.9 (Linux-4.9.184-linuxkit-x86_64-with-Ubuntu-18.04-bionic)
    method: GET
    uri: https://management.azure.com/subscriptions/00000000-0000-0000-0000-000000000000/providers/Microsoft.Compute/locations/eastus/DiskOperations/2171e92b-19db-4698-ac42-f81c44283b19?api-version=2019-11-01
  response:
    body:
      string: "{\r\n  \"startTime\": \"2020-04-26T19:52:44.2496751+00:00\",\r\n  \"\
        endTime\": \"2020-04-26T19:52:44.7027832+00:00\",\r\n  \"status\": \"Succeeded\"\
        ,\r\n  \"properties\": {\r\n    \"output\": {\r\n  \"name\": \"snapshotname10bb14a9\"\
        ,\r\n  \"id\": \"/subscriptions/00000000-0000-0000-0000-000000000000/resourceGroups/test_mgmt_compute_galleries_test_compute_galleries10bb14a9/providers/Microsoft.Compute/snapshots/snapshotname10bb14a9\"\
        ,\r\n  \"type\": \"Microsoft.Compute/snapshots\",\r\n  \"location\": \"eastus\"\
        ,\r\n  \"sku\": {\r\n    \"name\": \"Standard_LRS\",\r\n    \"tier\": \"Standard\"\
        \r\n  },\r\n  \"properties\": {\r\n    \"creationData\": {\r\n      \"createOption\"\
        : \"Copy\",\r\n      \"sourceResourceId\": \"/subscriptions/00000000-0000-0000-0000-000000000000/resourceGroups/test_mgmt_compute_galleries_test_compute_galleries10bb14a9/providers/Microsoft.Compute/disks/diskname10bb14a9\"\
        ,\r\n      \"sourceUniqueId\": \"b0734bf1-4b35-48bb-b95e-6f983480eb66\"\r\n\
        \    },\r\n    \"diskSizeGB\": 200,\r\n    \"encryption\": {\r\n      \"type\"\
        : \"EncryptionAtRestWithPlatformKey\"\r\n    },\r\n    \"incremental\": false,\r\
        \n    \"timeCreated\": \"2020-04-26T19:52:44.2496751+00:00\",\r\n    \"provisioningState\"\
        : \"Succeeded\",\r\n    \"diskState\": \"Unattached\",\r\n    \"diskSizeBytes\"\
        : 214748364800,\r\n    \"uniqueId\": \"c62061cd-bb15-4eb5-adcb-77d1967fa47a\"\
        \r\n  }\r\n}\r\n  },\r\n  \"name\": \"2171e92b-19db-4698-ac42-f81c44283b19\"\
        \r\n}"
    headers:
      cache-control:
      - no-cache
      content-length:
      - '1305'
      content-type:
      - application/json; charset=utf-8
      date:
      - Sun, 26 Apr 2020 19:52:46 GMT
      expires:
      - '-1'
      pragma:
      - no-cache
      server:
      - Microsoft-HTTPAPI/2.0
      - Microsoft-HTTPAPI/2.0
      strict-transport-security:
      - max-age=31536000; includeSubDomains
      transfer-encoding:
      - chunked
      vary:
      - Accept-Encoding
      x-content-type-options:
      - nosniff
      x-ms-ratelimit-remaining-resource:
      - Microsoft.Compute/GetOperation3Min;49981,Microsoft.Compute/GetOperation30Min;399965
    status:
      code: 200
      message: OK
- request:
    body: null
    headers:
      Accept:
      - '*/*'
      Accept-Encoding:
      - gzip, deflate
      Connection:
      - keep-alive
      User-Agent:
      - azsdk-python-azure-mgmt-compute/0.1.0 Python/3.6.9 (Linux-4.9.184-linuxkit-x86_64-with-Ubuntu-18.04-bionic)
    method: GET
    uri: https://management.azure.com/subscriptions/00000000-0000-0000-0000-000000000000/resourceGroups/test_mgmt_compute_galleries_test_compute_galleries10bb14a9/providers/Microsoft.Compute/snapshots/snapshotname10bb14a9?api-version=2019-11-01
  response:
    body:
      string: "{\r\n  \"name\": \"snapshotname10bb14a9\",\r\n  \"id\": \"/subscriptions/00000000-0000-0000-0000-000000000000/resourceGroups/test_mgmt_compute_galleries_test_compute_galleries10bb14a9/providers/Microsoft.Compute/snapshots/snapshotname10bb14a9\"\
        ,\r\n  \"type\": \"Microsoft.Compute/snapshots\",\r\n  \"location\": \"eastus\"\
        ,\r\n  \"sku\": {\r\n    \"name\": \"Standard_LRS\",\r\n    \"tier\": \"Standard\"\
        \r\n  },\r\n  \"properties\": {\r\n    \"creationData\": {\r\n      \"createOption\"\
        : \"Copy\",\r\n      \"sourceResourceId\": \"/subscriptions/00000000-0000-0000-0000-000000000000/resourceGroups/test_mgmt_compute_galleries_test_compute_galleries10bb14a9/providers/Microsoft.Compute/disks/diskname10bb14a9\"\
        ,\r\n      \"sourceUniqueId\": \"b0734bf1-4b35-48bb-b95e-6f983480eb66\"\r\n\
        \    },\r\n    \"diskSizeGB\": 200,\r\n    \"encryption\": {\r\n      \"type\"\
        : \"EncryptionAtRestWithPlatformKey\"\r\n    },\r\n    \"incremental\": false,\r\
        \n    \"timeCreated\": \"2020-04-26T19:52:44.2496751+00:00\",\r\n    \"provisioningState\"\
        : \"Succeeded\",\r\n    \"diskState\": \"Unattached\",\r\n    \"diskSizeBytes\"\
        : 214748364800,\r\n    \"uniqueId\": \"c62061cd-bb15-4eb5-adcb-77d1967fa47a\"\
        \r\n  }\r\n}"
    headers:
      cache-control:
      - no-cache
      content-length:
      - '1080'
      content-type:
      - application/json; charset=utf-8
      date:
      - Sun, 26 Apr 2020 19:52:46 GMT
      expires:
      - '-1'
      pragma:
      - no-cache
      server:
      - Microsoft-HTTPAPI/2.0
      - Microsoft-HTTPAPI/2.0
      strict-transport-security:
      - max-age=31536000; includeSubDomains
      transfer-encoding:
      - chunked
      vary:
      - Accept-Encoding
      x-content-type-options:
      - nosniff
      x-ms-ratelimit-remaining-resource:
      - Microsoft.Compute/LowCostGet3Min;4980,Microsoft.Compute/LowCostGet30Min;39967
    status:
      code: 200
      message: OK
- request:
    body: '{"location": "eastus", "properties": {"description": "This is the gallery
      description."}}'
    headers:
      Accept:
      - application/json
      Accept-Encoding:
      - gzip, deflate
      Connection:
      - keep-alive
      Content-Length:
      - '89'
      Content-Type:
      - application/json
      User-Agent:
      - azsdk-python-azure-mgmt-compute/0.1.0 Python/3.6.9 (Linux-4.9.184-linuxkit-x86_64-with-Ubuntu-18.04-bionic)
    method: PUT
    uri: https://management.azure.com/subscriptions/00000000-0000-0000-0000-000000000000/resourceGroups/test_mgmt_compute_galleries_test_compute_galleries10bb14a9/providers/Microsoft.Compute/galleries/galleryname10bb14a9?api-version=2019-12-01
  response:
    body:
      string: "{\r\n  \"name\": \"galleryname10bb14a9\",\r\n  \"id\": \"/subscriptions/00000000-0000-0000-0000-000000000000/resourceGroups/test_mgmt_compute_galleries_test_compute_galleries10bb14a9/providers/Microsoft.Compute/galleries/galleryname10bb14a9\"\
        ,\r\n  \"type\": \"Microsoft.Compute/galleries\",\r\n  \"location\": \"eastus\"\
        ,\r\n  \"properties\": {\r\n    \"description\": \"This is the gallery description.\"\
        ,\r\n    \"identifier\": {\r\n      \"uniqueName\": \"00000000-0000-0000-0000-000000000000-GALLERYNAME10BB14A9\"\
        \r\n    },\r\n    \"provisioningState\": \"Creating\"\r\n  }\r\n}"
    headers:
      azure-asyncoperation:
      - https://management.azure.com/subscriptions/00000000-0000-0000-0000-000000000000/providers/Microsoft.Compute/locations/eastus/capsOperations/f1bdf4f3-2eb5-420a-b3a3-7f0c2c1827f3?api-version=2019-12-01
      cache-control:
      - no-cache
      content-length:
      - '527'
      content-type:
      - application/json; charset=utf-8
      date:
      - Sun, 26 Apr 2020 19:52:48 GMT
      expires:
      - '-1'
      pragma:
      - no-cache
      server:
      - Microsoft-HTTPAPI/2.0
      - Microsoft-HTTPAPI/2.0
      strict-transport-security:
      - max-age=31536000; includeSubDomains
      x-content-type-options:
      - nosniff
      x-ms-ratelimit-remaining-resource:
      - Microsoft.Compute/CreateUpdateGallery3Min;49,Microsoft.Compute/CreateUpdateGallery30Min;299
      x-ms-ratelimit-remaining-subscription-writes:
      - '1192'
    status:
      code: 201
      message: Created
- request:
    body: null
    headers:
      Accept:
      - '*/*'
      Accept-Encoding:
      - gzip, deflate
      Connection:
      - keep-alive
      User-Agent:
      - azsdk-python-azure-mgmt-compute/0.1.0 Python/3.6.9 (Linux-4.9.184-linuxkit-x86_64-with-Ubuntu-18.04-bionic)
    method: GET
    uri: https://management.azure.com/subscriptions/00000000-0000-0000-0000-000000000000/providers/Microsoft.Compute/locations/eastus/capsOperations/f1bdf4f3-2eb5-420a-b3a3-7f0c2c1827f3?api-version=2019-12-01
  response:
    body:
      string: "{\r\n  \"startTime\": \"2020-04-26T19:52:48.1456047+00:00\",\r\n  \"\
        endTime\": \"2020-04-26T19:52:49.6300127+00:00\",\r\n  \"status\": \"Succeeded\"\
        ,\r\n  \"name\": \"f1bdf4f3-2eb5-420a-b3a3-7f0c2c1827f3\"\r\n}"
    headers:
      cache-control:
      - no-cache
      content-length:
      - '184'
      content-type:
      - application/json; charset=utf-8
      date:
      - Sun, 26 Apr 2020 19:53:18 GMT
      expires:
      - '-1'
      pragma:
      - no-cache
      server:
      - Microsoft-HTTPAPI/2.0
      - Microsoft-HTTPAPI/2.0
      strict-transport-security:
      - max-age=31536000; includeSubDomains
      transfer-encoding:
      - chunked
      vary:
      - Accept-Encoding
      x-content-type-options:
      - nosniff
      x-ms-ratelimit-remaining-resource:
      - Microsoft.Compute/GetOperationStatus3Min;1198,Microsoft.Compute/GetOperationStatus30Min;2398
    status:
      code: 200
      message: OK
- request:
    body: null
    headers:
      Accept:
      - '*/*'
      Accept-Encoding:
      - gzip, deflate
      Connection:
      - keep-alive
      User-Agent:
      - azsdk-python-azure-mgmt-compute/0.1.0 Python/3.6.9 (Linux-4.9.184-linuxkit-x86_64-with-Ubuntu-18.04-bionic)
    method: GET
    uri: https://management.azure.com/subscriptions/00000000-0000-0000-0000-000000000000/resourceGroups/test_mgmt_compute_galleries_test_compute_galleries10bb14a9/providers/Microsoft.Compute/galleries/galleryname10bb14a9?api-version=2019-12-01
  response:
    body:
      string: "{\r\n  \"name\": \"galleryname10bb14a9\",\r\n  \"id\": \"/subscriptions/00000000-0000-0000-0000-000000000000/resourceGroups/test_mgmt_compute_galleries_test_compute_galleries10bb14a9/providers/Microsoft.Compute/galleries/galleryname10bb14a9\"\
        ,\r\n  \"type\": \"Microsoft.Compute/galleries\",\r\n  \"location\": \"eastus\"\
        ,\r\n  \"properties\": {\r\n    \"description\": \"This is the gallery description.\"\
        ,\r\n    \"identifier\": {\r\n      \"uniqueName\": \"00000000-0000-0000-0000-000000000000-GALLERYNAME10BB14A9\"\
        \r\n    },\r\n    \"provisioningState\": \"Succeeded\"\r\n  }\r\n}"
    headers:
      cache-control:
      - no-cache
      content-length:
      - '528'
      content-type:
      - application/json; charset=utf-8
      date:
      - Sun, 26 Apr 2020 19:53:18 GMT
      expires:
      - '-1'
      pragma:
      - no-cache
      server:
      - Microsoft-HTTPAPI/2.0
      - Microsoft-HTTPAPI/2.0
      strict-transport-security:
      - max-age=31536000; includeSubDomains
      transfer-encoding:
      - chunked
      vary:
      - Accept-Encoding
      x-content-type-options:
      - nosniff
      x-ms-ratelimit-remaining-resource:
      - Microsoft.Compute/GetGallery3Min;346,Microsoft.Compute/GetGallery30Min;2496
    status:
      code: 200
      message: OK
- request:
    body: '{"location": "eastus", "properties": {"description": "This is the gallery
      application description.", "eula": "This is the gallery application EULA.",
      "supportedOSType": "Windows"}}'
    headers:
      Accept:
      - application/json
      Accept-Encoding:
      - gzip, deflate
      Connection:
      - keep-alive
      Content-Length:
      - '180'
      Content-Type:
      - application/json
      User-Agent:
      - azsdk-python-azure-mgmt-compute/0.1.0 Python/3.6.9 (Linux-4.9.184-linuxkit-x86_64-with-Ubuntu-18.04-bionic)
    method: PUT
    uri: https://management.azure.com/subscriptions/00000000-0000-0000-0000-000000000000/resourceGroups/test_mgmt_compute_galleries_test_compute_galleries10bb14a9/providers/Microsoft.Compute/galleries/galleryname10bb14a9/applications/applicationname10bb14a9?api-version=2019-12-01
  response:
    body:
      string: "{\r\n  \"name\": \"applicationname10bb14a9\",\r\n  \"id\": \"/subscriptions/00000000-0000-0000-0000-000000000000/resourceGroups/test_mgmt_compute_galleries_test_compute_galleries10bb14a9/providers/Microsoft.Compute/galleries/galleryname10bb14a9/applications/applicationname10bb14a9\"\
        ,\r\n  \"type\": \"Microsoft.Compute/galleries/applications\",\r\n  \"location\"\
        : \"eastus\",\r\n  \"properties\": {\r\n    \"supportedOSType\": \"Windows\"\
        ,\r\n    \"description\": \"This is the gallery application description.\"\
        ,\r\n    \"eula\": \"This is the gallery application EULA.\"\r\n  }\r\n}"
    headers:
      cache-control:
      - no-cache
      content-length:
      - '535'
      content-type:
      - application/json; charset=utf-8
      date:
      - Sun, 26 Apr 2020 19:53:19 GMT
      expires:
      - '-1'
      pragma:
      - no-cache
      server:
      - Microsoft-HTTPAPI/2.0
      - Microsoft-HTTPAPI/2.0
      strict-transport-security:
      - max-age=31536000; includeSubDomains
      x-content-type-options:
      - nosniff
      x-ms-ratelimit-remaining-resource:
      - Microsoft.Compute/CreateUpdateGalleryApplication3Min;149,Microsoft.Compute/CreateUpdateGalleryApplication30Min;749
      x-ms-ratelimit-remaining-subscription-writes:
      - '1191'
    status:
      code: 201
      message: Created
- request:
    body: null
    headers:
      Accept:
      - '*/*'
      Accept-Encoding:
      - gzip, deflate
      Connection:
      - keep-alive
      User-Agent:
      - azsdk-python-azure-mgmt-compute/0.1.0 Python/3.6.9 (Linux-4.9.184-linuxkit-x86_64-with-Ubuntu-18.04-bionic)
    method: GET
    uri: https://management.azure.com/subscriptions/00000000-0000-0000-0000-000000000000/resourceGroups/test_mgmt_compute_galleries_test_compute_galleries10bb14a9/providers/Microsoft.Compute/galleries/galleryname10bb14a9/applications/applicationname10bb14a9?api-version=2019-12-01
  response:
    body:
      string: "{\r\n  \"name\": \"applicationname10bb14a9\",\r\n  \"id\": \"/subscriptions/00000000-0000-0000-0000-000000000000/resourceGroups/test_mgmt_compute_galleries_test_compute_galleries10bb14a9/providers/Microsoft.Compute/galleries/galleryname10bb14a9/applications/applicationname10bb14a9\"\
        ,\r\n  \"type\": \"Microsoft.Compute/galleries/applications\",\r\n  \"location\"\
        : \"eastus\",\r\n  \"properties\": {\r\n    \"supportedOSType\": \"Windows\"\
        ,\r\n    \"description\": \"This is the gallery application description.\"\
        ,\r\n    \"eula\": \"This is the gallery application EULA.\"\r\n  }\r\n}"
    headers:
      cache-control:
      - no-cache
      content-length:
      - '535'
      content-type:
      - application/json; charset=utf-8
      date:
      - Sun, 26 Apr 2020 19:53:49 GMT
      expires:
      - '-1'
      pragma:
      - no-cache
      server:
      - Microsoft-HTTPAPI/2.0
      - Microsoft-HTTPAPI/2.0
      strict-transport-security:
      - max-age=31536000; includeSubDomains
      transfer-encoding:
      - chunked
      vary:
      - Accept-Encoding
      x-content-type-options:
      - nosniff
      x-ms-ratelimit-remaining-resource:
      - Microsoft.Compute/GetGalleryApplication3Min;298,Microsoft.Compute/GetGalleryApplication30Min;1998
    status:
      code: 200
      message: OK
- request:
    body: '{"location": "eastus", "properties": {"osType": "Windows", "osState": "Generalized",
      "identifier": {"publisher": "myPublisherName", "offer": "myOfferName", "sku":
      "mySkuName"}}}'
    headers:
      Accept:
      - application/json
      Accept-Encoding:
      - gzip, deflate
      Connection:
      - keep-alive
      Content-Length:
      - '177'
      Content-Type:
      - application/json
      User-Agent:
      - azsdk-python-azure-mgmt-compute/0.1.0 Python/3.6.9 (Linux-4.9.184-linuxkit-x86_64-with-Ubuntu-18.04-bionic)
    method: PUT
    uri: https://management.azure.com/subscriptions/00000000-0000-0000-0000-000000000000/resourceGroups/test_mgmt_compute_galleries_test_compute_galleries10bb14a9/providers/Microsoft.Compute/galleries/galleryname10bb14a9/images/imagex10bb14a9?api-version=2019-12-01
  response:
    body:
      string: "{\r\n  \"name\": \"imagex10bb14a9\",\r\n  \"id\": \"/subscriptions/00000000-0000-0000-0000-000000000000/resourceGroups/test_mgmt_compute_galleries_test_compute_galleries10bb14a9/providers/Microsoft.Compute/galleries/galleryname10bb14a9/images/imagex10bb14a9\"\
        ,\r\n  \"type\": \"Microsoft.Compute/galleries/images\",\r\n  \"location\"\
        : \"eastus\",\r\n  \"properties\": {\r\n    \"hyperVGeneration\": \"V1\",\r\
        \n    \"osType\": \"Windows\",\r\n    \"osState\": \"Generalized\",\r\n  \
        \  \"identifier\": {\r\n      \"publisher\": \"myPublisherName\",\r\n    \
        \  \"offer\": \"myOfferName\",\r\n      \"sku\": \"mySkuName\"\r\n    },\r\
        \n    \"provisioningState\": \"Creating\"\r\n  }\r\n}"
    headers:
      azure-asyncoperation:
      - https://management.azure.com/subscriptions/00000000-0000-0000-0000-000000000000/providers/Microsoft.Compute/locations/eastus/capsOperations/ce6a3fc2-eaa6-4a2f-9c61-2a122e2e7eca?api-version=2019-12-01
      cache-control:
      - no-cache
      content-length:
      - '599'
      content-type:
      - application/json; charset=utf-8
      date:
      - Sun, 26 Apr 2020 19:53:52 GMT
      expires:
      - '-1'
      pragma:
      - no-cache
      server:
      - Microsoft-HTTPAPI/2.0
      - Microsoft-HTTPAPI/2.0
      strict-transport-security:
      - max-age=31536000; includeSubDomains
      x-content-type-options:
      - nosniff
      x-ms-ratelimit-remaining-resource:
      - Microsoft.Compute/CreateUpdateGalleryImage3Min;149,Microsoft.Compute/CreateUpdateGalleryImage30Min;749
      x-ms-ratelimit-remaining-subscription-writes:
      - '1190'
    status:
      code: 201
      message: Created
- request:
    body: null
    headers:
      Accept:
      - '*/*'
      Accept-Encoding:
      - gzip, deflate
      Connection:
      - keep-alive
      User-Agent:
      - azsdk-python-azure-mgmt-compute/0.1.0 Python/3.6.9 (Linux-4.9.184-linuxkit-x86_64-with-Ubuntu-18.04-bionic)
    method: GET
    uri: https://management.azure.com/subscriptions/00000000-0000-0000-0000-000000000000/providers/Microsoft.Compute/locations/eastus/capsOperations/ce6a3fc2-eaa6-4a2f-9c61-2a122e2e7eca?api-version=2019-12-01
  response:
    body:
      string: "{\r\n  \"startTime\": \"2020-04-26T19:53:52.6617572+00:00\",\r\n  \"\
        endTime\": \"2020-04-26T19:53:52.8336086+00:00\",\r\n  \"status\": \"Succeeded\"\
        ,\r\n  \"name\": \"ce6a3fc2-eaa6-4a2f-9c61-2a122e2e7eca\"\r\n}"
    headers:
      cache-control:
      - no-cache
      content-length:
      - '184'
      content-type:
      - application/json; charset=utf-8
      date:
      - Sun, 26 Apr 2020 19:54:22 GMT
      expires:
      - '-1'
      pragma:
      - no-cache
      server:
      - Microsoft-HTTPAPI/2.0
      - Microsoft-HTTPAPI/2.0
      strict-transport-security:
      - max-age=31536000; includeSubDomains
      transfer-encoding:
      - chunked
      vary:
      - Accept-Encoding
      x-content-type-options:
      - nosniff
      x-ms-ratelimit-remaining-resource:
      - Microsoft.Compute/GetOperationStatus3Min;1196,Microsoft.Compute/GetOperationStatus30Min;2396
    status:
      code: 200
      message: OK
- request:
    body: null
    headers:
      Accept:
      - '*/*'
      Accept-Encoding:
      - gzip, deflate
      Connection:
      - keep-alive
      User-Agent:
      - azsdk-python-azure-mgmt-compute/0.1.0 Python/3.6.9 (Linux-4.9.184-linuxkit-x86_64-with-Ubuntu-18.04-bionic)
    method: GET
    uri: https://management.azure.com/subscriptions/00000000-0000-0000-0000-000000000000/resourceGroups/test_mgmt_compute_galleries_test_compute_galleries10bb14a9/providers/Microsoft.Compute/galleries/galleryname10bb14a9/images/imagex10bb14a9?api-version=2019-12-01
  response:
    body:
      string: "{\r\n  \"name\": \"imagex10bb14a9\",\r\n  \"id\": \"/subscriptions/00000000-0000-0000-0000-000000000000/resourceGroups/test_mgmt_compute_galleries_test_compute_galleries10bb14a9/providers/Microsoft.Compute/galleries/galleryname10bb14a9/images/imagex10bb14a9\"\
        ,\r\n  \"type\": \"Microsoft.Compute/galleries/images\",\r\n  \"location\"\
        : \"eastus\",\r\n  \"properties\": {\r\n    \"hyperVGeneration\": \"V1\",\r\
        \n    \"osType\": \"Windows\",\r\n    \"osState\": \"Generalized\",\r\n  \
        \  \"identifier\": {\r\n      \"publisher\": \"myPublisherName\",\r\n    \
        \  \"offer\": \"myOfferName\",\r\n      \"sku\": \"mySkuName\"\r\n    },\r\
        \n    \"provisioningState\": \"Succeeded\"\r\n  }\r\n}"
    headers:
      cache-control:
      - no-cache
      content-length:
      - '600'
      content-type:
      - application/json; charset=utf-8
      date:
      - Sun, 26 Apr 2020 19:54:22 GMT
      expires:
      - '-1'
      pragma:
      - no-cache
      server:
      - Microsoft-HTTPAPI/2.0
      - Microsoft-HTTPAPI/2.0
      strict-transport-security:
      - max-age=31536000; includeSubDomains
      transfer-encoding:
      - chunked
      vary:
      - Accept-Encoding
      x-content-type-options:
      - nosniff
      x-ms-ratelimit-remaining-resource:
      - Microsoft.Compute/GetGalleryImage3Min;596,Microsoft.Compute/GetGalleryImage30Min;2996
    status:
      code: 200
      message: OK
- request:
    body: 'b''b\''{"location": "eastus", "properties": {"publishingProfile": {"targetRegions":
      [{"name": "East US", "regionalReplicaCount": 2, "storageAccountType": "Standard_ZRS"}]},
      "storageProfile": {"osDiskImage": {"hostCaching": "ReadOnly", "source": {"id":
      "/subscriptions/00000000-0000-0000-0000-000000000000/resourceGroups/test_mgmt_compute_galleries_test_compute_galleries10bb14a9/providers/Microsoft.Compute/snapshots/snapshotname10bb14a9"}}}}}\'''''
    headers:
      Accept:
      - application/json
      Accept-Encoding:
      - gzip, deflate
      Connection:
      - keep-alive
      Content-Length:
      - '436'
      Content-Type:
      - application/json
      User-Agent:
      - azsdk-python-azure-mgmt-compute/0.1.0 Python/3.6.9 (Linux-4.9.184-linuxkit-x86_64-with-Ubuntu-18.04-bionic)
    method: PUT
    uri: https://management.azure.com/subscriptions/00000000-0000-0000-0000-000000000000/resourceGroups/test_mgmt_compute_galleries_test_compute_galleries10bb14a9/providers/Microsoft.Compute/galleries/galleryname10bb14a9/images/imagex10bb14a9/versions/1.0.0?api-version=2019-12-01
  response:
    body:
      string: "{\r\n  \"name\": \"1.0.0\",\r\n  \"id\": \"/subscriptions/00000000-0000-0000-0000-000000000000/resourceGroups/test_mgmt_compute_galleries_test_compute_galleries10bb14a9/providers/Microsoft.Compute/galleries/galleryname10bb14a9/images/imagex10bb14a9/versions/1.0.0\"\
        ,\r\n  \"type\": \"Microsoft.Compute/galleries/images/versions\",\r\n  \"\
        location\": \"eastus\",\r\n  \"properties\": {\r\n    \"publishingProfile\"\
        : {\r\n      \"targetRegions\": [\r\n        {\r\n          \"name\": \"East\
        \ US\",\r\n          \"regionalReplicaCount\": 2,\r\n          \"storageAccountType\"\
        : \"Standard_ZRS\"\r\n        }\r\n      ],\r\n      \"replicaCount\": 1,\r\
        \n      \"excludeFromLatest\": false,\r\n      \"publishedDate\": \"2020-04-26T19:54:25.7398818+00:00\"\
        ,\r\n      \"storageAccountType\": \"Standard_LRS\"\r\n    },\r\n    \"storageProfile\"\
        : {\r\n      \"osDiskImage\": {\r\n        \"hostCaching\": \"ReadOnly\",\r\
        \n        \"source\": {\r\n          \"id\": \"/subscriptions/00000000-0000-0000-0000-000000000000/resourceGroups/test_mgmt_compute_galleries_test_compute_galleries10bb14a9/providers/Microsoft.Compute/snapshots/snapshotname10bb14a9\"\
        \r\n        }\r\n      }\r\n    },\r\n    \"provisioningState\": \"Creating\"\
        \r\n  }\r\n}"
    headers:
      azure-asyncoperation:
      - https://management.azure.com/subscriptions/00000000-0000-0000-0000-000000000000/providers/Microsoft.Compute/locations/eastus/capsOperations/e37bf414-cf4e-44db-917e-29264fc8db2e?api-version=2019-12-01
      cache-control:
      - no-cache
      content-length:
      - '1115'
      content-type:
      - application/json; charset=utf-8
      date:
      - Sun, 26 Apr 2020 19:54:25 GMT
      expires:
      - '-1'
      pragma:
      - no-cache
      server:
      - Microsoft-HTTPAPI/2.0
      - Microsoft-HTTPAPI/2.0
      strict-transport-security:
      - max-age=31536000; includeSubDomains
      x-content-type-options:
      - nosniff
      x-ms-ratelimit-remaining-resource:
      - Microsoft.Compute/CreateUpdateGalleryImageVersion3Min;374,Microsoft.Compute/CreateUpdateGalleryImageVersion30Min;1199
      x-ms-ratelimit-remaining-subscription-writes:
      - '1189'
    status:
      code: 201
      message: Created
- request:
    body: null
    headers:
      Accept:
      - '*/*'
      Accept-Encoding:
      - gzip, deflate
      Connection:
      - keep-alive
      User-Agent:
      - azsdk-python-azure-mgmt-compute/0.1.0 Python/3.6.9 (Linux-4.9.184-linuxkit-x86_64-with-Ubuntu-18.04-bionic)
    method: GET
    uri: https://management.azure.com/subscriptions/00000000-0000-0000-0000-000000000000/providers/Microsoft.Compute/locations/eastus/capsOperations/e37bf414-cf4e-44db-917e-29264fc8db2e?api-version=2019-12-01
  response:
    body:
      string: "{\r\n  \"startTime\": \"2020-04-26T19:54:25.7086422+00:00\",\r\n  \"\
        status\": \"InProgress\",\r\n  \"name\": \"e37bf414-cf4e-44db-917e-29264fc8db2e\"\
        \r\n}"
    headers:
      cache-control:
      - no-cache
      content-length:
      - '134'
      content-type:
      - application/json; charset=utf-8
      date:
      - Sun, 26 Apr 2020 19:54:56 GMT
      expires:
      - '-1'
      pragma:
      - no-cache
      server:
      - Microsoft-HTTPAPI/2.0
      - Microsoft-HTTPAPI/2.0
      strict-transport-security:
      - max-age=31536000; includeSubDomains
      transfer-encoding:
      - chunked
      vary:
      - Accept-Encoding
      x-content-type-options:
      - nosniff
      x-ms-ratelimit-remaining-resource:
      - Microsoft.Compute/GetOperationStatus3Min;1194,Microsoft.Compute/GetOperationStatus30Min;2394
    status:
      code: 200
      message: OK
- request:
    body: null
    headers:
      Accept:
      - '*/*'
      Accept-Encoding:
      - gzip, deflate
      Connection:
      - keep-alive
      User-Agent:
      - azsdk-python-azure-mgmt-compute/0.1.0 Python/3.6.9 (Linux-4.9.184-linuxkit-x86_64-with-Ubuntu-18.04-bionic)
    method: GET
    uri: https://management.azure.com/subscriptions/00000000-0000-0000-0000-000000000000/providers/Microsoft.Compute/locations/eastus/capsOperations/e37bf414-cf4e-44db-917e-29264fc8db2e?api-version=2019-12-01
  response:
    body:
      string: "{\r\n  \"startTime\": \"2020-04-26T19:54:25.7086422+00:00\",\r\n  \"\
        status\": \"InProgress\",\r\n  \"name\": \"e37bf414-cf4e-44db-917e-29264fc8db2e\"\
        \r\n}"
    headers:
      cache-control:
      - no-cache
      content-length:
      - '134'
      content-type:
      - application/json; charset=utf-8
      date:
      - Sun, 26 Apr 2020 19:55:26 GMT
      expires:
      - '-1'
      pragma:
      - no-cache
      server:
      - Microsoft-HTTPAPI/2.0
      - Microsoft-HTTPAPI/2.0
      strict-transport-security:
      - max-age=31536000; includeSubDomains
      transfer-encoding:
      - chunked
      vary:
      - Accept-Encoding
      x-content-type-options:
      - nosniff
      x-ms-ratelimit-remaining-resource:
      - Microsoft.Compute/GetOperationStatus3Min;1191,Microsoft.Compute/GetOperationStatus30Min;2391
    status:
      code: 200
      message: OK
- request:
    body: null
    headers:
      Accept:
      - '*/*'
      Accept-Encoding:
      - gzip, deflate
      Connection:
      - keep-alive
      User-Agent:
      - azsdk-python-azure-mgmt-compute/0.1.0 Python/3.6.9 (Linux-4.9.184-linuxkit-x86_64-with-Ubuntu-18.04-bionic)
    method: GET
    uri: https://management.azure.com/subscriptions/00000000-0000-0000-0000-000000000000/providers/Microsoft.Compute/locations/eastus/capsOperations/e37bf414-cf4e-44db-917e-29264fc8db2e?api-version=2019-12-01
  response:
    body:
      string: "{\r\n  \"startTime\": \"2020-04-26T19:54:25.7086422+00:00\",\r\n  \"\
        status\": \"InProgress\",\r\n  \"name\": \"e37bf414-cf4e-44db-917e-29264fc8db2e\"\
        \r\n}"
    headers:
      cache-control:
      - no-cache
      content-length:
      - '134'
      content-type:
      - application/json; charset=utf-8
      date:
      - Sun, 26 Apr 2020 19:55:56 GMT
      expires:
      - '-1'
      pragma:
      - no-cache
      server:
      - Microsoft-HTTPAPI/2.0
      - Microsoft-HTTPAPI/2.0
      strict-transport-security:
      - max-age=31536000; includeSubDomains
      transfer-encoding:
      - chunked
      vary:
      - Accept-Encoding
      x-content-type-options:
      - nosniff
      x-ms-ratelimit-remaining-resource:
      - Microsoft.Compute/GetOperationStatus3Min;1188,Microsoft.Compute/GetOperationStatus30Min;2388
    status:
      code: 200
      message: OK
- request:
    body: null
    headers:
      Accept:
      - '*/*'
      Accept-Encoding:
      - gzip, deflate
      Connection:
      - keep-alive
      User-Agent:
      - azsdk-python-azure-mgmt-compute/0.1.0 Python/3.6.9 (Linux-4.9.184-linuxkit-x86_64-with-Ubuntu-18.04-bionic)
    method: GET
    uri: https://management.azure.com/subscriptions/00000000-0000-0000-0000-000000000000/providers/Microsoft.Compute/locations/eastus/capsOperations/e37bf414-cf4e-44db-917e-29264fc8db2e?api-version=2019-12-01
  response:
    body:
      string: "{\r\n  \"startTime\": \"2020-04-26T19:54:25.7086422+00:00\",\r\n  \"\
        status\": \"InProgress\",\r\n  \"name\": \"e37bf414-cf4e-44db-917e-29264fc8db2e\"\
        \r\n}"
    headers:
      cache-control:
      - no-cache
      content-length:
      - '134'
      content-type:
      - application/json; charset=utf-8
      date:
      - Sun, 26 Apr 2020 19:56:27 GMT
      expires:
      - '-1'
      pragma:
      - no-cache
      server:
      - Microsoft-HTTPAPI/2.0
      - Microsoft-HTTPAPI/2.0
      strict-transport-security:
      - max-age=31536000; includeSubDomains
      transfer-encoding:
      - chunked
      vary:
      - Accept-Encoding
      x-content-type-options:
      - nosniff
      x-ms-ratelimit-remaining-resource:
      - Microsoft.Compute/GetOperationStatus3Min;1187,Microsoft.Compute/GetOperationStatus30Min;2385
    status:
      code: 200
      message: OK
- request:
    body: null
    headers:
      Accept:
      - '*/*'
      Accept-Encoding:
      - gzip, deflate
      Connection:
      - keep-alive
      User-Agent:
      - azsdk-python-azure-mgmt-compute/0.1.0 Python/3.6.9 (Linux-4.9.184-linuxkit-x86_64-with-Ubuntu-18.04-bionic)
    method: GET
    uri: https://management.azure.com/subscriptions/00000000-0000-0000-0000-000000000000/providers/Microsoft.Compute/locations/eastus/capsOperations/e37bf414-cf4e-44db-917e-29264fc8db2e?api-version=2019-12-01
  response:
    body:
      string: "{\r\n  \"startTime\": \"2020-04-26T19:54:25.7086422+00:00\",\r\n  \"\
        status\": \"InProgress\",\r\n  \"name\": \"e37bf414-cf4e-44db-917e-29264fc8db2e\"\
        \r\n}"
    headers:
      cache-control:
      - no-cache
      content-length:
      - '134'
      content-type:
      - application/json; charset=utf-8
      date:
      - Sun, 26 Apr 2020 19:56:57 GMT
      expires:
      - '-1'
      pragma:
      - no-cache
      server:
      - Microsoft-HTTPAPI/2.0
      - Microsoft-HTTPAPI/2.0
      strict-transport-security:
      - max-age=31536000; includeSubDomains
      transfer-encoding:
      - chunked
      vary:
      - Accept-Encoding
      x-content-type-options:
      - nosniff
      x-ms-ratelimit-remaining-resource:
      - Microsoft.Compute/GetOperationStatus3Min;1185,Microsoft.Compute/GetOperationStatus30Min;2383
    status:
      code: 200
      message: OK
- request:
    body: null
    headers:
      Accept:
      - '*/*'
      Accept-Encoding:
      - gzip, deflate
      Connection:
      - keep-alive
      User-Agent:
      - azsdk-python-azure-mgmt-compute/0.1.0 Python/3.6.9 (Linux-4.9.184-linuxkit-x86_64-with-Ubuntu-18.04-bionic)
    method: GET
    uri: https://management.azure.com/subscriptions/00000000-0000-0000-0000-000000000000/providers/Microsoft.Compute/locations/eastus/capsOperations/e37bf414-cf4e-44db-917e-29264fc8db2e?api-version=2019-12-01
  response:
    body:
      string: "{\r\n  \"startTime\": \"2020-04-26T19:54:25.7086422+00:00\",\r\n  \"\
        status\": \"InProgress\",\r\n  \"name\": \"e37bf414-cf4e-44db-917e-29264fc8db2e\"\
        \r\n}"
    headers:
      cache-control:
      - no-cache
      content-length:
      - '134'
      content-type:
      - application/json; charset=utf-8
      date:
      - Sun, 26 Apr 2020 19:57:27 GMT
      expires:
      - '-1'
      pragma:
      - no-cache
      server:
      - Microsoft-HTTPAPI/2.0
      - Microsoft-HTTPAPI/2.0
      strict-transport-security:
      - max-age=31536000; includeSubDomains
      transfer-encoding:
      - chunked
      vary:
      - Accept-Encoding
      x-content-type-options:
      - nosniff
      x-ms-ratelimit-remaining-resource:
      - Microsoft.Compute/GetOperationStatus3Min;1184,Microsoft.Compute/GetOperationStatus30Min;2380
    status:
      code: 200
      message: OK
- request:
    body: null
    headers:
      Accept:
      - '*/*'
      Accept-Encoding:
      - gzip, deflate
      Connection:
      - keep-alive
      User-Agent:
      - azsdk-python-azure-mgmt-compute/0.1.0 Python/3.6.9 (Linux-4.9.184-linuxkit-x86_64-with-Ubuntu-18.04-bionic)
    method: GET
    uri: https://management.azure.com/subscriptions/00000000-0000-0000-0000-000000000000/providers/Microsoft.Compute/locations/eastus/capsOperations/e37bf414-cf4e-44db-917e-29264fc8db2e?api-version=2019-12-01
  response:
    body:
      string: "{\r\n  \"startTime\": \"2020-04-26T19:54:25.7086422+00:00\",\r\n  \"\
        status\": \"InProgress\",\r\n  \"name\": \"e37bf414-cf4e-44db-917e-29264fc8db2e\"\
        \r\n}"
    headers:
      cache-control:
      - no-cache
      content-length:
      - '134'
      content-type:
      - application/json; charset=utf-8
      date:
      - Sun, 26 Apr 2020 19:57:57 GMT
      expires:
      - '-1'
      pragma:
      - no-cache
      server:
      - Microsoft-HTTPAPI/2.0
      - Microsoft-HTTPAPI/2.0
      strict-transport-security:
      - max-age=31536000; includeSubDomains
      transfer-encoding:
      - chunked
      vary:
      - Accept-Encoding
      x-content-type-options:
      - nosniff
      x-ms-ratelimit-remaining-resource:
      - Microsoft.Compute/GetOperationStatus3Min;1183,Microsoft.Compute/GetOperationStatus30Min;2377
    status:
      code: 200
      message: OK
- request:
    body: null
    headers:
      Accept:
      - '*/*'
      Accept-Encoding:
      - gzip, deflate
      Connection:
      - keep-alive
      User-Agent:
      - azsdk-python-azure-mgmt-compute/0.1.0 Python/3.6.9 (Linux-4.9.184-linuxkit-x86_64-with-Ubuntu-18.04-bionic)
    method: GET
    uri: https://management.azure.com/subscriptions/00000000-0000-0000-0000-000000000000/providers/Microsoft.Compute/locations/eastus/capsOperations/e37bf414-cf4e-44db-917e-29264fc8db2e?api-version=2019-12-01
  response:
    body:
      string: "{\r\n  \"startTime\": \"2020-04-26T19:54:25.7086422+00:00\",\r\n  \"\
        status\": \"InProgress\",\r\n  \"name\": \"e37bf414-cf4e-44db-917e-29264fc8db2e\"\
        \r\n}"
    headers:
      cache-control:
      - no-cache
      content-length:
      - '134'
      content-type:
      - application/json; charset=utf-8
      date:
      - Sun, 26 Apr 2020 19:58:28 GMT
      expires:
      - '-1'
      pragma:
      - no-cache
      server:
      - Microsoft-HTTPAPI/2.0
      - Microsoft-HTTPAPI/2.0
      strict-transport-security:
      - max-age=31536000; includeSubDomains
      transfer-encoding:
      - chunked
      vary:
      - Accept-Encoding
      x-content-type-options:
      - nosniff
      x-ms-ratelimit-remaining-resource:
      - Microsoft.Compute/GetOperationStatus3Min;1183,Microsoft.Compute/GetOperationStatus30Min;2374
    status:
      code: 200
      message: OK
- request:
    body: null
    headers:
      Accept:
      - '*/*'
      Accept-Encoding:
      - gzip, deflate
      Connection:
      - keep-alive
      User-Agent:
      - azsdk-python-azure-mgmt-compute/0.1.0 Python/3.6.9 (Linux-4.9.184-linuxkit-x86_64-with-Ubuntu-18.04-bionic)
    method: GET
    uri: https://management.azure.com/subscriptions/00000000-0000-0000-0000-000000000000/providers/Microsoft.Compute/locations/eastus/capsOperations/e37bf414-cf4e-44db-917e-29264fc8db2e?api-version=2019-12-01
  response:
    body:
      string: "{\r\n  \"startTime\": \"2020-04-26T19:54:25.7086422+00:00\",\r\n  \"\
        status\": \"InProgress\",\r\n  \"name\": \"e37bf414-cf4e-44db-917e-29264fc8db2e\"\
        \r\n}"
    headers:
      cache-control:
      - no-cache
      content-length:
      - '134'
      content-type:
      - application/json; charset=utf-8
      date:
      - Sun, 26 Apr 2020 19:58:58 GMT
      expires:
      - '-1'
      pragma:
      - no-cache
      server:
      - Microsoft-HTTPAPI/2.0
      - Microsoft-HTTPAPI/2.0
      strict-transport-security:
      - max-age=31536000; includeSubDomains
      transfer-encoding:
      - chunked
      vary:
      - Accept-Encoding
      x-content-type-options:
      - nosniff
      x-ms-ratelimit-remaining-resource:
      - Microsoft.Compute/GetOperationStatus3Min;1183,Microsoft.Compute/GetOperationStatus30Min;2371
    status:
      code: 200
      message: OK
- request:
    body: null
    headers:
      Accept:
      - '*/*'
      Accept-Encoding:
      - gzip, deflate
      Connection:
      - keep-alive
      User-Agent:
      - azsdk-python-azure-mgmt-compute/0.1.0 Python/3.6.9 (Linux-4.9.184-linuxkit-x86_64-with-Ubuntu-18.04-bionic)
    method: GET
    uri: https://management.azure.com/subscriptions/00000000-0000-0000-0000-000000000000/providers/Microsoft.Compute/locations/eastus/capsOperations/e37bf414-cf4e-44db-917e-29264fc8db2e?api-version=2019-12-01
  response:
    body:
      string: "{\r\n  \"startTime\": \"2020-04-26T19:54:25.7086422+00:00\",\r\n  \"\
        status\": \"InProgress\",\r\n  \"name\": \"e37bf414-cf4e-44db-917e-29264fc8db2e\"\
        \r\n}"
    headers:
      cache-control:
      - no-cache
      content-length:
      - '134'
      content-type:
      - application/json; charset=utf-8
      date:
      - Sun, 26 Apr 2020 19:59:28 GMT
      expires:
      - '-1'
      pragma:
      - no-cache
      server:
      - Microsoft-HTTPAPI/2.0
      - Microsoft-HTTPAPI/2.0
      strict-transport-security:
      - max-age=31536000; includeSubDomains
      transfer-encoding:
      - chunked
      vary:
      - Accept-Encoding
      x-content-type-options:
      - nosniff
      x-ms-ratelimit-remaining-resource:
      - Microsoft.Compute/GetOperationStatus3Min;1184,Microsoft.Compute/GetOperationStatus30Min;2369
    status:
      code: 200
      message: OK
- request:
    body: null
    headers:
      Accept:
      - '*/*'
      Accept-Encoding:
      - gzip, deflate
      Connection:
      - keep-alive
      User-Agent:
      - azsdk-python-azure-mgmt-compute/0.1.0 Python/3.6.9 (Linux-4.9.184-linuxkit-x86_64-with-Ubuntu-18.04-bionic)
    method: GET
    uri: https://management.azure.com/subscriptions/00000000-0000-0000-0000-000000000000/providers/Microsoft.Compute/locations/eastus/capsOperations/e37bf414-cf4e-44db-917e-29264fc8db2e?api-version=2019-12-01
  response:
    body:
      string: "{\r\n  \"startTime\": \"2020-04-26T19:54:25.7086422+00:00\",\r\n  \"\
        status\": \"InProgress\",\r\n  \"name\": \"e37bf414-cf4e-44db-917e-29264fc8db2e\"\
        \r\n}"
    headers:
      cache-control:
      - no-cache
      content-length:
      - '134'
      content-type:
      - application/json; charset=utf-8
      date:
      - Sun, 26 Apr 2020 20:00:00 GMT
      expires:
      - '-1'
      pragma:
      - no-cache
      server:
      - Microsoft-HTTPAPI/2.0
      - Microsoft-HTTPAPI/2.0
      strict-transport-security:
      - max-age=31536000; includeSubDomains
      transfer-encoding:
      - chunked
      vary:
      - Accept-Encoding
      x-content-type-options:
      - nosniff
      x-ms-ratelimit-remaining-resource:
      - Microsoft.Compute/GetOperationStatus3Min;1186,Microsoft.Compute/GetOperationStatus30Min;2366
    status:
      code: 200
      message: OK
- request:
    body: null
    headers:
      Accept:
      - '*/*'
      Accept-Encoding:
      - gzip, deflate
      Connection:
      - keep-alive
      User-Agent:
      - azsdk-python-azure-mgmt-compute/0.1.0 Python/3.6.9 (Linux-4.9.184-linuxkit-x86_64-with-Ubuntu-18.04-bionic)
    method: GET
    uri: https://management.azure.com/subscriptions/00000000-0000-0000-0000-000000000000/providers/Microsoft.Compute/locations/eastus/capsOperations/e37bf414-cf4e-44db-917e-29264fc8db2e?api-version=2019-12-01
  response:
    body:
      string: "{\r\n  \"startTime\": \"2020-04-26T19:54:25.7086422+00:00\",\r\n  \"\
        status\": \"InProgress\",\r\n  \"name\": \"e37bf414-cf4e-44db-917e-29264fc8db2e\"\
        \r\n}"
    headers:
      cache-control:
      - no-cache
      content-length:
      - '134'
      content-type:
      - application/json; charset=utf-8
      date:
      - Sun, 26 Apr 2020 20:00:30 GMT
      expires:
      - '-1'
      pragma:
      - no-cache
      server:
      - Microsoft-HTTPAPI/2.0
      - Microsoft-HTTPAPI/2.0
      strict-transport-security:
      - max-age=31536000; includeSubDomains
      transfer-encoding:
      - chunked
      vary:
      - Accept-Encoding
      x-content-type-options:
      - nosniff
      x-ms-ratelimit-remaining-resource:
      - Microsoft.Compute/GetOperationStatus3Min;1186,Microsoft.Compute/GetOperationStatus30Min;2363
    status:
      code: 200
      message: OK
- request:
    body: null
    headers:
      Accept:
      - '*/*'
      Accept-Encoding:
      - gzip, deflate
      Connection:
      - keep-alive
      User-Agent:
      - azsdk-python-azure-mgmt-compute/0.1.0 Python/3.6.9 (Linux-4.9.184-linuxkit-x86_64-with-Ubuntu-18.04-bionic)
    method: GET
    uri: https://management.azure.com/subscriptions/00000000-0000-0000-0000-000000000000/providers/Microsoft.Compute/locations/eastus/capsOperations/e37bf414-cf4e-44db-917e-29264fc8db2e?api-version=2019-12-01
  response:
    body:
      string: "{\r\n  \"startTime\": \"2020-04-26T19:54:25.7086422+00:00\",\r\n  \"\
        status\": \"InProgress\",\r\n  \"name\": \"e37bf414-cf4e-44db-917e-29264fc8db2e\"\
        \r\n}"
    headers:
      cache-control:
      - no-cache
      content-length:
      - '134'
      content-type:
      - application/json; charset=utf-8
      date:
      - Sun, 26 Apr 2020 20:01:00 GMT
      expires:
      - '-1'
      pragma:
      - no-cache
      server:
      - Microsoft-HTTPAPI/2.0
      - Microsoft-HTTPAPI/2.0
      strict-transport-security:
      - max-age=31536000; includeSubDomains
      transfer-encoding:
      - chunked
      vary:
      - Accept-Encoding
      x-content-type-options:
      - nosniff
      x-ms-ratelimit-remaining-resource:
      - Microsoft.Compute/GetOperationStatus3Min;1186,Microsoft.Compute/GetOperationStatus30Min;2360
    status:
      code: 200
      message: OK
- request:
    body: null
    headers:
      Accept:
      - '*/*'
      Accept-Encoding:
      - gzip, deflate
      Connection:
      - keep-alive
      User-Agent:
      - azsdk-python-azure-mgmt-compute/0.1.0 Python/3.6.9 (Linux-4.9.184-linuxkit-x86_64-with-Ubuntu-18.04-bionic)
    method: GET
    uri: https://management.azure.com/subscriptions/00000000-0000-0000-0000-000000000000/providers/Microsoft.Compute/locations/eastus/capsOperations/e37bf414-cf4e-44db-917e-29264fc8db2e?api-version=2019-12-01
  response:
    body:
      string: "{\r\n  \"startTime\": \"2020-04-26T19:54:25.7086422+00:00\",\r\n  \"\
        status\": \"InProgress\",\r\n  \"name\": \"e37bf414-cf4e-44db-917e-29264fc8db2e\"\
        \r\n}"
    headers:
      cache-control:
      - no-cache
      content-length:
      - '134'
      content-type:
      - application/json; charset=utf-8
      date:
      - Sun, 26 Apr 2020 20:01:30 GMT
      expires:
      - '-1'
      pragma:
      - no-cache
      server:
      - Microsoft-HTTPAPI/2.0
      - Microsoft-HTTPAPI/2.0
      strict-transport-security:
      - max-age=31536000; includeSubDomains
      transfer-encoding:
      - chunked
      vary:
      - Accept-Encoding
      x-content-type-options:
      - nosniff
      x-ms-ratelimit-remaining-resource:
      - Microsoft.Compute/GetOperationStatus3Min;1186,Microsoft.Compute/GetOperationStatus30Min;2357
    status:
      code: 200
      message: OK
- request:
    body: null
    headers:
      Accept:
      - '*/*'
      Accept-Encoding:
      - gzip, deflate
      Connection:
      - keep-alive
      User-Agent:
      - azsdk-python-azure-mgmt-compute/0.1.0 Python/3.6.9 (Linux-4.9.184-linuxkit-x86_64-with-Ubuntu-18.04-bionic)
    method: GET
    uri: https://management.azure.com/subscriptions/00000000-0000-0000-0000-000000000000/providers/Microsoft.Compute/locations/eastus/capsOperations/e37bf414-cf4e-44db-917e-29264fc8db2e?api-version=2019-12-01
  response:
    body:
      string: "{\r\n  \"startTime\": \"2020-04-26T19:54:25.7086422+00:00\",\r\n  \"\
        status\": \"InProgress\",\r\n  \"name\": \"e37bf414-cf4e-44db-917e-29264fc8db2e\"\
        \r\n}"
    headers:
      cache-control:
      - no-cache
      content-length:
      - '134'
      content-type:
      - application/json; charset=utf-8
      date:
      - Sun, 26 Apr 2020 20:02:01 GMT
      expires:
      - '-1'
      pragma:
      - no-cache
      server:
      - Microsoft-HTTPAPI/2.0
      - Microsoft-HTTPAPI/2.0
      strict-transport-security:
      - max-age=31536000; includeSubDomains
      transfer-encoding:
      - chunked
      vary:
      - Accept-Encoding
      x-content-type-options:
      - nosniff
      x-ms-ratelimit-remaining-resource:
      - Microsoft.Compute/GetOperationStatus3Min;1185,Microsoft.Compute/GetOperationStatus30Min;2354
    status:
      code: 200
      message: OK
- request:
    body: null
    headers:
      Accept:
      - '*/*'
      Accept-Encoding:
      - gzip, deflate
      Connection:
      - keep-alive
      User-Agent:
      - azsdk-python-azure-mgmt-compute/0.1.0 Python/3.6.9 (Linux-4.9.184-linuxkit-x86_64-with-Ubuntu-18.04-bionic)
    method: GET
    uri: https://management.azure.com/subscriptions/00000000-0000-0000-0000-000000000000/providers/Microsoft.Compute/locations/eastus/capsOperations/e37bf414-cf4e-44db-917e-29264fc8db2e?api-version=2019-12-01
  response:
    body:
      string: "{\r\n  \"startTime\": \"2020-04-26T19:54:25.7086422+00:00\",\r\n  \"\
        endTime\": \"2020-04-26T20:02:11.224486+00:00\",\r\n  \"status\": \"Succeeded\"\
        ,\r\n  \"name\": \"e37bf414-cf4e-44db-917e-29264fc8db2e\"\r\n}"
    headers:
      cache-control:
      - no-cache
      content-length:
      - '183'
      content-type:
      - application/json; charset=utf-8
      date:
      - Sun, 26 Apr 2020 20:02:31 GMT
      expires:
      - '-1'
      pragma:
      - no-cache
      server:
      - Microsoft-HTTPAPI/2.0
      - Microsoft-HTTPAPI/2.0
      strict-transport-security:
      - max-age=31536000; includeSubDomains
      transfer-encoding:
      - chunked
      vary:
      - Accept-Encoding
      x-content-type-options:
      - nosniff
      x-ms-ratelimit-remaining-resource:
      - Microsoft.Compute/GetOperationStatus3Min;1185,Microsoft.Compute/GetOperationStatus30Min;2352
    status:
      code: 200
      message: OK
- request:
    body: null
    headers:
      Accept:
      - '*/*'
      Accept-Encoding:
      - gzip, deflate
      Connection:
      - keep-alive
      User-Agent:
      - azsdk-python-azure-mgmt-compute/0.1.0 Python/3.6.9 (Linux-4.9.184-linuxkit-x86_64-with-Ubuntu-18.04-bionic)
    method: GET
    uri: https://management.azure.com/subscriptions/00000000-0000-0000-0000-000000000000/resourceGroups/test_mgmt_compute_galleries_test_compute_galleries10bb14a9/providers/Microsoft.Compute/galleries/galleryname10bb14a9/images/imagex10bb14a9/versions/1.0.0?api-version=2019-12-01
  response:
    body:
      string: "{\r\n  \"name\": \"1.0.0\",\r\n  \"id\": \"/subscriptions/00000000-0000-0000-0000-000000000000/resourceGroups/test_mgmt_compute_galleries_test_compute_galleries10bb14a9/providers/Microsoft.Compute/galleries/galleryname10bb14a9/images/imagex10bb14a9/versions/1.0.0\"\
        ,\r\n  \"type\": \"Microsoft.Compute/galleries/images/versions\",\r\n  \"\
        location\": \"eastus\",\r\n  \"properties\": {\r\n    \"publishingProfile\"\
        : {\r\n      \"targetRegions\": [\r\n        {\r\n          \"name\": \"East\
        \ US\",\r\n          \"regionalReplicaCount\": 2,\r\n          \"storageAccountType\"\
        : \"Standard_ZRS\"\r\n        }\r\n      ],\r\n      \"replicaCount\": 1,\r\
        \n      \"excludeFromLatest\": false,\r\n      \"publishedDate\": \"2020-04-26T19:54:25.7398818+00:00\"\
        ,\r\n      \"storageAccountType\": \"Standard_LRS\"\r\n    },\r\n    \"storageProfile\"\
        : {\r\n      \"osDiskImage\": {\r\n        \"sizeInGB\": 200,\r\n        \"\
        hostCaching\": \"ReadOnly\",\r\n        \"source\": {\r\n          \"id\"\
        : \"/subscriptions/00000000-0000-0000-0000-000000000000/resourceGroups/test_mgmt_compute_galleries_test_compute_galleries10bb14a9/providers/Microsoft.Compute/snapshots/snapshotname10bb14a9\"\
        \r\n        }\r\n      }\r\n    },\r\n    \"provisioningState\": \"Succeeded\"\
        \r\n  }\r\n}"
    headers:
      cache-control:
      - no-cache
      content-length:
      - '1142'
      content-type:
      - application/json; charset=utf-8
      date:
      - Sun, 26 Apr 2020 20:02:31 GMT
      expires:
      - '-1'
      pragma:
      - no-cache
      server:
      - Microsoft-HTTPAPI/2.0
      - Microsoft-HTTPAPI/2.0
      strict-transport-security:
      - max-age=31536000; includeSubDomains
      transfer-encoding:
      - chunked
      vary:
      - Accept-Encoding
      x-content-type-options:
      - nosniff
      x-ms-ratelimit-remaining-resource:
      - Microsoft.Compute/GetGalleryImageVersion3Min;1997,Microsoft.Compute/GetGalleryImageVersion30Min;9995
    status:
      code: 200
      message: OK
- request:
    body: null
    headers:
      Accept:
      - application/json
      Accept-Encoding:
      - gzip, deflate
      Connection:
      - keep-alive
      User-Agent:
      - azsdk-python-azure-mgmt-compute/0.1.0 Python/3.6.9 (Linux-4.9.184-linuxkit-x86_64-with-Ubuntu-18.04-bionic)
    method: GET
    uri: https://management.azure.com/subscriptions/00000000-0000-0000-0000-000000000000/resourceGroups/test_mgmt_compute_galleries_test_compute_galleries10bb14a9/providers/Microsoft.Compute/galleries/galleryname10bb14a9/images/imagex10bb14a9/versions/1.0.0?$expand=ReplicationStatus&api-version=2019-12-01
  response:
    body:
      string: "{\r\n  \"name\": \"1.0.0\",\r\n  \"id\": \"/subscriptions/00000000-0000-0000-0000-000000000000/resourceGroups/test_mgmt_compute_galleries_test_compute_galleries10bb14a9/providers/Microsoft.Compute/galleries/galleryname10bb14a9/images/imagex10bb14a9/versions/1.0.0\"\
        ,\r\n  \"type\": \"Microsoft.Compute/galleries/images/versions\",\r\n  \"\
        location\": \"eastus\",\r\n  \"properties\": {\r\n    \"publishingProfile\"\
        : {\r\n      \"targetRegions\": [\r\n        {\r\n          \"name\": \"East\
        \ US\",\r\n          \"regionalReplicaCount\": 2,\r\n          \"storageAccountType\"\
        : \"Standard_ZRS\"\r\n        }\r\n      ],\r\n      \"replicaCount\": 1,\r\
        \n      \"excludeFromLatest\": false,\r\n      \"publishedDate\": \"2020-04-26T19:54:25.7398818+00:00\"\
        ,\r\n      \"storageAccountType\": \"Standard_LRS\"\r\n    },\r\n    \"storageProfile\"\
        : {\r\n      \"osDiskImage\": {\r\n        \"sizeInGB\": 200,\r\n        \"\
        hostCaching\": \"ReadOnly\",\r\n        \"source\": {\r\n          \"id\"\
        : \"/subscriptions/00000000-0000-0000-0000-000000000000/resourceGroups/test_mgmt_compute_galleries_test_compute_galleries10bb14a9/providers/Microsoft.Compute/snapshots/snapshotname10bb14a9\"\
        \r\n        }\r\n      }\r\n    },\r\n    \"provisioningState\": \"Succeeded\"\
        ,\r\n    \"replicationStatus\": {\r\n      \"aggregatedState\": \"Completed\"\
        ,\r\n      \"summary\": [\r\n        {\r\n          \"region\": \"eastus\"\
        ,\r\n          \"state\": \"Completed\",\r\n          \"progress\": 100\r\n\
        \        }\r\n      ]\r\n    }\r\n  }\r\n}"
    headers:
      cache-control:
      - no-cache
      content-length:
      - '1359'
      content-type:
      - application/json; charset=utf-8
      date:
      - Sun, 26 Apr 2020 20:02:31 GMT
      expires:
      - '-1'
      pragma:
      - no-cache
      server:
      - Microsoft-HTTPAPI/2.0
      - Microsoft-HTTPAPI/2.0
      strict-transport-security:
      - max-age=31536000; includeSubDomains
      transfer-encoding:
      - chunked
      vary:
      - Accept-Encoding
      x-content-type-options:
      - nosniff
      x-ms-ratelimit-remaining-resource:
      - Microsoft.Compute/GetGalleryImageVersion3Min;1996,Microsoft.Compute/GetGalleryImageVersion30Min;9994
    status:
      code: 200
      message: OK
- request:
    body: null
    headers:
      Accept:
      - application/json
      Accept-Encoding:
      - gzip, deflate
      Connection:
      - keep-alive
      User-Agent:
      - azsdk-python-azure-mgmt-compute/0.1.0 Python/3.6.9 (Linux-4.9.184-linuxkit-x86_64-with-Ubuntu-18.04-bionic)
    method: GET
    uri: https://management.azure.com/subscriptions/00000000-0000-0000-0000-000000000000/resourceGroups/test_mgmt_compute_galleries_test_compute_galleries10bb14a9/providers/Microsoft.Compute/galleries/galleryname10bb14a9/images/imagex10bb14a9?api-version=2019-12-01
  response:
    body:
      string: "{\r\n  \"name\": \"imagex10bb14a9\",\r\n  \"id\": \"/subscriptions/00000000-0000-0000-0000-000000000000/resourceGroups/test_mgmt_compute_galleries_test_compute_galleries10bb14a9/providers/Microsoft.Compute/galleries/galleryname10bb14a9/images/imagex10bb14a9\"\
        ,\r\n  \"type\": \"Microsoft.Compute/galleries/images\",\r\n  \"location\"\
        : \"eastus\",\r\n  \"properties\": {\r\n    \"hyperVGeneration\": \"V1\",\r\
        \n    \"osType\": \"Windows\",\r\n    \"osState\": \"Generalized\",\r\n  \
        \  \"identifier\": {\r\n      \"publisher\": \"myPublisherName\",\r\n    \
        \  \"offer\": \"myOfferName\",\r\n      \"sku\": \"mySkuName\"\r\n    },\r\
        \n    \"provisioningState\": \"Succeeded\"\r\n  }\r\n}"
    headers:
      cache-control:
      - no-cache
      content-length:
      - '600'
      content-type:
      - application/json; charset=utf-8
      date:
      - Sun, 26 Apr 2020 20:02:31 GMT
      expires:
      - '-1'
      pragma:
      - no-cache
      server:
      - Microsoft-HTTPAPI/2.0
      - Microsoft-HTTPAPI/2.0
      strict-transport-security:
      - max-age=31536000; includeSubDomains
      transfer-encoding:
      - chunked
      vary:
      - Accept-Encoding
      x-content-type-options:
      - nosniff
      x-ms-ratelimit-remaining-resource:
      - Microsoft.Compute/GetGalleryImage3Min;599,Microsoft.Compute/GetGalleryImage30Min;2994
    status:
      code: 200
      message: OK
- request:
    body: null
    headers:
      Accept:
      - application/json
      Accept-Encoding:
      - gzip, deflate
      Connection:
      - keep-alive
      User-Agent:
      - azsdk-python-azure-mgmt-compute/0.1.0 Python/3.6.9 (Linux-4.9.184-linuxkit-x86_64-with-Ubuntu-18.04-bionic)
    method: GET
    uri: https://management.azure.com/subscriptions/00000000-0000-0000-0000-000000000000/resourceGroups/test_mgmt_compute_galleries_test_compute_galleries10bb14a9/providers/Microsoft.Compute/galleries/galleryname10bb14a9/applications/applicationname10bb14a9?api-version=2019-12-01
  response:
    body:
      string: "{\r\n  \"name\": \"applicationname10bb14a9\",\r\n  \"id\": \"/subscriptions/00000000-0000-0000-0000-000000000000/resourceGroups/test_mgmt_compute_galleries_test_compute_galleries10bb14a9/providers/Microsoft.Compute/galleries/galleryname10bb14a9/applications/applicationname10bb14a9\"\
        ,\r\n  \"type\": \"Microsoft.Compute/galleries/applications\",\r\n  \"location\"\
        : \"eastus\",\r\n  \"properties\": {\r\n    \"supportedOSType\": \"Windows\"\
        ,\r\n    \"description\": \"This is the gallery application description.\"\
        ,\r\n    \"eula\": \"This is the gallery application EULA.\"\r\n  }\r\n}"
    headers:
      cache-control:
      - no-cache
      content-length:
      - '535'
      content-type:
      - application/json; charset=utf-8
      date:
      - Sun, 26 Apr 2020 20:02:32 GMT
      expires:
      - '-1'
      pragma:
      - no-cache
      server:
      - Microsoft-HTTPAPI/2.0
      - Microsoft-HTTPAPI/2.0
      strict-transport-security:
      - max-age=31536000; includeSubDomains
      transfer-encoding:
      - chunked
      vary:
      - Accept-Encoding
      x-content-type-options:
      - nosniff
      x-ms-ratelimit-remaining-resource:
      - Microsoft.Compute/GetGalleryApplication3Min;299,Microsoft.Compute/GetGalleryApplication30Min;1996
    status:
      code: 200
      message: OK
- request:
    body: null
    headers:
      Accept:
      - application/json
      Accept-Encoding:
      - gzip, deflate
      Connection:
      - keep-alive
      User-Agent:
      - azsdk-python-azure-mgmt-compute/0.1.0 Python/3.6.9 (Linux-4.9.184-linuxkit-x86_64-with-Ubuntu-18.04-bionic)
    method: GET
    uri: https://management.azure.com/subscriptions/00000000-0000-0000-0000-000000000000/resourceGroups/test_mgmt_compute_galleries_test_compute_galleries10bb14a9/providers/Microsoft.Compute/galleries/galleryname10bb14a9?api-version=2019-12-01
  response:
    body:
      string: "{\r\n  \"name\": \"galleryname10bb14a9\",\r\n  \"id\": \"/subscriptions/00000000-0000-0000-0000-000000000000/resourceGroups/test_mgmt_compute_galleries_test_compute_galleries10bb14a9/providers/Microsoft.Compute/galleries/galleryname10bb14a9\"\
        ,\r\n  \"type\": \"Microsoft.Compute/galleries\",\r\n  \"location\": \"eastus\"\
        ,\r\n  \"properties\": {\r\n    \"description\": \"This is the gallery description.\"\
        ,\r\n    \"identifier\": {\r\n      \"uniqueName\": \"00000000-0000-0000-0000-000000000000-GALLERYNAME10BB14A9\"\
        \r\n    },\r\n    \"provisioningState\": \"Succeeded\"\r\n  }\r\n}"
    headers:
      cache-control:
      - no-cache
      content-length:
      - '528'
      content-type:
      - application/json; charset=utf-8
      date:
      - Sun, 26 Apr 2020 20:02:32 GMT
      expires:
      - '-1'
      pragma:
      - no-cache
      server:
      - Microsoft-HTTPAPI/2.0
      - Microsoft-HTTPAPI/2.0
      strict-transport-security:
      - max-age=31536000; includeSubDomains
      transfer-encoding:
      - chunked
      vary:
      - Accept-Encoding
      x-content-type-options:
      - nosniff
      x-ms-ratelimit-remaining-resource:
      - Microsoft.Compute/GetGallery3Min;349,Microsoft.Compute/GetGallery30Min;2494
    status:
      code: 200
      message: OK
- request:
    body: 'b''b\''{"properties": {"publishingProfile": {"targetRegions": [{"name":
      "East US", "regionalReplicaCount": 2, "storageAccountType": "Standard_ZRS"}]},
      "storageProfile": {"osDiskImage": {"hostCaching": "ReadOnly", "source": {"id":
      "/subscriptions/00000000-0000-0000-0000-000000000000/resourceGroups/test_mgmt_compute_galleries_test_compute_galleries10bb14a9/providers/Microsoft.Compute/snapshots/snapshotname10bb14a9"}}}}}\'''''
    headers:
      Accept:
      - application/json
      Accept-Encoding:
      - gzip, deflate
      Connection:
      - keep-alive
      Content-Length:
      - '414'
      Content-Type:
      - application/json
      User-Agent:
      - azsdk-python-azure-mgmt-compute/0.1.0 Python/3.6.9 (Linux-4.9.184-linuxkit-x86_64-with-Ubuntu-18.04-bionic)
    method: PATCH
    uri: https://management.azure.com/subscriptions/00000000-0000-0000-0000-000000000000/resourceGroups/test_mgmt_compute_galleries_test_compute_galleries10bb14a9/providers/Microsoft.Compute/galleries/galleryname10bb14a9/images/imagex10bb14a9/versions/1.0.0?api-version=2019-12-01
  response:
    body:
      string: "{\r\n  \"name\": \"1.0.0\",\r\n  \"id\": \"/subscriptions/00000000-0000-0000-0000-000000000000/resourceGroups/test_mgmt_compute_galleries_test_compute_galleries10bb14a9/providers/Microsoft.Compute/galleries/galleryname10bb14a9/images/imagex10bb14a9/versions/1.0.0\"\
        ,\r\n  \"type\": \"Microsoft.Compute/galleries/images/versions\",\r\n  \"\
        location\": \"eastus\",\r\n  \"properties\": {\r\n    \"publishingProfile\"\
        : {\r\n      \"targetRegions\": [\r\n        {\r\n          \"name\": \"East\
        \ US\",\r\n          \"regionalReplicaCount\": 2,\r\n          \"storageAccountType\"\
        : \"Standard_ZRS\"\r\n        }\r\n      ],\r\n      \"replicaCount\": 1,\r\
        \n      \"excludeFromLatest\": false,\r\n      \"publishedDate\": \"2020-04-26T19:54:25.7398818+00:00\"\
        ,\r\n      \"storageAccountType\": \"Standard_LRS\"\r\n    },\r\n    \"storageProfile\"\
        : {\r\n      \"osDiskImage\": {\r\n        \"sizeInGB\": 200,\r\n        \"\
        hostCaching\": \"ReadOnly\",\r\n        \"source\": {\r\n          \"id\"\
        : \"/subscriptions/00000000-0000-0000-0000-000000000000/resourceGroups/test_mgmt_compute_galleries_test_compute_galleries10bb14a9/providers/Microsoft.Compute/snapshots/snapshotname10bb14a9\"\
        \r\n        }\r\n      }\r\n    },\r\n    \"provisioningState\": \"Updating\"\
        \r\n  }\r\n}"
    headers:
      azure-asyncoperation:
      - https://management.azure.com/subscriptions/00000000-0000-0000-0000-000000000000/providers/Microsoft.Compute/locations/eastus/capsOperations/a7b472fb-8689-4213-a730-22e1268191bc?api-version=2019-12-01
      cache-control:
      - no-cache
      content-length:
      - '1141'
      content-type:
      - application/json; charset=utf-8
      date:
      - Sun, 26 Apr 2020 20:02:32 GMT
      expires:
      - '-1'
      pragma:
      - no-cache
      server:
      - Microsoft-HTTPAPI/2.0
      - Microsoft-HTTPAPI/2.0
      strict-transport-security:
      - max-age=31536000; includeSubDomains
      transfer-encoding:
      - chunked
      vary:
      - Accept-Encoding
      x-content-type-options:
      - nosniff
      x-ms-ratelimit-remaining-resource:
      - Microsoft.Compute/CreateUpdateGalleryImageVersion3Min;374,Microsoft.Compute/CreateUpdateGalleryImageVersion30Min;1198
      x-ms-ratelimit-remaining-subscription-writes:
      - '1188'
    status:
      code: 200
      message: OK
- request:
    body: null
    headers:
      Accept:
      - '*/*'
      Accept-Encoding:
      - gzip, deflate
      Connection:
      - keep-alive
      User-Agent:
      - azsdk-python-azure-mgmt-compute/0.1.0 Python/3.6.9 (Linux-4.9.184-linuxkit-x86_64-with-Ubuntu-18.04-bionic)
    method: GET
    uri: https://management.azure.com/subscriptions/00000000-0000-0000-0000-000000000000/providers/Microsoft.Compute/locations/eastus/capsOperations/a7b472fb-8689-4213-a730-22e1268191bc?api-version=2019-12-01
  response:
    body:
      string: "{\r\n  \"startTime\": \"2020-04-26T20:02:33.1463883+00:00\",\r\n  \"\
        status\": \"InProgress\",\r\n  \"name\": \"a7b472fb-8689-4213-a730-22e1268191bc\"\
        \r\n}"
    headers:
      cache-control:
      - no-cache
      content-length:
      - '134'
      content-type:
      - application/json; charset=utf-8
      date:
      - Sun, 26 Apr 2020 20:03:02 GMT
      expires:
      - '-1'
      pragma:
      - no-cache
      server:
      - Microsoft-HTTPAPI/2.0
      - Microsoft-HTTPAPI/2.0
      strict-transport-security:
      - max-age=31536000; includeSubDomains
      transfer-encoding:
      - chunked
      vary:
      - Accept-Encoding
      x-content-type-options:
      - nosniff
      x-ms-ratelimit-remaining-resource:
      - Microsoft.Compute/GetOperationStatus3Min;1187,Microsoft.Compute/GetOperationStatus30Min;2351
    status:
      code: 200
      message: OK
- request:
    body: null
    headers:
      Accept:
      - '*/*'
      Accept-Encoding:
      - gzip, deflate
      Connection:
      - keep-alive
      User-Agent:
      - azsdk-python-azure-mgmt-compute/0.1.0 Python/3.6.9 (Linux-4.9.184-linuxkit-x86_64-with-Ubuntu-18.04-bionic)
    method: GET
    uri: https://management.azure.com/subscriptions/00000000-0000-0000-0000-000000000000/providers/Microsoft.Compute/locations/eastus/capsOperations/a7b472fb-8689-4213-a730-22e1268191bc?api-version=2019-12-01
  response:
    body:
      string: "{\r\n  \"startTime\": \"2020-04-26T20:02:33.1463883+00:00\",\r\n  \"\
        status\": \"InProgress\",\r\n  \"name\": \"a7b472fb-8689-4213-a730-22e1268191bc\"\
        \r\n}"
    headers:
      cache-control:
      - no-cache
      content-length:
      - '134'
      content-type:
      - application/json; charset=utf-8
      date:
      - Sun, 26 Apr 2020 20:03:33 GMT
      expires:
      - '-1'
      pragma:
      - no-cache
      server:
      - Microsoft-HTTPAPI/2.0
      - Microsoft-HTTPAPI/2.0
      strict-transport-security:
      - max-age=31536000; includeSubDomains
      transfer-encoding:
      - chunked
      vary:
      - Accept-Encoding
      x-content-type-options:
      - nosniff
      x-ms-ratelimit-remaining-resource:
      - Microsoft.Compute/GetOperationStatus3Min;1189,Microsoft.Compute/GetOperationStatus30Min;2350
    status:
      code: 200
      message: OK
- request:
    body: null
    headers:
      Accept:
      - '*/*'
      Accept-Encoding:
      - gzip, deflate
      Connection:
      - keep-alive
      User-Agent:
      - azsdk-python-azure-mgmt-compute/0.1.0 Python/3.6.9 (Linux-4.9.184-linuxkit-x86_64-with-Ubuntu-18.04-bionic)
    method: GET
    uri: https://management.azure.com/subscriptions/00000000-0000-0000-0000-000000000000/providers/Microsoft.Compute/locations/eastus/capsOperations/a7b472fb-8689-4213-a730-22e1268191bc?api-version=2019-12-01
  response:
    body:
      string: "{\r\n  \"startTime\": \"2020-04-26T20:02:33.1463883+00:00\",\r\n  \"\
        endTime\": \"2020-04-26T20:04:03.2869753+00:00\",\r\n  \"status\": \"Succeeded\"\
        ,\r\n  \"name\": \"a7b472fb-8689-4213-a730-22e1268191bc\"\r\n}"
    headers:
      cache-control:
      - no-cache
      content-length:
      - '184'
      content-type:
      - application/json; charset=utf-8
      date:
      - Sun, 26 Apr 2020 20:04:04 GMT
      expires:
      - '-1'
      pragma:
      - no-cache
      server:
      - Microsoft-HTTPAPI/2.0
      - Microsoft-HTTPAPI/2.0
      strict-transport-security:
      - max-age=31536000; includeSubDomains
      transfer-encoding:
      - chunked
      vary:
      - Accept-Encoding
      x-content-type-options:
      - nosniff
      x-ms-ratelimit-remaining-resource:
      - Microsoft.Compute/GetOperationStatus3Min;1191,Microsoft.Compute/GetOperationStatus30Min;2349
    status:
      code: 200
      message: OK
- request:
    body: null
    headers:
      Accept:
      - '*/*'
      Accept-Encoding:
      - gzip, deflate
      Connection:
      - keep-alive
      User-Agent:
      - azsdk-python-azure-mgmt-compute/0.1.0 Python/3.6.9 (Linux-4.9.184-linuxkit-x86_64-with-Ubuntu-18.04-bionic)
    method: GET
    uri: https://management.azure.com/subscriptions/00000000-0000-0000-0000-000000000000/resourceGroups/test_mgmt_compute_galleries_test_compute_galleries10bb14a9/providers/Microsoft.Compute/galleries/galleryname10bb14a9/images/imagex10bb14a9/versions/1.0.0?api-version=2019-12-01
  response:
    body:
      string: "{\r\n  \"name\": \"1.0.0\",\r\n  \"id\": \"/subscriptions/00000000-0000-0000-0000-000000000000/resourceGroups/test_mgmt_compute_galleries_test_compute_galleries10bb14a9/providers/Microsoft.Compute/galleries/galleryname10bb14a9/images/imagex10bb14a9/versions/1.0.0\"\
        ,\r\n  \"type\": \"Microsoft.Compute/galleries/images/versions\",\r\n  \"\
        location\": \"eastus\",\r\n  \"properties\": {\r\n    \"publishingProfile\"\
        : {\r\n      \"targetRegions\": [\r\n        {\r\n          \"name\": \"East\
        \ US\",\r\n          \"regionalReplicaCount\": 2,\r\n          \"storageAccountType\"\
        : \"Standard_ZRS\"\r\n        }\r\n      ],\r\n      \"replicaCount\": 1,\r\
        \n      \"excludeFromLatest\": false,\r\n      \"publishedDate\": \"2020-04-26T19:54:25.7398818+00:00\"\
        ,\r\n      \"storageAccountType\": \"Standard_LRS\"\r\n    },\r\n    \"storageProfile\"\
        : {\r\n      \"osDiskImage\": {\r\n        \"sizeInGB\": 200,\r\n        \"\
        hostCaching\": \"ReadOnly\",\r\n        \"source\": {\r\n          \"id\"\
        : \"/subscriptions/00000000-0000-0000-0000-000000000000/resourceGroups/test_mgmt_compute_galleries_test_compute_galleries10bb14a9/providers/Microsoft.Compute/snapshots/snapshotname10bb14a9\"\
        \r\n        }\r\n      }\r\n    },\r\n    \"provisioningState\": \"Succeeded\"\
        \r\n  }\r\n}"
    headers:
      cache-control:
      - no-cache
      content-length:
      - '1142'
      content-type:
      - application/json; charset=utf-8
      date:
      - Sun, 26 Apr 2020 20:04:04 GMT
      expires:
      - '-1'
      pragma:
      - no-cache
      server:
      - Microsoft-HTTPAPI/2.0
      - Microsoft-HTTPAPI/2.0
      strict-transport-security:
      - max-age=31536000; includeSubDomains
      transfer-encoding:
      - chunked
      vary:
      - Accept-Encoding
      x-content-type-options:
      - nosniff
      x-ms-ratelimit-remaining-resource:
      - Microsoft.Compute/GetGalleryImageVersion3Min;1994,Microsoft.Compute/GetGalleryImageVersion30Min;9992
    status:
      code: 200
      message: OK
- request:
    body: '{"properties": {"osType": "Windows", "osState": "Generalized", "identifier":
      {"publisher": "myPublisherName", "offer": "myOfferName", "sku": "mySkuName"}}}'
    headers:
      Accept:
      - application/json
      Accept-Encoding:
      - gzip, deflate
      Connection:
      - keep-alive
      Content-Length:
      - '155'
      Content-Type:
      - application/json
      User-Agent:
      - azsdk-python-azure-mgmt-compute/0.1.0 Python/3.6.9 (Linux-4.9.184-linuxkit-x86_64-with-Ubuntu-18.04-bionic)
    method: PATCH
    uri: https://management.azure.com/subscriptions/00000000-0000-0000-0000-000000000000/resourceGroups/test_mgmt_compute_galleries_test_compute_galleries10bb14a9/providers/Microsoft.Compute/galleries/galleryname10bb14a9/images/imagex10bb14a9?api-version=2019-12-01
  response:
    body:
      string: "{\r\n  \"name\": \"imagex10bb14a9\",\r\n  \"id\": \"/subscriptions/00000000-0000-0000-0000-000000000000/resourceGroups/test_mgmt_compute_galleries_test_compute_galleries10bb14a9/providers/Microsoft.Compute/galleries/galleryname10bb14a9/images/imagex10bb14a9\"\
        ,\r\n  \"type\": \"Microsoft.Compute/galleries/images\",\r\n  \"location\"\
        : \"eastus\",\r\n  \"properties\": {\r\n    \"hyperVGeneration\": \"V1\",\r\
        \n    \"osType\": \"Windows\",\r\n    \"osState\": \"Generalized\",\r\n  \
        \  \"identifier\": {\r\n      \"publisher\": \"myPublisherName\",\r\n    \
        \  \"offer\": \"myOfferName\",\r\n      \"sku\": \"mySkuName\"\r\n    },\r\
        \n    \"provisioningState\": \"Updating\"\r\n  }\r\n}"
    headers:
      azure-asyncoperation:
      - https://management.azure.com/subscriptions/00000000-0000-0000-0000-000000000000/providers/Microsoft.Compute/locations/eastus/capsOperations/991cdfea-b718-44d2-9a61-9ebe779c7c44?api-version=2019-12-01
      cache-control:
      - no-cache
      content-length:
      - '599'
      content-type:
      - application/json; charset=utf-8
      date:
      - Sun, 26 Apr 2020 20:04:04 GMT
      expires:
      - '-1'
      pragma:
      - no-cache
      server:
      - Microsoft-HTTPAPI/2.0
      - Microsoft-HTTPAPI/2.0
      strict-transport-security:
      - max-age=31536000; includeSubDomains
      transfer-encoding:
      - chunked
      vary:
      - Accept-Encoding
      x-content-type-options:
      - nosniff
      x-ms-ratelimit-remaining-resource:
      - Microsoft.Compute/CreateUpdateGalleryImage3Min;149,Microsoft.Compute/CreateUpdateGalleryImage30Min;748
      x-ms-ratelimit-remaining-subscription-writes:
      - '1187'
    status:
      code: 200
      message: OK
- request:
    body: null
    headers:
      Accept:
      - '*/*'
      Accept-Encoding:
      - gzip, deflate
      Connection:
      - keep-alive
      User-Agent:
      - azsdk-python-azure-mgmt-compute/0.1.0 Python/3.6.9 (Linux-4.9.184-linuxkit-x86_64-with-Ubuntu-18.04-bionic)
    method: GET
    uri: https://management.azure.com/subscriptions/00000000-0000-0000-0000-000000000000/providers/Microsoft.Compute/locations/eastus/capsOperations/991cdfea-b718-44d2-9a61-9ebe779c7c44?api-version=2019-12-01
  response:
    body:
      string: "{\r\n  \"startTime\": \"2020-04-26T20:04:04.9119865+00:00\",\r\n  \"\
        endTime\": \"2020-04-26T20:04:04.9588369+00:00\",\r\n  \"status\": \"Succeeded\"\
        ,\r\n  \"name\": \"991cdfea-b718-44d2-9a61-9ebe779c7c44\"\r\n}"
    headers:
      cache-control:
      - no-cache
      content-length:
      - '184'
      content-type:
      - application/json; charset=utf-8
      date:
      - Sun, 26 Apr 2020 20:04:34 GMT
      expires:
      - '-1'
      pragma:
      - no-cache
      server:
      - Microsoft-HTTPAPI/2.0
      - Microsoft-HTTPAPI/2.0
      strict-transport-security:
      - max-age=31536000; includeSubDomains
      transfer-encoding:
      - chunked
      vary:
      - Accept-Encoding
      x-content-type-options:
      - nosniff
      x-ms-ratelimit-remaining-resource:
      - Microsoft.Compute/GetOperationStatus3Min;1193,Microsoft.Compute/GetOperationStatus30Min;2348
    status:
      code: 200
      message: OK
- request:
    body: null
    headers:
      Accept:
      - '*/*'
      Accept-Encoding:
      - gzip, deflate
      Connection:
      - keep-alive
      User-Agent:
      - azsdk-python-azure-mgmt-compute/0.1.0 Python/3.6.9 (Linux-4.9.184-linuxkit-x86_64-with-Ubuntu-18.04-bionic)
    method: GET
    uri: https://management.azure.com/subscriptions/00000000-0000-0000-0000-000000000000/resourceGroups/test_mgmt_compute_galleries_test_compute_galleries10bb14a9/providers/Microsoft.Compute/galleries/galleryname10bb14a9/images/imagex10bb14a9?api-version=2019-12-01
  response:
    body:
      string: "{\r\n  \"name\": \"imagex10bb14a9\",\r\n  \"id\": \"/subscriptions/00000000-0000-0000-0000-000000000000/resourceGroups/test_mgmt_compute_galleries_test_compute_galleries10bb14a9/providers/Microsoft.Compute/galleries/galleryname10bb14a9/images/imagex10bb14a9\"\
        ,\r\n  \"type\": \"Microsoft.Compute/galleries/images\",\r\n  \"location\"\
        : \"eastus\",\r\n  \"properties\": {\r\n    \"hyperVGeneration\": \"V1\",\r\
        \n    \"osType\": \"Windows\",\r\n    \"osState\": \"Generalized\",\r\n  \
        \  \"identifier\": {\r\n      \"publisher\": \"myPublisherName\",\r\n    \
        \  \"offer\": \"myOfferName\",\r\n      \"sku\": \"mySkuName\"\r\n    },\r\
        \n    \"provisioningState\": \"Succeeded\"\r\n  }\r\n}"
    headers:
      cache-control:
      - no-cache
      content-length:
      - '600'
      content-type:
      - application/json; charset=utf-8
      date:
      - Sun, 26 Apr 2020 20:04:35 GMT
      expires:
      - '-1'
      pragma:
      - no-cache
      server:
      - Microsoft-HTTPAPI/2.0
      - Microsoft-HTTPAPI/2.0
      strict-transport-security:
      - max-age=31536000; includeSubDomains
      transfer-encoding:
      - chunked
      vary:
      - Accept-Encoding
      x-content-type-options:
      - nosniff
      x-ms-ratelimit-remaining-resource:
      - Microsoft.Compute/GetGalleryImage3Min;593,Microsoft.Compute/GetGalleryImage30Min;2988
    status:
      code: 200
      message: OK
- request:
    body: '{"tags": {"tag1": "tag1"}, "properties": {"description": "This is the gallery
      application description.", "eula": "This is the gallery application EULA.",
      "supportedOSType": "Windows"}}'
    headers:
      Accept:
      - application/json
      Accept-Encoding:
      - gzip, deflate
      Connection:
      - keep-alive
      Content-Length:
      - '184'
      Content-Type:
      - application/json
      User-Agent:
      - azsdk-python-azure-mgmt-compute/0.1.0 Python/3.6.9 (Linux-4.9.184-linuxkit-x86_64-with-Ubuntu-18.04-bionic)
    method: PATCH
    uri: https://management.azure.com/subscriptions/00000000-0000-0000-0000-000000000000/resourceGroups/test_mgmt_compute_galleries_test_compute_galleries10bb14a9/providers/Microsoft.Compute/galleries/galleryname10bb14a9/applications/applicationname10bb14a9?api-version=2019-12-01
  response:
    body:
      string: "{\r\n  \"name\": \"applicationname10bb14a9\",\r\n  \"id\": \"/subscriptions/00000000-0000-0000-0000-000000000000/resourceGroups/test_mgmt_compute_galleries_test_compute_galleries10bb14a9/providers/Microsoft.Compute/galleries/galleryname10bb14a9/applications/applicationname10bb14a9\"\
        ,\r\n  \"type\": \"Microsoft.Compute/galleries/applications\",\r\n  \"location\"\
        : \"eastus\",\r\n  \"tags\": {\r\n    \"tag1\": \"tag1\"\r\n  },\r\n  \"properties\"\
        : {\r\n    \"supportedOSType\": \"Windows\",\r\n    \"description\": \"This\
        \ is the gallery application description.\",\r\n    \"eula\": \"This is the\
        \ gallery application EULA.\"\r\n  }\r\n}"
    headers:
      cache-control:
      - no-cache
      content-length:
      - '574'
      content-type:
      - application/json; charset=utf-8
      date:
      - Sun, 26 Apr 2020 20:04:35 GMT
      expires:
      - '-1'
      pragma:
      - no-cache
      server:
      - Microsoft-HTTPAPI/2.0
      - Microsoft-HTTPAPI/2.0
      strict-transport-security:
      - max-age=31536000; includeSubDomains
      transfer-encoding:
      - chunked
      vary:
      - Accept-Encoding
      x-content-type-options:
      - nosniff
      x-ms-ratelimit-remaining-resource:
      - Microsoft.Compute/CreateUpdateGalleryApplication3Min;149,Microsoft.Compute/CreateUpdateGalleryApplication30Min;748
      x-ms-ratelimit-remaining-subscription-writes:
      - '1186'
    status:
      code: 200
      message: OK
- request:
    body: '{"properties": {"description": "This is the gallery description."}}'
    headers:
      Accept:
      - application/json
      Accept-Encoding:
      - gzip, deflate
      Connection:
      - keep-alive
      Content-Length:
      - '67'
      Content-Type:
      - application/json
      User-Agent:
      - azsdk-python-azure-mgmt-compute/0.1.0 Python/3.6.9 (Linux-4.9.184-linuxkit-x86_64-with-Ubuntu-18.04-bionic)
    method: PATCH
    uri: https://management.azure.com/subscriptions/00000000-0000-0000-0000-000000000000/resourceGroups/test_mgmt_compute_galleries_test_compute_galleries10bb14a9/providers/Microsoft.Compute/galleries/galleryname10bb14a9?api-version=2019-12-01
  response:
    body:
      string: "{\r\n  \"name\": \"galleryname10bb14a9\",\r\n  \"id\": \"/subscriptions/00000000-0000-0000-0000-000000000000/resourceGroups/test_mgmt_compute_galleries_test_compute_galleries10bb14a9/providers/Microsoft.Compute/galleries/galleryname10bb14a9\"\
        ,\r\n  \"type\": \"Microsoft.Compute/galleries\",\r\n  \"location\": \"eastus\"\
        ,\r\n  \"properties\": {\r\n    \"description\": \"This is the gallery description.\"\
        ,\r\n    \"identifier\": {\r\n      \"uniqueName\": \"00000000-0000-0000-0000-000000000000-GALLERYNAME10BB14A9\"\
        \r\n    },\r\n    \"provisioningState\": \"Succeeded\"\r\n  }\r\n}"
    headers:
      azure-asyncoperation:
      - https://management.azure.com/subscriptions/00000000-0000-0000-0000-000000000000/providers/Microsoft.Compute/locations/eastus/capsOperations/438ee98c-09c2-405f-b678-11585d1e7dba?api-version=2019-12-01
      cache-control:
      - no-cache
      content-length:
      - '528'
      content-type:
      - application/json; charset=utf-8
      date:
      - Sun, 26 Apr 2020 20:04:36 GMT
      expires:
      - '-1'
      pragma:
      - no-cache
      server:
      - Microsoft-HTTPAPI/2.0
      - Microsoft-HTTPAPI/2.0
      strict-transport-security:
      - max-age=31536000; includeSubDomains
      transfer-encoding:
      - chunked
      vary:
      - Accept-Encoding
      x-content-type-options:
      - nosniff
      x-ms-ratelimit-remaining-resource:
      - Microsoft.Compute/CreateUpdateGallery3Min;49,Microsoft.Compute/CreateUpdateGallery30Min;298
      x-ms-ratelimit-remaining-subscription-writes:
      - '1185'
    status:
      code: 200
      message: OK
- request:
    body: null
    headers:
      Accept:
      - '*/*'
      Accept-Encoding:
      - gzip, deflate
      Connection:
      - keep-alive
      User-Agent:
      - azsdk-python-azure-mgmt-compute/0.1.0 Python/3.6.9 (Linux-4.9.184-linuxkit-x86_64-with-Ubuntu-18.04-bionic)
    method: GET
    uri: https://management.azure.com/subscriptions/00000000-0000-0000-0000-000000000000/providers/Microsoft.Compute/locations/eastus/capsOperations/438ee98c-09c2-405f-b678-11585d1e7dba?api-version=2019-12-01
  response:
    body:
      string: "{\r\n  \"startTime\": \"2020-04-26T20:04:36.5838556+00:00\",\r\n  \"\
        endTime\": \"2020-04-26T20:04:36.6307015+00:00\",\r\n  \"status\": \"Succeeded\"\
        ,\r\n  \"name\": \"438ee98c-09c2-405f-b678-11585d1e7dba\"\r\n}"
    headers:
      cache-control:
      - no-cache
      content-length:
      - '184'
      content-type:
      - application/json; charset=utf-8
      date:
      - Sun, 26 Apr 2020 20:05:06 GMT
      expires:
      - '-1'
      pragma:
      - no-cache
      server:
      - Microsoft-HTTPAPI/2.0
      - Microsoft-HTTPAPI/2.0
      strict-transport-security:
      - max-age=31536000; includeSubDomains
      transfer-encoding:
      - chunked
      vary:
      - Accept-Encoding
      x-content-type-options:
      - nosniff
      x-ms-ratelimit-remaining-resource:
      - Microsoft.Compute/GetOperationStatus3Min;1194,Microsoft.Compute/GetOperationStatus30Min;2347
    status:
      code: 200
      message: OK
- request:
    body: null
    headers:
      Accept:
      - '*/*'
      Accept-Encoding:
      - gzip, deflate
      Connection:
      - keep-alive
      User-Agent:
      - azsdk-python-azure-mgmt-compute/0.1.0 Python/3.6.9 (Linux-4.9.184-linuxkit-x86_64-with-Ubuntu-18.04-bionic)
    method: GET
    uri: https://management.azure.com/subscriptions/00000000-0000-0000-0000-000000000000/resourceGroups/test_mgmt_compute_galleries_test_compute_galleries10bb14a9/providers/Microsoft.Compute/galleries/galleryname10bb14a9?api-version=2019-12-01
  response:
    body:
      string: "{\r\n  \"name\": \"galleryname10bb14a9\",\r\n  \"id\": \"/subscriptions/00000000-0000-0000-0000-000000000000/resourceGroups/test_mgmt_compute_galleries_test_compute_galleries10bb14a9/providers/Microsoft.Compute/galleries/galleryname10bb14a9\"\
        ,\r\n  \"type\": \"Microsoft.Compute/galleries\",\r\n  \"location\": \"eastus\"\
        ,\r\n  \"properties\": {\r\n    \"description\": \"This is the gallery description.\"\
        ,\r\n    \"identifier\": {\r\n      \"uniqueName\": \"00000000-0000-0000-0000-000000000000-GALLERYNAME10BB14A9\"\
        \r\n    },\r\n    \"provisioningState\": \"Succeeded\"\r\n  }\r\n}"
    headers:
      cache-control:
      - no-cache
      content-length:
      - '528'
      content-type:
      - application/json; charset=utf-8
      date:
      - Sun, 26 Apr 2020 20:05:06 GMT
      expires:
      - '-1'
      pragma:
      - no-cache
      server:
      - Microsoft-HTTPAPI/2.0
      - Microsoft-HTTPAPI/2.0
      strict-transport-security:
      - max-age=31536000; includeSubDomains
      transfer-encoding:
      - chunked
      vary:
      - Accept-Encoding
      x-content-type-options:
      - nosniff
      x-ms-ratelimit-remaining-resource:
      - Microsoft.Compute/GetGallery3Min;343,Microsoft.Compute/GetGallery30Min;2488
    status:
      code: 200
      message: OK
- request:
    body: null
    headers:
      Accept:
      - '*/*'
      Accept-Encoding:
      - gzip, deflate
      Connection:
      - keep-alive
      Content-Length:
      - '0'
      User-Agent:
      - azsdk-python-azure-mgmt-compute/0.1.0 Python/3.6.9 (Linux-4.9.184-linuxkit-x86_64-with-Ubuntu-18.04-bionic)
    method: DELETE
    uri: https://management.azure.com/subscriptions/00000000-0000-0000-0000-000000000000/resourceGroups/test_mgmt_compute_galleries_test_compute_galleries10bb14a9/providers/Microsoft.Compute/galleries/galleryname10bb14a9/images/imagex10bb14a9/versions/1.0.0?api-version=2019-12-01
  response:
    body:
      string: ''
    headers:
      azure-asyncoperation:
      - https://management.azure.com/subscriptions/00000000-0000-0000-0000-000000000000/providers/Microsoft.Compute/locations/eastus/capsOperations/ff3ef665-1158-4235-9f67-9ba28e5fcb63?api-version=2019-12-01
      cache-control:
      - no-cache
      content-length:
      - '0'
      date:
      - Sun, 26 Apr 2020 20:05:07 GMT
      expires:
      - '-1'
      location:
      - https://management.azure.com/subscriptions/00000000-0000-0000-0000-000000000000/providers/Microsoft.Compute/locations/eastus/capsOperations/ff3ef665-1158-4235-9f67-9ba28e5fcb63?monitor=true&api-version=2019-12-01
      pragma:
      - no-cache
      server:
      - Microsoft-HTTPAPI/2.0
      - Microsoft-HTTPAPI/2.0
      strict-transport-security:
      - max-age=31536000; includeSubDomains
      x-content-type-options:
      - nosniff
      x-ms-ratelimit-remaining-resource:
      - Microsoft.Compute/DeleteGalleryImageVersion3Min;149,Microsoft.Compute/DeleteGalleryImageVersion30Min;999
      x-ms-ratelimit-remaining-subscription-deletes:
      - '14999'
    status:
      code: 202
      message: Accepted
- request:
    body: null
    headers:
      Accept:
      - '*/*'
      Accept-Encoding:
      - gzip, deflate
      Connection:
      - keep-alive
      User-Agent:
      - azsdk-python-azure-mgmt-compute/0.1.0 Python/3.6.9 (Linux-4.9.184-linuxkit-x86_64-with-Ubuntu-18.04-bionic)
    method: GET
    uri: https://management.azure.com/subscriptions/00000000-0000-0000-0000-000000000000/providers/Microsoft.Compute/locations/eastus/capsOperations/ff3ef665-1158-4235-9f67-9ba28e5fcb63?api-version=2019-12-01
  response:
    body:
      string: "{\r\n  \"startTime\": \"2020-04-26T20:05:08.2557792+00:00\",\r\n  \"\
        status\": \"InProgress\",\r\n  \"name\": \"ff3ef665-1158-4235-9f67-9ba28e5fcb63\"\
        \r\n}"
    headers:
      cache-control:
      - no-cache
      content-length:
      - '134'
      content-type:
      - application/json; charset=utf-8
      date:
      - Sun, 26 Apr 2020 20:05:37 GMT
      expires:
      - '-1'
      pragma:
      - no-cache
      server:
      - Microsoft-HTTPAPI/2.0
      - Microsoft-HTTPAPI/2.0
      strict-transport-security:
      - max-age=31536000; includeSubDomains
      transfer-encoding:
      - chunked
      vary:
      - Accept-Encoding
      x-content-type-options:
      - nosniff
      x-ms-ratelimit-remaining-resource:
      - Microsoft.Compute/GetOperationStatus3Min;1193,Microsoft.Compute/GetOperationStatus30Min;2345
    status:
      code: 200
      message: OK
- request:
    body: null
    headers:
      Accept:
      - '*/*'
      Accept-Encoding:
      - gzip, deflate
      Connection:
      - keep-alive
      User-Agent:
      - azsdk-python-azure-mgmt-compute/0.1.0 Python/3.6.9 (Linux-4.9.184-linuxkit-x86_64-with-Ubuntu-18.04-bionic)
    method: GET
    uri: https://management.azure.com/subscriptions/00000000-0000-0000-0000-000000000000/providers/Microsoft.Compute/locations/eastus/capsOperations/ff3ef665-1158-4235-9f67-9ba28e5fcb63?api-version=2019-12-01
  response:
    body:
      string: "{\r\n  \"startTime\": \"2020-04-26T20:05:08.2557792+00:00\",\r\n  \"\
        status\": \"InProgress\",\r\n  \"name\": \"ff3ef665-1158-4235-9f67-9ba28e5fcb63\"\
        \r\n}"
    headers:
      cache-control:
      - no-cache
      content-length:
      - '134'
      content-type:
      - application/json; charset=utf-8
      date:
      - Sun, 26 Apr 2020 20:06:08 GMT
      expires:
      - '-1'
      pragma:
      - no-cache
      server:
      - Microsoft-HTTPAPI/2.0
      - Microsoft-HTTPAPI/2.0
      strict-transport-security:
      - max-age=31536000; includeSubDomains
      transfer-encoding:
      - chunked
      vary:
      - Accept-Encoding
      x-content-type-options:
      - nosniff
      x-ms-ratelimit-remaining-resource:
      - Microsoft.Compute/GetOperationStatus3Min;1191,Microsoft.Compute/GetOperationStatus30Min;2342
    status:
      code: 200
      message: OK
- request:
    body: null
    headers:
      Accept:
      - '*/*'
      Accept-Encoding:
      - gzip, deflate
      Connection:
      - keep-alive
      User-Agent:
      - azsdk-python-azure-mgmt-compute/0.1.0 Python/3.6.9 (Linux-4.9.184-linuxkit-x86_64-with-Ubuntu-18.04-bionic)
    method: GET
    uri: https://management.azure.com/subscriptions/00000000-0000-0000-0000-000000000000/providers/Microsoft.Compute/locations/eastus/capsOperations/ff3ef665-1158-4235-9f67-9ba28e5fcb63?api-version=2019-12-01
  response:
    body:
      string: "{\r\n  \"startTime\": \"2020-04-26T20:05:08.2557792+00:00\",\r\n  \"\
        endTime\": \"2020-04-26T20:06:38.5526978+00:00\",\r\n  \"status\": \"Succeeded\"\
        ,\r\n  \"name\": \"ff3ef665-1158-4235-9f67-9ba28e5fcb63\"\r\n}"
    headers:
      cache-control:
      - no-cache
      content-length:
      - '184'
      content-type:
      - application/json; charset=utf-8
      date:
      - Sun, 26 Apr 2020 20:06:38 GMT
      expires:
      - '-1'
      pragma:
      - no-cache
      server:
      - Microsoft-HTTPAPI/2.0
      - Microsoft-HTTPAPI/2.0
      strict-transport-security:
      - max-age=31536000; includeSubDomains
      transfer-encoding:
      - chunked
      vary:
      - Accept-Encoding
      x-content-type-options:
      - nosniff
      x-ms-ratelimit-remaining-resource:
      - Microsoft.Compute/GetOperationStatus3Min;1189,Microsoft.Compute/GetOperationStatus30Min;2339
    status:
      code: 200
      message: OK
- request:
    body: null
    headers:
      Accept:
      - '*/*'
      Accept-Encoding:
      - gzip, deflate
      Connection:
      - keep-alive
      Content-Length:
      - '0'
      User-Agent:
      - azsdk-python-azure-mgmt-compute/0.1.0 Python/3.6.9 (Linux-4.9.184-linuxkit-x86_64-with-Ubuntu-18.04-bionic)
    method: DELETE
    uri: https://management.azure.com/subscriptions/00000000-0000-0000-0000-000000000000/resourceGroups/test_mgmt_compute_galleries_test_compute_galleries10bb14a9/providers/Microsoft.Compute/galleries/galleryname10bb14a9/applications/applicationname10bb14a9?api-version=2019-12-01
  response:
    body:
      string: ''
    headers:
      cache-control:
      - no-cache
      content-length:
      - '0'
      date:
      - Sun, 26 Apr 2020 20:06:39 GMT
      expires:
      - '-1'
      pragma:
      - no-cache
      server:
      - Microsoft-HTTPAPI/2.0
      - Microsoft-HTTPAPI/2.0
      strict-transport-security:
      - max-age=31536000; includeSubDomains
      x-content-type-options:
      - nosniff
      x-ms-ratelimit-remaining-resource:
      - Microsoft.Compute/DeleteGalleryApplication3Min;49,Microsoft.Compute/DeleteGalleryApplication30Min;299
      x-ms-ratelimit-remaining-subscription-deletes:
      - '14998'
    status:
      code: 200
      message: OK
- request:
    body: null
    headers:
      Accept:
      - '*/*'
      Accept-Encoding:
      - gzip, deflate
      Connection:
      - keep-alive
      Content-Length:
      - '0'
      User-Agent:
      - azsdk-python-azure-mgmt-compute/0.1.0 Python/3.6.9 (Linux-4.9.184-linuxkit-x86_64-with-Ubuntu-18.04-bionic)
    method: POST
    uri: https://management.azure.com/subscriptions/00000000-0000-0000-0000-000000000000/resourceGroups/test_mgmt_compute_galleries_test_compute_galleries10bb14a9/providers/Microsoft.Compute/snapshots/snapshotname10bb14a9/endGetAccess?api-version=2019-11-01
  response:
    body:
      string: ''
    headers:
      azure-asyncoperation:
      - https://management.azure.com/subscriptions/00000000-0000-0000-0000-000000000000/providers/Microsoft.Compute/locations/eastus/DiskOperations/a4376857-146b-45d9-8fbf-93de8e1797dd?api-version=2019-11-01
      cache-control:
      - no-cache
      content-length:
      - '0'
      date:
      - Sun, 26 Apr 2020 20:06:40 GMT
      expires:
      - '-1'
      location:
      - https://management.azure.com/subscriptions/00000000-0000-0000-0000-000000000000/providers/Microsoft.Compute/locations/eastus/DiskOperations/a4376857-146b-45d9-8fbf-93de8e1797dd?monitor=true&api-version=2019-11-01
      pragma:
      - no-cache
      server:
      - Microsoft-HTTPAPI/2.0
      - Microsoft-HTTPAPI/2.0
      strict-transport-security:
      - max-age=31536000; includeSubDomains
      x-content-type-options:
      - nosniff
      x-ms-ratelimit-remaining-resource:
      - Microsoft.Compute/HighCostSnapshotCreateHydrate3Min;239,Microsoft.Compute/HighCostSnapshotCreateHydrate30Min;1915
      x-ms-ratelimit-remaining-subscription-writes:
      - '1199'
    status:
      code: 202
      message: Accepted
- request:
    body: null
    headers:
      Accept:
      - '*/*'
      Accept-Encoding:
      - gzip, deflate
      Connection:
      - keep-alive
      User-Agent:
      - azsdk-python-azure-mgmt-compute/0.1.0 Python/3.6.9 (Linux-4.9.184-linuxkit-x86_64-with-Ubuntu-18.04-bionic)
    method: GET
    uri: https://management.azure.com/subscriptions/00000000-0000-0000-0000-000000000000/providers/Microsoft.Compute/locations/eastus/DiskOperations/a4376857-146b-45d9-8fbf-93de8e1797dd?api-version=2019-11-01
  response:
    body:
      string: "{\r\n  \"startTime\": \"2020-04-26T20:06:40.6296277+00:00\",\r\n  \"\
        endTime\": \"2020-04-26T20:06:40.8483628+00:00\",\r\n  \"status\": \"Succeeded\"\
        ,\r\n  \"name\": \"a4376857-146b-45d9-8fbf-93de8e1797dd\"\r\n}"
    headers:
      cache-control:
      - no-cache
      content-length:
      - '184'
      content-type:
      - application/json; charset=utf-8
      date:
      - Sun, 26 Apr 2020 20:07:10 GMT
      expires:
      - '-1'
      pragma:
      - no-cache
      server:
      - Microsoft-HTTPAPI/2.0
      - Microsoft-HTTPAPI/2.0
      strict-transport-security:
      - max-age=31536000; includeSubDomains
      transfer-encoding:
      - chunked
      vary:
      - Accept-Encoding
      x-content-type-options:
      - nosniff
      x-ms-ratelimit-remaining-resource:
      - Microsoft.Compute/GetOperation3Min;49996,Microsoft.Compute/GetOperation30Min;399930
    status:
      code: 200
      message: OK
- request:
    body: null
    headers:
      Accept:
      - '*/*'
      Accept-Encoding:
      - gzip, deflate
      Connection:
      - keep-alive
      User-Agent:
      - azsdk-python-azure-mgmt-compute/0.1.0 Python/3.6.9 (Linux-4.9.184-linuxkit-x86_64-with-Ubuntu-18.04-bionic)
    method: GET
    uri: https://management.azure.com/subscriptions/00000000-0000-0000-0000-000000000000/providers/Microsoft.Compute/locations/eastus/DiskOperations/a4376857-146b-45d9-8fbf-93de8e1797dd?monitor=true&api-version=2019-11-01
  response:
    body:
      string: ''
    headers:
      cache-control:
      - no-cache
      content-length:
      - '0'
      date:
      - Sun, 26 Apr 2020 20:07:10 GMT
      expires:
      - '-1'
      pragma:
      - no-cache
      server:
      - Microsoft-HTTPAPI/2.0
      - Microsoft-HTTPAPI/2.0
      strict-transport-security:
      - max-age=31536000; includeSubDomains
      x-content-type-options:
      - nosniff
      x-ms-ratelimit-remaining-resource:
      - Microsoft.Compute/GetOperation3Min;49995,Microsoft.Compute/GetOperation30Min;399929
    status:
      code: 200
      message: OK
- request:
    body: null
    headers:
      Accept:
      - '*/*'
      Accept-Encoding:
      - gzip, deflate
      Connection:
      - keep-alive
      Content-Length:
      - '0'
      User-Agent:
      - azsdk-python-azure-mgmt-compute/0.1.0 Python/3.6.9 (Linux-4.9.184-linuxkit-x86_64-with-Ubuntu-18.04-bionic)
    method: DELETE
    uri: https://management.azure.com/subscriptions/00000000-0000-0000-0000-000000000000/resourceGroups/test_mgmt_compute_galleries_test_compute_galleries10bb14a9/providers/Microsoft.Compute/snapshots/snapshotname10bb14a9?api-version=2019-11-01
  response:
    body:
      string: ''
    headers:
      azure-asyncoperation:
      - https://management.azure.com/subscriptions/00000000-0000-0000-0000-000000000000/providers/Microsoft.Compute/locations/eastus/DiskOperations/9834e809-3a1c-4e96-adc2-6e9f07f8fd9c?api-version=2019-11-01
      cache-control:
      - no-cache
      content-length:
      - '0'
      date:
      - Sun, 26 Apr 2020 20:07:11 GMT
      expires:
      - '-1'
      location:
      - https://management.azure.com/subscriptions/00000000-0000-0000-0000-000000000000/providers/Microsoft.Compute/locations/eastus/DiskOperations/9834e809-3a1c-4e96-adc2-6e9f07f8fd9c?monitor=true&api-version=2019-11-01
      pragma:
      - no-cache
      server:
      - Microsoft-HTTPAPI/2.0
      - Microsoft-HTTPAPI/2.0
      strict-transport-security:
      - max-age=31536000; includeSubDomains
      x-content-type-options:
      - nosniff
      x-ms-ratelimit-remaining-resource:
      - Microsoft.Compute/DeleteDisks3Min;996,Microsoft.Compute/DeleteDisks30Min;7984
      x-ms-ratelimit-remaining-subscription-deletes:
      - '14997'
    status:
      code: 202
      message: Accepted
- request:
    body: null
    headers:
      Accept:
      - '*/*'
      Accept-Encoding:
      - gzip, deflate
      Connection:
      - keep-alive
      User-Agent:
      - azsdk-python-azure-mgmt-compute/0.1.0 Python/3.6.9 (Linux-4.9.184-linuxkit-x86_64-with-Ubuntu-18.04-bionic)
    method: GET
    uri: https://management.azure.com/subscriptions/00000000-0000-0000-0000-000000000000/providers/Microsoft.Compute/locations/eastus/DiskOperations/9834e809-3a1c-4e96-adc2-6e9f07f8fd9c?api-version=2019-11-01
  response:
    body:
      string: "{\r\n  \"startTime\": \"2020-04-26T20:07:11.8332895+00:00\",\r\n  \"\
        endTime\": \"2020-04-26T20:07:12.083277+00:00\",\r\n  \"status\": \"Succeeded\"\
        ,\r\n  \"name\": \"9834e809-3a1c-4e96-adc2-6e9f07f8fd9c\"\r\n}"
    headers:
      cache-control:
      - no-cache
      content-length:
      - '183'
      content-type:
      - application/json; charset=utf-8
      date:
      - Sun, 26 Apr 2020 20:07:42 GMT
      expires:
      - '-1'
      pragma:
      - no-cache
      server:
      - Microsoft-HTTPAPI/2.0
      - Microsoft-HTTPAPI/2.0
      strict-transport-security:
      - max-age=31536000; includeSubDomains
      transfer-encoding:
      - chunked
      vary:
      - Accept-Encoding
      x-content-type-options:
      - nosniff
      x-ms-ratelimit-remaining-resource:
      - Microsoft.Compute/GetOperation3Min;49993,Microsoft.Compute/GetOperation30Min;399927
    status:
      code: 200
      message: OK
- request:
    body: null
    headers:
      Accept:
      - '*/*'
      Accept-Encoding:
      - gzip, deflate
      Connection:
      - keep-alive
      Content-Length:
      - '0'
      User-Agent:
      - azsdk-python-azure-mgmt-compute/0.1.0 Python/3.6.9 (Linux-4.9.184-linuxkit-x86_64-with-Ubuntu-18.04-bionic)
    method: DELETE
    uri: https://management.azure.com/subscriptions/00000000-0000-0000-0000-000000000000/resourceGroups/test_mgmt_compute_galleries_test_compute_galleries10bb14a9/providers/Microsoft.Compute/galleries/galleryname10bb14a9/images/imagex10bb14a9?api-version=2019-12-01
  response:
    body:
      string: ''
    headers:
      azure-asyncoperation:
      - https://management.azure.com/subscriptions/00000000-0000-0000-0000-000000000000/providers/Microsoft.Compute/locations/eastus/capsOperations/735ea417-894f-44ba-a837-00079b54fefb?api-version=2019-12-01
      cache-control:
      - no-cache
      content-length:
      - '0'
      date:
      - Sun, 26 Apr 2020 20:07:43 GMT
      expires:
      - '-1'
      location:
      - https://management.azure.com/subscriptions/00000000-0000-0000-0000-000000000000/providers/Microsoft.Compute/locations/eastus/capsOperations/735ea417-894f-44ba-a837-00079b54fefb?monitor=true&api-version=2019-12-01
      pragma:
      - no-cache
      server:
      - Microsoft-HTTPAPI/2.0
      - Microsoft-HTTPAPI/2.0
      strict-transport-security:
      - max-age=31536000; includeSubDomains
      x-content-type-options:
      - nosniff
      x-ms-ratelimit-remaining-resource:
      - Microsoft.Compute/DeleteGalleryImage3Min;49,Microsoft.Compute/DeleteGalleryImage30Min;299
      x-ms-ratelimit-remaining-subscription-deletes:
      - '14996'
    status:
      code: 202
      message: Accepted
- request:
    body: null
    headers:
      Accept:
      - '*/*'
      Accept-Encoding:
      - gzip, deflate
      Connection:
      - keep-alive
      User-Agent:
      - azsdk-python-azure-mgmt-compute/0.1.0 Python/3.6.9 (Linux-4.9.184-linuxkit-x86_64-with-Ubuntu-18.04-bionic)
    method: GET
    uri: https://management.azure.com/subscriptions/00000000-0000-0000-0000-000000000000/providers/Microsoft.Compute/locations/eastus/capsOperations/735ea417-894f-44ba-a837-00079b54fefb?api-version=2019-12-01
  response:
    body:
      string: "{\r\n  \"startTime\": \"2020-04-26T20:07:43.1151744+00:00\",\r\n  \"\
        endTime\": \"2020-04-26T20:07:43.3807695+00:00\",\r\n  \"status\": \"Succeeded\"\
        ,\r\n  \"name\": \"735ea417-894f-44ba-a837-00079b54fefb\"\r\n}"
    headers:
      cache-control:
      - no-cache
      content-length:
      - '184'
      content-type:
      - application/json; charset=utf-8
      date:
      - Sun, 26 Apr 2020 20:08:13 GMT
      expires:
      - '-1'
      pragma:
      - no-cache
      server:
      - Microsoft-HTTPAPI/2.0
      - Microsoft-HTTPAPI/2.0
      strict-transport-security:
      - max-age=31536000; includeSubDomains
      transfer-encoding:
      - chunked
      vary:
      - Accept-Encoding
      x-content-type-options:
      - nosniff
      x-ms-ratelimit-remaining-resource:
      - Microsoft.Compute/GetOperationStatus3Min;1190,Microsoft.Compute/GetOperationStatus30Min;2336
    status:
      code: 200
      message: OK
- request:
    body: null
    headers:
      Accept:
      - '*/*'
      Accept-Encoding:
      - gzip, deflate
      Connection:
      - keep-alive
      Content-Length:
      - '0'
      User-Agent:
      - azsdk-python-azure-mgmt-compute/0.1.0 Python/3.6.9 (Linux-4.9.184-linuxkit-x86_64-with-Ubuntu-18.04-bionic)
    method: DELETE
    uri: https://management.azure.com/subscriptions/00000000-0000-0000-0000-000000000000/resourceGroups/test_mgmt_compute_galleries_test_compute_galleries10bb14a9/providers/Microsoft.Compute/galleries/galleryname10bb14a9?api-version=2019-12-01
  response:
    body:
      string: ''
    headers:
      azure-asyncoperation:
      - https://management.azure.com/subscriptions/00000000-0000-0000-0000-000000000000/providers/Microsoft.Compute/locations/eastus/capsOperations/53babb38-d6a3-4522-a949-24d13d03acb7?api-version=2019-12-01
      cache-control:
      - no-cache
      content-length:
      - '0'
      date:
      - Sun, 26 Apr 2020 20:08:14 GMT
      expires:
      - '-1'
      location:
      - https://management.azure.com/subscriptions/00000000-0000-0000-0000-000000000000/providers/Microsoft.Compute/locations/eastus/capsOperations/53babb38-d6a3-4522-a949-24d13d03acb7?monitor=true&api-version=2019-12-01
      pragma:
      - no-cache
      server:
      - Microsoft-HTTPAPI/2.0
      - Microsoft-HTTPAPI/2.0
      strict-transport-security:
      - max-age=31536000; includeSubDomains
      x-content-type-options:
      - nosniff
      x-ms-ratelimit-remaining-resource:
      - Microsoft.Compute/DeleteGallery3Min;49,Microsoft.Compute/DeleteGallery30Min;299
      x-ms-ratelimit-remaining-subscription-deletes:
      - '14995'
    status:
      code: 202
      message: Accepted
- request:
    body: null
    headers:
      Accept:
      - '*/*'
      Accept-Encoding:
      - gzip, deflate
      Connection:
      - keep-alive
      User-Agent:
      - azsdk-python-azure-mgmt-compute/0.1.0 Python/3.6.9 (Linux-4.9.184-linuxkit-x86_64-with-Ubuntu-18.04-bionic)
    method: GET
    uri: https://management.azure.com/subscriptions/00000000-0000-0000-0000-000000000000/providers/Microsoft.Compute/locations/eastus/capsOperations/53babb38-d6a3-4522-a949-24d13d03acb7?api-version=2019-12-01
  response:
    body:
      string: "{\r\n  \"startTime\": \"2020-04-26T20:08:14.1308132+00:00\",\r\n  \"\
        endTime\": \"2020-04-26T20:08:14.8339427+00:00\",\r\n  \"status\": \"Succeeded\"\
        ,\r\n  \"name\": \"53babb38-d6a3-4522-a949-24d13d03acb7\"\r\n}"
    headers:
      cache-control:
      - no-cache
      content-length:
      - '184'
      content-type:
      - application/json; charset=utf-8
      date:
      - Sun, 26 Apr 2020 20:08:44 GMT
      expires:
      - '-1'
      pragma:
      - no-cache
      server:
      - Microsoft-HTTPAPI/2.0
      - Microsoft-HTTPAPI/2.0
      strict-transport-security:
      - max-age=31536000; includeSubDomains
      transfer-encoding:
      - chunked
      vary:
      - Accept-Encoding
      x-content-type-options:
      - nosniff
      x-ms-ratelimit-remaining-resource:
      - Microsoft.Compute/GetOperationStatus3Min;1191,Microsoft.Compute/GetOperationStatus30Min;2334
    status:
      code: 200
      message: OK
version: 1
