interactions:
- request:
    body: '{"location": "east US", "tags": {"tag1": "value1"}}'
    headers:
      Accept:
      - application/json
      Accept-Encoding:
      - gzip, deflate
      Connection:
      - keep-alive
      Content-Length:
      - '51'
      Content-Type:
      - application/json
      User-Agent:
      - azsdk-python-mgmt-resource/unknown Python/3.6.9 (Linux-4.9.184-linuxkit-x86_64-with-Ubuntu-18.04-bionic)
    method: PUT
    uri: https://management.azure.com/subscriptions/00000000-0000-0000-0000-000000000000/resourcegroups/test_group_name_xyz?api-version=2019-10-01
  response:
    body:
      string: '{"id":"/subscriptions/00000000-0000-0000-0000-000000000000/resourceGroups/test_group_name_xyz","name":"test_group_name_xyz","type":"Microsoft.Resources/resourceGroups","location":"eastus","tags":{"tag1":"value1"},"properties":{"provisioningState":"Succeeded"}}'
    headers:
      cache-control:
      - no-cache
      content-length:
      - '260'
      content-type:
      - application/json; charset=utf-8
      date:
      - Mon, 27 Apr 2020 12:17:41 GMT
      expires:
      - '-1'
      pragma:
      - no-cache
      strict-transport-security:
      - max-age=31536000; includeSubDomains
      x-content-type-options:
      - nosniff
      x-ms-ratelimit-remaining-subscription-writes:
      - '1199'
    status:
      code: 201
      message: Created
- request:
    body: '{"location": "East US", "properties": {"lockLevel": "None", "displayName":
      "myManagedApplicationDef", "authorizations": [], "description": "myManagedApplicationDef
      description", "packageFileUri": "https://raw.githubusercontent.com/Azure/azure-quickstart-templates/master/101-managed-application-with-linked-templates/artifacts/ManagedAppZip/pkg.zip"}}'
    headers:
      Accept:
      - application/json
      Accept-Encoding:
      - gzip, deflate
      Connection:
      - keep-alive
      Content-Length:
      - '351'
      Content-Type:
      - application/json
      User-Agent:
      - azsdk-python-azure-mgmt-resource/0.1.0 Python/3.6.9 (Linux-4.9.184-linuxkit-x86_64-with-Ubuntu-18.04-bionic)
    method: PUT
    uri: https://management.azure.com/subscriptions/00000000-0000-0000-0000-000000000000/resourceGroups/test_mgmt_resource_managed_application_test_application_by_idc8d1902/providers/Microsoft.Solutions/applicationDefinitions/applicationdefinition?api-version=2018-06-01
  response:
    body:
      string: '{"properties":{"authorizations":[],"isEnabled":true,"lockLevel":"None","displayName":"myManagedApplicationDef","description":"myManagedApplicationDef
        description","artifacts":[{"name":"ApplicationResourceTemplate","type":"Template","uri":"https://prdsapplianceprodbl01.blob.core.windows.net/applicationdefinitions/844A4_1C5B82EE92944568B0C0B9C523BC0D86_7BFBBDEE70FA823E830F329075AEAFC1461E5661/854cb65695c04aa2b0683f1d76611bb9/applicationResourceTemplate.json"},{"name":"CreateUiDefinition","type":"Custom","uri":"https://management.azure.com/subscriptions/00000000-0000-0000-0000-000000000000/resourceGroups/test_mgmt_resource_managed_application_test_application_by_idc8d1902/providers/Microsoft.Solutions/applicationDefinitions/applicationdefinition/applicationArtifacts/CreateUiDefinition?api-version=2017-09-01"},{"name":"MainTemplateParameters","type":"Custom","uri":"https://management.azure.com/subscriptions/00000000-0000-0000-0000-000000000000/resourceGroups/test_mgmt_resource_managed_application_test_application_by_idc8d1902/providers/Microsoft.Solutions/applicationDefinitions/applicationdefinition/applicationArtifacts/MainTemplateParameters?api-version=2017-09-01"}]},"id":"/subscriptions/00000000-0000-0000-0000-000000000000/resourceGroups/test_mgmt_resource_managed_application_test_application_by_idc8d1902/providers/Microsoft.Solutions/applicationDefinitions/applicationdefinition","name":"applicationdefinition","type":"Microsoft.Solutions/applicationDefinitions","location":"East
        US"}'
    headers:
      cache-control:
      - no-cache
      content-length:
      - '1506'
      content-type:
      - application/json; charset=utf-8
      date:
      - Mon, 27 Apr 2020 12:17:49 GMT
      expires:
      - '-1'
      pragma:
      - no-cache
      strict-transport-security:
      - max-age=31536000; includeSubDomains
      x-content-type-options:
      - nosniff
      x-ms-ratelimit-remaining-subscription-writes:
      - '1199'
    status:
      code: 201
      message: Created
- request:
    body: null
    headers:
      Accept:
      - '*/*'
      Accept-Encoding:
      - gzip, deflate
      Connection:
      - keep-alive
      User-Agent:
      - azsdk-python-azure-mgmt-resource/0.1.0 Python/3.6.9 (Linux-4.9.184-linuxkit-x86_64-with-Ubuntu-18.04-bionic)
    method: GET
    uri: https://management.azure.com/subscriptions/00000000-0000-0000-0000-000000000000/resourceGroups/test_mgmt_resource_managed_application_test_application_by_idc8d1902/providers/Microsoft.Solutions/applicationDefinitions/applicationdefinition?api-version=2018-06-01
  response:
    body:
      string: '{"properties":{"authorizations":[],"isEnabled":true,"lockLevel":"None","displayName":"myManagedApplicationDef","description":"myManagedApplicationDef
        description","artifacts":[{"name":"ApplicationResourceTemplate","type":"Template","uri":"https://prdsapplianceprodbl01.blob.core.windows.net/applicationdefinitions/844A4_1C5B82EE92944568B0C0B9C523BC0D86_7BFBBDEE70FA823E830F329075AEAFC1461E5661/854cb65695c04aa2b0683f1d76611bb9/applicationResourceTemplate.json"},{"name":"CreateUiDefinition","type":"Custom","uri":"https://management.azure.com/subscriptions/00000000-0000-0000-0000-000000000000/resourceGroups/test_mgmt_resource_managed_application_test_application_by_idc8d1902/providers/Microsoft.Solutions/applicationDefinitions/applicationdefinition/applicationArtifacts/CreateUiDefinition?api-version=2017-09-01"},{"name":"MainTemplateParameters","type":"Custom","uri":"https://management.azure.com/subscriptions/00000000-0000-0000-0000-000000000000/resourceGroups/test_mgmt_resource_managed_application_test_application_by_idc8d1902/providers/Microsoft.Solutions/applicationDefinitions/applicationdefinition/applicationArtifacts/MainTemplateParameters?api-version=2017-09-01"}]},"id":"/subscriptions/00000000-0000-0000-0000-000000000000/resourceGroups/test_mgmt_resource_managed_application_test_application_by_idc8d1902/providers/Microsoft.Solutions/applicationDefinitions/applicationdefinition","name":"applicationdefinition","type":"Microsoft.Solutions/applicationDefinitions","location":"East
        US"}'
    headers:
      cache-control:
      - no-cache
      content-length:
      - '1506'
      content-type:
      - application/json; charset=utf-8
      date:
      - Mon, 27 Apr 2020 12:18:20 GMT
      expires:
      - '-1'
      pragma:
      - no-cache
      strict-transport-security:
      - max-age=31536000; includeSubDomains
      transfer-encoding:
      - chunked
      vary:
      - Accept-Encoding,Accept-Encoding
      x-content-type-options:
      - nosniff
    status:
      code: 200
      message: OK
- request:
    body: null
    headers:
      Accept:
      - application/json
      Accept-Encoding:
      - gzip, deflate
      Connection:
      - keep-alive
      User-Agent:
      - azsdk-python-azure-mgmt-resource/0.1.0 Python/3.6.9 (Linux-4.9.184-linuxkit-x86_64-with-Ubuntu-18.04-bionic)
    method: GET
    uri: https://management.azure.com/subscriptions/00000000-0000-0000-0000-000000000000/resourceGroups/test_mgmt_resource_managed_application_test_application_by_idc8d1902/providers/Microsoft.Solutions/applicationDefinitions/applicationdefinition?api-version=2018-06-01
  response:
    body:
      string: '{"properties":{"authorizations":[],"isEnabled":true,"lockLevel":"None","displayName":"myManagedApplicationDef","description":"myManagedApplicationDef
        description","artifacts":[{"name":"ApplicationResourceTemplate","type":"Template","uri":"https://prdsapplianceprodbl01.blob.core.windows.net/applicationdefinitions/844A4_1C5B82EE92944568B0C0B9C523BC0D86_7BFBBDEE70FA823E830F329075AEAFC1461E5661/854cb65695c04aa2b0683f1d76611bb9/applicationResourceTemplate.json"},{"name":"CreateUiDefinition","type":"Custom","uri":"https://management.azure.com/subscriptions/00000000-0000-0000-0000-000000000000/resourceGroups/test_mgmt_resource_managed_application_test_application_by_idc8d1902/providers/Microsoft.Solutions/applicationDefinitions/applicationdefinition/applicationArtifacts/CreateUiDefinition?api-version=2017-09-01"},{"name":"MainTemplateParameters","type":"Custom","uri":"https://management.azure.com/subscriptions/00000000-0000-0000-0000-000000000000/resourceGroups/test_mgmt_resource_managed_application_test_application_by_idc8d1902/providers/Microsoft.Solutions/applicationDefinitions/applicationdefinition/applicationArtifacts/MainTemplateParameters?api-version=2017-09-01"}]},"id":"/subscriptions/00000000-0000-0000-0000-000000000000/resourceGroups/test_mgmt_resource_managed_application_test_application_by_idc8d1902/providers/Microsoft.Solutions/applicationDefinitions/applicationdefinition","name":"applicationdefinition","type":"Microsoft.Solutions/applicationDefinitions","location":"East
        US"}'
    headers:
      cache-control:
      - no-cache
      content-length:
      - '1506'
      content-type:
      - application/json; charset=utf-8
      date:
      - Mon, 27 Apr 2020 12:18:20 GMT
      expires:
      - '-1'
      pragma:
      - no-cache
      strict-transport-security:
      - max-age=31536000; includeSubDomains
      transfer-encoding:
      - chunked
      vary:
      - Accept-Encoding,Accept-Encoding
      x-content-type-options:
      - nosniff
    status:
      code: 200
      message: OK
- request:
    body: 'b''b\''{"location": "East US", "kind": "ServiceCatalog", "properties":
      {"managedResourceGroupId": "/subscriptions/00000000-0000-0000-0000-000000000000/resourceGroups/myManagedRGtest_group_name_xyz",
      "applicationDefinitionId": "/subscriptions/00000000-0000-0000-0000-000000000000/resourceGroups/test_mgmt_resource_managed_application_test_application_by_idc8d1902/providers/Microsoft.Solutions/applicationDefinitions/applicationdefinition"}}\'''''
    headers:
      Accept:
      - application/json
      Accept-Encoding:
      - gzip, deflate
      Connection:
      - keep-alive
      Content-Length:
      - '433'
      Content-Type:
      - application/json
      User-Agent:
      - azsdk-python-azure-mgmt-resource/0.1.0 Python/3.6.9 (Linux-4.9.184-linuxkit-x86_64-with-Ubuntu-18.04-bionic)
    method: PUT
    uri: https://management.azure.com/subscriptions/00000000-0000-0000-0000-000000000000/resourceGroups/test_mgmt_resource_managed_application_test_application_by_idc8d1902/providers/Microsoft.Solutions/applications/applicationtest?api-version=2018-06-01
  response:
    body:
      string: '{"properties":{"managedResourceGroupId":"/subscriptions/00000000-0000-0000-0000-000000000000/resourceGroups/myManagedRGtest_group_name_xyz","applicationDefinitionId":"/subscriptions/00000000-0000-0000-0000-000000000000/resourceGroups/test_mgmt_resource_managed_application_test_application_by_idc8d1902/providers/Microsoft.Solutions/applicationDefinitions/applicationdefinition","publisherPackageId":"/subscriptions/00000000-0000-0000-0000-000000000000/resourceGroups/test_mgmt_resource_managed_application_test_application_by_idc8d1902/providers/Microsoft.Solutions/applicationDefinitions/applicationdefinition","provisioningState":"Accepted","authorizations":[],"createdBy":{"oid":"20d81029-94cd-4923-a766-994415ff73bd","applicationId":"5f27a805-7ee7-4f96-a47e-ae04821aef22"},"updatedBy":{"oid":"20d81029-94cd-4923-a766-994415ff73bd","applicationId":"5f27a805-7ee7-4f96-a47e-ae04821aef22"}},"id":"/subscriptions/00000000-0000-0000-0000-000000000000/resourceGroups/test_mgmt_resource_managed_application_test_application_by_idc8d1902/providers/Microsoft.Solutions/applications/applicationtest","name":"applicationtest","type":"Microsoft.Solutions/applications","kind":"ServiceCatalog","location":"East
        US"}'
    headers:
      azure-asyncoperation:
      - https://management.azure.com/subscriptions/00000000-0000-0000-0000-000000000000/resourceGroups/test_mgmt_resource_managed_application_test_application_by_idc8d1902/providers/Microsoft.Solutions/locations/East
        US/operationStatuses/eyJmdWxseVF1YWxpZmllZEFwcGxpYW5jZUlkIjoiL3N1YnNjcmlwdGlvbnMvMWM1YjgyZWUtOTI5NC00NTY4LWIwYzAtYjljNTIzYmMwZDg2L3Jlc291cmNlR3JvdXBzL3Rlc3RfbWdtdF9yZXNvdXJjZV9tYW5hZ2VkX2FwcGxpY2F0aW9uX3Rlc3RfYXBwbGljYXRpb25fYnlfaWRjOGQxOTAyL3Byb3ZpZGVycy9NaWNyb3NvZnQuU29sdXRpb25zL2FwcGxpY2F0aW9ucy9hcHBsaWNhdGlvbnRlc3QiLCJqb2JJZCI6IkFwcGxpYW5jZVByb3Zpc2lvbmluZ0pvYjoyRFJHQToyRFRFU1Q6M0E1Rk1HTVQ6M0E1RlJFU09VUkNFOjNBNUZNQU5BR0VEOjNBNUZBUFBMSUNBVElPTjozQTo3QzFBODMzOUY5NzREOUYxOUI6MkRBUFBMSUNBVElPTlRFU1QifQ?api-version=2018-06-01
      cache-control:
      - no-cache
      content-length:
      - '1207'
      content-type:
      - application/json; charset=utf-8
      date:
      - Mon, 27 Apr 2020 12:18:24 GMT
      expires:
      - '-1'
      location:
      - https://management.azure.com/subscriptions/00000000-0000-0000-0000-000000000000/resourceGroups/test_mgmt_resource_managed_application_test_application_by_idc8d1902/providers/Microsoft.Solutions/locations/East%20US/operationStatuses/eyJmdWxseVF1YWxpZmllZEFwcGxpYW5jZUlkIjoiL3N1YnNjcmlwdGlvbnMvMWM1YjgyZWUtOTI5NC00NTY4LWIwYzAtYjljNTIzYmMwZDg2L3Jlc291cmNlR3JvdXBzL3Rlc3RfbWdtdF9yZXNvdXJjZV9tYW5hZ2VkX2FwcGxpY2F0aW9uX3Rlc3RfYXBwbGljYXRpb25fYnlfaWRjOGQxOTAyL3Byb3ZpZGVycy9NaWNyb3NvZnQuU29sdXRpb25zL2FwcGxpY2F0aW9ucy9hcHBsaWNhdGlvbnRlc3QiLCJqb2JJZCI6IkFwcGxpYW5jZVByb3Zpc2lvbmluZ0pvYjoyRFJHQToyRFRFU1Q6M0E1Rk1HTVQ6M0E1RlJFU09VUkNFOjNBNUZNQU5BR0VEOjNBNUZBUFBMSUNBVElPTjozQTo3QzFBODMzOUY5NzREOUYxOUI6MkRBUFBMSUNBVElPTlRFU1QifQ?api-version=2018-06-01
      pragma:
      - no-cache
      strict-transport-security:
      - max-age=31536000; includeSubDomains
      x-content-type-options:
      - nosniff
      x-ms-ratelimit-remaining-subscription-writes:
      - '1198'
    status:
      code: 201
      message: Created
- request:
    body: null
    headers:
      Accept:
      - application/json
      Accept-Encoding:
      - gzip, deflate
      Connection:
      - keep-alive
      User-Agent:
      - azsdk-python-azure-mgmt-resource/0.1.0 Python/3.6.9 (Linux-4.9.184-linuxkit-x86_64-with-Ubuntu-18.04-bionic)
    method: GET
    uri: https://management.azure.com/subscriptions/00000000-0000-0000-0000-000000000000/resourceGroups/test_mgmt_resource_managed_application_test_application_by_idc8d1902/providers/Microsoft.Solutions/applications/applicationtest?api-version=2018-06-01
  response:
    body:
      string: '{"properties":{"managedResourceGroupId":"/subscriptions/00000000-0000-0000-0000-000000000000/resourceGroups/myManagedRGtest_group_name_xyz","applicationDefinitionId":"/subscriptions/00000000-0000-0000-0000-000000000000/resourceGroups/test_mgmt_resource_managed_application_test_application_by_idc8d1902/providers/Microsoft.Solutions/applicationDefinitions/applicationdefinition","publisherPackageId":"/subscriptions/00000000-0000-0000-0000-000000000000/resourceGroups/test_mgmt_resource_managed_application_test_application_by_idc8d1902/providers/Microsoft.Solutions/applicationDefinitions/applicationdefinition","provisioningState":"Accepted","authorizations":[],"createdBy":{"oid":"20d81029-94cd-4923-a766-994415ff73bd","applicationId":"5f27a805-7ee7-4f96-a47e-ae04821aef22"},"updatedBy":{"oid":"20d81029-94cd-4923-a766-994415ff73bd","applicationId":"5f27a805-7ee7-4f96-a47e-ae04821aef22"}},"id":"/subscriptions/00000000-0000-0000-0000-000000000000/resourceGroups/test_mgmt_resource_managed_application_test_application_by_idc8d1902/providers/Microsoft.Solutions/applications/applicationtest","name":"applicationtest","type":"Microsoft.Solutions/applications","kind":"ServiceCatalog","location":"East
        US"}'
    headers:
      cache-control:
      - no-cache
      content-length:
      - '1207'
      content-type:
      - application/json; charset=utf-8
      date:
      - Mon, 27 Apr 2020 12:18:24 GMT
      expires:
      - '-1'
      pragma:
      - no-cache
      strict-transport-security:
      - max-age=31536000; includeSubDomains
      transfer-encoding:
      - chunked
      vary:
      - Accept-Encoding,Accept-Encoding
      x-content-type-options:
      - nosniff
    status:
      code: 200
      message: OK
- request:
    body: 'b''b\''{"kind": "ServiceCatalog", "properties": {"managedResourceGroupId":
      "/subscriptions/00000000-0000-0000-0000-000000000000/resourceGroups/myManagedRGtest_group_name_xyz"}}\'''''
    headers:
      Accept:
      - application/json
      Accept-Encoding:
      - gzip, deflate
      Connection:
      - keep-alive
      Content-Length:
      - '169'
      Content-Type:
      - application/json
      User-Agent:
      - azsdk-python-azure-mgmt-resource/0.1.0 Python/3.6.9 (Linux-4.9.184-linuxkit-x86_64-with-Ubuntu-18.04-bionic)
    method: PATCH
    uri: https://management.azure.com/subscriptions/00000000-0000-0000-0000-000000000000/resourceGroups/test_mgmt_resource_managed_application_test_application_by_idc8d1902/providers/Microsoft.Solutions/applications/applicationtest?api-version=2018-06-01
  response:
    body:
      string: '{"properties":{"managedResourceGroupId":"/subscriptions/00000000-0000-0000-0000-000000000000/resourceGroups/myManagedRGtest_group_name_xyz","applicationDefinitionId":"/subscriptions/00000000-0000-0000-0000-000000000000/resourceGroups/test_mgmt_resource_managed_application_test_application_by_idc8d1902/providers/Microsoft.Solutions/applicationDefinitions/applicationdefinition","publisherPackageId":"/subscriptions/00000000-0000-0000-0000-000000000000/resourceGroups/test_mgmt_resource_managed_application_test_application_by_idc8d1902/providers/Microsoft.Solutions/applicationDefinitions/applicationdefinition","provisioningState":"Accepted","createdBy":{"oid":"20d81029-94cd-4923-a766-994415ff73bd","applicationId":"5f27a805-7ee7-4f96-a47e-ae04821aef22"},"updatedBy":{"oid":"20d81029-94cd-4923-a766-994415ff73bd","applicationId":"5f27a805-7ee7-4f96-a47e-ae04821aef22"}},"id":"/subscriptions/00000000-0000-0000-0000-000000000000/resourceGroups/test_mgmt_resource_managed_application_test_application_by_idc8d1902/providers/Microsoft.Solutions/applications/applicationtest","name":"applicationtest","type":"Microsoft.Solutions/applications","kind":"ServiceCatalog","location":"East
        US"}'
    headers:
      cache-control:
      - no-cache
      content-length:
      - '1187'
      content-type:
      - application/json; charset=utf-8
      date:
      - Mon, 27 Apr 2020 12:18:26 GMT
      expires:
      - '-1'
      pragma:
      - no-cache
      strict-transport-security:
      - max-age=31536000; includeSubDomains
      transfer-encoding:
      - chunked
      vary:
      - Accept-Encoding,Accept-Encoding
      x-content-type-options:
      - nosniff
      x-ms-ratelimit-remaining-subscription-writes:
      - '1197'
    status:
      code: 200
      message: OK
- request:
    body: null
    headers:
      Accept:
      - '*/*'
      Accept-Encoding:
      - gzip, deflate
      Connection:
      - keep-alive
      Content-Length:
      - '0'
      User-Agent:
      - azsdk-python-azure-mgmt-resource/0.1.0 Python/3.6.9 (Linux-4.9.184-linuxkit-x86_64-with-Ubuntu-18.04-bionic)
    method: DELETE
    uri: https://management.azure.com/subscriptions/00000000-0000-0000-0000-000000000000/resourceGroups/test_mgmt_resource_managed_application_test_application_by_idc8d1902/providers/Microsoft.Solutions/applications/applicationtest?api-version=2018-06-01
  response:
    body:
      string: ''
    headers:
      cache-control:
      - no-cache
      content-length:
      - '0'
      date:
      - Mon, 27 Apr 2020 12:18:27 GMT
      expires:
      - '-1'
      location:
      - https://management.azure.com/subscriptions/00000000-0000-0000-0000-000000000000/resourceGroups/test_mgmt_resource_managed_application_test_application_by_idc8d1902/providers/Microsoft.Solutions/locations/East%20US/operationStatuses/eyJmdWxseVF1YWxpZmllZEFwcGxpYW5jZUlkIjoiL3N1YnNjcmlwdGlvbnMvMWM1YjgyZWUtOTI5NC00NTY4LWIwYzAtYjljNTIzYmMwZDg2L3Jlc291cmNlR3JvdXBzL3Rlc3RfbWdtdF9yZXNvdXJjZV9tYW5hZ2VkX2FwcGxpY2F0aW9uX3Rlc3RfYXBwbGljYXRpb25fYnlfaWRjOGQxOTAyL3Byb3ZpZGVycy9NaWNyb3NvZnQuU29sdXRpb25zL2FwcGxpY2F0aW9ucy9hcHBsaWNhdGlvbnRlc3QiLCJqb2JJZCI6IkFwcGxpYW5jZURlcHJvdmlzaW9uaW5nSm9iOjJEUkdBOjJEVEVTVDozQTVGTUdNVDozQTVGUkVTT1VSQ0U6M0E1Rk1BTkFHRUQ6M0E1RkFQUExJQ0FUSU9OOjNBOjdDMUE4MzM5Rjk3NEQ5RjE5QnxDNDlCODEyRDdENzZCMTUzIn0?api-version=2018-06-01
      pragma:
      - no-cache
      strict-transport-security:
      - max-age=31536000; includeSubDomains
      x-content-type-options:
      - nosniff
      x-ms-ratelimit-remaining-subscription-deletes:
      - '14999'
    status:
      code: 202
      message: Accepted
- request:
    body: null
    headers:
      Accept:
      - '*/*'
      Accept-Encoding:
      - gzip, deflate
      Connection:
      - keep-alive
      User-Agent:
      - azsdk-python-azure-mgmt-resource/0.1.0 Python/3.6.9 (Linux-4.9.184-linuxkit-x86_64-with-Ubuntu-18.04-bionic)
    method: GET
    uri: https://management.azure.com/subscriptions/00000000-0000-0000-0000-000000000000/resourceGroups/test_mgmt_resource_managed_application_test_application_by_idc8d1902/providers/Microsoft.Solutions/locations/East%20US/operationStatuses/eyJmdWxseVF1YWxpZmllZEFwcGxpYW5jZUlkIjoiL3N1YnNjcmlwdGlvbnMvMWM1YjgyZWUtOTI5NC00NTY4LWIwYzAtYjljNTIzYmMwZDg2L3Jlc291cmNlR3JvdXBzL3Rlc3RfbWdtdF9yZXNvdXJjZV9tYW5hZ2VkX2FwcGxpY2F0aW9uX3Rlc3RfYXBwbGljYXRpb25fYnlfaWRjOGQxOTAyL3Byb3ZpZGVycy9NaWNyb3NvZnQuU29sdXRpb25zL2FwcGxpY2F0aW9ucy9hcHBsaWNhdGlvbnRlc3QiLCJqb2JJZCI6IkFwcGxpYW5jZVByb3Zpc2lvbmluZ0pvYjoyRFJHQToyRFRFU1Q6M0E1Rk1HTVQ6M0E1RlJFU09VUkNFOjNBNUZNQU5BR0VEOjNBNUZBUFBMSUNBVElPTjozQTo3QzFBODMzOUY5NzREOUYxOUI6MkRBUFBMSUNBVElPTlRFU1QifQ?api-version=2018-06-01
  response:
    body:
      string: '{"status":"Failed","error":{"code":"InvalidApplianceState","message":"The
        provisioning failed for resource type ''Microsoft.Solutions/applications''
        with name ''applicationtest'' since the appliance is in an invalid state ''Deleting''."}}'
    headers:
      cache-control:
      - no-cache
      content-length:
      - '232'
      content-type:
      - application/json; charset=utf-8
      date:
      - Mon, 27 Apr 2020 12:18:39 GMT
      expires:
      - '-1'
      pragma:
      - no-cache
      strict-transport-security:
      - max-age=31536000; includeSubDomains
      transfer-encoding:
      - chunked
      vary:
      - Accept-Encoding,Accept-Encoding
      x-content-type-options:
      - nosniff
    status:
      code: 200
      message: OK
- request:
    body: null
    headers:
      Accept:
      - '*/*'
      Accept-Encoding:
      - gzip, deflate
      Connection:
      - keep-alive
      User-Agent:
      - azsdk-python-azure-mgmt-resource/0.1.0 Python/3.6.9 (Linux-4.9.184-linuxkit-x86_64-with-Ubuntu-18.04-bionic)
    method: GET
    uri: https://management.azure.com/subscriptions/00000000-0000-0000-0000-000000000000/resourceGroups/test_mgmt_resource_managed_application_test_application_by_idc8d1902/providers/Microsoft.Solutions/locations/East%20US/operationStatuses/eyJmdWxseVF1YWxpZmllZEFwcGxpYW5jZUlkIjoiL3N1YnNjcmlwdGlvbnMvMWM1YjgyZWUtOTI5NC00NTY4LWIwYzAtYjljNTIzYmMwZDg2L3Jlc291cmNlR3JvdXBzL3Rlc3RfbWdtdF9yZXNvdXJjZV9tYW5hZ2VkX2FwcGxpY2F0aW9uX3Rlc3RfYXBwbGljYXRpb25fYnlfaWRjOGQxOTAyL3Byb3ZpZGVycy9NaWNyb3NvZnQuU29sdXRpb25zL2FwcGxpY2F0aW9ucy9hcHBsaWNhdGlvbnRlc3QiLCJqb2JJZCI6IkFwcGxpYW5jZURlcHJvdmlzaW9uaW5nSm9iOjJEUkdBOjJEVEVTVDozQTVGTUdNVDozQTVGUkVTT1VSQ0U6M0E1Rk1BTkFHRUQ6M0E1RkFQUExJQ0FUSU9OOjNBOjdDMUE4MzM5Rjk3NEQ5RjE5QnxDNDlCODEyRDdENzZCMTUzIn0?api-version=2018-06-01
  response:
    body:
      string: '{"status":"Accepted"}'
    headers:
      cache-control:
      - no-cache
      content-length:
      - '21'
      content-type:
      - application/json; charset=utf-8
      date:
      - Mon, 27 Apr 2020 12:18:42 GMT
      expires:
      - '-1'
      pragma:
      - no-cache
      strict-transport-security:
      - max-age=31536000; includeSubDomains
      x-content-type-options:
      - nosniff
    status:
      code: 202
      message: Accepted
- request:
    body: null
    headers:
      Accept:
      - '*/*'
      Accept-Encoding:
      - gzip, deflate
      Connection:
      - keep-alive
      User-Agent:
      - azsdk-python-azure-mgmt-resource/0.1.0 Python/3.6.9 (Linux-4.9.184-linuxkit-x86_64-with-Ubuntu-18.04-bionic)
    method: GET
    uri: https://management.azure.com/subscriptions/00000000-0000-0000-0000-000000000000/resourceGroups/test_mgmt_resource_managed_application_test_application_by_idc8d1902/providers/Microsoft.Solutions/locations/East%20US/operationStatuses/eyJmdWxseVF1YWxpZmllZEFwcGxpYW5jZUlkIjoiL3N1YnNjcmlwdGlvbnMvMWM1YjgyZWUtOTI5NC00NTY4LWIwYzAtYjljNTIzYmMwZDg2L3Jlc291cmNlR3JvdXBzL3Rlc3RfbWdtdF9yZXNvdXJjZV9tYW5hZ2VkX2FwcGxpY2F0aW9uX3Rlc3RfYXBwbGljYXRpb25fYnlfaWRjOGQxOTAyL3Byb3ZpZGVycy9NaWNyb3NvZnQuU29sdXRpb25zL2FwcGxpY2F0aW9ucy9hcHBsaWNhdGlvbnRlc3QiLCJqb2JJZCI6IkFwcGxpYW5jZURlcHJvdmlzaW9uaW5nSm9iOjJEUkdBOjJEVEVTVDozQTVGTUdNVDozQTVGUkVTT1VSQ0U6M0E1Rk1BTkFHRUQ6M0E1RkFQUExJQ0FUSU9OOjNBOjdDMUE4MzM5Rjk3NEQ5RjE5QnxDNDlCODEyRDdENzZCMTUzIn0?api-version=2018-06-01
  response:
    body:
      string: '{"status":"Succeeded"}'
    headers:
      cache-control:
      - no-cache
      content-length:
      - '22'
      content-type:
      - application/json; charset=utf-8
      date:
      - Mon, 27 Apr 2020 12:19:12 GMT
      expires:
      - '-1'
      pragma:
      - no-cache
      strict-transport-security:
      - max-age=31536000; includeSubDomains
      transfer-encoding:
      - chunked
      vary:
      - Accept-Encoding,Accept-Encoding
      x-content-type-options:
      - nosniff
    status:
      code: 200
      message: OK
- request:
    body: null
    headers:
      Accept:
      - '*/*'
      Accept-Encoding:
      - gzip, deflate
      Connection:
      - keep-alive
      Content-Length:
      - '0'
      User-Agent:
      - azsdk-python-azure-mgmt-resource/0.1.0 Python/3.6.9 (Linux-4.9.184-linuxkit-x86_64-with-Ubuntu-18.04-bionic)
    method: DELETE
    uri: https://management.azure.com/subscriptions/00000000-0000-0000-0000-000000000000/resourceGroups/test_mgmt_resource_managed_application_test_application_by_idc8d1902/providers/Microsoft.Solutions/applicationDefinitions/applicationdefinition?api-version=2018-06-01
  response:
    body:
      string: ''
    headers:
      cache-control:
      - no-cache
      content-length:
      - '0'
      date:
      - Mon, 27 Apr 2020 12:19:15 GMT
      expires:
      - '-1'
      pragma:
      - no-cache
      strict-transport-security:
      - max-age=31536000; includeSubDomains
      x-content-type-options:
      - nosniff
      x-ms-ratelimit-remaining-subscription-deletes:
      - '14998'
    status:
      code: 200
      message: OK
- request:
    body: null
    headers:
      Accept:
      - '*/*'
      Accept-Encoding:
      - gzip, deflate
      Connection:
      - keep-alive
      Content-Length:
      - '0'
      User-Agent:
      - azsdk-python-mgmt-resource/unknown Python/3.6.9 (Linux-4.9.184-linuxkit-x86_64-with-Ubuntu-18.04-bionic)
    method: DELETE
    uri: https://management.azure.com/subscriptions/00000000-0000-0000-0000-000000000000/resourcegroups/test_group_name_xyz?api-version=2019-10-01
  response:
    body:
      string: ''
    headers:
      cache-control:
      - no-cache
      content-length:
      - '0'
      date:
      - Mon, 27 Apr 2020 12:19:17 GMT
      expires:
      - '-1'
      location:
      - https://management.azure.com/subscriptions/00000000-0000-0000-0000-000000000000/operationresults/eyJqb2JJZCI6IlJFU09VUkNFR1JPVVBERUxFVElPTkpPQi1URVNUOjVGR1JPVVA6NUZOQU1FOjVGWFlaLUVBU1RVUyIsImpvYkxvY2F0aW9uIjoiZWFzdHVzIn0?api-version=2019-10-01
      pragma:
      - no-cache
      strict-transport-security:
      - max-age=31536000; includeSubDomains
      x-content-type-options:
      - nosniff
      x-ms-ratelimit-remaining-subscription-deletes:
      - '14999'
    status:
      code: 202
      message: Accepted
- request:
    body: null
    headers:
      Accept:
      - '*/*'
      Accept-Encoding:
      - gzip, deflate
      Connection:
      - keep-alive
      User-Agent:
      - azsdk-python-mgmt-resource/unknown Python/3.6.9 (Linux-4.9.184-linuxkit-x86_64-with-Ubuntu-18.04-bionic)
    method: GET
    uri: https://management.azure.com/subscriptions/00000000-0000-0000-0000-000000000000/operationresults/eyJqb2JJZCI6IlJFU09VUkNFR1JPVVBERUxFVElPTkpPQi1URVNUOjVGR1JPVVA6NUZOQU1FOjVGWFlaLUVBU1RVUyIsImpvYkxvY2F0aW9uIjoiZWFzdHVzIn0?api-version=2019-10-01
  response:
    body:
      string: ''
    headers:
      cache-control:
      - no-cache
      content-length:
      - '0'
      date:
      - Mon, 27 Apr 2020 12:19:33 GMT
      expires:
      - '-1'
      location:
      - https://management.azure.com/subscriptions/00000000-0000-0000-0000-000000000000/operationresults/eyJqb2JJZCI6IlJFU09VUkNFR1JPVVBERUxFVElPTkpPQi1URVNUOjVGR1JPVVA6NUZOQU1FOjVGWFlaLUVBU1RVUyIsImpvYkxvY2F0aW9uIjoiZWFzdHVzIn0?api-version=2019-10-01
      pragma:
      - no-cache
      strict-transport-security:
      - max-age=31536000; includeSubDomains
      x-content-type-options:
      - nosniff
    status:
      code: 202
      message: Accepted
- request:
    body: null
    headers:
      Accept:
      - '*/*'
      Accept-Encoding:
      - gzip, deflate
      Connection:
      - keep-alive
      User-Agent:
      - azsdk-python-mgmt-resource/unknown Python/3.6.9 (Linux-4.9.184-linuxkit-x86_64-with-Ubuntu-18.04-bionic)
    method: GET
    uri: https://management.azure.com/subscriptions/00000000-0000-0000-0000-000000000000/operationresults/eyJqb2JJZCI6IlJFU09VUkNFR1JPVVBERUxFVElPTkpPQi1URVNUOjVGR1JPVVA6NUZOQU1FOjVGWFlaLUVBU1RVUyIsImpvYkxvY2F0aW9uIjoiZWFzdHVzIn0?api-version=2019-10-01
  response:
    body:
      string: ''
    headers:
      cache-control:
      - no-cache
      content-length:
      - '0'
      date:
      - Mon, 27 Apr 2020 12:19:48 GMT
      expires:
      - '-1'
      location:
      - https://management.azure.com/subscriptions/00000000-0000-0000-0000-000000000000/operationresults/eyJqb2JJZCI6IlJFU09VUkNFR1JPVVBERUxFVElPTkpPQi1URVNUOjVGR1JPVVA6NUZOQU1FOjVGWFlaLUVBU1RVUyIsImpvYkxvY2F0aW9uIjoiZWFzdHVzIn0?api-version=2019-10-01
      pragma:
      - no-cache
      strict-transport-security:
      - max-age=31536000; includeSubDomains
      x-content-type-options:
      - nosniff
    status:
      code: 202
      message: Accepted
- request:
    body: null
    headers:
      Accept:
      - '*/*'
      Accept-Encoding:
      - gzip, deflate
      Connection:
      - keep-alive
      User-Agent:
      - azsdk-python-mgmt-resource/unknown Python/3.6.9 (Linux-4.9.184-linuxkit-x86_64-with-Ubuntu-18.04-bionic)
    method: GET
    uri: https://management.azure.com/subscriptions/00000000-0000-0000-0000-000000000000/operationresults/eyJqb2JJZCI6IlJFU09VUkNFR1JPVVBERUxFVElPTkpPQi1URVNUOjVGR1JPVVA6NUZOQU1FOjVGWFlaLUVBU1RVUyIsImpvYkxvY2F0aW9uIjoiZWFzdHVzIn0?api-version=2019-10-01
  response:
    body:
      string: ''
    headers:
      cache-control:
      - no-cache
      content-length:
      - '0'
      date:
      - Mon, 27 Apr 2020 12:20:04 GMT
      expires:
      - '-1'
      pragma:
      - no-cache
      strict-transport-security:
      - max-age=31536000; includeSubDomains
      x-content-type-options:
      - nosniff
    status:
      code: 200
      message: OK
version: 1
