---
http_interactions:
- request:
    method: get
    uri: https://login.windows.net/<AZURE_TENANT_ID>/oauth2/token
    body:
      encoding: UTF-8
      string: resource=https%3A%2F%2Fmanagement.core.windows.net%2F&client_id=<AZURE_CLIENT_ID>&client_secret=<AZURE_CLIENT_SECRET>&grant_type=client_credentials
    headers:
      User-Agent:
      - Faraday v0.9.2
      content-type:
      - application/x-www-form-urlencoded
  response:
    status:
      code: 200
      message: 
    headers:
      cache-control:
      - no-cache, no-store
      pragma:
      - no-cache
      content-type:
      - application/json; charset=utf-8
      expires:
      - "-1"
      server:
      - Microsoft-IIS/8.5
      x-ms-request-id:
      - 5879a65a-3622-4940-b8a2-d06ed905132e
      client-request-id:
      - 7196780e-c68f-47c0-ab74-031fb32cbb20
      x-ms-gateway-service-instanceid:
      - ESTSFE_IN_81
      x-content-type-options:
      - nosniff
      strict-transport-security:
      - max-age=31536000; includeSubDomains
      p3p:
      - CP="DSP CUR OTPi IND OTRi ONL FIN"
      set-cookie:
      - flight-uxoptin=true; path=/; secure; HttpOnly, esctx=AAABAAAAiL9Kn2Z27UubvWFPbm0gLdavs9XpdOFuq-iW1iLB9xyVYUiv8lJOq7h0n3jdKL3XlKDckDs4KyZoDPUWLwL56n9GCD0rpDeUyqxMgqjmw-7LdP_iKr5WIGcD8dvfXoOM_NJzOXSOryH9HriyOiulNArrLibebFIAWbDKtZimSKFpz5nn44wZs3hX1X9ob6HjIAA;
        domain=.login.windows.net; path=/; secure; HttpOnly, x-ms-gateway-slice=productiona;
        path=/; secure; HttpOnly, stsservicecookie=ests; path=/; secure; HttpOnly
      x-powered-by:
      - ASP.NET
      date:
      - Thu, 19 May 2016 04:38:28 GMT
      connection:
      - close
      content-length:
      - '1234'
    body:
      encoding: UTF-8
      string: '{"token_type":"Bearer","expires_in":"3599","expires_on":"1463636309","not_before":"1463632409","resource":"https://management.core.windows.net/","access_token":"<ACCESS_TOKEN>"}'
    http_version: 
  recorded_at: Thu, 19 May 2016 04:38:28 GMT
- request:
    method: put
    uri: https://management.azure.com/subscriptions/<AZURE_SUBSCRIPTION_ID>/resourcegroups/RubySDKTest_azure_mgmt_resources?api-version=2016-02-01
    body:
      encoding: UTF-8
      string: '{"location":"westus"}'
    headers:
      User-Agent:
      - Azure-SDK-For-Ruby/0.2.1/
      x-ms-client-request-id:
      - fa59506f-c940-4a17-8774-f49b6fd3edcb
      accept-language:
      - en-US
      Content-Type:
      - application/json; charset=utf-8
  response:
    status:
      code: 201
      message: 
    headers:
      cache-control:
      - no-cache
      pragma:
      - no-cache
      content-length:
      - '217'
      content-type:
      - application/json; charset=utf-8
      expires:
      - "-1"
      x-ms-ratelimit-remaining-subscription-writes:
      - '1197'
      x-ms-request-id:
      - c26147ee-d31d-4e37-8afc-e1804d0bbbaa
      x-ms-correlation-request-id:
      - c26147ee-d31d-4e37-8afc-e1804d0bbbaa
      x-ms-routing-request-id:
      - WESTUS:20160519T043829Z:c26147ee-d31d-4e37-8afc-e1804d0bbbaa
      strict-transport-security:
      - max-age=31536000; includeSubDomains
      date:
      - Thu, 19 May 2016 04:38:29 GMT
      connection:
      - close
    body:
      encoding: UTF-8
      string: '{"id":"/subscriptions/<AZURE_SUBSCRIPTION_ID>/resourceGroups/RubySDKTest_azure_mgmt_resources","name":"RubySDKTest_azure_mgmt_resources","location":"westus","properties":{"provisioningState":"Succeeded"}}'
    http_version: 
  recorded_at: Thu, 19 May 2016 04:38:29 GMT
- request:
    method: get
    uri: https://management.azure.com/subscriptions/<AZURE_SUBSCRIPTION_ID>/resources?%24filter=tagName+eq+%27tagName%27+and+tagValue+eq+%27tagValue%27&%24top=1&api-version=2016-02-01
    body:
      encoding: US-ASCII
      string: ''
    headers:
      User-Agent:
      - Azure-SDK-For-Ruby/0.2.1/
      x-ms-client-request-id:
      - 0b53ff01-9902-4670-ba56-705d48659e65
      accept-language:
      - en-US
  response:
    status:
      code: 200
      message: 
    headers:
      cache-control:
      - no-cache
      pragma:
      - no-cache
      content-type:
      - application/json; charset=utf-8
      expires:
      - "-1"
      vary:
      - Accept-Encoding
      x-ms-ratelimit-remaining-subscription-reads:
      - '14998'
      x-ms-request-id:
      - 7f03aee7-5de4-4f9c-bdf5-ba8b7074147c
      x-ms-correlation-request-id:
      - 7f03aee7-5de4-4f9c-bdf5-ba8b7074147c
      x-ms-routing-request-id:
      - WESTUS:20160519T043830Z:7f03aee7-5de4-4f9c-bdf5-ba8b7074147c
      strict-transport-security:
      - max-age=31536000; includeSubDomains
      date:
      - Thu, 19 May 2016 04:38:29 GMT
      connection:
      - close
      content-length:
      - '133'
    body:
      encoding: ASCII-8BIT
      string: '{"value":[]}'
    http_version: 
  recorded_at: Thu, 19 May 2016 04:38:29 GMT
- request:
    method: delete
    uri: https://management.azure.com/subscriptions/<AZURE_SUBSCRIPTION_ID>/resourcegroups/RubySDKTest_azure_mgmt_resources?api-version=2016-02-01
    body:
      encoding: US-ASCII
      string: ''
    headers:
      User-Agent:
      - Azure-SDK-For-Ruby/0.2.1/
      x-ms-client-request-id:
      - 7286fa61-0a17-46a2-add9-551f4e56ae5d
      accept-language:
      - en-US
  response:
    status:
      code: 202
      message: 
    headers:
      cache-control:
      - no-cache
      pragma:
      - no-cache
      expires:
      - "-1"
      location:
      - https://management.azure.com/subscriptions/<AZURE_SUBSCRIPTION_ID>/operationresults/eyJqb2JJZCI6IlJFU09VUkNFR1JPVVBERUxFVElPTkpPQi1SVUJZU0RLVEVTVDo1RkFaVVJFOjVGTUdNVDo1RlJFU09VUkNFUy1XRVNUVVMiLCJqb2JMb2NhdGlvbiI6Indlc3R1cyJ9?api-version=2016-02-01
      retry-after: '1'
      x-ms-ratelimit-remaining-subscription-writes:
      - '1197'
      x-ms-request-id:
      - 8d2f0465-296d-4227-975c-837f784eada7
      x-ms-correlation-request-id:
      - 8d2f0465-296d-4227-975c-837f784eada7
      x-ms-routing-request-id:
      - WESTUS:20160519T043830Z:8d2f0465-296d-4227-975c-837f784eada7
      strict-transport-security:
      - max-age=31536000; includeSubDomains
      date:
      - Thu, 19 May 2016 04:38:30 GMT
      connection:
      - close
      content-length:
      - '0'
    body:
      encoding: UTF-8
      string: ''
    http_version: 
  recorded_at: Thu, 19 May 2016 04:38:29 GMT
- request:
    method: get
    uri: https://management.azure.com/subscriptions/<AZURE_SUBSCRIPTION_ID>/operationresults/eyJqb2JJZCI6IlJFU09VUkNFR1JPVVBERUxFVElPTkpPQi1SVUJZU0RLVEVTVDo1RkFaVVJFOjVGTUdNVDo1RlJFU09VUkNFUy1XRVNUVVMiLCJqb2JMb2NhdGlvbiI6Indlc3R1cyJ9?api-version=2016-02-01
    body:
      encoding: US-ASCII
      string: ''
    headers:
      User-Agent:
      - Azure-SDK-For-Ruby/0.2.1/
      x-ms-client-request-id:
      - 59e7f8ba-0f56-46d7-a3f7-96147ed4c68a
      accept-language:
      - en-US
      Content-Type:
      - application/json
  response:
    status:
      code: 200
      message: 
    headers:
      cache-control:
      - no-cache
      pragma:
      - no-cache
      expires:
      - "-1"
      x-ms-ratelimit-remaining-subscription-reads:
      - '14988'
      x-ms-request-id:
      - 551e58d2-59c2-4e0e-991d-b7f00d9bbefe
      x-ms-correlation-request-id:
      - 551e58d2-59c2-4e0e-991d-b7f00d9bbefe
      x-ms-routing-request-id:
      - WESTUS:20160519T043931Z:551e58d2-59c2-4e0e-991d-b7f00d9bbefe
      strict-transport-security:
      - max-age=31536000; includeSubDomains
      date:
      - Thu, 19 May 2016 04:39:30 GMT
      connection:
      - close
      content-length:
      - '0'
    body:
      encoding: UTF-8
      string: ''
    http_version: 
  recorded_at: Thu, 19 May 2016 04:39:30 GMT
recorded_with: VCR 3.0.1
