interactions:
- request:
    body: null
    headers:
      Accept: [application/json]
      Accept-Encoding: ['gzip, deflate']
      Connection: [keep-alive]
      Content-Length: ['0']
      Content-Type: [application/json; charset=utf-8]
      User-Agent: [azsdk-python-keyvault-keys/4.1.0b1 Python/3.6.6 (Windows-10-10.0.18362-SP0)]
    method: POST
    uri: https://vault.vault.azure.net/keys/key-name/create?api-version=7.0
  response:
    body: {string: '{"error":{"code":"Unauthorized","message":"Request is missing
        a Bearer or PoP token."}}'}
    headers:
      cache-control: [no-cache]
      content-length: ['87']
      content-type: [application/json; charset=utf-8]
      date: ['Wed, 04 Dec 2019 19:55:18 GMT']
      expires: ['-1']
      pragma: [no-cache]
      server: [Microsoft-IIS/10.0]
      strict-transport-security: [max-age=31536000;includeSubDomains]
      www-authenticate: ['Bearer authorization="https://login.windows.net/72f988bf-86f1-41af-91ab-2d7cd011db47",
          resource="https://vault.azure.net"']
      x-aspnet-version: [4.0.30319]
      x-content-type-options: [nosniff]
      x-ms-keyvault-network-info: [addr=131.107.160.72;act_addr_fam=InterNetwork;]
      x-ms-keyvault-region: [westus]
      x-ms-keyvault-service-version: [1.1.0.883]
      x-powered-by: [ASP.NET]
    status: {code: 401, message: Unauthorized}
- request:
    body: '{"kty": "RSA"}'
    headers:
      Accept: [application/json]
      Accept-Encoding: ['gzip, deflate']
      Connection: [keep-alive]
      Content-Length: ['14']
      Content-Type: [application/json; charset=utf-8]
      User-Agent: [azsdk-python-keyvault-keys/4.1.0b1 Python/3.6.6 (Windows-10-10.0.18362-SP0)]
    method: POST
    uri: https://vault.vault.azure.net/keys/key-name/create?api-version=7.0
  response:
    body: {string: '{"key":{"kid":"https://vault.vault.azure.net/keys/key-name/124a1c980a6a4e2095549018b1b79532","kty":"RSA","key_ops":["encrypt","decrypt","sign","verify","wrapKey","unwrapKey"],"n":"ibOW42KTm0rUCWDFj04oVOBxii-YRASHKnND96c2tQmjSBHppKXDD_IYOcIR4eRh1XqLBmyOnlexuWRMf8rZdRiv0-VAGkzNolbmQjk6lyPBo4KjOHNVpw-YraA9bOnIpRmTwujNIHaQ45QMhTa1J42Zh9_hhjlOPG5yZS1PFem8QkCw3c8NYGbLUkiP1CGpW5R7Fbz5kP9DmFRHxJ-VsBlVSb-AG3CfYpIMP32WHHOorqdM_J79ofcsJDNkkJSPKFWVTorxGHAFMPvDoH0yNe0hSZ0S3kF14BN-WJS8RuuTijaJ5gbFXTtq5w4q785JOILPSwZV9-cro0V1vpS9Jw","e":"AQAB"},"attributes":{"enabled":true,"created":1575489319,"updated":1575489319,"recoveryLevel":"Recoverable+Purgeable"}}'}
    headers:
      cache-control: [no-cache]
      content-length: ['667']
      content-type: [application/json; charset=utf-8]
      date: ['Wed, 04 Dec 2019 19:55:19 GMT']
      expires: ['-1']
      pragma: [no-cache]
      server: [Microsoft-IIS/10.0]
      strict-transport-security: [max-age=31536000;includeSubDomains]
      x-aspnet-version: [4.0.30319]
      x-content-type-options: [nosniff]
      x-ms-keyvault-network-info: [addr=131.107.160.72;act_addr_fam=InterNetwork;]
      x-ms-keyvault-region: [westus]
      x-ms-keyvault-service-version: [1.1.0.883]
      x-powered-by: [ASP.NET]
    status: {code: 200, message: OK}
- request:
    body: null
    headers:
      Accept: [application/json]
      Accept-Encoding: ['gzip, deflate']
      Connection: [keep-alive]
      Content-Length: ['0']
      User-Agent: [azsdk-python-keyvault-keys/4.1.0b1 Python/3.6.6 (Windows-10-10.0.18362-SP0)]
    method: DELETE
    uri: https://vault.vault.azure.net/keys/key-name?api-version=7.0
  response:
    body: {string: '{"recoveryId":"https://vault.vault.azure.net/deletedkeys/key-name","deletedDate":1575489319,"scheduledPurgeDate":1583265319,"key":{"kid":"https://vault.vault.azure.net/keys/key-name/124a1c980a6a4e2095549018b1b79532","kty":"RSA","key_ops":["encrypt","decrypt","sign","verify","wrapKey","unwrapKey"],"n":"ibOW42KTm0rUCWDFj04oVOBxii-YRASHKnND96c2tQmjSBHppKXDD_IYOcIR4eRh1XqLBmyOnlexuWRMf8rZdRiv0-VAGkzNolbmQjk6lyPBo4KjOHNVpw-YraA9bOnIpRmTwujNIHaQ45QMhTa1J42Zh9_hhjlOPG5yZS1PFem8QkCw3c8NYGbLUkiP1CGpW5R7Fbz5kP9DmFRHxJ-VsBlVSb-AG3CfYpIMP32WHHOorqdM_J79ofcsJDNkkJSPKFWVTorxGHAFMPvDoH0yNe0hSZ0S3kF14BN-WJS8RuuTijaJ5gbFXTtq5w4q785JOILPSwZV9-cro0V1vpS9Jw","e":"AQAB"},"attributes":{"enabled":true,"created":1575489319,"updated":1575489319,"recoveryLevel":"Recoverable+Purgeable"}}'}
    headers:
      cache-control: [no-cache]
      content-length: ['809']
      content-type: [application/json; charset=utf-8]
      date: ['Wed, 04 Dec 2019 19:55:19 GMT']
      expires: ['-1']
      pragma: [no-cache]
      server: [Microsoft-IIS/10.0]
      strict-transport-security: [max-age=31536000;includeSubDomains]
      x-aspnet-version: [4.0.30319]
      x-content-type-options: [nosniff]
      x-ms-keyvault-network-info: [addr=131.107.160.72;act_addr_fam=InterNetwork;]
      x-ms-keyvault-region: [westus]
      x-ms-keyvault-service-version: [1.1.0.883]
      x-powered-by: [ASP.NET]
    status: {code: 200, message: OK}
- request:
    body: null
    headers:
      Accept: [application/json]
      Accept-Encoding: ['gzip, deflate']
      Connection: [keep-alive]
      User-Agent: [azsdk-python-keyvault-keys/4.1.0b1 Python/3.6.6 (Windows-10-10.0.18362-SP0)]
    method: GET
    uri: https://vault.vault.azure.net/deletedkeys/key-name?api-version=7.0
  response:
    body: {string: '{"error":{"code":"KeyNotFound","message":"Deleted Key not found:
        key-name"}}'}
    headers:
      cache-control: [no-cache]
      content-length: ['76']
      content-type: [application/json; charset=utf-8]
      date: ['Wed, 04 Dec 2019 19:55:19 GMT']
      expires: ['-1']
      pragma: [no-cache]
      server: [Microsoft-IIS/10.0]
      strict-transport-security: [max-age=31536000;includeSubDomains]
      x-aspnet-version: [4.0.30319]
      x-content-type-options: [nosniff]
      x-ms-keyvault-network-info: [addr=131.107.160.72;act_addr_fam=InterNetwork;]
      x-ms-keyvault-region: [westus]
      x-ms-keyvault-service-version: [1.1.0.883]
      x-powered-by: [ASP.NET]
    status: {code: 404, message: Not Found}
- request:
    body: null
    headers:
      Accept: [application/json]
      Accept-Encoding: ['gzip, deflate']
      Connection: [keep-alive]
      User-Agent: [azsdk-python-keyvault-keys/4.1.0b1 Python/3.6.6 (Windows-10-10.0.18362-SP0)]
    method: GET
    uri: https://vault.vault.azure.net/deletedkeys/key-name?api-version=7.0
  response:
    body: {string: '{"error":{"code":"KeyNotFound","message":"Deleted Key not found:
        key-name"}}'}
    headers:
      cache-control: [no-cache]
      content-length: ['76']
      content-type: [application/json; charset=utf-8]
      date: ['Wed, 04 Dec 2019 19:55:21 GMT']
      expires: ['-1']
      pragma: [no-cache]
      server: [Microsoft-IIS/10.0]
      strict-transport-security: [max-age=31536000;includeSubDomains]
      x-aspnet-version: [4.0.30319]
      x-content-type-options: [nosniff]
      x-ms-keyvault-network-info: [addr=131.107.160.72;act_addr_fam=InterNetwork;]
      x-ms-keyvault-region: [westus]
      x-ms-keyvault-service-version: [1.1.0.883]
      x-powered-by: [ASP.NET]
    status: {code: 404, message: Not Found}
- request:
    body: null
    headers:
      Accept: [application/json]
      Accept-Encoding: ['gzip, deflate']
      Connection: [keep-alive]
      User-Agent: [azsdk-python-keyvault-keys/4.1.0b1 Python/3.6.6 (Windows-10-10.0.18362-SP0)]
    method: GET
    uri: https://vault.vault.azure.net/deletedkeys/key-name?api-version=7.0
  response:
    body: {string: '{"error":{"code":"KeyNotFound","message":"Deleted Key not found:
        key-name"}}'}
    headers:
      cache-control: [no-cache]
      content-length: ['76']
      content-type: [application/json; charset=utf-8]
      date: ['Wed, 04 Dec 2019 19:55:23 GMT']
      expires: ['-1']
      pragma: [no-cache]
      server: [Microsoft-IIS/10.0]
      strict-transport-security: [max-age=31536000;includeSubDomains]
      x-aspnet-version: [4.0.30319]
      x-content-type-options: [nosniff]
      x-ms-keyvault-network-info: [addr=131.107.160.72;act_addr_fam=InterNetwork;]
      x-ms-keyvault-region: [westus]
      x-ms-keyvault-service-version: [1.1.0.883]
      x-powered-by: [ASP.NET]
    status: {code: 404, message: Not Found}
- request:
    body: null
    headers:
      Accept: [application/json]
      Accept-Encoding: ['gzip, deflate']
      Connection: [keep-alive]
      User-Agent: [azsdk-python-keyvault-keys/4.1.0b1 Python/3.6.6 (Windows-10-10.0.18362-SP0)]
    method: GET
    uri: https://vault.vault.azure.net/deletedkeys/key-name?api-version=7.0
  response:
    body: {string: '{"error":{"code":"KeyNotFound","message":"Deleted Key not found:
        key-name"}}'}
    headers:
      cache-control: [no-cache]
      content-length: ['76']
      content-type: [application/json; charset=utf-8]
      date: ['Wed, 04 Dec 2019 19:55:25 GMT']
      expires: ['-1']
      pragma: [no-cache]
      server: [Microsoft-IIS/10.0]
      strict-transport-security: [max-age=31536000;includeSubDomains]
      x-aspnet-version: [4.0.30319]
      x-content-type-options: [nosniff]
      x-ms-keyvault-network-info: [addr=131.107.160.72;act_addr_fam=InterNetwork;]
      x-ms-keyvault-region: [westus]
      x-ms-keyvault-service-version: [1.1.0.883]
      x-powered-by: [ASP.NET]
    status: {code: 404, message: Not Found}
- request:
    body: null
    headers:
      Accept: [application/json]
      Accept-Encoding: ['gzip, deflate']
      Connection: [keep-alive]
      User-Agent: [azsdk-python-keyvault-keys/4.1.0b1 Python/3.6.6 (Windows-10-10.0.18362-SP0)]
    method: GET
    uri: https://vault.vault.azure.net/deletedkeys/key-name?api-version=7.0
  response:
    body: {string: '{"error":{"code":"KeyNotFound","message":"Deleted Key not found:
        key-name"}}'}
    headers:
      cache-control: [no-cache]
      content-length: ['76']
      content-type: [application/json; charset=utf-8]
      date: ['Wed, 04 Dec 2019 19:55:27 GMT']
      expires: ['-1']
      pragma: [no-cache]
      server: [Microsoft-IIS/10.0]
      strict-transport-security: [max-age=31536000;includeSubDomains]
      x-aspnet-version: [4.0.30319]
      x-content-type-options: [nosniff]
      x-ms-keyvault-network-info: [addr=131.107.160.72;act_addr_fam=InterNetwork;]
      x-ms-keyvault-region: [westus]
      x-ms-keyvault-service-version: [1.1.0.883]
      x-powered-by: [ASP.NET]
    status: {code: 404, message: Not Found}
- request:
    body: null
    headers:
      Accept: [application/json]
      Accept-Encoding: ['gzip, deflate']
      Connection: [keep-alive]
      User-Agent: [azsdk-python-keyvault-keys/4.1.0b1 Python/3.6.6 (Windows-10-10.0.18362-SP0)]
    method: GET
    uri: https://vault.vault.azure.net/deletedkeys/key-name?api-version=7.0
  response:
    body: {string: '{"error":{"code":"KeyNotFound","message":"Deleted Key not found:
        key-name"}}'}
    headers:
      cache-control: [no-cache]
      content-length: ['76']
      content-type: [application/json; charset=utf-8]
      date: ['Wed, 04 Dec 2019 19:55:29 GMT']
      expires: ['-1']
      pragma: [no-cache]
      server: [Microsoft-IIS/10.0]
      strict-transport-security: [max-age=31536000;includeSubDomains]
      x-aspnet-version: [4.0.30319]
      x-content-type-options: [nosniff]
      x-ms-keyvault-network-info: [addr=131.107.160.72;act_addr_fam=InterNetwork;]
      x-ms-keyvault-region: [westus]
      x-ms-keyvault-service-version: [1.1.0.883]
      x-powered-by: [ASP.NET]
    status: {code: 404, message: Not Found}
- request:
    body: null
    headers:
      Accept: [application/json]
      Accept-Encoding: ['gzip, deflate']
      Connection: [keep-alive]
      User-Agent: [azsdk-python-keyvault-keys/4.1.0b1 Python/3.6.6 (Windows-10-10.0.18362-SP0)]
    method: GET
    uri: https://vault.vault.azure.net/deletedkeys/key-name?api-version=7.0
  response:
    body: {string: '{"error":{"code":"KeyNotFound","message":"Deleted Key not found:
        key-name"}}'}
    headers:
      cache-control: [no-cache]
      content-length: ['76']
      content-type: [application/json; charset=utf-8]
      date: ['Wed, 04 Dec 2019 19:55:31 GMT']
      expires: ['-1']
      pragma: [no-cache]
      server: [Microsoft-IIS/10.0]
      strict-transport-security: [max-age=31536000;includeSubDomains]
      x-aspnet-version: [4.0.30319]
      x-content-type-options: [nosniff]
      x-ms-keyvault-network-info: [addr=131.107.160.72;act_addr_fam=InterNetwork;]
      x-ms-keyvault-region: [westus]
      x-ms-keyvault-service-version: [1.1.0.883]
      x-powered-by: [ASP.NET]
    status: {code: 404, message: Not Found}
- request:
    body: null
    headers:
      Accept: [application/json]
      Accept-Encoding: ['gzip, deflate']
      Connection: [keep-alive]
      User-Agent: [azsdk-python-keyvault-keys/4.1.0b1 Python/3.6.6 (Windows-10-10.0.18362-SP0)]
    method: GET
    uri: https://vault.vault.azure.net/deletedkeys/key-name?api-version=7.0
  response:
    body: {string: '{"error":{"code":"KeyNotFound","message":"Deleted Key not found:
        key-name"}}'}
    headers:
      cache-control: [no-cache]
      content-length: ['76']
      content-type: [application/json; charset=utf-8]
      date: ['Wed, 04 Dec 2019 19:55:33 GMT']
      expires: ['-1']
      pragma: [no-cache]
      server: [Microsoft-IIS/10.0]
      strict-transport-security: [max-age=31536000;includeSubDomains]
      x-aspnet-version: [4.0.30319]
      x-content-type-options: [nosniff]
      x-ms-keyvault-network-info: [addr=131.107.160.72;act_addr_fam=InterNetwork;]
      x-ms-keyvault-region: [westus]
      x-ms-keyvault-service-version: [1.1.0.883]
      x-powered-by: [ASP.NET]
    status: {code: 404, message: Not Found}
- request:
    body: null
    headers:
      Accept: [application/json]
      Accept-Encoding: ['gzip, deflate']
      Connection: [keep-alive]
      User-Agent: [azsdk-python-keyvault-keys/4.1.0b1 Python/3.6.6 (Windows-10-10.0.18362-SP0)]
    method: GET
    uri: https://vault.vault.azure.net/deletedkeys/key-name?api-version=7.0
  response:
    body: {string: '{"recoveryId":"https://vault.vault.azure.net/deletedkeys/key-name","deletedDate":1575489319,"scheduledPurgeDate":1583265319,"key":{"kid":"https://vault.vault.azure.net/keys/key-name/124a1c980a6a4e2095549018b1b79532","kty":"RSA","key_ops":["encrypt","decrypt","sign","verify","wrapKey","unwrapKey"],"n":"ibOW42KTm0rUCWDFj04oVOBxii-YRASHKnND96c2tQmjSBHppKXDD_IYOcIR4eRh1XqLBmyOnlexuWRMf8rZdRiv0-VAGkzNolbmQjk6lyPBo4KjOHNVpw-YraA9bOnIpRmTwujNIHaQ45QMhTa1J42Zh9_hhjlOPG5yZS1PFem8QkCw3c8NYGbLUkiP1CGpW5R7Fbz5kP9DmFRHxJ-VsBlVSb-AG3CfYpIMP32WHHOorqdM_J79ofcsJDNkkJSPKFWVTorxGHAFMPvDoH0yNe0hSZ0S3kF14BN-WJS8RuuTijaJ5gbFXTtq5w4q785JOILPSwZV9-cro0V1vpS9Jw","e":"AQAB"},"attributes":{"enabled":true,"created":1575489319,"updated":1575489319,"recoveryLevel":"Recoverable+Purgeable"}}'}
    headers:
      cache-control: [no-cache]
      content-length: ['809']
      content-type: [application/json; charset=utf-8]
      date: ['Wed, 04 Dec 2019 19:55:35 GMT']
      expires: ['-1']
      pragma: [no-cache]
      server: [Microsoft-IIS/10.0]
      strict-transport-security: [max-age=31536000;includeSubDomains]
      x-aspnet-version: [4.0.30319]
      x-content-type-options: [nosniff]
      x-ms-keyvault-network-info: [addr=131.107.160.72;act_addr_fam=InterNetwork;]
      x-ms-keyvault-region: [westus]
      x-ms-keyvault-service-version: [1.1.0.883]
      x-powered-by: [ASP.NET]
    status: {code: 200, message: OK}
- request:
    body: null
    headers:
      Accept: [application/json]
      Accept-Encoding: ['gzip, deflate']
      Connection: [keep-alive]
      User-Agent: [azsdk-python-keyvault-keys/4.1.0b1 Python/3.6.6 (Windows-10-10.0.18362-SP0)]
    method: GET
    uri: https://vault.vault.azure.net/deletedkeys/key-name?api-version=7.0
  response:
    body: {string: '{"recoveryId":"https://vault.vault.azure.net/deletedkeys/key-name","deletedDate":1575489319,"scheduledPurgeDate":1583265319,"key":{"kid":"https://vault.vault.azure.net/keys/key-name/124a1c980a6a4e2095549018b1b79532","kty":"RSA","key_ops":["encrypt","decrypt","sign","verify","wrapKey","unwrapKey"],"n":"ibOW42KTm0rUCWDFj04oVOBxii-YRASHKnND96c2tQmjSBHppKXDD_IYOcIR4eRh1XqLBmyOnlexuWRMf8rZdRiv0-VAGkzNolbmQjk6lyPBo4KjOHNVpw-YraA9bOnIpRmTwujNIHaQ45QMhTa1J42Zh9_hhjlOPG5yZS1PFem8QkCw3c8NYGbLUkiP1CGpW5R7Fbz5kP9DmFRHxJ-VsBlVSb-AG3CfYpIMP32WHHOorqdM_J79ofcsJDNkkJSPKFWVTorxGHAFMPvDoH0yNe0hSZ0S3kF14BN-WJS8RuuTijaJ5gbFXTtq5w4q785JOILPSwZV9-cro0V1vpS9Jw","e":"AQAB"},"attributes":{"enabled":true,"created":1575489319,"updated":1575489319,"recoveryLevel":"Recoverable+Purgeable"}}'}
    headers:
      cache-control: [no-cache]
      content-length: ['809']
      content-type: [application/json; charset=utf-8]
      date: ['Wed, 04 Dec 2019 19:55:38 GMT']
      expires: ['-1']
      pragma: [no-cache]
      server: [Microsoft-IIS/10.0]
      strict-transport-security: [max-age=31536000;includeSubDomains]
      x-aspnet-version: [4.0.30319]
      x-content-type-options: [nosniff]
      x-ms-keyvault-network-info: [addr=131.107.160.72;act_addr_fam=InterNetwork;]
      x-ms-keyvault-region: [westus]
      x-ms-keyvault-service-version: [1.1.0.883]
      x-powered-by: [ASP.NET]
    status: {code: 200, message: OK}
- request:
    body: null
    headers:
      Accept: [application/json]
      Accept-Encoding: ['gzip, deflate']
      Connection: [keep-alive]
      Content-Length: ['0']
      User-Agent: [azsdk-python-keyvault-keys/4.1.0b1 Python/3.6.6 (Windows-10-10.0.18362-SP0)]
    method: POST
    uri: https://vault.vault.azure.net/deletedkeys/key-name/recover?api-version=7.0
  response:
    body: {string: '{"key":{"kid":"https://vault.vault.azure.net/keys/key-name/124a1c980a6a4e2095549018b1b79532","kty":"RSA","key_ops":["encrypt","decrypt","sign","verify","wrapKey","unwrapKey"],"n":"ibOW42KTm0rUCWDFj04oVOBxii-YRASHKnND96c2tQmjSBHppKXDD_IYOcIR4eRh1XqLBmyOnlexuWRMf8rZdRiv0-VAGkzNolbmQjk6lyPBo4KjOHNVpw-YraA9bOnIpRmTwujNIHaQ45QMhTa1J42Zh9_hhjlOPG5yZS1PFem8QkCw3c8NYGbLUkiP1CGpW5R7Fbz5kP9DmFRHxJ-VsBlVSb-AG3CfYpIMP32WHHOorqdM_J79ofcsJDNkkJSPKFWVTorxGHAFMPvDoH0yNe0hSZ0S3kF14BN-WJS8RuuTijaJ5gbFXTtq5w4q785JOILPSwZV9-cro0V1vpS9Jw","e":"AQAB"},"attributes":{"enabled":true,"created":1575489319,"updated":1575489319,"recoveryLevel":"Recoverable+Purgeable"}}'}
    headers:
      cache-control: [no-cache]
      content-length: ['667']
      content-type: [application/json; charset=utf-8]
      date: ['Wed, 04 Dec 2019 19:55:38 GMT']
      expires: ['-1']
      pragma: [no-cache]
      server: [Microsoft-IIS/10.0]
      strict-transport-security: [max-age=31536000;includeSubDomains]
      x-aspnet-version: [4.0.30319]
      x-content-type-options: [nosniff]
      x-ms-keyvault-network-info: [addr=131.107.160.72;act_addr_fam=InterNetwork;]
      x-ms-keyvault-region: [westus]
      x-ms-keyvault-service-version: [1.1.0.883]
      x-powered-by: [ASP.NET]
    status: {code: 200, message: OK}
- request:
    body: null
    headers:
      Accept: [application/json]
      Accept-Encoding: ['gzip, deflate']
      Connection: [keep-alive]
      User-Agent: [azsdk-python-keyvault-keys/4.1.0b1 Python/3.6.6 (Windows-10-10.0.18362-SP0)]
    method: GET
    uri: https://vault.vault.azure.net/keys/key-name/?api-version=7.0
  response:
    body: {string: '{"error":{"code":"KeyNotFound","message":"Key not found: key-name"}}'}
    headers:
      cache-control: [no-cache]
      content-length: ['68']
      content-type: [application/json; charset=utf-8]
      date: ['Wed, 04 Dec 2019 19:55:38 GMT']
      expires: ['-1']
      pragma: [no-cache]
      server: [Microsoft-IIS/10.0]
      strict-transport-security: [max-age=31536000;includeSubDomains]
      x-aspnet-version: [4.0.30319]
      x-content-type-options: [nosniff]
      x-ms-keyvault-network-info: [addr=131.107.160.72;act_addr_fam=InterNetwork;]
      x-ms-keyvault-region: [westus]
      x-ms-keyvault-service-version: [1.1.0.883]
      x-powered-by: [ASP.NET]
    status: {code: 404, message: Not Found}
- request:
    body: null
    headers:
      Accept: [application/json]
      Accept-Encoding: ['gzip, deflate']
      Connection: [keep-alive]
      User-Agent: [azsdk-python-keyvault-keys/4.1.0b1 Python/3.6.6 (Windows-10-10.0.18362-SP0)]
    method: GET
    uri: https://vault.vault.azure.net/keys/key-name/?api-version=7.0
  response:
    body: {string: '{"error":{"code":"KeyNotFound","message":"Key not found: key-name"}}'}
    headers:
      cache-control: [no-cache]
      content-length: ['68']
      content-type: [application/json; charset=utf-8]
      date: ['Wed, 04 Dec 2019 19:55:40 GMT']
      expires: ['-1']
      pragma: [no-cache]
      server: [Microsoft-IIS/10.0]
      strict-transport-security: [max-age=31536000;includeSubDomains]
      x-aspnet-version: [4.0.30319]
      x-content-type-options: [nosniff]
      x-ms-keyvault-network-info: [addr=131.107.160.72;act_addr_fam=InterNetwork;]
      x-ms-keyvault-region: [westus]
      x-ms-keyvault-service-version: [1.1.0.883]
      x-powered-by: [ASP.NET]
    status: {code: 404, message: Not Found}
- request:
    body: null
    headers:
      Accept: [application/json]
      Accept-Encoding: ['gzip, deflate']
      Connection: [keep-alive]
      User-Agent: [azsdk-python-keyvault-keys/4.1.0b1 Python/3.6.6 (Windows-10-10.0.18362-SP0)]
    method: GET
    uri: https://vault.vault.azure.net/keys/key-name/?api-version=7.0
  response:
    body: {string: '{"error":{"code":"KeyNotFound","message":"Key not found: key-name"}}'}
    headers:
      cache-control: [no-cache]
      content-length: ['68']
      content-type: [application/json; charset=utf-8]
      date: ['Wed, 04 Dec 2019 19:55:42 GMT']
      expires: ['-1']
      pragma: [no-cache]
      server: [Microsoft-IIS/10.0]
      strict-transport-security: [max-age=31536000;includeSubDomains]
      x-aspnet-version: [4.0.30319]
      x-content-type-options: [nosniff]
      x-ms-keyvault-network-info: [addr=131.107.160.72;act_addr_fam=InterNetwork;]
      x-ms-keyvault-region: [westus]
      x-ms-keyvault-service-version: [1.1.0.883]
      x-powered-by: [ASP.NET]
    status: {code: 404, message: Not Found}
- request:
    body: null
    headers:
      Accept: [application/json]
      Accept-Encoding: ['gzip, deflate']
      Connection: [keep-alive]
      User-Agent: [azsdk-python-keyvault-keys/4.1.0b1 Python/3.6.6 (Windows-10-10.0.18362-SP0)]
    method: GET
    uri: https://vault.vault.azure.net/keys/key-name/?api-version=7.0
  response:
    body: {string: '{"error":{"code":"KeyNotFound","message":"Key not found: key-name"}}'}
    headers:
      cache-control: [no-cache]
      content-length: ['68']
      content-type: [application/json; charset=utf-8]
      date: ['Wed, 04 Dec 2019 19:55:44 GMT']
      expires: ['-1']
      pragma: [no-cache]
      server: [Microsoft-IIS/10.0]
      strict-transport-security: [max-age=31536000;includeSubDomains]
      x-aspnet-version: [4.0.30319]
      x-content-type-options: [nosniff]
      x-ms-keyvault-network-info: [addr=131.107.160.72;act_addr_fam=InterNetwork;]
      x-ms-keyvault-region: [westus]
      x-ms-keyvault-service-version: [1.1.0.883]
      x-powered-by: [ASP.NET]
    status: {code: 404, message: Not Found}
- request:
    body: null
    headers:
      Accept: [application/json]
      Accept-Encoding: ['gzip, deflate']
      Connection: [keep-alive]
      User-Agent: [azsdk-python-keyvault-keys/4.1.0b1 Python/3.6.6 (Windows-10-10.0.18362-SP0)]
    method: GET
    uri: https://vault.vault.azure.net/keys/key-name/?api-version=7.0
  response:
    body: {string: '{"error":{"code":"KeyNotFound","message":"Key not found: key-name"}}'}
    headers:
      cache-control: [no-cache]
      content-length: ['68']
      content-type: [application/json; charset=utf-8]
      date: ['Wed, 04 Dec 2019 19:55:46 GMT']
      expires: ['-1']
      pragma: [no-cache]
      server: [Microsoft-IIS/10.0]
      strict-transport-security: [max-age=31536000;includeSubDomains]
      x-aspnet-version: [4.0.30319]
      x-content-type-options: [nosniff]
      x-ms-keyvault-network-info: [addr=131.107.160.72;act_addr_fam=InterNetwork;]
      x-ms-keyvault-region: [westus]
      x-ms-keyvault-service-version: [1.1.0.883]
      x-powered-by: [ASP.NET]
    status: {code: 404, message: Not Found}
- request:
    body: null
    headers:
      Accept: [application/json]
      Accept-Encoding: ['gzip, deflate']
      Connection: [keep-alive]
      User-Agent: [azsdk-python-keyvault-keys/4.1.0b1 Python/3.6.6 (Windows-10-10.0.18362-SP0)]
    method: GET
    uri: https://vault.vault.azure.net/keys/key-name/?api-version=7.0
  response:
    body: {string: '{"error":{"code":"KeyNotFound","message":"Key not found: key-name"}}'}
    headers:
      cache-control: [no-cache]
      content-length: ['68']
      content-type: [application/json; charset=utf-8]
      date: ['Wed, 04 Dec 2019 19:55:48 GMT']
      expires: ['-1']
      pragma: [no-cache]
      server: [Microsoft-IIS/10.0]
      strict-transport-security: [max-age=31536000;includeSubDomains]
      x-aspnet-version: [4.0.30319]
      x-content-type-options: [nosniff]
      x-ms-keyvault-network-info: [addr=131.107.160.72;act_addr_fam=InterNetwork;]
      x-ms-keyvault-region: [westus]
      x-ms-keyvault-service-version: [1.1.0.883]
      x-powered-by: [ASP.NET]
    status: {code: 404, message: Not Found}
- request:
    body: null
    headers:
      Accept: [application/json]
      Accept-Encoding: ['gzip, deflate']
      Connection: [keep-alive]
      User-Agent: [azsdk-python-keyvault-keys/4.1.0b1 Python/3.6.6 (Windows-10-10.0.18362-SP0)]
    method: GET
    uri: https://vault.vault.azure.net/keys/key-name/?api-version=7.0
  response:
    body: {string: '{"error":{"code":"KeyNotFound","message":"Key not found: key-name"}}'}
    headers:
      cache-control: [no-cache]
      content-length: ['68']
      content-type: [application/json; charset=utf-8]
      date: ['Wed, 04 Dec 2019 19:55:50 GMT']
      expires: ['-1']
      pragma: [no-cache]
      server: [Microsoft-IIS/10.0]
      strict-transport-security: [max-age=31536000;includeSubDomains]
      x-aspnet-version: [4.0.30319]
      x-content-type-options: [nosniff]
      x-ms-keyvault-network-info: [addr=131.107.160.72;act_addr_fam=InterNetwork;]
      x-ms-keyvault-region: [westus]
      x-ms-keyvault-service-version: [1.1.0.883]
      x-powered-by: [ASP.NET]
    status: {code: 404, message: Not Found}
- request:
    body: null
    headers:
      Accept: [application/json]
      Accept-Encoding: ['gzip, deflate']
      Connection: [keep-alive]
      User-Agent: [azsdk-python-keyvault-keys/4.1.0b1 Python/3.6.6 (Windows-10-10.0.18362-SP0)]
    method: GET
    uri: https://vault.vault.azure.net/keys/key-name/?api-version=7.0
  response:
    body: {string: '{"error":{"code":"KeyNotFound","message":"Key not found: key-name"}}'}
    headers:
      cache-control: [no-cache]
      content-length: ['68']
      content-type: [application/json; charset=utf-8]
      date: ['Wed, 04 Dec 2019 19:55:52 GMT']
      expires: ['-1']
      pragma: [no-cache]
      server: [Microsoft-IIS/10.0]
      strict-transport-security: [max-age=31536000;includeSubDomains]
      x-aspnet-version: [4.0.30319]
      x-content-type-options: [nosniff]
      x-ms-keyvault-network-info: [addr=131.107.160.72;act_addr_fam=InterNetwork;]
      x-ms-keyvault-region: [westus]
      x-ms-keyvault-service-version: [1.1.0.883]
      x-powered-by: [ASP.NET]
    status: {code: 404, message: Not Found}
- request:
    body: null
    headers:
      Accept: [application/json]
      Accept-Encoding: ['gzip, deflate']
      Connection: [keep-alive]
      User-Agent: [azsdk-python-keyvault-keys/4.1.0b1 Python/3.6.6 (Windows-10-10.0.18362-SP0)]
    method: GET
    uri: https://vault.vault.azure.net/keys/key-name/?api-version=7.0
  response:
    body: {string: '{"error":{"code":"KeyNotFound","message":"Key not found: key-name"}}'}
    headers:
      cache-control: [no-cache]
      content-length: ['68']
      content-type: [application/json; charset=utf-8]
      date: ['Wed, 04 Dec 2019 19:55:55 GMT']
      expires: ['-1']
      pragma: [no-cache]
      server: [Microsoft-IIS/10.0]
      strict-transport-security: [max-age=31536000;includeSubDomains]
      x-aspnet-version: [4.0.30319]
      x-content-type-options: [nosniff]
      x-ms-keyvault-network-info: [addr=131.107.160.72;act_addr_fam=InterNetwork;]
      x-ms-keyvault-region: [westus]
      x-ms-keyvault-service-version: [1.1.0.883]
      x-powered-by: [ASP.NET]
    status: {code: 404, message: Not Found}
- request:
    body: null
    headers:
      Accept: [application/json]
      Accept-Encoding: ['gzip, deflate']
      Connection: [keep-alive]
      User-Agent: [azsdk-python-keyvault-keys/4.1.0b1 Python/3.6.6 (Windows-10-10.0.18362-SP0)]
    method: GET
    uri: https://vault.vault.azure.net/keys/key-name/?api-version=7.0
  response:
    body: {string: '{"error":{"code":"KeyNotFound","message":"Key not found: key-name"}}'}
    headers:
      cache-control: [no-cache]
      content-length: ['68']
      content-type: [application/json; charset=utf-8]
      date: ['Wed, 04 Dec 2019 19:55:57 GMT']
      expires: ['-1']
      pragma: [no-cache]
      server: [Microsoft-IIS/10.0]
      strict-transport-security: [max-age=31536000;includeSubDomains]
      x-aspnet-version: [4.0.30319]
      x-content-type-options: [nosniff]
      x-ms-keyvault-network-info: [addr=131.107.160.72;act_addr_fam=InterNetwork;]
      x-ms-keyvault-region: [westus]
      x-ms-keyvault-service-version: [1.1.0.883]
      x-powered-by: [ASP.NET]
    status: {code: 404, message: Not Found}
- request:
    body: null
    headers:
      Accept: [application/json]
      Accept-Encoding: ['gzip, deflate']
      Connection: [keep-alive]
      User-Agent: [azsdk-python-keyvault-keys/4.1.0b1 Python/3.6.6 (Windows-10-10.0.18362-SP0)]
    method: GET
    uri: https://vault.vault.azure.net/keys/key-name/?api-version=7.0
  response:
    body: {string: '{"error":{"code":"KeyNotFound","message":"Key not found: key-name"}}'}
    headers:
      cache-control: [no-cache]
      content-length: ['68']
      content-type: [application/json; charset=utf-8]
      date: ['Wed, 04 Dec 2019 19:55:59 GMT']
      expires: ['-1']
      pragma: [no-cache]
      server: [Microsoft-IIS/10.0]
      strict-transport-security: [max-age=31536000;includeSubDomains]
      x-aspnet-version: [4.0.30319]
      x-content-type-options: [nosniff]
      x-ms-keyvault-network-info: [addr=131.107.160.72;act_addr_fam=InterNetwork;]
      x-ms-keyvault-region: [westus]
      x-ms-keyvault-service-version: [1.1.0.883]
      x-powered-by: [ASP.NET]
    status: {code: 404, message: Not Found}
- request:
    body: null
    headers:
      Accept: [application/json]
      Accept-Encoding: ['gzip, deflate']
      Connection: [keep-alive]
      User-Agent: [azsdk-python-keyvault-keys/4.1.0b1 Python/3.6.6 (Windows-10-10.0.18362-SP0)]
    method: GET
    uri: https://vault.vault.azure.net/keys/key-name/?api-version=7.0
  response:
    body: {string: '{"error":{"code":"KeyNotFound","message":"Key not found: key-name"}}'}
    headers:
      cache-control: [no-cache]
      content-length: ['68']
      content-type: [application/json; charset=utf-8]
      date: ['Wed, 04 Dec 2019 19:56:01 GMT']
      expires: ['-1']
      pragma: [no-cache]
      server: [Microsoft-IIS/10.0]
      strict-transport-security: [max-age=31536000;includeSubDomains]
      x-aspnet-version: [4.0.30319]
      x-content-type-options: [nosniff]
      x-ms-keyvault-network-info: [addr=131.107.160.72;act_addr_fam=InterNetwork;]
      x-ms-keyvault-region: [westus]
      x-ms-keyvault-service-version: [1.1.0.883]
      x-powered-by: [ASP.NET]
    status: {code: 404, message: Not Found}
- request:
    body: null
    headers:
      Accept: [application/json]
      Accept-Encoding: ['gzip, deflate']
      Connection: [keep-alive]
      User-Agent: [azsdk-python-keyvault-keys/4.1.0b1 Python/3.6.6 (Windows-10-10.0.18362-SP0)]
    method: GET
    uri: https://vault.vault.azure.net/keys/key-name/?api-version=7.0
  response:
    body: {string: '{"error":{"code":"KeyNotFound","message":"Key not found: key-name"}}'}
    headers:
      cache-control: [no-cache]
      content-length: ['68']
      content-type: [application/json; charset=utf-8]
      date: ['Wed, 04 Dec 2019 19:56:03 GMT']
      expires: ['-1']
      pragma: [no-cache]
      server: [Microsoft-IIS/10.0]
      strict-transport-security: [max-age=31536000;includeSubDomains]
      x-aspnet-version: [4.0.30319]
      x-content-type-options: [nosniff]
      x-ms-keyvault-network-info: [addr=131.107.160.72;act_addr_fam=InterNetwork;]
      x-ms-keyvault-region: [westus]
      x-ms-keyvault-service-version: [1.1.0.883]
      x-powered-by: [ASP.NET]
    status: {code: 404, message: Not Found}
- request:
    body: null
    headers:
      Accept: [application/json]
      Accept-Encoding: ['gzip, deflate']
      Connection: [keep-alive]
      User-Agent: [azsdk-python-keyvault-keys/4.1.0b1 Python/3.6.6 (Windows-10-10.0.18362-SP0)]
    method: GET
    uri: https://vault.vault.azure.net/keys/key-name/?api-version=7.0
  response:
    body: {string: '{"key":{"kid":"https://vault.vault.azure.net/keys/key-name/124a1c980a6a4e2095549018b1b79532","kty":"RSA","key_ops":["encrypt","decrypt","sign","verify","wrapKey","unwrapKey"],"n":"ibOW42KTm0rUCWDFj04oVOBxii-YRASHKnND96c2tQmjSBHppKXDD_IYOcIR4eRh1XqLBmyOnlexuWRMf8rZdRiv0-VAGkzNolbmQjk6lyPBo4KjOHNVpw-YraA9bOnIpRmTwujNIHaQ45QMhTa1J42Zh9_hhjlOPG5yZS1PFem8QkCw3c8NYGbLUkiP1CGpW5R7Fbz5kP9DmFRHxJ-VsBlVSb-AG3CfYpIMP32WHHOorqdM_J79ofcsJDNkkJSPKFWVTorxGHAFMPvDoH0yNe0hSZ0S3kF14BN-WJS8RuuTijaJ5gbFXTtq5w4q785JOILPSwZV9-cro0V1vpS9Jw","e":"AQAB"},"attributes":{"enabled":true,"created":1575489319,"updated":1575489319,"recoveryLevel":"Recoverable+Purgeable"}}'}
    headers:
      cache-control: [no-cache]
      content-length: ['667']
      content-type: [application/json; charset=utf-8]
      date: ['Wed, 04 Dec 2019 19:56:05 GMT']
      expires: ['-1']
      pragma: [no-cache]
      server: [Microsoft-IIS/10.0]
      strict-transport-security: [max-age=31536000;includeSubDomains]
      x-aspnet-version: [4.0.30319]
      x-content-type-options: [nosniff]
      x-ms-keyvault-network-info: [addr=131.107.160.72;act_addr_fam=InterNetwork;]
      x-ms-keyvault-region: [westus]
      x-ms-keyvault-service-version: [1.1.0.883]
      x-powered-by: [ASP.NET]
    status: {code: 200, message: OK}
version: 1
