interactions:
- request:
    body: null
    headers:
      Accept: [application/json]
      Accept-Encoding: ['gzip, deflate']
      Connection: [keep-alive]
      Content-Length: ['0']
      Content-Type: [application/json; charset=utf-8]
      User-Agent: [azsdk-python-keyvault-keys/4.1.0b1 Python/3.6.6 (Windows-10-10.0.18362-SP0)]
    method: POST
    uri: https://vault.vault.azure.net/keys/key-name/create?api-version=7.0
  response:
    body: {string: '{"error":{"code":"Unauthorized","message":"Request is missing
        a Bearer or PoP token."}}'}
    headers:
      cache-control: [no-cache]
      content-length: ['87']
      content-type: [application/json; charset=utf-8]
      date: ['Wed, 04 Dec 2019 19:54:35 GMT']
      expires: ['-1']
      pragma: [no-cache]
      server: [Microsoft-IIS/10.0]
      strict-transport-security: [max-age=31536000;includeSubDomains]
      www-authenticate: ['Bearer authorization="https://login.windows.net/72f988bf-86f1-41af-91ab-2d7cd011db47",
          resource="https://vault.azure.net"']
      x-aspnet-version: [4.0.30319]
      x-content-type-options: [nosniff]
      x-ms-keyvault-network-info: [addr=131.107.160.72;act_addr_fam=InterNetwork;]
      x-ms-keyvault-region: [westus]
      x-ms-keyvault-service-version: [1.1.0.883]
      x-powered-by: [ASP.NET]
    status: {code: 401, message: Unauthorized}
- request:
    body: '{"kty": "RSA-HSM", "attributes": {"exp": 2527401600}}'
    headers:
      Accept: [application/json]
      Accept-Encoding: ['gzip, deflate']
      Connection: [keep-alive]
      Content-Length: ['53']
      Content-Type: [application/json; charset=utf-8]
      User-Agent: [azsdk-python-keyvault-keys/4.1.0b1 Python/3.6.6 (Windows-10-10.0.18362-SP0)]
    method: POST
    uri: https://vault.vault.azure.net/keys/key-name/create?api-version=7.0
  response:
    body: {string: '{"key":{"kid":"https://vault.vault.azure.net/keys/key-name/1340054f229d47088d2a51fd8fadf5de","kty":"RSA-HSM","key_ops":["encrypt","decrypt","sign","verify","wrapKey","unwrapKey"],"n":"uJnvjlqk3gOePqdcxoMSHkil6VzwXAhiNKf86mLLPKzn5bQROJobIP5FdqHcTIIFpJk4t5pel4pzBK-BqRp1FNXwQe3tOH91WOK8oOTqS_DDXXABmZnBrRX_AsNzkmG9WpSKEi2xCW4vY5cO99Hl4YWvlZQQ7LJGzkeDfGl7C6AdlS-YdvUmabO1au9xf9f1untCVC0M2RG_yDwHl6b66DF3wU7vX5_AzgZLS-HIhFXe1f_wKnO3pdc_uUCkwsr1E1Svs9ZDIJZhsfrrI4SNka4MC7mhgFCASiwh8nC7nqn8xBgcs1l2EqXRU8S8mOwFn2rJ0J5UguoTuT8pnKrAeQ","e":"AAEAAQ"},"attributes":{"enabled":true,"exp":2527401600,"created":1575489277,"updated":1575489277,"recoveryLevel":"Recoverable+Purgeable"}}'}
    headers:
      cache-control: [no-cache]
      content-length: ['690']
      content-type: [application/json; charset=utf-8]
      date: ['Wed, 04 Dec 2019 19:54:37 GMT']
      expires: ['-1']
      pragma: [no-cache]
      server: [Microsoft-IIS/10.0]
      strict-transport-security: [max-age=31536000;includeSubDomains]
      x-aspnet-version: [4.0.30319]
      x-content-type-options: [nosniff]
      x-ms-keyvault-network-info: [addr=131.107.160.72;act_addr_fam=InterNetwork;]
      x-ms-keyvault-region: [westus]
      x-ms-keyvault-service-version: [1.1.0.883]
      x-powered-by: [ASP.NET]
    status: {code: 200, message: OK}
- request:
    body: '{"kty": "RSA-HSM", "key_size": 2048, "key_ops": ["encrypt", "decrypt",
      "sign", "verify", "wrapKey", "unwrapKey"]}'
    headers:
      Accept: [application/json]
      Accept-Encoding: ['gzip, deflate']
      Connection: [keep-alive]
      Content-Length: ['113']
      Content-Type: [application/json; charset=utf-8]
      User-Agent: [azsdk-python-keyvault-keys/4.1.0b1 Python/3.6.6 (Windows-10-10.0.18362-SP0)]
    method: POST
    uri: https://vault.vault.azure.net/keys/key-name/create?api-version=7.0
  response:
    body: {string: '{"key":{"kid":"https://vault.vault.azure.net/keys/key-name/726931c261da42a5b7a5276a80260d98","kty":"RSA-HSM","key_ops":["encrypt","decrypt","sign","verify","wrapKey","unwrapKey"],"n":"1ot-fu7YqMPuv58K-VSNWWopwPDY9J-Qkgcpl5092Avyd0KzLhJtq3lLFE6Ym5W8Eu3Eu7QtejRW2CWXmgrCm4T7moPUtPF3-Xc0t3aGuBPaftg2pghu9qRbfmcjZuRlCaYZhSnjJJzr_CY1bVBeVJyakq_pWA4i0xNF-auSRWizCFweMT7N-9Ba3JvbCWOkjPob8SFTp-qz1LtgKtX2IxwGJpnwua5_o52Bom-LGExn0m2xpjoobcEu0Fb0qFhIvJIFvbE8A1rskLEx9QC9vQHxAGD8qGkt99yP4sdz3-KuuL1iwpbUxHeD4X6GIUFtp8ZUed7WE7xs4BR5Ff6kgw","e":"AAEAAQ"},"attributes":{"enabled":true,"created":1575489277,"updated":1575489277,"recoveryLevel":"Recoverable+Purgeable"}}'}
    headers:
      cache-control: [no-cache]
      content-length: ['673']
      content-type: [application/json; charset=utf-8]
      date: ['Wed, 04 Dec 2019 19:54:37 GMT']
      expires: ['-1']
      pragma: [no-cache]
      server: [Microsoft-IIS/10.0]
      strict-transport-security: [max-age=31536000;includeSubDomains]
      x-aspnet-version: [4.0.30319]
      x-content-type-options: [nosniff]
      x-ms-keyvault-network-info: [addr=131.107.160.72;act_addr_fam=InterNetwork;]
      x-ms-keyvault-region: [westus]
      x-ms-keyvault-service-version: [1.1.0.883]
      x-powered-by: [ASP.NET]
    status: {code: 200, message: OK}
- request:
    body: '{"kty": "EC", "crv": "P-256"}'
    headers:
      Accept: [application/json]
      Accept-Encoding: ['gzip, deflate']
      Connection: [keep-alive]
      Content-Length: ['29']
      Content-Type: [application/json; charset=utf-8]
      User-Agent: [azsdk-python-keyvault-keys/4.1.0b1 Python/3.6.6 (Windows-10-10.0.18362-SP0)]
    method: POST
    uri: https://vault.vault.azure.net/keys/key-name/create?api-version=7.0
  response:
    body: {string: '{"key":{"kid":"https://vault.vault.azure.net/keys/key-name/79a6100356834a3da4f07f6d8dbc4226","kty":"EC","key_ops":["sign","verify"],"crv":"P-256","x":"GAyT70gJm3vKgbuaChBBulen6Prj_w4Q4VStQQICe3k","y":"fs3kOAvluPuajhVCBu-AhmPjlEKsN3SBa48P8fAbaJA"},"attributes":{"enabled":true,"created":1575489278,"updated":1575489278,"recoveryLevel":"Recoverable+Purgeable"}}'}
    headers:
      cache-control: [no-cache]
      content-length: ['378']
      content-type: [application/json; charset=utf-8]
      date: ['Wed, 04 Dec 2019 19:54:38 GMT']
      expires: ['-1']
      pragma: [no-cache]
      server: [Microsoft-IIS/10.0]
      strict-transport-security: [max-age=31536000;includeSubDomains]
      x-aspnet-version: [4.0.30319]
      x-content-type-options: [nosniff]
      x-ms-keyvault-network-info: [addr=131.107.160.72;act_addr_fam=InterNetwork;]
      x-ms-keyvault-region: [westus]
      x-ms-keyvault-service-version: [1.1.0.883]
      x-powered-by: [ASP.NET]
    status: {code: 200, message: OK}
- request:
    body: null
    headers:
      Accept: [application/json]
      Accept-Encoding: ['gzip, deflate']
      Connection: [keep-alive]
      User-Agent: [azsdk-python-keyvault-keys/4.1.0b1 Python/3.6.6 (Windows-10-10.0.18362-SP0)]
    method: GET
    uri: https://vault.vault.azure.net/keys/key-name/?api-version=7.0
  response:
    body: {string: '{"key":{"kid":"https://vault.vault.azure.net/keys/key-name/79a6100356834a3da4f07f6d8dbc4226","kty":"EC","key_ops":["sign","verify"],"crv":"P-256","x":"GAyT70gJm3vKgbuaChBBulen6Prj_w4Q4VStQQICe3k","y":"fs3kOAvluPuajhVCBu-AhmPjlEKsN3SBa48P8fAbaJA"},"attributes":{"enabled":true,"created":1575489278,"updated":1575489278,"recoveryLevel":"Recoverable+Purgeable"}}'}
    headers:
      cache-control: [no-cache]
      content-length: ['378']
      content-type: [application/json; charset=utf-8]
      date: ['Wed, 04 Dec 2019 19:54:38 GMT']
      expires: ['-1']
      pragma: [no-cache]
      server: [Microsoft-IIS/10.0]
      strict-transport-security: [max-age=31536000;includeSubDomains]
      x-aspnet-version: [4.0.30319]
      x-content-type-options: [nosniff]
      x-ms-keyvault-network-info: [addr=131.107.160.72;act_addr_fam=InterNetwork;]
      x-ms-keyvault-region: [westus]
      x-ms-keyvault-service-version: [1.1.0.883]
      x-powered-by: [ASP.NET]
    status: {code: 200, message: OK}
- request:
    body: null
    headers:
      Accept: [application/json]
      Accept-Encoding: ['gzip, deflate']
      Connection: [keep-alive]
      User-Agent: [azsdk-python-keyvault-keys/4.1.0b1 Python/3.6.6 (Windows-10-10.0.18362-SP0)]
    method: GET
    uri: https://vault.vault.azure.net/keys/key-name/79a6100356834a3da4f07f6d8dbc4226?api-version=7.0
  response:
    body: {string: '{"key":{"kid":"https://vault.vault.azure.net/keys/key-name/79a6100356834a3da4f07f6d8dbc4226","kty":"EC","key_ops":["sign","verify"],"crv":"P-256","x":"GAyT70gJm3vKgbuaChBBulen6Prj_w4Q4VStQQICe3k","y":"fs3kOAvluPuajhVCBu-AhmPjlEKsN3SBa48P8fAbaJA"},"attributes":{"enabled":true,"created":1575489278,"updated":1575489278,"recoveryLevel":"Recoverable+Purgeable"}}'}
    headers:
      cache-control: [no-cache]
      content-length: ['378']
      content-type: [application/json; charset=utf-8]
      date: ['Wed, 04 Dec 2019 19:54:38 GMT']
      expires: ['-1']
      pragma: [no-cache]
      server: [Microsoft-IIS/10.0]
      strict-transport-security: [max-age=31536000;includeSubDomains]
      x-aspnet-version: [4.0.30319]
      x-content-type-options: [nosniff]
      x-ms-keyvault-network-info: [addr=131.107.160.72;act_addr_fam=InterNetwork;]
      x-ms-keyvault-region: [westus]
      x-ms-keyvault-service-version: [1.1.0.883]
      x-powered-by: [ASP.NET]
    status: {code: 200, message: OK}
- request:
    body: '{"attributes": {"exp": 2524723200}, "tags": {"foo": "updated tag"}}'
    headers:
      Accept: [application/json]
      Accept-Encoding: ['gzip, deflate']
      Connection: [keep-alive]
      Content-Length: ['67']
      Content-Type: [application/json; charset=utf-8]
      User-Agent: [azsdk-python-keyvault-keys/4.1.0b1 Python/3.6.6 (Windows-10-10.0.18362-SP0)]
    method: PATCH
    uri: https://vault.vault.azure.net/keys/key-name/?api-version=7.0
  response:
    body: {string: '{"key":{"kid":"https://vault.vault.azure.net/keys/key-name/79a6100356834a3da4f07f6d8dbc4226","kty":"EC","key_ops":["sign","verify"],"crv":"P-256","x":"GAyT70gJm3vKgbuaChBBulen6Prj_w4Q4VStQQICe3k","y":"fs3kOAvluPuajhVCBu-AhmPjlEKsN3SBa48P8fAbaJA"},"attributes":{"enabled":true,"exp":2524723200,"created":1575489278,"updated":1575489278,"recoveryLevel":"Recoverable+Purgeable"},"tags":{"foo":"updated
        tag"}}'}
    headers:
      cache-control: [no-cache]
      content-length: ['424']
      content-type: [application/json; charset=utf-8]
      date: ['Wed, 04 Dec 2019 19:54:38 GMT']
      expires: ['-1']
      pragma: [no-cache]
      server: [Microsoft-IIS/10.0]
      strict-transport-security: [max-age=31536000;includeSubDomains]
      x-aspnet-version: [4.0.30319]
      x-content-type-options: [nosniff]
      x-ms-keyvault-network-info: [addr=131.107.160.72;act_addr_fam=InterNetwork;]
      x-ms-keyvault-region: [westus]
      x-ms-keyvault-service-version: [1.1.0.883]
      x-powered-by: [ASP.NET]
    status: {code: 200, message: OK}
- request:
    body: null
    headers:
      Accept: [application/json]
      Accept-Encoding: ['gzip, deflate']
      Connection: [keep-alive]
      Content-Length: ['0']
      User-Agent: [azsdk-python-keyvault-keys/4.1.0b1 Python/3.6.6 (Windows-10-10.0.18362-SP0)]
    method: DELETE
    uri: https://vault.vault.azure.net/keys/key-name?api-version=7.0
  response:
    body: {string: '{"recoveryId":"https://vault.vault.azure.net/deletedkeys/key-name","deletedDate":1575489278,"scheduledPurgeDate":1583265278,"key":{"kid":"https://vault.vault.azure.net/keys/key-name/79a6100356834a3da4f07f6d8dbc4226","kty":"EC","key_ops":["sign","verify"],"crv":"P-256","x":"GAyT70gJm3vKgbuaChBBulen6Prj_w4Q4VStQQICe3k","y":"fs3kOAvluPuajhVCBu-AhmPjlEKsN3SBa48P8fAbaJA"},"attributes":{"enabled":true,"exp":2524723200,"created":1575489278,"updated":1575489278,"recoveryLevel":"Recoverable+Purgeable"},"tags":{"foo":"updated
        tag"}}'}
    headers:
      cache-control: [no-cache]
      content-length: ['566']
      content-type: [application/json; charset=utf-8]
      date: ['Wed, 04 Dec 2019 19:54:38 GMT']
      expires: ['-1']
      pragma: [no-cache]
      server: [Microsoft-IIS/10.0]
      strict-transport-security: [max-age=31536000;includeSubDomains]
      x-aspnet-version: [4.0.30319]
      x-content-type-options: [nosniff]
      x-ms-keyvault-network-info: [addr=131.107.160.72;act_addr_fam=InterNetwork;]
      x-ms-keyvault-region: [westus]
      x-ms-keyvault-service-version: [1.1.0.883]
      x-powered-by: [ASP.NET]
    status: {code: 200, message: OK}
- request:
    body: null
    headers:
      Accept: [application/json]
      Accept-Encoding: ['gzip, deflate']
      Connection: [keep-alive]
      User-Agent: [azsdk-python-keyvault-keys/4.1.0b1 Python/3.6.6 (Windows-10-10.0.18362-SP0)]
    method: GET
    uri: https://vault.vault.azure.net/deletedkeys/key-name?api-version=7.0
  response:
    body: {string: '{"error":{"code":"KeyNotFound","message":"Deleted Key not found:
        key-name"}}'}
    headers:
      cache-control: [no-cache]
      content-length: ['76']
      content-type: [application/json; charset=utf-8]
      date: ['Wed, 04 Dec 2019 19:54:38 GMT']
      expires: ['-1']
      pragma: [no-cache]
      server: [Microsoft-IIS/10.0]
      strict-transport-security: [max-age=31536000;includeSubDomains]
      x-aspnet-version: [4.0.30319]
      x-content-type-options: [nosniff]
      x-ms-keyvault-network-info: [addr=131.107.160.72;act_addr_fam=InterNetwork;]
      x-ms-keyvault-region: [westus]
      x-ms-keyvault-service-version: [1.1.0.883]
      x-powered-by: [ASP.NET]
    status: {code: 404, message: Not Found}
- request:
    body: null
    headers:
      Accept: [application/json]
      Accept-Encoding: ['gzip, deflate']
      Connection: [keep-alive]
      User-Agent: [azsdk-python-keyvault-keys/4.1.0b1 Python/3.6.6 (Windows-10-10.0.18362-SP0)]
    method: GET
    uri: https://vault.vault.azure.net/deletedkeys/key-name?api-version=7.0
  response:
    body: {string: '{"error":{"code":"KeyNotFound","message":"Deleted Key not found:
        key-name"}}'}
    headers:
      cache-control: [no-cache]
      content-length: ['76']
      content-type: [application/json; charset=utf-8]
      date: ['Wed, 04 Dec 2019 19:54:40 GMT']
      expires: ['-1']
      pragma: [no-cache]
      server: [Microsoft-IIS/10.0]
      strict-transport-security: [max-age=31536000;includeSubDomains]
      x-aspnet-version: [4.0.30319]
      x-content-type-options: [nosniff]
      x-ms-keyvault-network-info: [addr=131.107.160.72;act_addr_fam=InterNetwork;]
      x-ms-keyvault-region: [westus]
      x-ms-keyvault-service-version: [1.1.0.883]
      x-powered-by: [ASP.NET]
    status: {code: 404, message: Not Found}
- request:
    body: null
    headers:
      Accept: [application/json]
      Accept-Encoding: ['gzip, deflate']
      Connection: [keep-alive]
      User-Agent: [azsdk-python-keyvault-keys/4.1.0b1 Python/3.6.6 (Windows-10-10.0.18362-SP0)]
    method: GET
    uri: https://vault.vault.azure.net/deletedkeys/key-name?api-version=7.0
  response:
    body: {string: '{"error":{"code":"KeyNotFound","message":"Deleted Key not found:
        key-name"}}'}
    headers:
      cache-control: [no-cache]
      content-length: ['76']
      content-type: [application/json; charset=utf-8]
      date: ['Wed, 04 Dec 2019 19:54:42 GMT']
      expires: ['-1']
      pragma: [no-cache]
      server: [Microsoft-IIS/10.0]
      strict-transport-security: [max-age=31536000;includeSubDomains]
      x-aspnet-version: [4.0.30319]
      x-content-type-options: [nosniff]
      x-ms-keyvault-network-info: [addr=131.107.160.72;act_addr_fam=InterNetwork;]
      x-ms-keyvault-region: [westus]
      x-ms-keyvault-service-version: [1.1.0.883]
      x-powered-by: [ASP.NET]
    status: {code: 404, message: Not Found}
- request:
    body: null
    headers:
      Accept: [application/json]
      Accept-Encoding: ['gzip, deflate']
      Connection: [keep-alive]
      User-Agent: [azsdk-python-keyvault-keys/4.1.0b1 Python/3.6.6 (Windows-10-10.0.18362-SP0)]
    method: GET
    uri: https://vault.vault.azure.net/deletedkeys/key-name?api-version=7.0
  response:
    body: {string: '{"error":{"code":"KeyNotFound","message":"Deleted Key not found:
        key-name"}}'}
    headers:
      cache-control: [no-cache]
      content-length: ['76']
      content-type: [application/json; charset=utf-8]
      date: ['Wed, 04 Dec 2019 19:54:44 GMT']
      expires: ['-1']
      pragma: [no-cache]
      server: [Microsoft-IIS/10.0]
      strict-transport-security: [max-age=31536000;includeSubDomains]
      x-aspnet-version: [4.0.30319]
      x-content-type-options: [nosniff]
      x-ms-keyvault-network-info: [addr=131.107.160.72;act_addr_fam=InterNetwork;]
      x-ms-keyvault-region: [westus]
      x-ms-keyvault-service-version: [1.1.0.883]
      x-powered-by: [ASP.NET]
    status: {code: 404, message: Not Found}
- request:
    body: null
    headers:
      Accept: [application/json]
      Accept-Encoding: ['gzip, deflate']
      Connection: [keep-alive]
      User-Agent: [azsdk-python-keyvault-keys/4.1.0b1 Python/3.6.6 (Windows-10-10.0.18362-SP0)]
    method: GET
    uri: https://vault.vault.azure.net/deletedkeys/key-name?api-version=7.0
  response:
    body: {string: '{"error":{"code":"KeyNotFound","message":"Deleted Key not found:
        key-name"}}'}
    headers:
      cache-control: [no-cache]
      content-length: ['76']
      content-type: [application/json; charset=utf-8]
      date: ['Wed, 04 Dec 2019 19:54:46 GMT']
      expires: ['-1']
      pragma: [no-cache]
      server: [Microsoft-IIS/10.0]
      strict-transport-security: [max-age=31536000;includeSubDomains]
      x-aspnet-version: [4.0.30319]
      x-content-type-options: [nosniff]
      x-ms-keyvault-network-info: [addr=131.107.160.72;act_addr_fam=InterNetwork;]
      x-ms-keyvault-region: [westus]
      x-ms-keyvault-service-version: [1.1.0.883]
      x-powered-by: [ASP.NET]
    status: {code: 404, message: Not Found}
- request:
    body: null
    headers:
      Accept: [application/json]
      Accept-Encoding: ['gzip, deflate']
      Connection: [keep-alive]
      User-Agent: [azsdk-python-keyvault-keys/4.1.0b1 Python/3.6.6 (Windows-10-10.0.18362-SP0)]
    method: GET
    uri: https://vault.vault.azure.net/deletedkeys/key-name?api-version=7.0
  response:
    body: {string: '{"error":{"code":"KeyNotFound","message":"Deleted Key not found:
        key-name"}}'}
    headers:
      cache-control: [no-cache]
      content-length: ['76']
      content-type: [application/json; charset=utf-8]
      date: ['Wed, 04 Dec 2019 19:54:48 GMT']
      expires: ['-1']
      pragma: [no-cache]
      server: [Microsoft-IIS/10.0]
      strict-transport-security: [max-age=31536000;includeSubDomains]
      x-aspnet-version: [4.0.30319]
      x-content-type-options: [nosniff]
      x-ms-keyvault-network-info: [addr=131.107.160.72;act_addr_fam=InterNetwork;]
      x-ms-keyvault-region: [westus]
      x-ms-keyvault-service-version: [1.1.0.883]
      x-powered-by: [ASP.NET]
    status: {code: 404, message: Not Found}
- request:
    body: null
    headers:
      Accept: [application/json]
      Accept-Encoding: ['gzip, deflate']
      Connection: [keep-alive]
      User-Agent: [azsdk-python-keyvault-keys/4.1.0b1 Python/3.6.6 (Windows-10-10.0.18362-SP0)]
    method: GET
    uri: https://vault.vault.azure.net/deletedkeys/key-name?api-version=7.0
  response:
    body: {string: '{"error":{"code":"KeyNotFound","message":"Deleted Key not found:
        key-name"}}'}
    headers:
      cache-control: [no-cache]
      content-length: ['76']
      content-type: [application/json; charset=utf-8]
      date: ['Wed, 04 Dec 2019 19:54:50 GMT']
      expires: ['-1']
      pragma: [no-cache]
      server: [Microsoft-IIS/10.0]
      strict-transport-security: [max-age=31536000;includeSubDomains]
      x-aspnet-version: [4.0.30319]
      x-content-type-options: [nosniff]
      x-ms-keyvault-network-info: [addr=131.107.160.72;act_addr_fam=InterNetwork;]
      x-ms-keyvault-region: [westus]
      x-ms-keyvault-service-version: [1.1.0.883]
      x-powered-by: [ASP.NET]
    status: {code: 404, message: Not Found}
- request:
    body: null
    headers:
      Accept: [application/json]
      Accept-Encoding: ['gzip, deflate']
      Connection: [keep-alive]
      User-Agent: [azsdk-python-keyvault-keys/4.1.0b1 Python/3.6.6 (Windows-10-10.0.18362-SP0)]
    method: GET
    uri: https://vault.vault.azure.net/deletedkeys/key-name?api-version=7.0
  response:
    body: {string: '{"error":{"code":"KeyNotFound","message":"Deleted Key not found:
        key-name"}}'}
    headers:
      cache-control: [no-cache]
      content-length: ['76']
      content-type: [application/json; charset=utf-8]
      date: ['Wed, 04 Dec 2019 19:54:52 GMT']
      expires: ['-1']
      pragma: [no-cache]
      server: [Microsoft-IIS/10.0]
      strict-transport-security: [max-age=31536000;includeSubDomains]
      x-aspnet-version: [4.0.30319]
      x-content-type-options: [nosniff]
      x-ms-keyvault-network-info: [addr=131.107.160.72;act_addr_fam=InterNetwork;]
      x-ms-keyvault-region: [westus]
      x-ms-keyvault-service-version: [1.1.0.883]
      x-powered-by: [ASP.NET]
    status: {code: 404, message: Not Found}
- request:
    body: null
    headers:
      Accept: [application/json]
      Accept-Encoding: ['gzip, deflate']
      Connection: [keep-alive]
      User-Agent: [azsdk-python-keyvault-keys/4.1.0b1 Python/3.6.6 (Windows-10-10.0.18362-SP0)]
    method: GET
    uri: https://vault.vault.azure.net/deletedkeys/key-name?api-version=7.0
  response:
    body: {string: '{"error":{"code":"KeyNotFound","message":"Deleted Key not found:
        key-name"}}'}
    headers:
      cache-control: [no-cache]
      content-length: ['76']
      content-type: [application/json; charset=utf-8]
      date: ['Wed, 04 Dec 2019 19:54:54 GMT']
      expires: ['-1']
      pragma: [no-cache]
      server: [Microsoft-IIS/10.0]
      strict-transport-security: [max-age=31536000;includeSubDomains]
      x-aspnet-version: [4.0.30319]
      x-content-type-options: [nosniff]
      x-ms-keyvault-network-info: [addr=131.107.160.72;act_addr_fam=InterNetwork;]
      x-ms-keyvault-region: [westus]
      x-ms-keyvault-service-version: [1.1.0.883]
      x-powered-by: [ASP.NET]
    status: {code: 404, message: Not Found}
- request:
    body: null
    headers:
      Accept: [application/json]
      Accept-Encoding: ['gzip, deflate']
      Connection: [keep-alive]
      User-Agent: [azsdk-python-keyvault-keys/4.1.0b1 Python/3.6.6 (Windows-10-10.0.18362-SP0)]
    method: GET
    uri: https://vault.vault.azure.net/deletedkeys/key-name?api-version=7.0
  response:
    body: {string: '{"error":{"code":"KeyNotFound","message":"Deleted Key not found:
        key-name"}}'}
    headers:
      cache-control: [no-cache]
      content-length: ['76']
      content-type: [application/json; charset=utf-8]
      date: ['Wed, 04 Dec 2019 19:54:56 GMT']
      expires: ['-1']
      pragma: [no-cache]
      server: [Microsoft-IIS/10.0]
      strict-transport-security: [max-age=31536000;includeSubDomains]
      x-aspnet-version: [4.0.30319]
      x-content-type-options: [nosniff]
      x-ms-keyvault-network-info: [addr=131.107.160.72;act_addr_fam=InterNetwork;]
      x-ms-keyvault-region: [westus]
      x-ms-keyvault-service-version: [1.1.0.883]
      x-powered-by: [ASP.NET]
    status: {code: 404, message: Not Found}
- request:
    body: null
    headers:
      Accept: [application/json]
      Accept-Encoding: ['gzip, deflate']
      Connection: [keep-alive]
      User-Agent: [azsdk-python-keyvault-keys/4.1.0b1 Python/3.6.6 (Windows-10-10.0.18362-SP0)]
    method: GET
    uri: https://vault.vault.azure.net/deletedkeys/key-name?api-version=7.0
  response:
    body: {string: '{"recoveryId":"https://vault.vault.azure.net/deletedkeys/key-name","deletedDate":1575489278,"scheduledPurgeDate":1583265278,"key":{"kid":"https://vault.vault.azure.net/keys/key-name/79a6100356834a3da4f07f6d8dbc4226","kty":"EC","key_ops":["sign","verify"],"crv":"P-256","x":"GAyT70gJm3vKgbuaChBBulen6Prj_w4Q4VStQQICe3k","y":"fs3kOAvluPuajhVCBu-AhmPjlEKsN3SBa48P8fAbaJA"},"attributes":{"enabled":true,"exp":2524723200,"created":1575489278,"updated":1575489278,"recoveryLevel":"Recoverable+Purgeable"},"tags":{"foo":"updated
        tag"}}'}
    headers:
      cache-control: [no-cache]
      content-length: ['566']
      content-type: [application/json; charset=utf-8]
      date: ['Wed, 04 Dec 2019 19:54:58 GMT']
      expires: ['-1']
      pragma: [no-cache]
      server: [Microsoft-IIS/10.0]
      strict-transport-security: [max-age=31536000;includeSubDomains]
      x-aspnet-version: [4.0.30319]
      x-content-type-options: [nosniff]
      x-ms-keyvault-network-info: [addr=131.107.160.72;act_addr_fam=InterNetwork;]
      x-ms-keyvault-region: [westus]
      x-ms-keyvault-service-version: [1.1.0.883]
      x-powered-by: [ASP.NET]
    status: {code: 200, message: OK}
version: 1
