interactions:
- request:
    body: '{"location": "westus", "tags": {"tag1": "value1"}}'
    headers:
      Accept:
      - application/json
      Accept-Encoding:
      - gzip, deflate
      Connection:
      - keep-alive
      Content-Length:
      - '50'
      Content-Type:
      - application/json
      User-Agent:
      - azsdk-python-azure-mgmt-resource/unknown Python/3.6.9 (Linux-4.9.184-linuxkit-x86_64-with-Ubuntu-18.04-bionic)
    method: PUT
    uri: https://management.azure.com/subscriptions/00000000-0000-0000-0000-000000000000/resourcegroups/test_mgmt_resource_test_resource_groups457f1050?api-version=2019-10-01
  response:
    body:
      string: '{"id":"/subscriptions/00000000-0000-0000-0000-000000000000/resourceGroups/test_mgmt_resource_test_resource_groups457f1050","name":"test_mgmt_resource_test_resource_groups457f1050","type":"Microsoft.Resources/resourceGroups","location":"westus","tags":{"tag1":"value1"},"properties":{"provisioningState":"Succeeded"}}'
    headers:
      cache-control:
      - no-cache
      content-length:
      - '316'
      content-type:
      - application/json; charset=utf-8
      date:
      - Sat, 21 Mar 2020 18:27:04 GMT
      expires:
      - '-1'
      pragma:
      - no-cache
      strict-transport-security:
      - max-age=31536000; includeSubDomains
      x-content-type-options:
      - nosniff
      x-ms-ratelimit-remaining-subscription-writes:
      - '1195'
    status:
      code: 201
      message: Created
- request:
    body: null
    headers:
      Accept:
      - application/json
      Accept-Encoding:
      - gzip, deflate
      Connection:
      - keep-alive
      User-Agent:
      - azsdk-python-azure-mgmt-resource/unknown Python/3.6.9 (Linux-4.9.184-linuxkit-x86_64-with-Ubuntu-18.04-bionic)
    method: GET
    uri: https://management.azure.com/subscriptions/00000000-0000-0000-0000-000000000000/resourcegroups/test_mgmt_resource_test_resource_groups457f1050?api-version=2019-10-01
  response:
    body:
      string: '{"id":"/subscriptions/00000000-0000-0000-0000-000000000000/resourceGroups/test_mgmt_resource_test_resource_groups457f1050","name":"test_mgmt_resource_test_resource_groups457f1050","type":"Microsoft.Resources/resourceGroups","location":"westus","tags":{"tag1":"value1"},"properties":{"provisioningState":"Succeeded"}}'
    headers:
      cache-control:
      - no-cache
      content-length:
      - '316'
      content-type:
      - application/json; charset=utf-8
      date:
      - Sat, 21 Mar 2020 18:27:04 GMT
      expires:
      - '-1'
      pragma:
      - no-cache
      strict-transport-security:
      - max-age=31536000; includeSubDomains
      vary:
      - Accept-Encoding
      x-content-type-options:
      - nosniff
    status:
      code: 200
      message: OK
- request:
    body: null
    headers:
      Accept:
      - '*/*'
      Accept-Encoding:
      - gzip, deflate
      Connection:
      - keep-alive
      User-Agent:
      - azsdk-python-azure-mgmt-resource/unknown Python/3.6.9 (Linux-4.9.184-linuxkit-x86_64-with-Ubuntu-18.04-bionic)
    method: HEAD
    uri: https://management.azure.com/subscriptions/00000000-0000-0000-0000-000000000000/resourcegroups/test_mgmt_resource_test_resource_groups457f1050?api-version=2019-10-01
  response:
    body:
      string: ''
    headers:
      cache-control:
      - no-cache
      content-length:
      - '0'
      date:
      - Sat, 21 Mar 2020 18:27:04 GMT
      expires:
      - '-1'
      pragma:
      - no-cache
      strict-transport-security:
      - max-age=31536000; includeSubDomains
      x-content-type-options:
      - nosniff
    status:
      code: 204
      message: No Content
- request:
    body: null
    headers:
      Accept:
      - '*/*'
      Accept-Encoding:
      - gzip, deflate
      Connection:
      - keep-alive
      User-Agent:
      - azsdk-python-azure-mgmt-resource/unknown Python/3.6.9 (Linux-4.9.184-linuxkit-x86_64-with-Ubuntu-18.04-bionic)
    method: HEAD
    uri: https://management.azure.com/subscriptions/00000000-0000-0000-0000-000000000000/resourcegroups/unknowngroup?api-version=2019-10-01
  response:
    body:
      string: ''
    headers:
      cache-control:
      - no-cache
      content-length:
      - '104'
      content-type:
      - application/json; charset=utf-8
      date:
      - Sat, 21 Mar 2020 18:27:04 GMT
      expires:
      - '-1'
      pragma:
      - no-cache
      strict-transport-security:
      - max-age=31536000; includeSubDomains
      x-content-type-options:
      - nosniff
      x-ms-failure-cause:
      - gateway
    status:
      code: 404
      message: Not Found
- request:
    body: null
    headers:
      Accept:
      - application/json
      Accept-Encoding:
      - gzip, deflate
      Connection:
      - keep-alive
      User-Agent:
      - azsdk-python-azure-mgmt-resource/unknown Python/3.6.9 (Linux-4.9.184-linuxkit-x86_64-with-Ubuntu-18.04-bionic)
    method: GET
    uri: https://management.azure.com/subscriptions/00000000-0000-0000-0000-000000000000/resourcegroups?api-version=2019-10-01
  response:
    body:
      string: '{"value":[{"id":"/subscriptions/00000000-0000-0000-0000-000000000000/resourceGroups/example-resources","name":"example-resources","type":"Microsoft.Resources/resourceGroups","location":"westeurope","tags":{},"properties":{"provisioningState":"Succeeded"}},{"id":"/subscriptions/00000000-0000-0000-0000-000000000000/resourceGroups/test_cli_mgmt_databox_test_databoxf3720dde","name":"test_cli_mgmt_databox_test_databoxf3720dde","type":"Microsoft.Resources/resourceGroups","location":"eastus","properties":{"provisioningState":"Succeeded"}},{"id":"/subscriptions/00000000-0000-0000-0000-000000000000/resourceGroups/qiaozhatest","name":"qiaozhatest","type":"Microsoft.Resources/resourceGroups","location":"eastus","properties":{"provisioningState":"Succeeded"}},{"id":"/subscriptions/00000000-0000-0000-0000-000000000000/resourceGroups/acctestRG-backup-200214153104593818-1","name":"acctestRG-backup-200214153104593818-1","type":"Microsoft.Resources/resourceGroups","location":"westus","tags":{},"properties":{"provisioningState":"Succeeded"}},{"id":"/subscriptions/00000000-0000-0000-0000-000000000000/resourceGroups/test_mgmt_resource_test_resource_groups457f1050","name":"test_mgmt_resource_test_resource_groups457f1050","type":"Microsoft.Resources/resourceGroups","location":"westus","tags":{"tag1":"value1"},"properties":{"provisioningState":"Succeeded"}},{"id":"/subscriptions/92F95D8F-3C67-4124-91C7-8CF07CDBF241/resourceGroups/DEFAULT-EVENTGRID","name":"DEFAULT-EVENTGRID","type":"Microsoft.Resources/resourceGroups","location":"westus2","properties":{"provisioningState":"Succeeded"}},{"id":"/subscriptions/00000000-0000-0000-0000-000000000000/resourceGroups/cloud-shell-storage-southeastasia","name":"cloud-shell-storage-southeastasia","type":"Microsoft.Resources/resourceGroups","location":"southeastasia","properties":{"provisioningState":"Succeeded"}},{"id":"/subscriptions/00000000-0000-0000-0000-000000000000/resourceGroups/testresourceGroupName","name":"testresourceGroupName","type":"Microsoft.Resources/resourceGroups","location":"eastasia","tags":{},"properties":{"provisioningState":"Succeeded"}},{"id":"/subscriptions/00000000-0000-0000-0000-000000000000/resourceGroups/azure-sdk-for-js","name":"azure-sdk-for-js","type":"Microsoft.Resources/resourceGroups","location":"westus","properties":{"provisioningState":"Succeeded"}},{"id":"/subscriptions/00000000-0000-0000-0000-000000000000/resourceGroups/azure-sdk-for-node","name":"azure-sdk-for-node","type":"Microsoft.Resources/resourceGroups","location":"westus","tags":{},"properties":{"provisioningState":"Succeeded"}},{"id":"/subscriptions/00000000-0000-0000-0000-000000000000/resourceGroups/cleanupservice","name":"cleanupservice","type":"Microsoft.Resources/resourceGroups","location":"westus","tags":{"What
        Is Cleanup Service":"https://aka.ms/WhatIsCleanupService"},"properties":{"provisioningState":"Succeeded"}},{"id":"/subscriptions/00000000-0000-0000-0000-000000000000/resourceGroups/dev-box","name":"dev-box","type":"Microsoft.Resources/resourceGroups","location":"westus","properties":{"provisioningState":"Succeeded"}},{"id":"/subscriptions/00000000-0000-0000-0000-000000000000/resourceGroups/git2gridtemplate","name":"git2gridtemplate","type":"Microsoft.Resources/resourceGroups","location":"westus","properties":{"provisioningState":"Succeeded"}},{"id":"/subscriptions/00000000-0000-0000-0000-000000000000/resourceGroups/git2gridtesting","name":"git2gridtesting","type":"Microsoft.Resources/resourceGroups","location":"westus","properties":{"provisioningState":"Succeeded"}},{"id":"/subscriptions/00000000-0000-0000-0000-000000000000/resourceGroups/ml-test","name":"ml-test","type":"Microsoft.Resources/resourceGroups","location":"southcentralus","properties":{"provisioningState":"Succeeded"}},{"id":"/subscriptions/00000000-0000-0000-0000-000000000000/resourceGroups/msi-test-functions","name":"msi-test-functions","type":"Microsoft.Resources/resourceGroups","location":"westus","properties":{"provisioningState":"Succeeded"}},{"id":"/subscriptions/00000000-0000-0000-0000-000000000000/resourceGroups/NetworkWatcherRG","name":"NetworkWatcherRG","type":"Microsoft.Resources/resourceGroups","location":"westus","properties":{"provisioningState":"Succeeded"}},{"id":"/subscriptions/00000000-0000-0000-0000-000000000000/resourceGroups/vpn","name":"vpn","type":"Microsoft.Resources/resourceGroups","location":"ukwest","properties":{"provisioningState":"Succeeded"}},{"id":"/subscriptions/00000000-0000-0000-0000-000000000000/resourceGroups/samples","name":"samples","type":"Microsoft.Resources/resourceGroups","location":"eastus2","tags":{},"properties":{"provisioningState":"Succeeded"}},{"id":"/subscriptions/00000000-0000-0000-0000-000000000000/resourceGroups/vpn-lon","name":"vpn-lon","type":"Microsoft.Resources/resourceGroups","location":"ukwest","properties":{"provisioningState":"Succeeded"}}]}'
    headers:
      cache-control:
      - no-cache
      content-length:
      - '4880'
      content-type:
      - application/json; charset=utf-8
      date:
      - Sat, 21 Mar 2020 18:27:05 GMT
      expires:
      - '-1'
      pragma:
      - no-cache
      strict-transport-security:
      - max-age=31536000; includeSubDomains
      vary:
      - Accept-Encoding
      x-content-type-options:
      - nosniff
    status:
      code: 200
      message: OK
- request:
    body: '{"tags": {"tag1": "valueA", "tag2": "valueB"}}'
    headers:
      Accept:
      - application/json
      Accept-Encoding:
      - gzip, deflate
      Connection:
      - keep-alive
      Content-Length:
      - '46'
      Content-Type:
      - application/json
      User-Agent:
      - azsdk-python-azure-mgmt-resource/unknown Python/3.6.9 (Linux-4.9.184-linuxkit-x86_64-with-Ubuntu-18.04-bionic)
    method: PATCH
    uri: https://management.azure.com/subscriptions/00000000-0000-0000-0000-000000000000/resourcegroups/test_mgmt_resource_test_resource_groups457f1050?api-version=2019-10-01
  response:
    body:
      string: '{"id":"/subscriptions/00000000-0000-0000-0000-000000000000/resourceGroups/test_mgmt_resource_test_resource_groups457f1050","name":"test_mgmt_resource_test_resource_groups457f1050","type":"Microsoft.Resources/resourceGroups","location":"westus","tags":{"tag1":"valueA","tag2":"valueB"},"properties":{"provisioningState":"Succeeded"}}'
    headers:
      cache-control:
      - no-cache
      content-length:
      - '332'
      content-type:
      - application/json; charset=utf-8
      date:
      - Sat, 21 Mar 2020 18:27:06 GMT
      expires:
      - '-1'
      pragma:
      - no-cache
      strict-transport-security:
      - max-age=31536000; includeSubDomains
      transfer-encoding:
      - chunked
      vary:
      - Accept-Encoding
      x-content-type-options:
      - nosniff
      x-ms-ratelimit-remaining-subscription-writes:
      - '1194'
    status:
      code: 200
      message: OK
- request:
    body: null
    headers:
      Accept:
      - application/json
      Accept-Encoding:
      - gzip, deflate
      Connection:
      - keep-alive
      User-Agent:
      - azsdk-python-azure-mgmt-resource/unknown Python/3.6.9 (Linux-4.9.184-linuxkit-x86_64-with-Ubuntu-18.04-bionic)
    method: GET
    uri: https://management.azure.com/subscriptions/00000000-0000-0000-0000-000000000000/resourceGroups/test_mgmt_resource_test_resource_groups457f1050/resources?api-version=2019-10-01
  response:
    body:
      string: '{"value":[]}'
    headers:
      cache-control:
      - no-cache
      content-length:
      - '12'
      content-type:
      - application/json; charset=utf-8
      date:
      - Sat, 21 Mar 2020 18:27:06 GMT
      expires:
      - '-1'
      pragma:
      - no-cache
      strict-transport-security:
      - max-age=31536000; includeSubDomains
      vary:
      - Accept-Encoding
      x-content-type-options:
      - nosniff
    status:
      code: 200
      message: OK
- request:
    body: '{"resources": ["*"]}'
    headers:
      Accept:
      - application/json
      Accept-Encoding:
      - gzip, deflate
      Connection:
      - keep-alive
      Content-Length:
      - '20'
      Content-Type:
      - application/json
      User-Agent:
      - azsdk-python-azure-mgmt-resource/unknown Python/3.6.9 (Linux-4.9.184-linuxkit-x86_64-with-Ubuntu-18.04-bionic)
    method: POST
    uri: https://management.azure.com/subscriptions/00000000-0000-0000-0000-000000000000/resourcegroups/test_mgmt_resource_test_resource_groups457f1050/exportTemplate?api-version=2019-10-01
  response:
    body:
      string: '{"template":{"$schema":"https://schema.management.azure.com/schemas/2015-01-01/deploymentTemplate.json#","contentVersion":"1.0.0.0","parameters":{},"variables":{},"resources":[]}}'
    headers:
      cache-control:
      - no-cache
      content-length:
      - '179'
      content-type:
      - application/json; charset=utf-8
      date:
      - Sat, 21 Mar 2020 18:27:06 GMT
      expires:
      - '-1'
      pragma:
      - no-cache
      strict-transport-security:
      - max-age=31536000; includeSubDomains
      vary:
      - Accept-Encoding
      x-content-type-options:
      - nosniff
    status:
      code: 200
      message: OK
- request:
    body: null
    headers:
      Accept:
      - '*/*'
      Accept-Encoding:
      - gzip, deflate
      Connection:
      - keep-alive
      Content-Length:
      - '0'
      User-Agent:
      - azsdk-python-azure-mgmt-resource/unknown Python/3.6.9 (Linux-4.9.184-linuxkit-x86_64-with-Ubuntu-18.04-bionic)
    method: DELETE
    uri: https://management.azure.com/subscriptions/00000000-0000-0000-0000-000000000000/resourcegroups/test_mgmt_resource_test_resource_groups457f1050?api-version=2019-10-01
  response:
    body:
      string: ''
    headers:
      cache-control:
      - no-cache
      content-length:
      - '0'
      date:
      - Sat, 21 Mar 2020 18:27:10 GMT
      expires:
      - '-1'
      location:
      - https://management.azure.com/subscriptions/00000000-0000-0000-0000-000000000000/operationresults/eyJqb2JJZCI6IlJFU09VUkNFR1JPVVBERUxFVElPTkpPQi1URVNUOjVGTUdNVDo1RlJFU09VUkNFOjVGVEVTVDo1RlJFU09VUkNFOjVGR1JPVVBTNDU3RjEwNTAtV0VTVFVTIiwiam9iTG9jYXRpb24iOiJ3ZXN0dXMifQ?api-version=2019-10-01
      pragma:
      - no-cache
      strict-transport-security:
      - max-age=31536000; includeSubDomains
      x-content-type-options:
      - nosniff
      x-ms-ratelimit-remaining-subscription-deletes:
      - '14996'
    status:
      code: 202
      message: Accepted
- request:
    body: null
    headers:
      Accept:
      - '*/*'
      Accept-Encoding:
      - gzip, deflate
      Connection:
      - keep-alive
      User-Agent:
      - azsdk-python-azure-mgmt-resource/unknown Python/3.6.9 (Linux-4.9.184-linuxkit-x86_64-with-Ubuntu-18.04-bionic)
    method: GET
    uri: https://management.azure.com/subscriptions/00000000-0000-0000-0000-000000000000/operationresults/eyJqb2JJZCI6IlJFU09VUkNFR1JPVVBERUxFVElPTkpPQi1URVNUOjVGTUdNVDo1RlJFU09VUkNFOjVGVEVTVDo1RlJFU09VUkNFOjVGR1JPVVBTNDU3RjEwNTAtV0VTVFVTIiwiam9iTG9jYXRpb24iOiJ3ZXN0dXMifQ?api-version=2019-10-01
  response:
    body:
      string: ''
    headers:
      cache-control:
      - no-cache
      content-length:
      - '0'
      date:
      - Sat, 21 Mar 2020 18:27:26 GMT
      expires:
      - '-1'
      location:
      - https://management.azure.com/subscriptions/00000000-0000-0000-0000-000000000000/operationresults/eyJqb2JJZCI6IlJFU09VUkNFR1JPVVBERUxFVElPTkpPQi1URVNUOjVGTUdNVDo1RlJFU09VUkNFOjVGVEVTVDo1RlJFU09VUkNFOjVGR1JPVVBTNDU3RjEwNTAtV0VTVFVTIiwiam9iTG9jYXRpb24iOiJ3ZXN0dXMifQ?api-version=2019-10-01
      pragma:
      - no-cache
      strict-transport-security:
      - max-age=31536000; includeSubDomains
      x-content-type-options:
      - nosniff
    status:
      code: 202
      message: Accepted
- request:
    body: null
    headers:
      Accept:
      - '*/*'
      Accept-Encoding:
      - gzip, deflate
      Connection:
      - keep-alive
      User-Agent:
      - azsdk-python-azure-mgmt-resource/unknown Python/3.6.9 (Linux-4.9.184-linuxkit-x86_64-with-Ubuntu-18.04-bionic)
    method: GET
    uri: https://management.azure.com/subscriptions/00000000-0000-0000-0000-000000000000/operationresults/eyJqb2JJZCI6IlJFU09VUkNFR1JPVVBERUxFVElPTkpPQi1URVNUOjVGTUdNVDo1RlJFU09VUkNFOjVGVEVTVDo1RlJFU09VUkNFOjVGR1JPVVBTNDU3RjEwNTAtV0VTVFVTIiwiam9iTG9jYXRpb24iOiJ3ZXN0dXMifQ?api-version=2019-10-01
  response:
    body:
      string: ''
    headers:
      cache-control:
      - no-cache
      content-length:
      - '0'
      date:
      - Sat, 21 Mar 2020 18:27:41 GMT
      expires:
      - '-1'
      location:
      - https://management.azure.com/subscriptions/00000000-0000-0000-0000-000000000000/operationresults/eyJqb2JJZCI6IlJFU09VUkNFR1JPVVBERUxFVElPTkpPQi1URVNUOjVGTUdNVDo1RlJFU09VUkNFOjVGVEVTVDo1RlJFU09VUkNFOjVGR1JPVVBTNDU3RjEwNTAtV0VTVFVTIiwiam9iTG9jYXRpb24iOiJ3ZXN0dXMifQ?api-version=2019-10-01
      pragma:
      - no-cache
      strict-transport-security:
      - max-age=31536000; includeSubDomains
      x-content-type-options:
      - nosniff
    status:
      code: 202
      message: Accepted
- request:
    body: null
    headers:
      Accept:
      - '*/*'
      Accept-Encoding:
      - gzip, deflate
      Connection:
      - keep-alive
      User-Agent:
      - azsdk-python-azure-mgmt-resource/unknown Python/3.6.9 (Linux-4.9.184-linuxkit-x86_64-with-Ubuntu-18.04-bionic)
    method: GET
    uri: https://management.azure.com/subscriptions/00000000-0000-0000-0000-000000000000/operationresults/eyJqb2JJZCI6IlJFU09VUkNFR1JPVVBERUxFVElPTkpPQi1URVNUOjVGTUdNVDo1RlJFU09VUkNFOjVGVEVTVDo1RlJFU09VUkNFOjVGR1JPVVBTNDU3RjEwNTAtV0VTVFVTIiwiam9iTG9jYXRpb24iOiJ3ZXN0dXMifQ?api-version=2019-10-01
  response:
    body:
      string: ''
    headers:
      cache-control:
      - no-cache
      content-length:
      - '0'
      date:
      - Sat, 21 Mar 2020 18:27:56 GMT
      expires:
      - '-1'
      location:
      - https://management.azure.com/subscriptions/00000000-0000-0000-0000-000000000000/operationresults/eyJqb2JJZCI6IlJFU09VUkNFR1JPVVBERUxFVElPTkpPQi1URVNUOjVGTUdNVDo1RlJFU09VUkNFOjVGVEVTVDo1RlJFU09VUkNFOjVGR1JPVVBTNDU3RjEwNTAtV0VTVFVTIiwiam9iTG9jYXRpb24iOiJ3ZXN0dXMifQ?api-version=2019-10-01
      pragma:
      - no-cache
      strict-transport-security:
      - max-age=31536000; includeSubDomains
      x-content-type-options:
      - nosniff
    status:
      code: 202
      message: Accepted
- request:
    body: null
    headers:
      Accept:
      - '*/*'
      Accept-Encoding:
      - gzip, deflate
      Connection:
      - keep-alive
      User-Agent:
      - azsdk-python-azure-mgmt-resource/unknown Python/3.6.9 (Linux-4.9.184-linuxkit-x86_64-with-Ubuntu-18.04-bionic)
    method: GET
    uri: https://management.azure.com/subscriptions/00000000-0000-0000-0000-000000000000/operationresults/eyJqb2JJZCI6IlJFU09VUkNFR1JPVVBERUxFVElPTkpPQi1URVNUOjVGTUdNVDo1RlJFU09VUkNFOjVGVEVTVDo1RlJFU09VUkNFOjVGR1JPVVBTNDU3RjEwNTAtV0VTVFVTIiwiam9iTG9jYXRpb24iOiJ3ZXN0dXMifQ?api-version=2019-10-01
  response:
    body:
      string: ''
    headers:
      cache-control:
      - no-cache
      content-length:
      - '0'
      date:
      - Sat, 21 Mar 2020 18:28:12 GMT
      expires:
      - '-1'
      location:
      - https://management.azure.com/subscriptions/00000000-0000-0000-0000-000000000000/operationresults/eyJqb2JJZCI6IlJFU09VUkNFR1JPVVBERUxFVElPTkpPQi1URVNUOjVGTUdNVDo1RlJFU09VUkNFOjVGVEVTVDo1RlJFU09VUkNFOjVGR1JPVVBTNDU3RjEwNTAtV0VTVFVTIiwiam9iTG9jYXRpb24iOiJ3ZXN0dXMifQ?api-version=2019-10-01
      pragma:
      - no-cache
      strict-transport-security:
      - max-age=31536000; includeSubDomains
      x-content-type-options:
      - nosniff
    status:
      code: 202
      message: Accepted
- request:
    body: null
    headers:
      Accept:
      - '*/*'
      Accept-Encoding:
      - gzip, deflate
      Connection:
      - keep-alive
      User-Agent:
      - azsdk-python-azure-mgmt-resource/unknown Python/3.6.9 (Linux-4.9.184-linuxkit-x86_64-with-Ubuntu-18.04-bionic)
    method: GET
    uri: https://management.azure.com/subscriptions/00000000-0000-0000-0000-000000000000/operationresults/eyJqb2JJZCI6IlJFU09VUkNFR1JPVVBERUxFVElPTkpPQi1URVNUOjVGTUdNVDo1RlJFU09VUkNFOjVGVEVTVDo1RlJFU09VUkNFOjVGR1JPVVBTNDU3RjEwNTAtV0VTVFVTIiwiam9iTG9jYXRpb24iOiJ3ZXN0dXMifQ?api-version=2019-10-01
  response:
    body:
      string: ''
    headers:
      cache-control:
      - no-cache
      content-length:
      - '0'
      date:
      - Sat, 21 Mar 2020 18:28:27 GMT
      expires:
      - '-1'
      location:
      - https://management.azure.com/subscriptions/00000000-0000-0000-0000-000000000000/operationresults/eyJqb2JJZCI6IlJFU09VUkNFR1JPVVBERUxFVElPTkpPQi1URVNUOjVGTUdNVDo1RlJFU09VUkNFOjVGVEVTVDo1RlJFU09VUkNFOjVGR1JPVVBTNDU3RjEwNTAtV0VTVFVTIiwiam9iTG9jYXRpb24iOiJ3ZXN0dXMifQ?api-version=2019-10-01
      pragma:
      - no-cache
      strict-transport-security:
      - max-age=31536000; includeSubDomains
      x-content-type-options:
      - nosniff
    status:
      code: 202
      message: Accepted
- request:
    body: null
    headers:
      Accept:
      - '*/*'
      Accept-Encoding:
      - gzip, deflate
      Connection:
      - keep-alive
      User-Agent:
      - azsdk-python-azure-mgmt-resource/unknown Python/3.6.9 (Linux-4.9.184-linuxkit-x86_64-with-Ubuntu-18.04-bionic)
    method: GET
    uri: https://management.azure.com/subscriptions/00000000-0000-0000-0000-000000000000/operationresults/eyJqb2JJZCI6IlJFU09VUkNFR1JPVVBERUxFVElPTkpPQi1URVNUOjVGTUdNVDo1RlJFU09VUkNFOjVGVEVTVDo1RlJFU09VUkNFOjVGR1JPVVBTNDU3RjEwNTAtV0VTVFVTIiwiam9iTG9jYXRpb24iOiJ3ZXN0dXMifQ?api-version=2019-10-01
  response:
    body:
      string: ''
    headers:
      cache-control:
      - no-cache
      content-length:
      - '0'
      date:
      - Sat, 21 Mar 2020 18:28:42 GMT
      expires:
      - '-1'
      location:
      - https://management.azure.com/subscriptions/00000000-0000-0000-0000-000000000000/operationresults/eyJqb2JJZCI6IlJFU09VUkNFR1JPVVBERUxFVElPTkpPQi1URVNUOjVGTUdNVDo1RlJFU09VUkNFOjVGVEVTVDo1RlJFU09VUkNFOjVGR1JPVVBTNDU3RjEwNTAtV0VTVFVTIiwiam9iTG9jYXRpb24iOiJ3ZXN0dXMifQ?api-version=2019-10-01
      pragma:
      - no-cache
      strict-transport-security:
      - max-age=31536000; includeSubDomains
      x-content-type-options:
      - nosniff
    status:
      code: 202
      message: Accepted
- request:
    body: null
    headers:
      Accept:
      - '*/*'
      Accept-Encoding:
      - gzip, deflate
      Connection:
      - keep-alive
      User-Agent:
      - azsdk-python-azure-mgmt-resource/unknown Python/3.6.9 (Linux-4.9.184-linuxkit-x86_64-with-Ubuntu-18.04-bionic)
    method: GET
    uri: https://management.azure.com/subscriptions/00000000-0000-0000-0000-000000000000/operationresults/eyJqb2JJZCI6IlJFU09VUkNFR1JPVVBERUxFVElPTkpPQi1URVNUOjVGTUdNVDo1RlJFU09VUkNFOjVGVEVTVDo1RlJFU09VUkNFOjVGR1JPVVBTNDU3RjEwNTAtV0VTVFVTIiwiam9iTG9jYXRpb24iOiJ3ZXN0dXMifQ?api-version=2019-10-01
  response:
    body:
      string: ''
    headers:
      cache-control:
      - no-cache
      content-length:
      - '0'
      date:
      - Sat, 21 Mar 2020 18:28:59 GMT
      expires:
      - '-1'
      pragma:
      - no-cache
      strict-transport-security:
      - max-age=31536000; includeSubDomains
      x-content-type-options:
      - nosniff
    status:
      code: 200
      message: OK
version: 1
